Building for gem5-riscv-release...
ninja: no work to do.
run/boot-all.xml validates
gem5 Simulator System.  http://gem5.org
gem5 is copyrighted software; use the --copyright option for details.

gem5 version 21.0.0.0
gem5 compiled May 16 2023 13:50:01
gem5 started May 23 2023 21:08:24
gem5 executing on graham, pid 1904921
command line: platform/gem5/build/RISCV/gem5.opt --outdir=run --debug-file=gem5.log --debug-flags=Tcu /scratch/harshanavkis/sec-acc/M3/config/accels.py --cpu-type DerivO3CPU --isa riscv --cmd 'build/gem5-riscv-release/bin/kernel -f build/gem5-riscv-release/bench.img,build/gem5-riscv-release/bin/tilemux,build/gem5-riscv-release/bin/tilemux,build/gem5-riscv-release/bin/tilemux,build/gem5-riscv-release/bin/tilemux,build/gem5-riscv-release/bin/tilemux,build/gem5-riscv-release/bin/tilemux,build/gem5-riscv-release/bin/tilemux,build/gem5-riscv-release/bin/tilemux,build/gem5-riscv-release/bin/tilemux,build/gem5-riscv-release/bin/tilemux,build/gem5-riscv-release/bin/tilemux,build/gem5-riscv-release/bin/tilemux,build/gem5-riscv-release/bin/tilemux,build/gem5-riscv-release/bin/tilemux,build/gem5-riscv-release/bin/tilemux,' --mods run/boot.xml,build/gem5-riscv-release/bin/root,build/gem5-riscv-release/bin/m3fs,build/gem5-riscv-release/bin/pager --cpu-clock=2GHz --sys-clock=2GHz --encr-latency=0 --par-pipe=1 --int-transfer-latency=500 --rng-latency=0 --sign-latency=0 --sign-ver-latency=0

T00: build/gem5-riscv-release/bin/kernel -f build/gem5-riscv-release/bench.img
     Core =DerivO3CPU riscv @ 2GHz
     TCU  =eps:192, bufsz:2048 B, blocksz:64 B, count:4, tlb:128
     L1i$ =32 KiB (2-way assoc, 4 cycles)
     L1d$ =32 KiB (2-way assoc, 4 cycles)
     L2$  =256 KiB (8-way assoc, 12 cycles)
     Comp =Core -> TCU -> L1$ -> L2$

T01: build/gem5-riscv-release/bin/tilemux
     Core =DerivO3CPU riscv @ 2GHz
     TCU  =eps:192, bufsz:2048 B, blocksz:64 B, count:4, tlb:128
     L1i$ =32 KiB (2-way assoc, 4 cycles)
     L1d$ =32 KiB (2-way assoc, 4 cycles)
     L2$  =256 KiB (8-way assoc, 12 cycles)
     Comp =Core -> TCU -> L1$ -> L2$

T02: build/gem5-riscv-release/bin/tilemux
     Core =DerivO3CPU riscv @ 2GHz
     TCU  =eps:192, bufsz:2048 B, blocksz:64 B, count:4, tlb:128
     L1i$ =32 KiB (2-way assoc, 4 cycles)
     L1d$ =32 KiB (2-way assoc, 4 cycles)
     L2$  =256 KiB (8-way assoc, 12 cycles)
     Comp =Core -> TCU -> L1$ -> L2$

T03: build/gem5-riscv-release/bin/tilemux
     Core =DerivO3CPU riscv @ 2GHz
     TCU  =eps:192, bufsz:2048 B, blocksz:64 B, count:4, tlb:128
     L1i$ =32 KiB (2-way assoc, 4 cycles)
     L1d$ =32 KiB (2-way assoc, 4 cycles)
     L2$  =256 KiB (8-way assoc, 12 cycles)
     Comp =Core -> TCU -> L1$ -> L2$

T04: build/gem5-riscv-release/bin/tilemux
     Core =DerivO3CPU riscv @ 2GHz
     TCU  =eps:192, bufsz:2048 B, blocksz:64 B, count:4, tlb:128
     L1i$ =32 KiB (2-way assoc, 4 cycles)
     L1d$ =32 KiB (2-way assoc, 4 cycles)
     L2$  =256 KiB (8-way assoc, 12 cycles)
     Comp =Core -> TCU -> L1$ -> L2$

T05: build/gem5-riscv-release/bin/tilemux
     Core =DerivO3CPU riscv @ 2GHz
     TCU  =eps:192, bufsz:2048 B, blocksz:64 B, count:4, tlb:128
     L1i$ =32 KiB (2-way assoc, 4 cycles)
     L1d$ =32 KiB (2-way assoc, 4 cycles)
     L2$  =256 KiB (8-way assoc, 12 cycles)
     Comp =Core -> TCU -> L1$ -> L2$

T06: build/gem5-riscv-release/bin/tilemux
     Core =DerivO3CPU riscv @ 2GHz
     TCU  =eps:192, bufsz:2048 B, blocksz:64 B, count:4, tlb:128
     L1i$ =32 KiB (2-way assoc, 4 cycles)
     L1d$ =32 KiB (2-way assoc, 4 cycles)
     L2$  =256 KiB (8-way assoc, 12 cycles)
     Comp =Core -> TCU -> L1$ -> L2$

T07: build/gem5-riscv-release/bin/tilemux
     Core =DerivO3CPU riscv @ 2GHz
     TCU  =eps:192, bufsz:2048 B, blocksz:64 B, count:4, tlb:128
     L1i$ =32 KiB (2-way assoc, 4 cycles)
     L1d$ =32 KiB (2-way assoc, 4 cycles)
     L2$  =256 KiB (8-way assoc, 12 cycles)
     Comp =Core -> TCU -> L1$ -> L2$

T08: build/gem5-riscv-release/bin/tilemux
     Core =DerivO3CPU riscv @ 2GHz
     TCU  =eps:192, bufsz:2048 B, blocksz:64 B, count:4, tlb:128
     L1i$ =32 KiB (2-way assoc, 4 cycles)
     L1d$ =32 KiB (2-way assoc, 4 cycles)
     L2$  =256 KiB (8-way assoc, 12 cycles)
     Comp =Core -> TCU -> L1$ -> L2$

T09: build/gem5-riscv-release/bin/tilemux
     Core =DerivO3CPU riscv @ 2GHz
     TCU  =eps:192, bufsz:2048 B, blocksz:64 B, count:4, tlb:128
     L1i$ =32 KiB (2-way assoc, 4 cycles)
     L1d$ =32 KiB (2-way assoc, 4 cycles)
     L2$  =256 KiB (8-way assoc, 12 cycles)
     Comp =Core -> TCU -> L1$ -> L2$

T10: build/gem5-riscv-release/bin/tilemux
     Core =DerivO3CPU riscv @ 2GHz
     TCU  =eps:192, bufsz:2048 B, blocksz:64 B, count:4, tlb:128
     L1i$ =32 KiB (2-way assoc, 4 cycles)
     L1d$ =32 KiB (2-way assoc, 4 cycles)
     L2$  =256 KiB (8-way assoc, 12 cycles)
     Comp =Core -> TCU -> L1$ -> L2$

T11: build/gem5-riscv-release/bin/tilemux
     Core =DerivO3CPU riscv @ 2GHz
     TCU  =eps:192, bufsz:2048 B, blocksz:64 B, count:4, tlb:128
     L1i$ =32 KiB (2-way assoc, 4 cycles)
     L1d$ =32 KiB (2-way assoc, 4 cycles)
     L2$  =256 KiB (8-way assoc, 12 cycles)
     Comp =Core -> TCU -> L1$ -> L2$

T12: build/gem5-riscv-release/bin/tilemux
     Core =DerivO3CPU riscv @ 2GHz
     TCU  =eps:192, bufsz:2048 B, blocksz:64 B, count:4, tlb:128
     L1i$ =32 KiB (2-way assoc, 4 cycles)
     L1d$ =32 KiB (2-way assoc, 4 cycles)
     L2$  =256 KiB (8-way assoc, 12 cycles)
     Comp =Core -> TCU -> L1$ -> L2$

T13: build/gem5-riscv-release/bin/tilemux
     Core =DerivO3CPU riscv @ 2GHz
     TCU  =eps:192, bufsz:2048 B, blocksz:64 B, count:4, tlb:128
     L1i$ =32 KiB (2-way assoc, 4 cycles)
     L1d$ =32 KiB (2-way assoc, 4 cycles)
     L2$  =256 KiB (8-way assoc, 12 cycles)
     Comp =Core -> TCU -> L1$ -> L2$

T14: build/gem5-riscv-release/bin/tilemux
     Core =DerivO3CPU riscv @ 2GHz
     TCU  =eps:192, bufsz:2048 B, blocksz:64 B, count:4, tlb:128
     L1i$ =32 KiB (2-way assoc, 4 cycles)
     L1d$ =32 KiB (2-way assoc, 4 cycles)
     L2$  =256 KiB (8-way assoc, 12 cycles)
     Comp =Core -> TCU -> L1$ -> L2$

T15: build/gem5-riscv-release/bin/tilemux
     Core =DerivO3CPU riscv @ 2GHz
     TCU  =eps:192, bufsz:2048 B, blocksz:64 B, count:4, tlb:128
     L1i$ =32 KiB (2-way assoc, 4 cycles)
     L1d$ =32 KiB (2-way assoc, 4 cycles)
     L2$  =256 KiB (8-way assoc, 12 cycles)
     Comp =Core -> TCU -> L1$ -> L2$

T16: indir accelerator @ 1GHz
     TCU  =eps:192, bufsz:2048 B, blocksz:2048 B, count:4, tlb:0
     imem =4096 KiB
     Comp =Core -> TCU -> SPM

T17: indir accelerator @ 1GHz
     TCU  =eps:192, bufsz:2048 B, blocksz:2048 B, count:4, tlb:0
     imem =4096 KiB
     Comp =Core -> TCU -> SPM

T18: indir accelerator @ 1GHz
     TCU  =eps:192, bufsz:2048 B, blocksz:2048 B, count:4, tlb:0
     imem =4096 KiB
     Comp =Core -> TCU -> SPM

T19: indir accelerator @ 1GHz
     TCU  =eps:192, bufsz:2048 B, blocksz:2048 B, count:4, tlb:0
     imem =4096 KiB
     Comp =Core -> TCU -> SPM

T20: copy accelerator @ 1GHz
     TCU  =eps:192, bufsz:2048 B, blocksz:2048 B, count:4, tlb:0
     imem =4096 KiB
     Comp =Core -> TCU -> SPM

T21: copy accelerator @ 1GHz
     TCU  =eps:192, bufsz:2048 B, blocksz:2048 B, count:4, tlb:0
     imem =4096 KiB
     Comp =Core -> TCU -> SPM

T22: copy accelerator @ 1GHz
     TCU  =eps:192, bufsz:2048 B, blocksz:2048 B, count:4, tlb:0
     imem =4096 KiB
     Comp =Core -> TCU -> SPM

T23: copy accelerator @ 1GHz
     TCU  =eps:192, bufsz:2048 B, blocksz:2048 B, count:4, tlb:0
     imem =4096 KiB
     Comp =Core -> TCU -> SPM

T24: rot13 accelerator @ 1GHz
     TCU  =eps:192, bufsz:2048 B, blocksz:2048 B, count:4, tlb:0
     imem =4096 KiB
     Comp =Core -> TCU -> SPM

T25: SerialInput
     TCU  =eps:192, bufsz:2048 B, blocksz:2048 B, count:4, tlb:0
     Comp =TCU -> SerialInput

T26: build/gem5-riscv-release/bench.img x 1
     TCU  =eps:192, bufsz:2048 B, blocksz:2048 B, count:8, tlb:0
     imem =3145728 KiB
     Comp =TCU -> DRAM

Global frequency set at 1000000000000 ticks per second
warn: No dot file generated. Please install pydot to generate the dot file and pdf.
Gem5 Terminal started; Quit via Ctrl+]
warn: DRAM device capacity (49152 Mbytes) does not match the address range assigned (4096 Mbytes)
platform.com_1.device: Listening for connections on port 3456
0: T00.remote_gdb: listening for remote gdb on port 7000
0: T01.remote_gdb: listening for remote gdb on port 7001
0: T02.remote_gdb: listening for remote gdb on port 7002
0: T03.remote_gdb: listening for remote gdb on port 7003
0: T04.remote_gdb: listening for remote gdb on port 7004
0: T05.remote_gdb: listening for remote gdb on port 7005
0: T06.remote_gdb: listening for remote gdb on port 7006
0: T07.remote_gdb: listening for remote gdb on port 7007
0: T08.remote_gdb: listening for remote gdb on port 7008
0: T09.remote_gdb: listening for remote gdb on port 7009
0: T10.remote_gdb: listening for remote gdb on port 7010
0: T11.remote_gdb: listening for remote gdb on port 7011
0: T12.remote_gdb: listening for remote gdb on port 7012
0: T13.remote_gdb: listening for remote gdb on port 7013
0: T14.remote_gdb: listening for remote gdb on port 7014
0: T15.remote_gdb: listening for remote gdb on port 7015
warn: CoherentXBar T16.xbar has no snooping ports attached!
warn: CoherentXBar T17.xbar has no snooping ports attached!
warn: CoherentXBar T18.xbar has no snooping ports attached!
warn: CoherentXBar T19.xbar has no snooping ports attached!
warn: CoherentXBar T20.xbar has no snooping ports attached!
warn: CoherentXBar T21.xbar has no snooping ports attached!
warn: CoherentXBar T22.xbar has no snooping ports attached!
warn: CoherentXBar T23.xbar has no snooping ports attached!
warn: CoherentXBar T24.xbar has no snooping ports attached!
warn: CoherentXBar T25.xbar has no snooping ports attached!
warn: CoherentXBar T26.xbar has no snooping ports attached!
info: Loaded 'boot.xml' to 0x9a00000030000000 .. 0x9a00000030000318
info: Loaded 'root' to 0x9a00000030001000 .. 0x9a000000300766e8
info: Loaded 'm3fs' to 0x9a00000030077000 .. 0x9a000000300cd2e0
info: Loaded 'pager' to 0x9a000000300ce000 .. 0x9a0000003014cb38
info: Entering event queue @ 0.  Starting simulation...
warn: T0,PMP-EP65535: invalid EP
warn: T15,PMP-EP65535: invalid EP
warn: T14,PMP-EP65535: invalid EP
warn: T13,PMP-EP65535: invalid EP
warn: T10,PMP-EP65535: invalid EP
warn: T9,PMP-EP65535: invalid EP
warn: T12,PMP-EP65535: invalid EP
warn: T11,PMP-EP65535: invalid EP
warn: T7,PMP-EP65535: invalid EP
warn: T3,PMP-EP65535: invalid EP
warn: T4,PMP-EP65535: invalid EP
warn: T6,PMP-EP65535: invalid EP
warn: T5,PMP-EP65535: invalid EP
warn: T8,PMP-EP65535: invalid EP
warn: T2,PMP-EP65535: invalid EP
warn: T1,PMP-EP65535: invalid EP
warn: T0,PMP-EP65535: invalid EP
warn: T0,PMP-EP65535: invalid EP
warn: T0,PMP-EP65535: invalid EP
warn: T0,PMP-EP65535: invalid EP
warn: T0,PMP-EP65535: invalid EP
warn: T15,PMP-EP65535: invalid EP
warn: T10,PMP-EP65535: invalid EP
warn: T13,PMP-EP65535: invalid EP
warn: T14,PMP-EP65535: invalid EP
warn: T12,PMP-EP65535: invalid EP
warn: T3,PMP-EP65535: invalid EP
warn: T1,PMP-EP65535: invalid EP
warn: T7,PMP-EP65535: invalid EP
warn: T5,PMP-EP65535: invalid EP
warn: T9,PMP-EP65535: invalid EP
warn: T6,PMP-EP65535: invalid EP
warn: T8,PMP-EP65535: invalid EP
warn: T2,PMP-EP65535: invalid EP
warn: T4,PMP-EP65535: invalid EP
warn: T11,PMP-EP65535: invalid EP
warn: T0,PMP-EP3: invalid EP
warn: T0,PMP-EP65535: invalid EP
[0;31m[T0:kernel  @        174] Entered raw mode; Quit via Ctrl+]
[0mwarn: T15,PMP-EP65535: invalid EP
warn: T15,PMP-EP65535: invalid EP
warn: T15,PMP-EP65535: invalid EP
warn: T3,PMP-EP65535: invalid EP
warn: T3,PMP-EP65535: invalid EP
warn: T14,PMP-EP65535: invalid EP
warn: T14,PMP-EP65535: invalid EP
warn: T15,PMP-EP65535: invalid EP
warn: T10,PMP-EP65535: invalid EP
warn: T10,PMP-EP65535: invalid EP
warn: T10,PMP-EP65535: invalid EP
warn: T13,PMP-EP65535: invalid EP
warn: T13,PMP-EP65535: invalid EP
warn: T13,PMP-EP65535: invalid EP
warn: T7,PMP-EP65535: invalid EP
warn: T7,PMP-EP65535: invalid EP
warn: T3,PMP-EP65535: invalid EP
warn: T14,PMP-EP65535: invalid EP
warn: T8,PMP-EP65535: invalid EP
warn: T8,PMP-EP65535: invalid EP
warn: T8,PMP-EP65535: invalid EP
warn: T2,PMP-EP65535: invalid EP
warn: T2,PMP-EP65535: invalid EP
warn: T11,PMP-EP65535: invalid EP
warn: T11,PMP-EP65535: invalid EP
warn: T11,PMP-EP65535: invalid EP
warn: T10,PMP-EP65535: invalid EP
warn: T7,PMP-EP65535: invalid EP
warn: T13,PMP-EP65535: invalid EP
warn: T12,PMP-EP65535: invalid EP
warn: T12,PMP-EP65535: invalid EP
warn: T1,PMP-EP65535: invalid EP
warn: T1,PMP-EP65535: invalid EP
warn: T1,PMP-EP65535: invalid EP
warn: T5,PMP-EP65535: invalid EP
warn: T5,PMP-EP65535: invalid EP
warn: T5,PMP-EP65535: invalid EP
warn: T6,PMP-EP65535: invalid EP
warn: T6,PMP-EP65535: invalid EP
warn: T6,PMP-EP65535: invalid EP
warn: T9,PMP-EP65535: invalid EP
warn: T9,PMP-EP65535: invalid EP
warn: T9,PMP-EP65535: invalid EP
warn: T4,PMP-EP65535: invalid EP
warn: T4,PMP-EP65535: invalid EP
warn: T4,PMP-EP65535: invalid EP
warn: T2,PMP-EP65535: invalid EP
warn: T12,PMP-EP65535: invalid EP
warn: T8,PMP-EP65535: invalid EP
warn: T11,PMP-EP65535: invalid EP
warn: T1,PMP-EP65535: invalid EP
warn: T5,PMP-EP65535: invalid EP
warn: T6,PMP-EP65535: invalid EP
warn: T9,PMP-EP65535: invalid EP
warn: T4,PMP-EP65535: invalid EP
[0;31m[T0:kernel  @        949] Attesting tile: 1
[0m[0;31m[T0:kernel  @       5438] Attestation complete: 1, 8966392 cycles
[0m[0;31m[T0:kernel  @       6068] Attesting tile: 2
[0m[0;31m[T0:kernel  @      10543] Attestation complete: 2, 8944968 cycles
[0m[0;31m[T0:kernel  @      11172] Attesting tile: 3
[0m[0;31m[T0:kernel  @      15646] Attestation complete: 3, 8943218 cycles
[0m[0;31m[T0:kernel  @      16275] Attesting tile: 4
[0m[0;31m[T0:kernel  @      20748] Attestation complete: 4, 8943478 cycles
[0m[0;31m[T0:kernel  @      21377] Attesting tile: 5
[0m[0;31m[T0:kernel  @      25851] Attestation complete: 5, 8943379 cycles
[0m[0;31m[T0:kernel  @      26480] Attesting tile: 6
[0m[0;31m[T0:kernel  @      30954] Attestation complete: 6, 8944810 cycles
[0m[0;31m[T0:kernel  @      31583] Attesting tile: 7
[0m[0;31m[T0:kernel  @      36056] Attestation complete: 7, 8943578 cycles
[0m[0;31m[T0:kernel  @      36685] Attesting tile: 8
[0m[0;31m[T0:kernel  @      41159] Attestation complete: 8, 8943088 cycles
[0m[0;31m[T0:kernel  @      41788] Attesting tile: 9
[0m[0;31m[T0:kernel  @      46262] Attestation complete: 9, 8943929 cycles
[0m[0;31m[T0:kernel  @      46890] Attesting tile: 10
[0m[0;31m[T0:kernel  @      51364] Attestation complete: 10, 8944072 cycles
[0m[0;31m[T0:kernel  @      51993] Attesting tile: 11
[0m[0;31m[T0:kernel  @      56467] Attestation complete: 11, 8943610 cycles
[0m[0;31m[T0:kernel  @      57096] Attesting tile: 12
[0m[0;31m[T0:kernel  @      61569] Attestation complete: 12, 8943128 cycles
[0m[0;31m[T0:kernel  @      62198] Attesting tile: 13
[0m[0;31m[T0:kernel  @      66672] Attestation complete: 13, 8943576 cycles
[0m[0;31m[T0:kernel  @      67301] Attesting tile: 14
[0m[0;31m[T0:kernel  @      71775] Attestation complete: 14, 8944396 cycles
[0m[0;31m[T0:kernel  @      72404] Attesting tile: 15
[0m[0;31m[T0:kernel  @      76878] Attestation complete: 15, 8944562 cycles
[0m[0;31m[T0:kernel  @      77507] Attesting tile: 16
[0m[0;31m[T0:kernel  @      84570] Attestation complete: 16, 14123777 cycles
[0m[0;31m[T0:kernel  @      85199] Attesting tile: 17
[0m[0;31m[T0:kernel  @      92263] Attestation complete: 17, 14123047 cycles
[0m[0;31m[T0:kernel  @      92892] Attesting tile: 18
[0m[0;31m[T0:kernel  @      99955] Attestation complete: 18, 14123162 cycles
[0m[0;31m[T0:kernel  @     100585] Attesting tile: 19
[0m[0;31m[T0:kernel  @     107648] Attestation complete: 19, 14123747 cycles
[0m[0;31m[T0:kernel  @     108277] Attesting tile: 20
[0m[0;31m[T0:kernel  @     115341] Attestation complete: 20, 14123276 cycles
[0m[0;31m[T0:kernel  @     115970] Attesting tile: 21
[0m[0;31m[T0:kernel  @     123033] Attestation complete: 21, 14123341 cycles
[0m[0;31m[T0:kernel  @     123662] Attesting tile: 22
[0m[0;31m[T0:kernel  @     130726] Attestation complete: 22, 14124341 cycles
[0m[0;31m[T0:kernel  @     131355] Attesting tile: 23
[0m[0;31m[T0:kernel  @     138418] Attestation complete: 23, 14122423 cycles
[0m[0;31m[T0:kernel  @     139048] Attesting tile: 24
[0m[0;31m[T0:kernel  @     146111] Attestation complete: 24, 14123093 cycles
[0m[0;31m[T0:kernel  @     146740] Attesting tile: 25
[0m[0;31m[T0:kernel  @     153803] Attestation complete: 25, 14123180 cycles
[0m[0;31m[T0:kernel  @     153808] Attesting tile: 26
[0m[0;31m[T0:kernel  @     158283] Attestation complete: 26, 8945520 cycles
[0m[0;31m[T0:kernel  @     158286] Attesting tile: 26
[0m[0;31m[T0:kernel  @     162761] Attestation complete: 26, 8946053 cycles
[0m[0;31m[T0:kernel  @     162764] Attesting tile: 26
[0m[0;31m[T0:kernel  @     167237] Attestation complete: 26, 8944026 cycles
[0m[0;31m[T0:kernel  @     167240] Attesting tile: 26
[0m[0;31m[T0:kernel  @     171714] Attestation complete: 26, 8944113 cycles
[0m[0;31m[T0:kernel  @     171916] Kernel is ready!
[0m[0;32m[T1:root    @     172445] Boot modules:
[0m[0;32m[T1:root    @     172460]   Mod[addr: G[Tile26+0x30000000], size: 0x318, name: boot.xml]
[0m[0;32m[T1:root    @     172464]   Mod[addr: G[Tile26+0x30001000], size: 0x756e8, name: root]
[0m[0;32m[T1:root    @     172467]   Mod[addr: G[Tile26+0x30077000], size: 0x562e0, name: m3fs]
[0m[0;32m[T1:root    @     172471]   Mod[addr: G[Tile26+0x300ce000], size: 0x7eb38, name: pager]
[0m[0;32m[T1:root    @     172473] Available tiles:
[0m[0;32m[T1:root    @     172484]   Tile01: COMP_EMEM RISCV (empty) 0 KiB memory
[0m[0;32m[T1:root    @     172489]   Tile02: COMP_EMEM RISCV (empty) 0 KiB memory
[0m[0;32m[T1:root    @     172492]   Tile03: COMP_EMEM RISCV (empty) 0 KiB memory
[0m[0;32m[T1:root    @     172496]   Tile04: COMP_EMEM RISCV (empty) 0 KiB memory
[0m[0;32m[T1:root    @     172499]   Tile05: COMP_EMEM RISCV (empty) 0 KiB memory
[0m[0;32m[T1:root    @     172503]   Tile06: COMP_EMEM RISCV (empty) 0 KiB memory
[0m[0;32m[T1:root    @     172506]   Tile07: COMP_EMEM RISCV (empty) 0 KiB memory
[0m[0;32m[T1:root    @     172510]   Tile08: COMP_EMEM RISCV (empty) 0 KiB memory
[0m[0;32m[T1:root    @     172513]   Tile09: COMP_EMEM RISCV (empty) 0 KiB memory
[0m[0;32m[T1:root    @     172517]   Tile10: COMP_EMEM RISCV (empty) 0 KiB memory
[0m[0;32m[T1:root    @     172520]   Tile11: COMP_EMEM RISCV (empty) 0 KiB memory
[0m[0;32m[T1:root    @     172523]   Tile12: COMP_EMEM RISCV (empty) 0 KiB memory
[0m[0;32m[T1:root    @     172526]   Tile13: COMP_EMEM RISCV (empty) 0 KiB memory
[0m[0;32m[T1:root    @     172529]   Tile14: COMP_EMEM RISCV (empty) 0 KiB memory
[0m[0;32m[T1:root    @     172535]   Tile15: COMP_EMEM RISCV (empty) 0 KiB memory
[0m[0;32m[T1:root    @     172538]   Tile16: COMP_IMEM ACCEL_INDIR (empty) 4096 KiB memory
[0m[0;32m[T1:root    @     172541]   Tile17: COMP_IMEM ACCEL_INDIR (empty) 4096 KiB memory
[0m[0;32m[T1:root    @     172545]   Tile18: COMP_IMEM ACCEL_INDIR (empty) 4096 KiB memory
[0m[0;32m[T1:root    @     172548]   Tile19: COMP_IMEM ACCEL_INDIR (empty) 4096 KiB memory
[0m[0;32m[T1:root    @     172552]   Tile20: COMP_IMEM ACCEL_COPY (empty) 4096 KiB memory
[0m[0;32m[T1:root    @     172555]   Tile21: COMP_IMEM ACCEL_COPY (empty) 4096 KiB memory
[0m[0;32m[T1:root    @     172558]   Tile22: COMP_IMEM ACCEL_COPY (empty) 4096 KiB memory
[0m[0;32m[T1:root    @     172561]   Tile23: COMP_IMEM ACCEL_COPY (empty) 4096 KiB memory
[0m[0;32m[T1:root    @     172564]   Tile24: COMP_IMEM ACCEL_ROT13 (empty) 4096 KiB memory
[0m[0;32m[T1:root    @     172568]   Tile25: COMP_IMEM SERIAL_DEV (empty) 0 KiB memory
[0m[0;32m[T1:root    @     172571] Available memory:
[0m[0;32m[T1:root    @     172580]   MemMod[sel: 34, res: true, addr: G[Tile26+0x0], size: 1264 MiB]
[0m[0;32m[T1:root    @     172584]   MemMod[sel: 35, res: false, addr: G[Tile26+0x53600000], size: 959 MiB]
[0m[0;32m[T1:root    @     172588] Parsed Config [
[0m[0;32m[T1:root    @     172592]   root -s [
[0m[0;32m[T1:root    @     172601]     Domain on core [
[0m[0;32m[T1:root    @     172604]       m3fs mem 268435456 [
[0m[0;32m[T1:root    @     172606]         Daemon,
[0m[0;32m[T1:root    @     172613]         PhysMem[addr=0x0, size=0x40000 KiB, perm=R | W | X | RW | RWX],
[0m[0;32m[T1:root    @     172618]         Service[lname='m3fs', gname='m3fs'],
[0m[0;32m[T1:root    @     172620]       ]
[0m[0;32m[T1:root    @     172622]     ]
[0m[0;32m[T1:root    @     172624]     Domain on core [
[0m[0;32m[T1:root    @     172627]       pager 268435456 [
[0m[0;32m[T1:root    @     172630]         PhysMem[addr=0x0, size=0x40000 KiB, perm=R],
[0m[0;32m[T1:root    @     172635]         Session[lname='m3fs', gname='m3fs', arg='', dep=true],
[0m[0;32m[T1:root    @     172639]         Tile[type=core, count=1, optional=false],
[0m[0;32m[T1:root    @     172641]         Domain on boom|core [
[0m[0;32m[T1:root    @     172644]           /bin/facever gpu [
[0m[0;32m[T1:root    @     172646]             Daemon,
[0m[0;32m[T1:root    @     172650]             Mount[fs='m3fs', path='/'],
[0m[0;32m[T1:root    @     172654]             Tile[type=boom|core, count=2, optional=false],
[0m[0;32m[T1:root    @     172656]           ]
[0m[0;32m[T1:root    @     172657]         ]
[0m[0;32m[T1:root    @     172659]       ]
[0m[0;32m[T1:root    @     172661]     ]
[0m[0;32m[T1:root    @     172662]   ]
[0m[0;32m[T1:root    @     172664] ]
[0m[0;32m[T1:root    @     172665] 
[0m[0;32m[T1:root    @     173545] Starting boot module 'm3fs' on tile2 with arguments ["mem", "268435456"]
[0m[0;32m[T1:root    @     174543] m3fs: reg_serv(srv_sel=50, sgate_sel=54, name=m3fs, sessions=32)
[0m[0;32m[T1:root    @     174552] Creating service 1:m3fs
[0m[0;32m[T1:root    @     174663] Starting boot module 'pager' on tile3 with arguments ["268435456"]
[0m[0;34m[T3:pager   @     175111] Boot modules:
[0m[0;34m[T3:pager   @     175126]   Mod[addr: G[Tile26+0x7b601000], size: 0x1f7, name: boot.xml]
[0m[0;34m[T3:pager   @     175129] Available tiles:
[0m[0;34m[T3:pager   @     175139]   Tile03: COMP_EMEM RISCV (empty) 0 KiB memory
[0m[0;34m[T3:pager   @     175144]   Tile04: COMP_EMEM RISCV (empty) 0 KiB memory
[0m[0;34m[T3:pager   @     175147]   Tile05: COMP_EMEM RISCV (empty) 0 KiB memory
[0m[0;34m[T3:pager   @     175152] Available memory:
[0m[0;34m[T3:pager   @     175161]   MemMod[sel: 9, res: false, addr: G[Tile26+0x67800000], size: 159 MiB]
[0m[0;32m[T1:root    @     175181] pager: open_sess(dst_sel=63, name=m3fs)
[0m[0;32m[T1:root    @     176011] pager: Ok(8:ALLOC_TILE) failed: NotFound
[0m[0;34m[T3:pager   @     176353] Starting boot module '/bin/facever' on tile6 with arguments ["gpu"]
[0mchildactivity.rs: /bin/facever
[0;35m[T4:facever @     177994] Start LBP hist read
[0m[0;35m[T4:facever @     178058] End LBP hist read
[0m[0;35m[T4:facever @     178060] Starting GPU compute
[0m[0;35m[T4:facever @     178411] End compute
[0m[0;35m[T4:facever @     178450] Writing results to file
[0m[0;35m[T4:facever @     178486] Done writing results to file
[0mtotal: 2370059 cycles
Child '/bin/facever' exited with exitcode 65
[0;32m[T1:root    @     179218] Sending SHUTDOWN to service 1:m3fs
[0m[0;32m[T1:root    @     179255] m3fs: unreg_serv(sel=50)
[0m[0;32m[T1:root    @     179259] Removing service 1:m3fs
[0m[0;32m[T1:root    @     179416] All childs gone. Exiting.
[0m[0;31m[T0:kernel  @     179502] Shutting down
[0mExiting @ tick 179512124500 because m5_exit instruction encountered
