Building for gem5-riscv-release...
ninja: no work to do.
run/boot-all.xml validates
gem5 Simulator System.  http://gem5.org
gem5 is copyrighted software; use the --copyright option for details.

gem5 version 21.0.0.0
gem5 compiled Mar 16 2023 08:07:07
gem5 started Apr 11 2023 17:24:48
gem5 executing on graham, pid 1041515
command line: platform/gem5/build/RISCV/gem5.opt --outdir=run --debug-file=gem5.log --debug-flags=Tcu /scratch/harshanavkis/sec-acc/M3/config/accels.py --cpu-type DerivO3CPU --isa riscv --cmd 'build/gem5-riscv-release/bin/kernel -f build/gem5-riscv-release/bench.img,build/gem5-riscv-release/bin/tilemux,build/gem5-riscv-release/bin/tilemux,build/gem5-riscv-release/bin/tilemux,build/gem5-riscv-release/bin/tilemux,build/gem5-riscv-release/bin/tilemux,build/gem5-riscv-release/bin/tilemux,build/gem5-riscv-release/bin/tilemux,build/gem5-riscv-release/bin/tilemux,build/gem5-riscv-release/bin/tilemux,build/gem5-riscv-release/bin/tilemux,build/gem5-riscv-release/bin/tilemux,build/gem5-riscv-release/bin/tilemux,build/gem5-riscv-release/bin/tilemux,build/gem5-riscv-release/bin/tilemux,build/gem5-riscv-release/bin/tilemux,' --mods run/boot.xml,build/gem5-riscv-release/bin/root,build/gem5-riscv-release/bin/m3fs,build/gem5-riscv-release/bin/pager --cpu-clock=3GHz --sys-clock=1GHz --encr-latency=0 --par-pipe=1 --int-transfer-latency=250 --rng-latency=0 --sign-latency=0 --sign-ver-latency=0

T00: build/gem5-riscv-release/bin/kernel -f build/gem5-riscv-release/bench.img
     Core =DerivO3CPU riscv @ 3GHz
     TCU  =eps:192, bufsz:2048 B, blocksz:64 B, count:4, tlb:128
     L1i$ =32 KiB (2-way assoc, 4 cycles)
     L1d$ =32 KiB (2-way assoc, 4 cycles)
     L2$  =256 KiB (8-way assoc, 12 cycles)
     Comp =Core -> TCU -> L1$ -> L2$

T01: build/gem5-riscv-release/bin/tilemux
     Core =DerivO3CPU riscv @ 3GHz
     TCU  =eps:192, bufsz:2048 B, blocksz:64 B, count:4, tlb:128
     L1i$ =32 KiB (2-way assoc, 4 cycles)
     L1d$ =32 KiB (2-way assoc, 4 cycles)
     L2$  =256 KiB (8-way assoc, 12 cycles)
     Comp =Core -> TCU -> L1$ -> L2$

T02: build/gem5-riscv-release/bin/tilemux
     Core =DerivO3CPU riscv @ 3GHz
     TCU  =eps:192, bufsz:2048 B, blocksz:64 B, count:4, tlb:128
     L1i$ =32 KiB (2-way assoc, 4 cycles)
     L1d$ =32 KiB (2-way assoc, 4 cycles)
     L2$  =256 KiB (8-way assoc, 12 cycles)
     Comp =Core -> TCU -> L1$ -> L2$

T03: build/gem5-riscv-release/bin/tilemux
     Core =DerivO3CPU riscv @ 3GHz
     TCU  =eps:192, bufsz:2048 B, blocksz:64 B, count:4, tlb:128
     L1i$ =32 KiB (2-way assoc, 4 cycles)
     L1d$ =32 KiB (2-way assoc, 4 cycles)
     L2$  =256 KiB (8-way assoc, 12 cycles)
     Comp =Core -> TCU -> L1$ -> L2$

T04: build/gem5-riscv-release/bin/tilemux
     Core =DerivO3CPU riscv @ 3GHz
     TCU  =eps:192, bufsz:2048 B, blocksz:64 B, count:4, tlb:128
     L1i$ =32 KiB (2-way assoc, 4 cycles)
     L1d$ =32 KiB (2-way assoc, 4 cycles)
     L2$  =256 KiB (8-way assoc, 12 cycles)
     Comp =Core -> TCU -> L1$ -> L2$

T05: build/gem5-riscv-release/bin/tilemux
     Core =DerivO3CPU riscv @ 3GHz
     TCU  =eps:192, bufsz:2048 B, blocksz:64 B, count:4, tlb:128
     L1i$ =32 KiB (2-way assoc, 4 cycles)
     L1d$ =32 KiB (2-way assoc, 4 cycles)
     L2$  =256 KiB (8-way assoc, 12 cycles)
     Comp =Core -> TCU -> L1$ -> L2$

T06: build/gem5-riscv-release/bin/tilemux
     Core =DerivO3CPU riscv @ 3GHz
     TCU  =eps:192, bufsz:2048 B, blocksz:64 B, count:4, tlb:128
     L1i$ =32 KiB (2-way assoc, 4 cycles)
     L1d$ =32 KiB (2-way assoc, 4 cycles)
     L2$  =256 KiB (8-way assoc, 12 cycles)
     Comp =Core -> TCU -> L1$ -> L2$

T07: build/gem5-riscv-release/bin/tilemux
     Core =DerivO3CPU riscv @ 3GHz
     TCU  =eps:192, bufsz:2048 B, blocksz:64 B, count:4, tlb:128
     L1i$ =32 KiB (2-way assoc, 4 cycles)
     L1d$ =32 KiB (2-way assoc, 4 cycles)
     L2$  =256 KiB (8-way assoc, 12 cycles)
     Comp =Core -> TCU -> L1$ -> L2$

T08: build/gem5-riscv-release/bin/tilemux
     Core =DerivO3CPU riscv @ 3GHz
     TCU  =eps:192, bufsz:2048 B, blocksz:64 B, count:4, tlb:128
     L1i$ =32 KiB (2-way assoc, 4 cycles)
     L1d$ =32 KiB (2-way assoc, 4 cycles)
     L2$  =256 KiB (8-way assoc, 12 cycles)
     Comp =Core -> TCU -> L1$ -> L2$

T09: build/gem5-riscv-release/bin/tilemux
     Core =DerivO3CPU riscv @ 3GHz
     TCU  =eps:192, bufsz:2048 B, blocksz:64 B, count:4, tlb:128
     L1i$ =32 KiB (2-way assoc, 4 cycles)
     L1d$ =32 KiB (2-way assoc, 4 cycles)
     L2$  =256 KiB (8-way assoc, 12 cycles)
     Comp =Core -> TCU -> L1$ -> L2$

T10: build/gem5-riscv-release/bin/tilemux
     Core =DerivO3CPU riscv @ 3GHz
     TCU  =eps:192, bufsz:2048 B, blocksz:64 B, count:4, tlb:128
     L1i$ =32 KiB (2-way assoc, 4 cycles)
     L1d$ =32 KiB (2-way assoc, 4 cycles)
     L2$  =256 KiB (8-way assoc, 12 cycles)
     Comp =Core -> TCU -> L1$ -> L2$

T11: build/gem5-riscv-release/bin/tilemux
     Core =DerivO3CPU riscv @ 3GHz
     TCU  =eps:192, bufsz:2048 B, blocksz:64 B, count:4, tlb:128
     L1i$ =32 KiB (2-way assoc, 4 cycles)
     L1d$ =32 KiB (2-way assoc, 4 cycles)
     L2$  =256 KiB (8-way assoc, 12 cycles)
     Comp =Core -> TCU -> L1$ -> L2$

T12: build/gem5-riscv-release/bin/tilemux
     Core =DerivO3CPU riscv @ 3GHz
     TCU  =eps:192, bufsz:2048 B, blocksz:64 B, count:4, tlb:128
     L1i$ =32 KiB (2-way assoc, 4 cycles)
     L1d$ =32 KiB (2-way assoc, 4 cycles)
     L2$  =256 KiB (8-way assoc, 12 cycles)
     Comp =Core -> TCU -> L1$ -> L2$

T13: build/gem5-riscv-release/bin/tilemux
     Core =DerivO3CPU riscv @ 3GHz
     TCU  =eps:192, bufsz:2048 B, blocksz:64 B, count:4, tlb:128
     L1i$ =32 KiB (2-way assoc, 4 cycles)
     L1d$ =32 KiB (2-way assoc, 4 cycles)
     L2$  =256 KiB (8-way assoc, 12 cycles)
     Comp =Core -> TCU -> L1$ -> L2$

T14: build/gem5-riscv-release/bin/tilemux
     Core =DerivO3CPU riscv @ 3GHz
     TCU  =eps:192, bufsz:2048 B, blocksz:64 B, count:4, tlb:128
     L1i$ =32 KiB (2-way assoc, 4 cycles)
     L1d$ =32 KiB (2-way assoc, 4 cycles)
     L2$  =256 KiB (8-way assoc, 12 cycles)
     Comp =Core -> TCU -> L1$ -> L2$

T15: build/gem5-riscv-release/bin/tilemux
     Core =DerivO3CPU riscv @ 3GHz
     TCU  =eps:192, bufsz:2048 B, blocksz:64 B, count:4, tlb:128
     L1i$ =32 KiB (2-way assoc, 4 cycles)
     L1d$ =32 KiB (2-way assoc, 4 cycles)
     L2$  =256 KiB (8-way assoc, 12 cycles)
     Comp =Core -> TCU -> L1$ -> L2$

T16: indir accelerator @ 1GHz
     TCU  =eps:192, bufsz:2048 B, blocksz:2048 B, count:4, tlb:0
     imem =4096 KiB
     Comp =Core -> TCU -> SPM

T17: indir accelerator @ 1GHz
     TCU  =eps:192, bufsz:2048 B, blocksz:2048 B, count:4, tlb:0
     imem =4096 KiB
     Comp =Core -> TCU -> SPM

T18: indir accelerator @ 1GHz
     TCU  =eps:192, bufsz:2048 B, blocksz:2048 B, count:4, tlb:0
     imem =4096 KiB
     Comp =Core -> TCU -> SPM

T19: indir accelerator @ 1GHz
     TCU  =eps:192, bufsz:2048 B, blocksz:2048 B, count:4, tlb:0
     imem =4096 KiB
     Comp =Core -> TCU -> SPM

T20: copy accelerator @ 1GHz
     TCU  =eps:192, bufsz:2048 B, blocksz:2048 B, count:4, tlb:0
     imem =4096 KiB
     Comp =Core -> TCU -> SPM

T21: copy accelerator @ 1GHz
     TCU  =eps:192, bufsz:2048 B, blocksz:2048 B, count:4, tlb:0
     imem =4096 KiB
     Comp =Core -> TCU -> SPM

T22: copy accelerator @ 1GHz
     TCU  =eps:192, bufsz:2048 B, blocksz:2048 B, count:4, tlb:0
     imem =4096 KiB
     Comp =Core -> TCU -> SPM

T23: copy accelerator @ 1GHz
     TCU  =eps:192, bufsz:2048 B, blocksz:2048 B, count:4, tlb:0
     imem =4096 KiB
     Comp =Core -> TCU -> SPM

T24: rot13 accelerator @ 1GHz
     TCU  =eps:192, bufsz:2048 B, blocksz:2048 B, count:4, tlb:0
     imem =4096 KiB
     Comp =Core -> TCU -> SPM

T25: SerialInput
     TCU  =eps:192, bufsz:2048 B, blocksz:2048 B, count:4, tlb:0
     Comp =TCU -> SerialInput

T26: build/gem5-riscv-release/bench.img x 1
     TCU  =eps:192, bufsz:2048 B, blocksz:2048 B, count:8, tlb:0
     imem =3145728 KiB
     Comp =TCU -> DRAM

Global frequency set at 1000000000000 ticks per second
warn: No dot file generated. Please install pydot to generate the dot file and pdf.
Gem5 Terminal started; Quit via Ctrl+]
warn: DRAM device capacity (49152 Mbytes) does not match the address range assigned (4096 Mbytes)
platform.com_1.device: Listening for connections on port 3456
0: T00.remote_gdb: listening for remote gdb on port 7000
0: T01.remote_gdb: listening for remote gdb on port 7001
0: T02.remote_gdb: listening for remote gdb on port 7002
0: T03.remote_gdb: listening for remote gdb on port 7003
0: T04.remote_gdb: listening for remote gdb on port 7004
0: T05.remote_gdb: listening for remote gdb on port 7005
0: T06.remote_gdb: listening for remote gdb on port 7006
0: T07.remote_gdb: listening for remote gdb on port 7007
0: T08.remote_gdb: listening for remote gdb on port 7008
0: T09.remote_gdb: listening for remote gdb on port 7009
0: T10.remote_gdb: listening for remote gdb on port 7010
0: T11.remote_gdb: listening for remote gdb on port 7011
0: T12.remote_gdb: listening for remote gdb on port 7012
0: T13.remote_gdb: listening for remote gdb on port 7013
0: T14.remote_gdb: listening for remote gdb on port 7014
0: T15.remote_gdb: listening for remote gdb on port 7015
warn: CoherentXBar T16.xbar has no snooping ports attached!
warn: CoherentXBar T17.xbar has no snooping ports attached!
warn: CoherentXBar T18.xbar has no snooping ports attached!
warn: CoherentXBar T19.xbar has no snooping ports attached!
warn: CoherentXBar T20.xbar has no snooping ports attached!
warn: CoherentXBar T21.xbar has no snooping ports attached!
warn: CoherentXBar T22.xbar has no snooping ports attached!
warn: CoherentXBar T23.xbar has no snooping ports attached!
warn: CoherentXBar T24.xbar has no snooping ports attached!
warn: CoherentXBar T25.xbar has no snooping ports attached!
warn: CoherentXBar T26.xbar has no snooping ports attached!
info: Loaded 'boot.xml' to 0x9a00000030000000 .. 0x9a00000030000318
info: Loaded 'root' to 0x9a00000030001000 .. 0x9a000000300756a0
info: Loaded 'm3fs' to 0x9a00000030076000 .. 0x9a000000300cc2f8
info: Loaded 'pager' to 0x9a000000300cd000 .. 0x9a0000003014bc00
info: Entering event queue @ 0.  Starting simulation...
warn: T0,PMP-EP65535: invalid EP
warn: T15,PMP-EP65535: invalid EP
warn: T14,PMP-EP65535: invalid EP
warn: T13,PMP-EP65535: invalid EP
warn: T12,PMP-EP65535: invalid EP
warn: T11,PMP-EP65535: invalid EP
warn: T10,PMP-EP65535: invalid EP
warn: T9,PMP-EP65535: invalid EP
warn: T8,PMP-EP65535: invalid EP
warn: T7,PMP-EP65535: invalid EP
warn: T6,PMP-EP65535: invalid EP
warn: T5,PMP-EP65535: invalid EP
warn: T4,PMP-EP65535: invalid EP
warn: T3,PMP-EP65535: invalid EP
warn: T2,PMP-EP65535: invalid EP
warn: T1,PMP-EP65535: invalid EP
warn: T7,PMP-EP65535: invalid EP
warn: T14,PMP-EP65535: invalid EP
warn: T11,PMP-EP65535: invalid EP
warn: T5,PMP-EP65535: invalid EP
warn: T13,PMP-EP65535: invalid EP
warn: T8,PMP-EP65535: invalid EP
warn: T15,PMP-EP65535: invalid EP
warn: T9,PMP-EP65535: invalid EP
warn: T12,PMP-EP65535: invalid EP
warn: T6,PMP-EP65535: invalid EP
warn: T1,PMP-EP65535: invalid EP
warn: T4,PMP-EP65535: invalid EP
warn: T10,PMP-EP65535: invalid EP
warn: T2,PMP-EP65535: invalid EP
warn: T3,PMP-EP65535: invalid EP
warn: T0,PMP-EP65535: invalid EP
[0;31m[T0:kernel  @        189] Entered raw mode; Quit via Ctrl+]
[0mwarn: T14,PMP-EP65535: invalid EP
warn: T14,PMP-EP65535: invalid EP
warn: T14,PMP-EP65535: invalid EP
warn: T7,PMP-EP65535: invalid EP
warn: T7,PMP-EP65535: invalid EP
warn: T7,PMP-EP65535: invalid EP
warn: T14,PMP-EP65535: invalid EP
warn: T11,PMP-EP65535: invalid EP
warn: T11,PMP-EP65535: invalid EP
warn: T11,PMP-EP65535: invalid EP
warn: T5,PMP-EP65535: invalid EP
warn: T5,PMP-EP65535: invalid EP
warn: T5,PMP-EP65535: invalid EP
warn: T7,PMP-EP65535: invalid EP
warn: T13,PMP-EP65535: invalid EP
warn: T13,PMP-EP65535: invalid EP
warn: T15,PMP-EP65535: invalid EP
warn: T15,PMP-EP65535: invalid EP
warn: T15,PMP-EP65535: invalid EP
warn: T11,PMP-EP65535: invalid EP
warn: T9,PMP-EP65535: invalid EP
warn: T9,PMP-EP65535: invalid EP
warn: T9,PMP-EP65535: invalid EP
warn: T10,PMP-EP65535: invalid EP
warn: T10,PMP-EP65535: invalid EP
warn: T10,PMP-EP65535: invalid EP
warn: T13,PMP-EP65535: invalid EP
warn: T5,PMP-EP65535: invalid EP
warn: T8,PMP-EP65535: invalid EP
warn: T8,PMP-EP65535: invalid EP
warn: T8,PMP-EP65535: invalid EP
warn: T12,PMP-EP65535: invalid EP
warn: T12,PMP-EP65535: invalid EP
warn: T12,PMP-EP65535: invalid EP
warn: T1,PMP-EP65535: invalid EP
warn: T1,PMP-EP65535: invalid EP
warn: T2,PMP-EP65535: invalid EP
warn: T2,PMP-EP65535: invalid EP
warn: T2,PMP-EP65535: invalid EP
warn: T4,PMP-EP65535: invalid EP
warn: T4,PMP-EP65535: invalid EP
warn: T4,PMP-EP65535: invalid EP
warn: T15,PMP-EP65535: invalid EP
warn: T6,PMP-EP65535: invalid EP
warn: T6,PMP-EP65535: invalid EP
warn: T3,PMP-EP65535: invalid EP
warn: T3,PMP-EP65535: invalid EP
warn: T3,PMP-EP65535: invalid EP
warn: T6,PMP-EP65535: invalid EP
warn: T9,PMP-EP65535: invalid EP
warn: T10,PMP-EP65535: invalid EP
warn: T1,PMP-EP65535: invalid EP
warn: T8,PMP-EP65535: invalid EP
warn: T12,PMP-EP65535: invalid EP
warn: T2,PMP-EP65535: invalid EP
warn: T4,PMP-EP65535: invalid EP
warn: T3,PMP-EP65535: invalid EP
warn: T6,PMP-EP65535: invalid EP
[0;31m[T0:kernel  @        761] Attesting tile: 1
[0m[0;31m[T0:kernel  @       1675] Attestation complete: 1, 2728188 cycles
[0m[0;31m[T0:kernel  @       2097] Attesting tile: 2
[0m[0;31m[T0:kernel  @       3000] Attestation complete: 2, 2705302 cycles
[0m[0;31m[T0:kernel  @       3421] Attesting tile: 3
[0m[0;31m[T0:kernel  @       4323] Attestation complete: 3, 2704813 cycles
[0m[0;31m[T0:kernel  @       4743] Attesting tile: 4
[0m[0;31m[T0:kernel  @       5646] Attestation complete: 4, 2704687 cycles
[0m[0;31m[T0:kernel  @       6066] Attesting tile: 5
[0m[0;31m[T0:kernel  @       6968] Attestation complete: 5, 2704525 cycles
[0m[0;31m[T0:kernel  @       7389] Attesting tile: 6
[0m[0;31m[T0:kernel  @       8291] Attestation complete: 6, 2704567 cycles
[0m[0;31m[T0:kernel  @       8713] Attesting tile: 7
[0m[0;31m[T0:kernel  @       9615] Attestation complete: 7, 2704553 cycles
[0m[0;31m[T0:kernel  @      10036] Attesting tile: 8
[0m[0;31m[T0:kernel  @      10938] Attestation complete: 8, 2704518 cycles
[0m[0;31m[T0:kernel  @      11358] Attesting tile: 9
[0m[0;31m[T0:kernel  @      12261] Attestation complete: 9, 2704560 cycles
[0m[0;31m[T0:kernel  @      12682] Attesting tile: 10
[0m[0;31m[T0:kernel  @      13584] Attestation complete: 10, 2704528 cycles
[0m[0;31m[T0:kernel  @      14005] Attesting tile: 11
[0m[0;31m[T0:kernel  @      14907] Attestation complete: 11, 2704561 cycles
[0m[0;31m[T0:kernel  @      15327] Attesting tile: 12
[0m[0;31m[T0:kernel  @      16229] Attestation complete: 12, 2704504 cycles
[0m[0;31m[T0:kernel  @      16650] Attesting tile: 13
[0m[0;31m[T0:kernel  @      17552] Attestation complete: 13, 2704508 cycles
[0m[0;31m[T0:kernel  @      17973] Attesting tile: 14
[0m[0;31m[T0:kernel  @      18875] Attestation complete: 14, 2704498 cycles
[0m[0;31m[T0:kernel  @      19296] Attesting tile: 15
[0m[0;31m[T0:kernel  @      20198] Attestation complete: 15, 2704479 cycles
[0m[0;31m[T0:kernel  @      20619] Attesting tile: 16
[0m[0;31m[T0:kernel  @      22164] Attestation complete: 16, 4636911 cycles
[0m[0;31m[T0:kernel  @      22586] Attesting tile: 17
[0m[0;31m[T0:kernel  @      24131] Attestation complete: 17, 4634977 cycles
[0m[0;31m[T0:kernel  @      24551] Attesting tile: 18
[0m[0;31m[T0:kernel  @      26096] Attestation complete: 18, 4635011 cycles
[0m[0;31m[T0:kernel  @      26517] Attesting tile: 19
[0m[0;31m[T0:kernel  @      28062] Attestation complete: 19, 4634982 cycles
[0m[0;31m[T0:kernel  @      28483] Attesting tile: 20
[0m[0;31m[T0:kernel  @      30028] Attestation complete: 20, 4634990 cycles
[0m[0;31m[T0:kernel  @      30449] Attesting tile: 21
[0m[0;31m[T0:kernel  @      31994] Attestation complete: 21, 4635047 cycles
[0m[0;31m[T0:kernel  @      32414] Attesting tile: 22
[0m[0;31m[T0:kernel  @      33959] Attestation complete: 22, 4635011 cycles
[0m[0;31m[T0:kernel  @      34380] Attesting tile: 23
[0m[0;31m[T0:kernel  @      35925] Attestation complete: 23, 4635013 cycles
[0m[0;31m[T0:kernel  @      36346] Attesting tile: 24
[0m[0;31m[T0:kernel  @      37891] Attestation complete: 24, 4634962 cycles
[0m[0;31m[T0:kernel  @      38312] Attesting tile: 25
[0m[0;31m[T0:kernel  @      39857] Attestation complete: 25, 4635009 cycles
[0m[0;31m[T0:kernel  @      39860] Attesting tile: 26
[0m[0;31m[T0:kernel  @      41408] Attestation complete: 26, 4643800 cycles
[0m[0;31m[T0:kernel  @      41410] Attesting tile: 26
[0m[0;31m[T0:kernel  @      42957] Attestation complete: 26, 4643170 cycles
[0m[0;31m[T0:kernel  @      42959] Attesting tile: 26
[0m[0;31m[T0:kernel  @      44507] Attestation complete: 26, 4643024 cycles
[0m[0;31m[T0:kernel  @      44509] Attesting tile: 26
[0m[0;31m[T0:kernel  @      46056] Attestation complete: 26, 4643997 cycles
[0m[0;31m[T0:kernel  @      46165] Kernel is ready!
[0m[0;32m[T1:root    @      46607] Boot modules:
[0m[0;32m[T1:root    @      46620]   Mod[addr: G[Tile26+0x30000000], size: 0x318, name: boot.xml]
[0m[0;32m[T1:root    @      46623]   Mod[addr: G[Tile26+0x30001000], size: 0x746a0, name: root]
[0m[0;32m[T1:root    @      46625]   Mod[addr: G[Tile26+0x30076000], size: 0x562f8, name: m3fs]
[0m[0;32m[T1:root    @      46628]   Mod[addr: G[Tile26+0x300cd000], size: 0x7ec00, name: pager]
[0m[0;32m[T1:root    @      46629] Available tiles:
[0m[0;32m[T1:root    @      46639]   Tile01: COMP_EMEM RISCV (empty) 0 KiB memory
[0m[0;32m[T1:root    @      46643]   Tile02: COMP_EMEM RISCV (empty) 0 KiB memory
[0m[0;32m[T1:root    @      46645]   Tile03: COMP_EMEM RISCV (empty) 0 KiB memory
[0m[0;32m[T1:root    @      46647]   Tile04: COMP_EMEM RISCV (empty) 0 KiB memory
[0m[0;32m[T1:root    @      46649]   Tile05: COMP_EMEM RISCV (empty) 0 KiB memory
[0m[0;32m[T1:root    @      46652]   Tile06: COMP_EMEM RISCV (empty) 0 KiB memory
[0m[0;32m[T1:root    @      46654]   Tile07: COMP_EMEM RISCV (empty) 0 KiB memory
[0m[0;32m[T1:root    @      46656]   Tile08: COMP_EMEM RISCV (empty) 0 KiB memory
[0m[0;32m[T1:root    @      46658]   Tile09: COMP_EMEM RISCV (empty) 0 KiB memory
[0m[0;32m[T1:root    @      46660]   Tile10: COMP_EMEM RISCV (empty) 0 KiB memory
[0m[0;32m[T1:root    @      46662]   Tile11: COMP_EMEM RISCV (empty) 0 KiB memory
[0m[0;32m[T1:root    @      46664]   Tile12: COMP_EMEM RISCV (empty) 0 KiB memory
[0m[0;32m[T1:root    @      46666]   Tile13: COMP_EMEM RISCV (empty) 0 KiB memory
[0m[0;32m[T1:root    @      46668]   Tile14: COMP_EMEM RISCV (empty) 0 KiB memory
[0m[0;32m[T1:root    @      46672]   Tile15: COMP_EMEM RISCV (empty) 0 KiB memory
[0m[0;32m[T1:root    @      46675]   Tile16: COMP_IMEM ACCEL_INDIR (empty) 4096 KiB memory
[0m[0;32m[T1:root    @      46677]   Tile17: COMP_IMEM ACCEL_INDIR (empty) 4096 KiB memory
[0m[0;32m[T1:root    @      46680]   Tile18: COMP_IMEM ACCEL_INDIR (empty) 4096 KiB memory
[0m[0;32m[T1:root    @      46682]   Tile19: COMP_IMEM ACCEL_INDIR (empty) 4096 KiB memory
[0m[0;32m[T1:root    @      46684]   Tile20: COMP_IMEM ACCEL_COPY (empty) 4096 KiB memory
[0m[0;32m[T1:root    @      46686]   Tile21: COMP_IMEM ACCEL_COPY (empty) 4096 KiB memory
[0m[0;32m[T1:root    @      46688]   Tile22: COMP_IMEM ACCEL_COPY (empty) 4096 KiB memory
[0m[0;32m[T1:root    @      46690]   Tile23: COMP_IMEM ACCEL_COPY (empty) 4096 KiB memory
[0m[0;32m[T1:root    @      46692]   Tile24: COMP_IMEM ACCEL_ROT13 (empty) 4096 KiB memory
[0m[0;32m[T1:root    @      46694]   Tile25: COMP_IMEM SERIAL_DEV (empty) 0 KiB memory
[0m[0;32m[T1:root    @      46698] Available memory:
[0m[0;32m[T1:root    @      46705]   MemMod[sel: 34, res: true, addr: G[Tile26+0x0], size: 1264 MiB]
[0m[0;32m[T1:root    @      46708]   MemMod[sel: 35, res: false, addr: G[Tile26+0x53600000], size: 959 MiB]
[0m[0;32m[T1:root    @      46712] Parsed Config [
[0m[0;32m[T1:root    @      46715]   root -s [
[0m[0;32m[T1:root    @      46724]     Domain on core [
[0m[0;32m[T1:root    @      46726]       m3fs mem 268435456 [
[0m[0;32m[T1:root    @      46728]         Daemon,
[0m[0;32m[T1:root    @      46733]         PhysMem[addr=0x0, size=0x40000 KiB, perm=R | W | X | RW | RWX],
[0m[0;32m[T1:root    @      46737]         Service[lname='m3fs', gname='m3fs'],
[0m[0;32m[T1:root    @      46739]       ]
[0m[0;32m[T1:root    @      46741]     ]
[0m[0;32m[T1:root    @      46742]     Domain on core [
[0m[0;32m[T1:root    @      46744]       pager 268435456 [
[0m[0;32m[T1:root    @      46746]         PhysMem[addr=0x0, size=0x40000 KiB, perm=R],
[0m[0;32m[T1:root    @      46749]         Session[lname='m3fs', gname='m3fs', arg='', dep=true],
[0m[0;32m[T1:root    @      46752]         Tile[type=core, count=1, optional=false],
[0m[0;32m[T1:root    @      46754]         Domain on boom|core [
[0m[0;32m[T1:root    @      46756]           /bin/facever gpu [
[0m[0;32m[T1:root    @      46757]             Daemon,
[0m[0;32m[T1:root    @      46760]             Mount[fs='m3fs', path='/'],
[0m[0;32m[T1:root    @      46762]             Tile[type=boom|core, count=2, optional=false],
[0m[0;32m[T1:root    @      46764]           ]
[0m[0;32m[T1:root    @      46765]         ]
[0m[0;32m[T1:root    @      46766]       ]
[0m[0;32m[T1:root    @      46767]     ]
[0m[0;32m[T1:root    @      46768]   ]
[0m[0;32m[T1:root    @      46769] ]
[0m[0;32m[T1:root    @      46770] 
[0m[0;32m[T1:root    @      47637] Starting boot module 'm3fs' on tile2 with arguments ["mem", "268435456"]
[0m[0;32m[T1:root    @      48452] m3fs: reg_serv(srv_sel=50, sgate_sel=54, name=m3fs, sessions=32)
[0m[0;32m[T1:root    @      48459] Creating service 1:m3fs
[0m[0;32m[T1:root    @      48541] Starting boot module 'pager' on tile3 with arguments ["268435456"]
[0m[0;34m[T3:pager   @      48892] Boot modules:
[0m[0;34m[T3:pager   @      48906]   Mod[addr: G[Tile26+0x7b601000], size: 0x1f7, name: boot.xml]
[0m[0;34m[T3:pager   @      48908] Available tiles:
[0m[0;34m[T3:pager   @      48919]   Tile03: COMP_EMEM RISCV (empty) 0 KiB memory
[0m[0;34m[T3:pager   @      48923]   Tile04: COMP_EMEM RISCV (empty) 0 KiB memory
[0m[0;34m[T3:pager   @      48925]   Tile05: COMP_EMEM RISCV (empty) 0 KiB memory
[0m[0;34m[T3:pager   @      48928] Available memory:
[0m[0;34m[T3:pager   @      48936]   MemMod[sel: 9, res: false, addr: G[Tile26+0x67800000], size: 159 MiB]
[0m[0;32m[T1:root    @      48953] pager: open_sess(dst_sel=63, name=m3fs)
[0m[0;32m[T1:root    @      49563] pager: Ok(8:ALLOC_TILE) failed: NotFound
[0m[0;34m[T3:pager   @      49849] Starting boot module '/bin/facever' on tile6 with arguments ["gpu"]
[0mchildactivity.rs: /bin/facever
[0;35m[T4:facever @      50907] Starting read mgate
[0m[0;35m[T4:facever @      51000] Finished read mgate
[0m[0;35m[T4:facever @      51027] Start LBP hist read
[0m[0;35m[T4:facever @      51072] End LBP hist read
[0m[0;35m[T4:facever @      51073] Starting GPU compute
[0m[0;35m[T4:facever @      51308] End compute
[0m[0;35m[T4:facever @      51335] Writing results to file
[0m[0;35m[T4:facever @      51361] Done writing results to file
[0mtotal: 2570377 cycles
Child '/bin/facever' exited with exitcode 65
[0;32m[T1:root    @      51885] Sending SHUTDOWN to service 1:m3fs
[0m[0;32m[T1:root    @      51913] m3fs: unreg_serv(sel=50)
[0m[0;32m[T1:root    @      51917] Removing service 1:m3fs
[0m[0;32m[T1:root    @      52053] All childs gone. Exiting.
[0m[0;31m[T0:kernel  @      52112] Shutting down
[0mExiting @ tick 52122157002 because m5_exit instruction encountered
