/scratch/harshanavkis/ironbus/M3/run/facever_non_secure-0/boot-all.xml validates
gem5 Simulator System.  http://gem5.org
gem5 is copyrighted software; use the --copyright option for details.

gem5 version 21.0.0.0
gem5 compiled Sep 17 2026 15:54:59
gem5 started Sep 17 2026 17:16:54
gem5 executing on amy, pid 2935980
command line: platform/gem5/build/RISCV/gem5.opt --outdir=/scratch/harshanavkis/ironbus/M3/run/facever_non_secure-0 --debug-file=gem5.log --debug-flags=Tcu /scratch/harshanavkis/ironbus/M3/config/accels.py --cpu-type DerivO3CPU --isa riscv --cmd 'build/gem5-riscv-release/bin/kernel -f build/gem5-riscv-release/bench.img,build/gem5-riscv-release/bin/tilemux,build/gem5-riscv-release/bin/tilemux,build/gem5-riscv-release/bin/tilemux,build/gem5-riscv-release/bin/tilemux,build/gem5-riscv-release/bin/tilemux,build/gem5-riscv-release/bin/tilemux,build/gem5-riscv-release/bin/tilemux,build/gem5-riscv-release/bin/tilemux,build/gem5-riscv-release/bin/tilemux,build/gem5-riscv-release/bin/tilemux,build/gem5-riscv-release/bin/tilemux,build/gem5-riscv-release/bin/tilemux,build/gem5-riscv-release/bin/tilemux,build/gem5-riscv-release/bin/tilemux,build/gem5-riscv-release/bin/tilemux,' --mods /scratch/harshanavkis/ironbus/M3/run/facever_non_secure-0/boot.xml,build/gem5-riscv-release/bin/root,build/gem5-riscv-release/bin/m3fs,build/gem5-riscv-release/bin/pager --cpu-clock=2GHz --sys-clock=2GHz --encr-latency=0 --par-pipe=1 --int-transfer-latency=0 --rng-latency=0 --sign-latency=0 --sign-ver-latency=0

info: Standard input is not a terminal, disabling listeners.
T00: build/gem5-riscv-release/bin/kernel -f build/gem5-riscv-release/bench.img
     Core =DerivO3CPU riscv @ 2GHz
     TCU  =eps:192, bufsz:2048 B, blocksz:64 B, count:16, tlb:128
     L1i$ =32 KiB (2-way assoc, 4 cycles)
     L1d$ =32 KiB (2-way assoc, 4 cycles)
     L2$  =256 KiB (8-way assoc, 12 cycles)
     Comp =Core -> TCU -> L1$ -> L2$

T01: build/gem5-riscv-release/bin/tilemux
     Core =DerivO3CPU riscv @ 2GHz
     TCU  =eps:192, bufsz:2048 B, blocksz:64 B, count:16, tlb:128
     L1i$ =32 KiB (2-way assoc, 4 cycles)
     L1d$ =32 KiB (2-way assoc, 4 cycles)
     L2$  =256 KiB (8-way assoc, 12 cycles)
     Comp =Core -> TCU -> L1$ -> L2$

T02: build/gem5-riscv-release/bin/tilemux
     Core =DerivO3CPU riscv @ 2GHz
     TCU  =eps:192, bufsz:2048 B, blocksz:64 B, count:16, tlb:128
     L1i$ =32 KiB (2-way assoc, 4 cycles)
     L1d$ =32 KiB (2-way assoc, 4 cycles)
     L2$  =256 KiB (8-way assoc, 12 cycles)
     Comp =Core -> TCU -> L1$ -> L2$

T03: build/gem5-riscv-release/bin/tilemux
     Core =DerivO3CPU riscv @ 2GHz
     TCU  =eps:192, bufsz:2048 B, blocksz:64 B, count:16, tlb:128
     L1i$ =32 KiB (2-way assoc, 4 cycles)
     L1d$ =32 KiB (2-way assoc, 4 cycles)
     L2$  =256 KiB (8-way assoc, 12 cycles)
     Comp =Core -> TCU -> L1$ -> L2$

T04: build/gem5-riscv-release/bin/tilemux
     Core =DerivO3CPU riscv @ 2GHz
     TCU  =eps:192, bufsz:2048 B, blocksz:64 B, count:16, tlb:128
     L1i$ =32 KiB (2-way assoc, 4 cycles)
     L1d$ =32 KiB (2-way assoc, 4 cycles)
     L2$  =256 KiB (8-way assoc, 12 cycles)
     Comp =Core -> TCU -> L1$ -> L2$

T05: build/gem5-riscv-release/bin/tilemux
     Core =DerivO3CPU riscv @ 2GHz
     TCU  =eps:192, bufsz:2048 B, blocksz:64 B, count:16, tlb:128
     L1i$ =32 KiB (2-way assoc, 4 cycles)
     L1d$ =32 KiB (2-way assoc, 4 cycles)
     L2$  =256 KiB (8-way assoc, 12 cycles)
     Comp =Core -> TCU -> L1$ -> L2$

T06: build/gem5-riscv-release/bin/tilemux
     Core =DerivO3CPU riscv @ 2GHz
     TCU  =eps:192, bufsz:2048 B, blocksz:64 B, count:16, tlb:128
     L1i$ =32 KiB (2-way assoc, 4 cycles)
     L1d$ =32 KiB (2-way assoc, 4 cycles)
     L2$  =256 KiB (8-way assoc, 12 cycles)
     Comp =Core -> TCU -> L1$ -> L2$

T07: build/gem5-riscv-release/bin/tilemux
     Core =DerivO3CPU riscv @ 2GHz
     TCU  =eps:192, bufsz:2048 B, blocksz:64 B, count:16, tlb:128
     L1i$ =32 KiB (2-way assoc, 4 cycles)
     L1d$ =32 KiB (2-way assoc, 4 cycles)
     L2$  =256 KiB (8-way assoc, 12 cycles)
     Comp =Core -> TCU -> L1$ -> L2$

T08: build/gem5-riscv-release/bin/tilemux
     Core =DerivO3CPU riscv @ 2GHz
     TCU  =eps:192, bufsz:2048 B, blocksz:64 B, count:16, tlb:128
     L1i$ =32 KiB (2-way assoc, 4 cycles)
     L1d$ =32 KiB (2-way assoc, 4 cycles)
     L2$  =256 KiB (8-way assoc, 12 cycles)
     Comp =Core -> TCU -> L1$ -> L2$

T09: build/gem5-riscv-release/bin/tilemux
     Core =DerivO3CPU riscv @ 2GHz
     TCU  =eps:192, bufsz:2048 B, blocksz:64 B, count:16, tlb:128
     L1i$ =32 KiB (2-way assoc, 4 cycles)
     L1d$ =32 KiB (2-way assoc, 4 cycles)
     L2$  =256 KiB (8-way assoc, 12 cycles)
     Comp =Core -> TCU -> L1$ -> L2$

T10: build/gem5-riscv-release/bin/tilemux
     Core =DerivO3CPU riscv @ 2GHz
     TCU  =eps:192, bufsz:2048 B, blocksz:64 B, count:16, tlb:128
     L1i$ =32 KiB (2-way assoc, 4 cycles)
     L1d$ =32 KiB (2-way assoc, 4 cycles)
     L2$  =256 KiB (8-way assoc, 12 cycles)
     Comp =Core -> TCU -> L1$ -> L2$

T11: build/gem5-riscv-release/bin/tilemux
     Core =DerivO3CPU riscv @ 2GHz
     TCU  =eps:192, bufsz:2048 B, blocksz:64 B, count:16, tlb:128
     L1i$ =32 KiB (2-way assoc, 4 cycles)
     L1d$ =32 KiB (2-way assoc, 4 cycles)
     L2$  =256 KiB (8-way assoc, 12 cycles)
     Comp =Core -> TCU -> L1$ -> L2$

T12: build/gem5-riscv-release/bin/tilemux
     Core =DerivO3CPU riscv @ 2GHz
     TCU  =eps:192, bufsz:2048 B, blocksz:64 B, count:16, tlb:128
     L1i$ =32 KiB (2-way assoc, 4 cycles)
     L1d$ =32 KiB (2-way assoc, 4 cycles)
     L2$  =256 KiB (8-way assoc, 12 cycles)
     Comp =Core -> TCU -> L1$ -> L2$

T13: build/gem5-riscv-release/bin/tilemux
     Core =DerivO3CPU riscv @ 2GHz
     TCU  =eps:192, bufsz:2048 B, blocksz:64 B, count:16, tlb:128
     L1i$ =32 KiB (2-way assoc, 4 cycles)
     L1d$ =32 KiB (2-way assoc, 4 cycles)
     L2$  =256 KiB (8-way assoc, 12 cycles)
     Comp =Core -> TCU -> L1$ -> L2$

T14: build/gem5-riscv-release/bin/tilemux
     Core =DerivO3CPU riscv @ 2GHz
     TCU  =eps:192, bufsz:2048 B, blocksz:64 B, count:16, tlb:128
     L1i$ =32 KiB (2-way assoc, 4 cycles)
     L1d$ =32 KiB (2-way assoc, 4 cycles)
     L2$  =256 KiB (8-way assoc, 12 cycles)
     Comp =Core -> TCU -> L1$ -> L2$

T15: build/gem5-riscv-release/bin/tilemux
     Core =DerivO3CPU riscv @ 2GHz
     TCU  =eps:192, bufsz:2048 B, blocksz:64 B, count:16, tlb:128
     L1i$ =32 KiB (2-way assoc, 4 cycles)
     L1d$ =32 KiB (2-way assoc, 4 cycles)
     L2$  =256 KiB (8-way assoc, 12 cycles)
     Comp =Core -> TCU -> L1$ -> L2$

T16: indir accelerator @ 1GHz
     TCU  =eps:192, bufsz:2048 B, blocksz:2048 B, count:16, tlb:0
     imem =4096 KiB
     Comp =Core -> TCU -> SPM

T17: indir accelerator @ 1GHz
     TCU  =eps:192, bufsz:2048 B, blocksz:2048 B, count:16, tlb:0
     imem =4096 KiB
     Comp =Core -> TCU -> SPM

T18: indir accelerator @ 1GHz
     TCU  =eps:192, bufsz:2048 B, blocksz:2048 B, count:16, tlb:0
     imem =4096 KiB
     Comp =Core -> TCU -> SPM

T19: indir accelerator @ 1GHz
     TCU  =eps:192, bufsz:2048 B, blocksz:2048 B, count:16, tlb:0
     imem =4096 KiB
     Comp =Core -> TCU -> SPM

T20: copy accelerator @ 1GHz
     TCU  =eps:192, bufsz:2048 B, blocksz:2048 B, count:16, tlb:0
     imem =4096 KiB
     Comp =Core -> TCU -> SPM

T21: copy accelerator @ 1GHz
     TCU  =eps:192, bufsz:2048 B, blocksz:2048 B, count:16, tlb:0
     imem =4096 KiB
     Comp =Core -> TCU -> SPM

T22: copy accelerator @ 1GHz
     TCU  =eps:192, bufsz:2048 B, blocksz:2048 B, count:16, tlb:0
     imem =4096 KiB
     Comp =Core -> TCU -> SPM

T23: copy accelerator @ 1GHz
     TCU  =eps:192, bufsz:2048 B, blocksz:2048 B, count:16, tlb:0
     imem =4096 KiB
     Comp =Core -> TCU -> SPM

T24: rot13 accelerator @ 1GHz
     TCU  =eps:192, bufsz:2048 B, blocksz:2048 B, count:16, tlb:0
     imem =4096 KiB
     Comp =Core -> TCU -> SPM

T25: SerialInput
     TCU  =eps:192, bufsz:2048 B, blocksz:2048 B, count:16, tlb:0
     Comp =TCU -> SerialInput

T26: build/gem5-riscv-release/bench.img x 1
     TCU  =eps:192, bufsz:2048 B, blocksz:2048 B, count:16, tlb:0
     imem =3145728 KiB
     Comp =TCU -> DRAM

Global frequency set at 1000000000000 ticks per second
warn: No dot file generated. Please install pydot to generate the dot file and pdf.
warn: DRAM device capacity (49152 Mbytes) does not match the address range assigned (4096 Mbytes)
warn: Sockets disabled, not accepting terminal connections
warn: Sockets disabled, not accepting gdb connections
warn: CoherentXBar T16.xbar has no snooping ports attached!
warn: CoherentXBar T17.xbar has no snooping ports attached!
warn: CoherentXBar T18.xbar has no snooping ports attached!
warn: CoherentXBar T19.xbar has no snooping ports attached!
warn: CoherentXBar T20.xbar has no snooping ports attached!
warn: CoherentXBar T21.xbar has no snooping ports attached!
warn: CoherentXBar T22.xbar has no snooping ports attached!
warn: CoherentXBar T23.xbar has no snooping ports attached!
warn: CoherentXBar T24.xbar has no snooping ports attached!
warn: CoherentXBar T25.xbar has no snooping ports attached!
warn: CoherentXBar T26.xbar has no snooping ports attached!
info: Loaded 'boot.xml' to 0x9a00000030000000 .. 0x9a00000030000318
info: Loaded 'root' to 0x9a00000030001000 .. 0x9a00000030075758
info: Loaded 'm3fs' to 0x9a00000030076000 .. 0x9a000000300cc348
info: Loaded 'pager' to 0x9a000000300cd000 .. 0x9a0000003014cc48
info: Entering event queue @ 0.  Starting simulation...
warn: T0,PMP-EP65535: invalid EP
warn: T15,PMP-EP65535: invalid EP
warn: T14,PMP-EP65535: invalid EP
warn: T13,PMP-EP65535: invalid EP
warn: T12,PMP-EP65535: invalid EP
warn: T11,PMP-EP65535: invalid EP
warn: T10,PMP-EP65535: invalid EP
warn: T9,PMP-EP65535: invalid EP
warn: T8,PMP-EP65535: invalid EP
warn: T7,PMP-EP65535: invalid EP
warn: T6,PMP-EP65535: invalid EP
warn: T5,PMP-EP65535: invalid EP
warn: T3,PMP-EP65535: invalid EP
warn: T4,PMP-EP65535: invalid EP
warn: T2,PMP-EP65535: invalid EP
warn: T1,PMP-EP65535: invalid EP
warn: T13,PMP-EP65535: invalid EP
warn: T14,PMP-EP65535: invalid EP
warn: T9,PMP-EP65535: invalid EP
warn: T15,PMP-EP65535: invalid EP
warn: T12,PMP-EP65535: invalid EP
warn: T11,PMP-EP65535: invalid EP
warn: T0,PMP-EP65535: invalid EP
warn: T10,PMP-EP65535: invalid EP
warn: T8,PMP-EP65535: invalid EP
warn: T5,PMP-EP65535: invalid EP
warn: T1,PMP-EP65535: invalid EP
warn: T6,PMP-EP65535: invalid EP
warn: T3,PMP-EP65535: invalid EP
warn: T7,PMP-EP65535: invalid EP
warn: T4,PMP-EP65535: invalid EP
warn: T2,PMP-EP65535: invalid EP
[0;31m[T0:kernel  @        107] Entered raw mode; Quit via Ctrl+]
[0mwarn: T15,PMP-EP65535: invalid EP
warn: T15,PMP-EP65535: invalid EP
warn: T15,PMP-EP65535: invalid EP
warn: T14,PMP-EP65535: invalid EP
warn: T14,PMP-EP65535: invalid EP
warn: T14,PMP-EP65535: invalid EP
warn: T14,PMP-EP65535: invalid EP
warn: T15,PMP-EP65535: invalid EP
warn: T12,PMP-EP65535: invalid EP
warn: T12,PMP-EP65535: invalid EP
warn: T12,PMP-EP65535: invalid EP
warn: T13,PMP-EP65535: invalid EP
warn: T13,PMP-EP65535: invalid EP
warn: T13,PMP-EP65535: invalid EP
warn: T11,PMP-EP65535: invalid EP
warn: T11,PMP-EP65535: invalid EP
warn: T11,PMP-EP65535: invalid EP
warn: T12,PMP-EP65535: invalid EP
warn: T13,PMP-EP65535: invalid EP
warn: T11,PMP-EP65535: invalid EP
warn: T8,PMP-EP65535: invalid EP
warn: T8,PMP-EP65535: invalid EP
warn: T8,PMP-EP65535: invalid EP
warn: T8,PMP-EP65535: invalid EP
warn: T1,PMP-EP65535: invalid EP
warn: T1,PMP-EP65535: invalid EP
warn: T1,PMP-EP65535: invalid EP
warn: T9,PMP-EP65535: invalid EP
warn: T9,PMP-EP65535: invalid EP
warn: T9,PMP-EP65535: invalid EP
warn: T4,PMP-EP65535: invalid EP
warn: T4,PMP-EP65535: invalid EP
warn: T4,PMP-EP65535: invalid EP
warn: T10,PMP-EP65535: invalid EP
warn: T10,PMP-EP65535: invalid EP
warn: T10,PMP-EP65535: invalid EP
warn: T1,PMP-EP65535: invalid EP
warn: T7,PMP-EP65535: invalid EP
warn: T7,PMP-EP65535: invalid EP
warn: T7,PMP-EP65535: invalid EP
warn: T5,PMP-EP65535: invalid EP
warn: T5,PMP-EP65535: invalid EP
warn: T5,PMP-EP65535: invalid EP
warn: T9,PMP-EP65535: invalid EP
warn: T2,PMP-EP65535: invalid EP
warn: T2,PMP-EP65535: invalid EP
warn: T2,PMP-EP65535: invalid EP
warn: T6,PMP-EP65535: invalid EP
warn: T6,PMP-EP65535: invalid EP
warn: T6,PMP-EP65535: invalid EP
warn: T3,PMP-EP65535: invalid EP
warn: T3,PMP-EP65535: invalid EP
warn: T3,PMP-EP65535: invalid EP
warn: T4,PMP-EP65535: invalid EP
warn: T10,PMP-EP65535: invalid EP
warn: T7,PMP-EP65535: invalid EP
warn: T5,PMP-EP65535: invalid EP
warn: T2,PMP-EP65535: invalid EP
warn: T6,PMP-EP65535: invalid EP
warn: T3,PMP-EP65535: invalid EP
[0;31m[T0:kernel  @        195] Attesting tile: 1
[0m[0;31m[T0:kernel  @       5295] Attestation complete: 1, 10193081 cycles
[0m[0;31m[T0:kernel  @       5299] Attesting tile: 2
[0m[0;31m[T0:kernel  @      10394] Attestation complete: 2, 10185275 cycles
[0m[0;31m[T0:kernel  @      10397] Attesting tile: 3
[0m[0;31m[T0:kernel  @      15491] Attestation complete: 3, 10183922 cycles
[0m[0;31m[T0:kernel  @      15494] Attesting tile: 4
[0m[0;31m[T0:kernel  @      20588] Attestation complete: 4, 10183633 cycles
[0m[0;31m[T0:kernel  @      20591] Attesting tile: 5
[0m[0;31m[T0:kernel  @      25685] Attestation complete: 5, 10183311 cycles
[0m[0;31m[T0:kernel  @      25688] Attesting tile: 6
[0m[0;31m[T0:kernel  @      30782] Attestation complete: 6, 10183478 cycles
[0m[0;31m[T0:kernel  @      30785] Attesting tile: 7
[0m[0;31m[T0:kernel  @      35878] Attestation complete: 7, 10183237 cycles
[0m[0;31m[T0:kernel  @      35881] Attesting tile: 8
[0m[0;31m[T0:kernel  @      40975] Attestation complete: 8, 10183106 cycles
[0m[0;31m[T0:kernel  @      40978] Attesting tile: 9
[0m[0;31m[T0:kernel  @      46072] Attestation complete: 9, 10183083 cycles
[0m[0;31m[T0:kernel  @      46074] Attesting tile: 10
[0m[0;31m[T0:kernel  @      51168] Attestation complete: 10, 10183394 cycles
[0m[0;31m[T0:kernel  @      51171] Attesting tile: 11
[0m[0;31m[T0:kernel  @      56265] Attestation complete: 11, 10183052 cycles
[0m[0;31m[T0:kernel  @      56268] Attesting tile: 12
[0m[0;31m[T0:kernel  @      61361] Attestation complete: 12, 10182947 cycles
[0m[0;31m[T0:kernel  @      61364] Attesting tile: 13
[0m[0;31m[T0:kernel  @      66458] Attestation complete: 13, 10182987 cycles
[0m[0;31m[T0:kernel  @      66461] Attesting tile: 14
[0m[0;31m[T0:kernel  @      71555] Attestation complete: 14, 10183094 cycles
[0m[0;31m[T0:kernel  @      71557] Attesting tile: 15
[0m[0;31m[T0:kernel  @      76651] Attestation complete: 15, 10182967 cycles
[0m[0;31m[T0:kernel  @      76654] Attesting tile: 16
[0m[0;31m[T0:kernel  @      84337] Attestation complete: 16, 15362582 cycles
[0m[0;31m[T0:kernel  @      84340] Attesting tile: 17
[0m[0;31m[T0:kernel  @      92024] Attestation complete: 17, 15362775 cycles
[0m[0;31m[T0:kernel  @      92027] Attesting tile: 18
[0m[0;31m[T0:kernel  @      99710] Attestation complete: 18, 15362526 cycles
[0m[0;31m[T0:kernel  @      99713] Attesting tile: 19
[0m[0;31m[T0:kernel  @     107396] Attestation complete: 19, 15362275 cycles
[0m[0;31m[T0:kernel  @     107399] Attesting tile: 20
[0m[0;31m[T0:kernel  @     115082] Attestation complete: 20, 15362238 cycles
[0m[0;31m[T0:kernel  @     115085] Attesting tile: 21
[0m[0;31m[T0:kernel  @     122768] Attestation complete: 21, 15362223 cycles
[0m[0;31m[T0:kernel  @     122771] Attesting tile: 22
[0m[0;31m[T0:kernel  @     130454] Attestation complete: 22, 15362295 cycles
[0m[0;31m[T0:kernel  @     130457] Attesting tile: 23
[0m[0;31m[T0:kernel  @     138140] Attestation complete: 23, 15362184 cycles
[0m[0;31m[T0:kernel  @     138143] Attesting tile: 24
[0m[0;31m[T0:kernel  @     145826] Attestation complete: 24, 15362142 cycles
[0m[0;31m[T0:kernel  @     145829] Attesting tile: 25
[0m[0;31m[T0:kernel  @     153512] Attestation complete: 25, 15362186 cycles
[0m[0;31m[T0:kernel  @     153516] Attesting tile: 26
[0m[0;31m[T0:kernel  @     158610] Attestation complete: 26, 10183480 cycles
[0m[0;31m[T0:kernel  @     158665] Kernel is ready!
[0m[0;32m[T1:root    @     158901] Boot modules:
[0m[0;32m[T1:root    @     158907]   Mod[addr: G[Tile26+0x30000000], size: 0x318, name: boot.xml]
[0m[0;32m[T1:root    @     158911]   Mod[addr: G[Tile26+0x30001000], size: 0x74758, name: root]
[0m[0;32m[T1:root    @     158914]   Mod[addr: G[Tile26+0x30076000], size: 0x56348, name: m3fs]
[0m[0;32m[T1:root    @     158918]   Mod[addr: G[Tile26+0x300cd000], size: 0x7fc48, name: pager]
[0m[0;32m[T1:root    @     158919] Available tiles:
[0m[0;32m[T1:root    @     158924]   Tile01: COMP_EMEM RISCV (empty) 0 KiB memory
[0m[0;32m[T1:root    @     158928]   Tile02: COMP_EMEM RISCV (empty) 0 KiB memory
[0m[0;32m[T1:root    @     158931]   Tile03: COMP_EMEM RISCV (empty) 0 KiB memory
[0m[0;32m[T1:root    @     158934]   Tile04: COMP_EMEM RISCV (empty) 0 KiB memory
[0m[0;32m[T1:root    @     158937]   Tile05: COMP_EMEM RISCV (empty) 0 KiB memory
[0m[0;32m[T1:root    @     158941]   Tile06: COMP_EMEM RISCV (empty) 0 KiB memory
[0m[0;32m[T1:root    @     158944]   Tile07: COMP_EMEM RISCV (empty) 0 KiB memory
[0m[0;32m[T1:root    @     158947]   Tile08: COMP_EMEM RISCV (empty) 0 KiB memory
[0m[0;32m[T1:root    @     158950]   Tile09: COMP_EMEM RISCV (empty) 0 KiB memory
[0m[0;32m[T1:root    @     158954]   Tile10: COMP_EMEM RISCV (empty) 0 KiB memory
[0m[0;32m[T1:root    @     158957]   Tile11: COMP_EMEM RISCV (empty) 0 KiB memory
[0m[0;32m[T1:root    @     158959]   Tile12: COMP_EMEM RISCV (empty) 0 KiB memory
[0m[0;32m[T1:root    @     158962]   Tile13: COMP_EMEM RISCV (empty) 0 KiB memory
[0m[0;32m[T1:root    @     158965]   Tile14: COMP_EMEM RISCV (empty) 0 KiB memory
[0m[0;32m[T1:root    @     158970]   Tile15: COMP_EMEM RISCV (empty) 0 KiB memory
[0m[0;32m[T1:root    @     158973]   Tile16: COMP_IMEM ACCEL_INDIR (empty) 4096 KiB memory
[0m[0;32m[T1:root    @     158976]   Tile17: COMP_IMEM ACCEL_INDIR (empty) 4096 KiB memory
[0m[0;32m[T1:root    @     158980]   Tile18: COMP_IMEM ACCEL_INDIR (empty) 4096 KiB memory
[0m[0;32m[T1:root    @     158983]   Tile19: COMP_IMEM ACCEL_INDIR (empty) 4096 KiB memory
[0m[0;32m[T1:root    @     158986]   Tile20: COMP_IMEM ACCEL_COPY (empty) 4096 KiB memory
[0m[0;32m[T1:root    @     158989]   Tile21: COMP_IMEM ACCEL_COPY (empty) 4096 KiB memory
[0m[0;32m[T1:root    @     158992]   Tile22: COMP_IMEM ACCEL_COPY (empty) 4096 KiB memory
[0m[0;32m[T1:root    @     158995]   Tile23: COMP_IMEM ACCEL_COPY (empty) 4096 KiB memory
[0m[0;32m[T1:root    @     158998]   Tile24: COMP_IMEM ACCEL_ROT13 (empty) 4096 KiB memory
[0m[0;32m[T1:root    @     159001]   Tile25: COMP_IMEM SERIAL_DEV (empty) 0 KiB memory
[0m[0;32m[T1:root    @     159003] Available memory:
[0m[0;32m[T1:root    @     159008]   MemMod[sel: 34, res: true, addr: G[Tile26+0x0], size: 1264 MiB]
[0m[0;32m[T1:root    @     159012]   MemMod[sel: 35, res: false, addr: G[Tile26+0x53600000], size: 959 MiB]
[0m[0;32m[T1:root    @     159014] Parsed Config [
[0m[0;32m[T1:root    @     159017]   root -s [
[0m[0;32m[T1:root    @     159021]     Domain on core [
[0m[0;32m[T1:root    @     159024]       m3fs mem 268435456 [
[0m[0;32m[T1:root    @     159026]         Daemon,
[0m[0;32m[T1:root    @     159030]         PhysMem[addr=0x0, size=0x40000 KiB, perm=R | W | X | RW | RWX],
[0m[0;32m[T1:root    @     159033]         Service[lname='m3fs', gname='m3fs'],
[0m[0;32m[T1:root    @     159035]       ]
[0m[0;32m[T1:root    @     159037]     ]
[0m[0;32m[T1:root    @     159039]     Domain on core [
[0m[0;32m[T1:root    @     159041]       pager 268435456 [
[0m[0;32m[T1:root    @     159044]         PhysMem[addr=0x0, size=0x40000 KiB, perm=R],
[0m[0;32m[T1:root    @     159048]         Session[lname='m3fs', gname='m3fs', arg='', dep=true],
[0m[0;32m[T1:root    @     159051]         Tile[type=core, count=1, optional=false],
[0m[0;32m[T1:root    @     159054]         Domain on boom|core [
[0m[0;32m[T1:root    @     159056]           /bin/facever gpu [
[0m[0;32m[T1:root    @     159058]             Daemon,
[0m[0;32m[T1:root    @     159061]             Mount[fs='m3fs', path='/'],
[0m[0;32m[T1:root    @     159064]             Tile[type=boom|core, count=2, optional=false],
[0m[0;32m[T1:root    @     159066]           ]
[0m[0;32m[T1:root    @     159068]         ]
[0m[0;32m[T1:root    @     159070]       ]
[0m[0;32m[T1:root    @     159071]     ]
[0m[0;32m[T1:root    @     159073]   ]
[0m[0;32m[T1:root    @     159074] ]
[0m[0;32m[T1:root    @     159075] 
[0m[0;32m[T1:root    @     159494] Starting boot module 'm3fs' on tile2 with arguments ["mem", "268435456"]
[0m[0;32m[T1:root    @     160064] m3fs: reg_serv(srv_sel=50, sgate_sel=54, name=m3fs, sessions=32)
[0m[0;32m[T1:root    @     160069] Creating service 1:m3fs
[0m[0;32m[T1:root    @     160130] Starting boot module 'pager' on tile3 with arguments ["268435456"]
[0m[0;34m[T3:pager   @     160383] Boot modules:
[0m[0;34m[T3:pager   @     160389]   Mod[addr: G[Tile26+0x7b601000], size: 0x1f7, name: boot.xml]
[0m[0;34m[T3:pager   @     160391] Available tiles:
[0m[0;34m[T3:pager   @     160396]   Tile03: COMP_EMEM RISCV (empty) 0 KiB memory
[0m[0;34m[T3:pager   @     160400]   Tile04: COMP_EMEM RISCV (empty) 0 KiB memory
[0m[0;34m[T3:pager   @     160404]   Tile05: COMP_EMEM RISCV (empty) 0 KiB memory
[0m[0;34m[T3:pager   @     160406] Available memory:
[0m[0;34m[T3:pager   @     160411]   MemMod[sel: 9, res: false, addr: G[Tile26+0x67800000], size: 159 MiB]
[0m[0;32m[T1:root    @     160419] pager: open_sess(dst_sel=63, name=m3fs)
[0m[0;32m[T1:root    @     160783] pager: Ok(8:ALLOC_TILE) failed: NotFound
[0m[0;34m[T3:pager   @     160926] Starting boot module '/bin/facever' on tile6 with arguments ["gpu"]
[0mchildactivity.rs: /bin/facever
[0;35m[T4:facever @     161665] Start LBP hist read
[0m[0;35m[T4:facever @     161695] End LBP hist read
[0m[0;35m[T4:facever @     161697] Starting GPU compute
[0m[0;35m[T4:facever @     162047] End compute
[0m[0;35m[T4:facever @     162065] Writing results to file
[0m[0;35m[T4:facever @     162082] Done writing results to file
[0mtotal: 1469608 cycles
Child '/bin/facever' exited with exitcode 65
[0;32m[T1:root    @     162419] Sending SHUTDOWN to service 1:m3fs
[0m[0;32m[T1:root    @     162434] m3fs: unreg_serv(sel=50)
[0m[0;32m[T1:root    @     162436] Removing service 1:m3fs
[0m[0;32m[T1:root    @     162500] All childs gone. Exiting.
[0m[0;31m[T0:kernel  @     162536] Shutting down
[0mExiting @ tick 162539436000 because m5_exit instruction encountered
stty: 'standard input': Inappropriate ioctl for device
