Building for gem5-riscv-release...
ninja: no work to do.
run/boot-all.xml validates
warn: <orphan SpuSystem>.etherlink already has parent (Previously declared as <orphan SpuSystem>.etherlink).
	Note: etherlink is not a parameter of SpuSystem
gem5 Simulator System.  http://gem5.org
gem5 is copyrighted software; use the --copyright option for details.

gem5 version 21.0.0.0
gem5 compiled Oct  6 2022 21:54:58
gem5 started Oct  7 2022 23:00:42
gem5 executing on graham, pid 1444316
command line: platform/gem5/build/RISCV/gem5.opt --outdir=run --debug-file=gem5.log --debug-flags=Tcu config/default.py --cpu-type DerivO3CPU --isa riscv --cmd 'build/gem5-riscv-release/bin/kernel -f build/gem5-riscv-release/bench.img,build/gem5-riscv-release/bin/tilemux,build/gem5-riscv-release/bin/tilemux,build/gem5-riscv-release/bin/tilemux,build/gem5-riscv-release/bin/tilemux,build/gem5-riscv-release/bin/tilemux,build/gem5-riscv-release/bin/tilemux,build/gem5-riscv-release/bin/tilemux,build/gem5-riscv-release/bin/tilemux,build/gem5-riscv-release/bin/tilemux,build/gem5-riscv-release/bin/tilemux,build/gem5-riscv-release/bin/tilemux,build/gem5-riscv-release/bin/tilemux,build/gem5-riscv-release/bin/tilemux,build/gem5-riscv-release/bin/tilemux,build/gem5-riscv-release/bin/tilemux,' --mods run/boot.xml,build/gem5-riscv-release/bin/root,build/gem5-riscv-release/bin/m3fs,build/gem5-riscv-release/bin/pager --cpu-clock=1GHz --sys-clock=1GHz --encr-latency=15 --par-pipe=1 --int-transfer-latency=0 --rng-latency=0 --sign-latency=0 --sign-ver-latency=0

T00: build/gem5-riscv-release/bin/kernel -f build/gem5-riscv-release/bench.img
     Core =DerivO3CPU riscv @ 1GHz
     TCU  =eps:192, bufsz:2048 B, blocksz:64 B, count:4, tlb:128
     L1i$ =32 KiB (2-way assoc, 4 cycles)
     L1d$ =32 KiB (2-way assoc, 4 cycles)
     L2$  =256 KiB (8-way assoc, 12 cycles)
     Comp =Core -> TCU -> L1$ -> L2$

T01: build/gem5-riscv-release/bin/tilemux
     Core =DerivO3CPU riscv @ 1GHz
     TCU  =eps:192, bufsz:2048 B, blocksz:64 B, count:4, tlb:128
     L1i$ =32 KiB (2-way assoc, 4 cycles)
     L1d$ =32 KiB (2-way assoc, 4 cycles)
     L2$  =256 KiB (8-way assoc, 12 cycles)
     Comp =Core -> TCU -> L1$ -> L2$

T02: build/gem5-riscv-release/bin/tilemux
     Core =DerivO3CPU riscv @ 1GHz
     TCU  =eps:192, bufsz:2048 B, blocksz:64 B, count:4, tlb:128
     L1i$ =32 KiB (2-way assoc, 4 cycles)
     L1d$ =32 KiB (2-way assoc, 4 cycles)
     L2$  =256 KiB (8-way assoc, 12 cycles)
     Comp =Core -> TCU -> L1$ -> L2$

T03: build/gem5-riscv-release/bin/tilemux
     Core =DerivO3CPU riscv @ 1GHz
     TCU  =eps:192, bufsz:2048 B, blocksz:64 B, count:4, tlb:128
     L1i$ =32 KiB (2-way assoc, 4 cycles)
     L1d$ =32 KiB (2-way assoc, 4 cycles)
     L2$  =256 KiB (8-way assoc, 12 cycles)
     Comp =Core -> TCU -> L1$ -> L2$

T04: build/gem5-riscv-release/bin/tilemux
     Core =DerivO3CPU riscv @ 1GHz
     TCU  =eps:192, bufsz:2048 B, blocksz:64 B, count:4, tlb:128
     L1i$ =32 KiB (2-way assoc, 4 cycles)
     L1d$ =32 KiB (2-way assoc, 4 cycles)
     L2$  =256 KiB (8-way assoc, 12 cycles)
     Comp =Core -> TCU -> L1$ -> L2$

T05: build/gem5-riscv-release/bin/tilemux
     Core =DerivO3CPU riscv @ 1GHz
     TCU  =eps:192, bufsz:2048 B, blocksz:64 B, count:4, tlb:128
     L1i$ =32 KiB (2-way assoc, 4 cycles)
     L1d$ =32 KiB (2-way assoc, 4 cycles)
     L2$  =256 KiB (8-way assoc, 12 cycles)
     Comp =Core -> TCU -> L1$ -> L2$

T06: build/gem5-riscv-release/bin/tilemux
     Core =DerivO3CPU riscv @ 1GHz
     TCU  =eps:192, bufsz:2048 B, blocksz:64 B, count:4, tlb:128
     L1i$ =32 KiB (2-way assoc, 4 cycles)
     L1d$ =32 KiB (2-way assoc, 4 cycles)
     L2$  =256 KiB (8-way assoc, 12 cycles)
     Comp =Core -> TCU -> L1$ -> L2$

T07: build/gem5-riscv-release/bin/tilemux
     Core =DerivO3CPU riscv @ 1GHz
     TCU  =eps:192, bufsz:2048 B, blocksz:64 B, count:4, tlb:128
     L1i$ =32 KiB (2-way assoc, 4 cycles)
     L1d$ =32 KiB (2-way assoc, 4 cycles)
     L2$  =256 KiB (8-way assoc, 12 cycles)
     Comp =Core -> TCU -> L1$ -> L2$

T08: build/gem5-riscv-release/bin/tilemux
     Core =DerivO3CPU riscv @ 1GHz
     TCU  =eps:192, bufsz:2048 B, blocksz:64 B, count:4, tlb:128
     L1i$ =32 KiB (2-way assoc, 4 cycles)
     L1d$ =32 KiB (2-way assoc, 4 cycles)
     L2$  =256 KiB (8-way assoc, 12 cycles)
     Comp =Core -> TCU -> L1$ -> L2$

T09: build/gem5-riscv-release/bin/tilemux
     Core =DerivO3CPU riscv @ 1GHz
     TCU  =eps:192, bufsz:2048 B, blocksz:64 B, count:4, tlb:128
     L1i$ =32 KiB (2-way assoc, 4 cycles)
     L1d$ =32 KiB (2-way assoc, 4 cycles)
     L2$  =256 KiB (8-way assoc, 12 cycles)
     Comp =Core -> TCU -> L1$ -> L2$

T10: build/gem5-riscv-release/bin/tilemux
     Core =DerivO3CPU riscv @ 1GHz
     TCU  =eps:192, bufsz:2048 B, blocksz:64 B, count:4, tlb:128
     L1i$ =32 KiB (2-way assoc, 4 cycles)
     L1d$ =32 KiB (2-way assoc, 4 cycles)
     L2$  =256 KiB (8-way assoc, 12 cycles)
     Comp =Core -> TCU -> L1$ -> L2$

T11: build/gem5-riscv-release/bin/tilemux
     Core =DerivO3CPU riscv @ 1GHz
     TCU  =eps:192, bufsz:2048 B, blocksz:64 B, count:4, tlb:128
     L1i$ =32 KiB (2-way assoc, 4 cycles)
     L1d$ =32 KiB (2-way assoc, 4 cycles)
     L2$  =256 KiB (8-way assoc, 12 cycles)
     Comp =Core -> TCU -> L1$ -> L2$

T12: build/gem5-riscv-release/bin/tilemux
     Core =DerivO3CPU riscv @ 1GHz
     TCU  =eps:192, bufsz:2048 B, blocksz:2048 B, count:4, tlb:0
     imem =32768 KiB
     Comp =Core -> TCU -> SPM

T13: build/gem5-riscv-release/bin/tilemux
     Core =DerivO3CPU riscv @ 1GHz
     TCU  =eps:192, bufsz:2048 B, blocksz:2048 B, count:4, tlb:0
     imem =32768 KiB
     Comp =Core -> TCU -> SPM

T14: build/gem5-riscv-release/bin/tilemux
     Core =DerivO3CPU riscv @ 1GHz
     TCU  =eps:192, bufsz:2048 B, blocksz:2048 B, count:4, tlb:0
     imem =32768 KiB
     Comp =Core -> TCU -> SPM

T15: build/gem5-riscv-release/bin/tilemux
     Core =DerivO3CPU riscv @ 1GHz
     TCU  =eps:192, bufsz:2048 B, blocksz:2048 B, count:4, tlb:0
     imem =32768 KiB
     Comp =Core -> TCU -> SPM

T16: IGbE_e1000
     TCU  =eps:192, bufsz:2048 B, blocksz:2048 B, count:4, tlb:0
     Comp =TCU -> Proxy -> NIC

T17: IGbE_e1000
     TCU  =eps:192, bufsz:2048 B, blocksz:2048 B, count:4, tlb:0
     Comp =TCU -> Proxy -> NIC

T18: rot13 accelerator @ 1GHz
     TCU  =eps:192, bufsz:2048 B, blocksz:2048 B, count:4, tlb:0
     imem =2048 KiB
     Comp =Core -> TCU -> SPM

T19: rot13 accelerator @ 1GHz
     TCU  =eps:192, bufsz:2048 B, blocksz:2048 B, count:4, tlb:0
     imem =2048 KiB
     Comp =Core -> TCU -> SPM

T20: build/gem5-riscv-release/bin/tilemux
     Core =DerivO3CPU riscv @ 1GHz
     TCU  =eps:192, bufsz:2048 B, blocksz:2048 B, count:4, tlb:0
     imem =32768 KiB
     Comp =Core -> TCU -> SPM

T21: SerialInput
     TCU  =eps:192, bufsz:2048 B, blocksz:2048 B, count:4, tlb:0
     Comp =TCU -> SerialInput

T22: build/gem5-riscv-release/bench.img x 1
     TCU  =eps:192, bufsz:2048 B, blocksz:2048 B, count:8, tlb:0
     imem =3145728 KiB
     Comp =TCU -> DRAM

Global frequency set at 1000000000000 ticks per second
warn: No dot file generated. Please install pydot to generate the dot file and pdf.
Gem5 Terminal started; Quit via Ctrl+]
warn: DRAM device capacity (49152 Mbytes) does not match the address range assigned (4096 Mbytes)
platform.com_1.device: Listening for connections on port 3456
0: T00.remote_gdb: listening for remote gdb on port 7000
0: T01.remote_gdb: listening for remote gdb on port 7001
0: T02.remote_gdb: listening for remote gdb on port 7002
0: T03.remote_gdb: listening for remote gdb on port 7003
0: T04.remote_gdb: listening for remote gdb on port 7004
0: T05.remote_gdb: listening for remote gdb on port 7005
0: T06.remote_gdb: listening for remote gdb on port 7006
0: T07.remote_gdb: listening for remote gdb on port 7007
0: T08.remote_gdb: listening for remote gdb on port 7008
0: T09.remote_gdb: listening for remote gdb on port 7009
0: T10.remote_gdb: listening for remote gdb on port 7010
0: T11.remote_gdb: listening for remote gdb on port 7011
0: T12.remote_gdb: listening for remote gdb on port 7012
0: T13.remote_gdb: listening for remote gdb on port 7013
0: T14.remote_gdb: listening for remote gdb on port 7014
0: T15.remote_gdb: listening for remote gdb on port 7015
warn: CoherentXBar T16.xbar has no snooping ports attached!
warn: CoherentXBar T17.xbar has no snooping ports attached!
warn: CoherentXBar T18.xbar has no snooping ports attached!
warn: CoherentXBar T19.xbar has no snooping ports attached!
0: T20.remote_gdb: listening for remote gdb on port 7016
warn: CoherentXBar T21.xbar has no snooping ports attached!
warn: CoherentXBar T22.xbar has no snooping ports attached!
info: Loaded 'boot.xml' to 0x9600000030000000 .. 0x960000003000042f
info: Loaded 'root' to 0x9600000030001000 .. 0x9600000030075588
info: Loaded 'm3fs' to 0x9600000030076000 .. 0x96000000300cc338
info: Loaded 'pager' to 0x96000000300cd000 .. 0x960000003014ba40
info: Entering event queue @ 0.  Starting simulation...
warn: T12.spm: address out-of-range: 0
warn: T11,PMP-EP65535: invalid EP
warn: T10,PMP-EP65535: invalid EP
warn: T9,PMP-EP65535: invalid EP
warn: T8,PMP-EP65535: invalid EP
warn: T7,PMP-EP65535: invalid EP
warn: T6,PMP-EP65535: invalid EP
warn: T5,PMP-EP65535: invalid EP
warn: T0,PMP-EP65535: invalid EP
warn: T4,PMP-EP65535: invalid EP
warn: T3,PMP-EP65535: invalid EP
warn: T2,PMP-EP65535: invalid EP
warn: T1,PMP-EP65535: invalid EP
warn: T1,PMP-EP65535: invalid EP
warn: T7,PMP-EP65535: invalid EP
warn: T10,PMP-EP65535: invalid EP
warn: T11,PMP-EP65535: invalid EP
warn: T6,PMP-EP65535: invalid EP
warn: T5,PMP-EP65535: invalid EP
warn: T3,PMP-EP65535: invalid EP
warn: T8,PMP-EP65535: invalid EP
warn: T9,PMP-EP65535: invalid EP
warn: T4,PMP-EP65535: invalid EP
warn: T2,PMP-EP65535: invalid EP
warn: T0,PMP-EP65535: invalid EP
[0;31m[T0:kernel  @        155] Entered raw mode; Quit via Ctrl+]
[0mwarn: T10,PMP-EP3: invalid EP
warn: T11,PMP-EP3: invalid EP
warn: T8,PMP-EP3: invalid EP
warn: T9,PMP-EP3: invalid EP
warn: T3,PMP-EP3: invalid EP
warn: T7,PMP-EP3: invalid EP
warn: T5,PMP-EP3: invalid EP
warn: T2,PMP-EP3: invalid EP
warn: T10,PMP-EP65535: invalid EP
warn: T10,PMP-EP65535: invalid EP
warn: T10,PMP-EP65535: invalid EP
warn: T6,PMP-EP3: invalid EP
warn: T11,PMP-EP65535: invalid EP
warn: T11,PMP-EP65535: invalid EP
warn: T11,PMP-EP65535: invalid EP
warn: T4,PMP-EP3: invalid EP
warn: T1,PMP-EP3: invalid EP
warn: T10,PMP-EP65535: invalid EP
warn: T8,PMP-EP65535: invalid EP
warn: T8,PMP-EP65535: invalid EP
warn: T8,PMP-EP65535: invalid EP
warn: T9,PMP-EP65535: invalid EP
warn: T9,PMP-EP65535: invalid EP
warn: T9,PMP-EP65535: invalid EP
warn: T3,PMP-EP65535: invalid EP
warn: T3,PMP-EP65535: invalid EP
warn: T3,PMP-EP65535: invalid EP
warn: T11,PMP-EP65535: invalid EP
warn: T7,PMP-EP65535: invalid EP
warn: T7,PMP-EP65535: invalid EP
warn: T7,PMP-EP65535: invalid EP
warn: T5,PMP-EP65535: invalid EP
warn: T5,PMP-EP65535: invalid EP
warn: T5,PMP-EP65535: invalid EP
warn: T8,PMP-EP65535: invalid EP
warn: T2,PMP-EP65535: invalid EP
warn: T2,PMP-EP65535: invalid EP
warn: T2,PMP-EP65535: invalid EP
warn: T9,PMP-EP65535: invalid EP
warn: T3,PMP-EP65535: invalid EP
warn: T6,PMP-EP65535: invalid EP
warn: T6,PMP-EP65535: invalid EP
warn: T6,PMP-EP65535: invalid EP
warn: T7,PMP-EP65535: invalid EP
warn: T4,PMP-EP65535: invalid EP
warn: T4,PMP-EP65535: invalid EP
warn: T4,PMP-EP65535: invalid EP
warn: T5,PMP-EP65535: invalid EP
warn: T2,PMP-EP65535: invalid EP
warn: T1,PMP-EP65535: invalid EP
warn: T1,PMP-EP65535: invalid EP
warn: T1,PMP-EP65535: invalid EP
warn: T6,PMP-EP65535: invalid EP
warn: T4,PMP-EP65535: invalid EP
warn: T1,PMP-EP65535: invalid EP
[0;31m[T0:kernel  @        290] generate random nonce ok
[0m[0;31m[T0:kernel  @        309] Generated nonce: [32, 32, 32, 32, 32, 32, 32, 32, 32, 32, 32, 32, 32, 32, 32, 32]
[0m[0;31m[T0:kernel  @        337] Generated ecdsa sign: [32, 32, 32, 32, 32, 32, 32, 32, 32, 32, 32, 32, 32, 32, 32, 32, 32, 32, 32, 32, 32, 32, 32, 32, 32, 32, 32, 32, 32, 32,[0m
[0;31m[T0:kernel  @        362]  32, 32, 32, 32, 32, 32, 32, 32, 32, 32, 32, 32, 32, 32, 32, 32, 32, 32, 32, 32, 32, 32, 32, 32, 32, 32, 32, 32, 32, 32, 32, 32, 32, 32]
[0m[0;31m[T0:kernel  @        373] ECDSA signature verification successful!
[0m[0;31m[T0:kernel  @        378] Attesting tile: 1
[0m[0;31m[T0:kernel  @        386] Kernel woken up!
[0m[0;31m[T0:kernel  @        402] Attestation message arrived: Message { header: Header { flags_reply_size: 0, sender_tile: 1, sender_ep: 4, reply_ep: 65535, length: 0, reply_l[0m
[0;31m[T0:kernel  @        410] abel: 0, label: 1 }, data: [] }
[0m[0;31m[T0:kernel  @        419] ICU cert ECDSA signature verification successful!
[0m[0;31m[T0:kernel  @        427] ICU nonce ECDSA signature verification successful!
[0m[0;31m[T0:kernel  @        434] Writing signed ICU challenge to ICU
[0m[0;31m[T0:kernel  @        439] Kernel woken up!
[0m[0;31m[T0:kernel  @        451] Key generated at remote ICU: Message { header: Header { flags_reply_size: 0, sender_tile: 1, sender_ep: 4, reply_ep: 65535, length: 0, reply_l[0m
[0;31m[T0:kernel  @        457] abel: 0, label: 1 }, data: [] }
[0m[0;31m[T0:kernel  @        467] generate random nonce ok
[0m[0;31m[T0:kernel  @        482] Generated nonce: [32, 32, 32, 32, 32, 32, 32, 32, 32, 32, 32, 32, 32, 32, 32, 32]
[0m[0;31m[T0:kernel  @        506] Generated ecdsa sign: [32, 32, 32, 32, 32, 32, 32, 32, 32, 32, 32, 32, 32, 32, 32, 32, 32, 32, 32, 32, 32, 32, 32, 32, 32, 32, 32, 32, 32, 32,[0m
[0;31m[T0:kernel  @        531]  32, 32, 32, 32, 32, 32, 32, 32, 32, 32, 32, 32, 32, 32, 32, 32, 32, 32, 32, 32, 32, 32, 32, 32, 32, 32, 32, 32, 32, 32, 32, 32, 32, 32]
[0m[0;31m[T0:kernel  @        541] ECDSA signature verification successful!
[0m[0;31m[T0:kernel  @        545] Attesting tile: 2
[0m[0;31m[T0:kernel  @        550] Kernel woken up!
[0m[0;31m[T0:kernel  @        562] Attestation message arrived: Message { header: Header { flags_reply_size: 0, sender_tile: 2, sender_ep: 4, reply_ep: 65535, length: 0, reply_l[0m
[0;31m[T0:kernel  @        567] abel: 0, label: 2 }, data: [] }
[0m[0;31m[T0:kernel  @        575] ICU cert ECDSA signature verification successful!
[0m[0;31m[T0:kernel  @        581] ICU nonce ECDSA signature verification successful!
[0m[0;31m[T0:kernel  @        586] Writing signed ICU challenge to ICU
[0m[0;31m[T0:kernel  @        590] Kernel woken up!
[0m[0;31m[T0:kernel  @        601] Key generated at remote ICU: Message { header: Header { flags_reply_size: 0, sender_tile: 2, sender_ep: 4, reply_ep: 65535, length: 0, reply_l[0m
[0;31m[T0:kernel  @        607] abel: 0, label: 2 }, data: [] }
[0m[0;31m[T0:kernel  @        615] generate random nonce ok
[0m[0;31m[T0:kernel  @        629] Generated nonce: [32, 32, 32, 32, 32, 32, 32, 32, 32, 32, 32, 32, 32, 32, 32, 32]
[0m[0;31m[T0:kernel  @        653] Generated ecdsa sign: [32, 32, 32, 32, 32, 32, 32, 32, 32, 32, 32, 32, 32, 32, 32, 32, 32, 32, 32, 32, 32, 32, 32, 32, 32, 32, 32, 32, 32, 32,[0m
[0;31m[T0:kernel  @        678]  32, 32, 32, 32, 32, 32, 32, 32, 32, 32, 32, 32, 32, 32, 32, 32, 32, 32, 32, 32, 32, 32, 32, 32, 32, 32, 32, 32, 32, 32, 32, 32, 32, 32]
[0m[0;31m[T0:kernel  @        688] ECDSA signature verification successful!
[0m[0;31m[T0:kernel  @        691] Attesting tile: 3
[0m[0;31m[T0:kernel  @        697] Kernel woken up!
[0m[0;31m[T0:kernel  @        708] Attestation message arrived: Message { header: Header { flags_reply_size: 0, sender_tile: 3, sender_ep: 4, reply_ep: 65535, length: 0, reply_l[0m
[0;31m[T0:kernel  @        714] abel: 0, label: 3 }, data: [] }
[0m[0;31m[T0:kernel  @        721] ICU cert ECDSA signature verification successful!
[0m[0;31m[T0:kernel  @        727] ICU nonce ECDSA signature verification successful!
[0m[0;31m[T0:kernel  @        732] Writing signed ICU challenge to ICU
[0m[0;31m[T0:kernel  @        736] Kernel woken up!
[0m[0;31m[T0:kernel  @        747] Key generated at remote ICU: Message { header: Header { flags_reply_size: 0, sender_tile: 3, sender_ep: 4, reply_ep: 65535, length: 0, reply_l[0m
[0;31m[T0:kernel  @        753] abel: 0, label: 3 }, data: [] }
[0m[0;31m[T0:kernel  @        760] generate random nonce ok
[0m[0;31m[T0:kernel  @        774] Generated nonce: [32, 32, 32, 32, 32, 32, 32, 32, 32, 32, 32, 32, 32, 32, 32, 32]
[0m[0;31m[T0:kernel  @        799] Generated ecdsa sign: [32, 32, 32, 32, 32, 32, 32, 32, 32, 32, 32, 32, 32, 32, 32, 32, 32, 32, 32, 32, 32, 32, 32, 32, 32, 32, 32, 32, 32, 32,[0m
[0;31m[T0:kernel  @        823]  32, 32, 32, 32, 32, 32, 32, 32, 32, 32, 32, 32, 32, 32, 32, 32, 32, 32, 32, 32, 32, 32, 32, 32, 32, 32, 32, 32, 32, 32, 32, 32, 32, 32]
[0m[0;31m[T0:kernel  @        833] ECDSA signature verification successful!
[0m[0;31m[T0:kernel  @        837] Attesting tile: 4
[0m[0;31m[T0:kernel  @        842] Kernel woken up!
[0m[0;31m[T0:kernel  @        853] Attestation message arrived: Message { header: Header { flags_reply_size: 0, sender_tile: 4, sender_ep: 4, reply_ep: 65535, length: 0, reply_l[0m
[0;31m[T0:kernel  @        859] abel: 0, label: 4 }, data: [] }
[0m[0;31m[T0:kernel  @        866] ICU cert ECDSA signature verification successful!
[0m[0;31m[T0:kernel  @        873] ICU nonce ECDSA signature verification successful!
[0m[0;31m[T0:kernel  @        877] Writing signed ICU challenge to ICU
[0m[0;31m[T0:kernel  @        881] Kernel woken up!
[0m[0;31m[T0:kernel  @        892] Key generated at remote ICU: Message { header: Header { flags_reply_size: 0, sender_tile: 4, sender_ep: 4, reply_ep: 65535, length: 0, reply_l[0m
[0;31m[T0:kernel  @        898] abel: 0, label: 4 }, data: [] }
[0m[0;31m[T0:kernel  @        905] generate random nonce ok
[0m[0;31m[T0:kernel  @        919] Generated nonce: [32, 32, 32, 32, 32, 32, 32, 32, 32, 32, 32, 32, 32, 32, 32, 32]
[0m[0;31m[T0:kernel  @        944] Generated ecdsa sign: [32, 32, 32, 32, 32, 32, 32, 32, 32, 32, 32, 32, 32, 32, 32, 32, 32, 32, 32, 32, 32, 32, 32, 32, 32, 32, 32, 32, 32, 32,[0m
[0;31m[T0:kernel  @        968]  32, 32, 32, 32, 32, 32, 32, 32, 32, 32, 32, 32, 32, 32, 32, 32, 32, 32, 32, 32, 32, 32, 32, 32, 32, 32, 32, 32, 32, 32, 32, 32, 32, 32]
[0m[0;31m[T0:kernel  @        978] ECDSA signature verification successful!
[0m[0;31m[T0:kernel  @        981] Attesting tile: 5
[0m[0;31m[T0:kernel  @        987] Kernel woken up!
[0m[0;31m[T0:kernel  @        998] Attestation message arrived: Message { header: Header { flags_reply_size: 0, sender_tile: 5, sender_ep: 4, reply_ep: 65535, length: 0, reply_l[0m
[0;31m[T0:kernel  @       1004] abel: 0, label: 5 }, data: [] }
[0m[0;31m[T0:kernel  @       1011] ICU cert ECDSA signature verification successful!
[0m[0;31m[T0:kernel  @       1017] ICU nonce ECDSA signature verification successful!
[0m[0;31m[T0:kernel  @       1021] Writing signed ICU challenge to ICU
[0m[0;31m[T0:kernel  @       1025] Kernel woken up!
[0m[0;31m[T0:kernel  @       1036] Key generated at remote ICU: Message { header: Header { flags_reply_size: 0, sender_tile: 5, sender_ep: 4, reply_ep: 65535, length: 0, reply_l[0m
[0;31m[T0:kernel  @       1041] abel: 0, label: 5 }, data: [] }
[0m[0;31m[T0:kernel  @       1049] generate random nonce ok
[0m[0;31m[T0:kernel  @       1063] Generated nonce: [32, 32, 32, 32, 32, 32, 32, 32, 32, 32, 32, 32, 32, 32, 32, 32]
[0m[0;31m[T0:kernel  @       1087] Generated ecdsa sign: [32, 32, 32, 32, 32, 32, 32, 32, 32, 32, 32, 32, 32, 32, 32, 32, 32, 32, 32, 32, 32, 32, 32, 32, 32, 32, 32, 32, 32, 32,[0m
[0;31m[T0:kernel  @       1111]  32, 32, 32, 32, 32, 32, 32, 32, 32, 32, 32, 32, 32, 32, 32, 32, 32, 32, 32, 32, 32, 32, 32, 32, 32, 32, 32, 32, 32, 32, 32, 32, 32, 32]
[0m[0;31m[T0:kernel  @       1121] ECDSA signature verification successful!
[0m[0;31m[T0:kernel  @       1124] Attesting tile: 6
[0m[0;31m[T0:kernel  @       1130] Kernel woken up!
[0m[0;31m[T0:kernel  @       1140] Attestation message arrived: Message { header: Header { flags_reply_size: 0, sender_tile: 6, sender_ep: 4, reply_ep: 65535, length: 0, reply_l[0m
[0;31m[T0:kernel  @       1146] abel: 0, label: 6 }, data: [] }
[0m[0;31m[T0:kernel  @       1153] ICU cert ECDSA signature verification successful!
[0m[0;31m[T0:kernel  @       1159] ICU nonce ECDSA signature verification successful!
[0m[0;31m[T0:kernel  @       1163] Writing signed ICU challenge to ICU
[0m[0;31m[T0:kernel  @       1167] Kernel woken up!
[0m[0;31m[T0:kernel  @       1178] Key generated at remote ICU: Message { header: Header { flags_reply_size: 0, sender_tile: 6, sender_ep: 4, reply_ep: 65535, length: 0, reply_l[0m
[0;31m[T0:kernel  @       1184] abel: 0, label: 6 }, data: [] }
[0m[0;31m[T0:kernel  @       1191] generate random nonce ok
[0m[0;31m[T0:kernel  @       1205] Generated nonce: [32, 32, 32, 32, 32, 32, 32, 32, 32, 32, 32, 32, 32, 32, 32, 32]
[0m[0;31m[T0:kernel  @       1229] Generated ecdsa sign: [32, 32, 32, 32, 32, 32, 32, 32, 32, 32, 32, 32, 32, 32, 32, 32, 32, 32, 32, 32, 32, 32, 32, 32, 32, 32, 32, 32, 32, 32,[0m
[0;31m[T0:kernel  @       1253]  32, 32, 32, 32, 32, 32, 32, 32, 32, 32, 32, 32, 32, 32, 32, 32, 32, 32, 32, 32, 32, 32, 32, 32, 32, 32, 32, 32, 32, 32, 32, 32, 32, 32]
[0m[0;31m[T0:kernel  @       1263] ECDSA signature verification successful!
[0m[0;31m[T0:kernel  @       1266] Attesting tile: 7
[0m[0;31m[T0:kernel  @       1272] Kernel woken up!
[0m[0;31m[T0:kernel  @       1283] Attestation message arrived: Message { header: Header { flags_reply_size: 0, sender_tile: 7, sender_ep: 4, reply_ep: 65535, length: 0, reply_l[0m
[0;31m[T0:kernel  @       1288] abel: 0, label: 7 }, data: [] }
[0m[0;31m[T0:kernel  @       1295] ICU cert ECDSA signature verification successful!
[0m[0;31m[T0:kernel  @       1301] ICU nonce ECDSA signature verification successful!
[0m[0;31m[T0:kernel  @       1305] Writing signed ICU challenge to ICU
[0m[0;31m[T0:kernel  @       1309] Kernel woken up!
[0m[0;31m[T0:kernel  @       1320] Key generated at remote ICU: Message { header: Header { flags_reply_size: 0, sender_tile: 7, sender_ep: 4, reply_ep: 65535, length: 0, reply_l[0m
[0;31m[T0:kernel  @       1326] abel: 0, label: 7 }, data: [] }
[0m[0;31m[T0:kernel  @       1333] generate random nonce ok
[0m[0;31m[T0:kernel  @       1347] Generated nonce: [32, 32, 32, 32, 32, 32, 32, 32, 32, 32, 32, 32, 32, 32, 32, 32]
[0m[0;31m[T0:kernel  @       1371] Generated ecdsa sign: [32, 32, 32, 32, 32, 32, 32, 32, 32, 32, 32, 32, 32, 32, 32, 32, 32, 32, 32, 32, 32, 32, 32, 32, 32, 32, 32, 32, 32, 32,[0m
[0;31m[T0:kernel  @       1395]  32, 32, 32, 32, 32, 32, 32, 32, 32, 32, 32, 32, 32, 32, 32, 32, 32, 32, 32, 32, 32, 32, 32, 32, 32, 32, 32, 32, 32, 32, 32, 32, 32, 32]
[0m[0;31m[T0:kernel  @       1405] ECDSA signature verification successful!
[0m[0;31m[T0:kernel  @       1408] Attesting tile: 8
[0m[0;31m[T0:kernel  @       1414] Kernel woken up!
[0m[0;31m[T0:kernel  @       1424] Attestation message arrived: Message { header: Header { flags_reply_size: 0, sender_tile: 8, sender_ep: 4, reply_ep: 65535, length: 0, reply_l[0m
[0;31m[T0:kernel  @       1430] abel: 0, label: 8 }, data: [] }
[0m[0;31m[T0:kernel  @       1437] ICU cert ECDSA signature verification successful!
[0m[0;31m[T0:kernel  @       1443] ICU nonce ECDSA signature verification successful!
[0m[0;31m[T0:kernel  @       1447] Writing signed ICU challenge to ICU
[0m[0;31m[T0:kernel  @       1451] Kernel woken up!
[0m[0;31m[T0:kernel  @       1462] Key generated at remote ICU: Message { header: Header { flags_reply_size: 0, sender_tile: 8, sender_ep: 4, reply_ep: 65535, length: 0, reply_l[0m
[0;31m[T0:kernel  @       1468] abel: 0, label: 8 }, data: [] }
[0m[0;31m[T0:kernel  @       1475] generate random nonce ok
[0m[0;31m[T0:kernel  @       1489] Generated nonce: [32, 32, 32, 32, 32, 32, 32, 32, 32, 32, 32, 32, 32, 32, 32, 32]
[0m[0;31m[T0:kernel  @       1513] Generated ecdsa sign: [32, 32, 32, 32, 32, 32, 32, 32, 32, 32, 32, 32, 32, 32, 32, 32, 32, 32, 32, 32, 32, 32, 32, 32, 32, 32, 32, 32, 32, 32,[0m
[0;31m[T0:kernel  @       1537]  32, 32, 32, 32, 32, 32, 32, 32, 32, 32, 32, 32, 32, 32, 32, 32, 32, 32, 32, 32, 32, 32, 32, 32, 32, 32, 32, 32, 32, 32, 32, 32, 32, 32]
[0m[0;31m[T0:kernel  @       1547] ECDSA signature verification successful!
[0m[0;31m[T0:kernel  @       1550] Attesting tile: 9
[0m[0;31m[T0:kernel  @       1556] Kernel woken up!
[0m[0;31m[T0:kernel  @       1566] Attestation message arrived: Message { header: Header { flags_reply_size: 0, sender_tile: 9, sender_ep: 4, reply_ep: 65535, length: 0, reply_l[0m
[0;31m[T0:kernel  @       1572] abel: 0, label: 9 }, data: [] }
[0m[0;31m[T0:kernel  @       1579] ICU cert ECDSA signature verification successful!
[0m[0;31m[T0:kernel  @       1585] ICU nonce ECDSA signature verification successful!
[0m[0;31m[T0:kernel  @       1589] Writing signed ICU challenge to ICU
[0m[0;31m[T0:kernel  @       1593] Kernel woken up!
[0m[0;31m[T0:kernel  @       1604] Key generated at remote ICU: Message { header: Header { flags_reply_size: 0, sender_tile: 9, sender_ep: 4, reply_ep: 65535, length: 0, reply_l[0m
[0;31m[T0:kernel  @       1610] abel: 0, label: 9 }, data: [] }
[0m[0;31m[T0:kernel  @       1617] generate random nonce ok
[0m[0;31m[T0:kernel  @       1631] Generated nonce: [32, 32, 32, 32, 32, 32, 32, 32, 32, 32, 32, 32, 32, 32, 32, 32]
[0m[0;31m[T0:kernel  @       1655] Generated ecdsa sign: [32, 32, 32, 32, 32, 32, 32, 32, 32, 32, 32, 32, 32, 32, 32, 32, 32, 32, 32, 32, 32, 32, 32, 32, 32, 32, 32, 32, 32, 32,[0m
[0;31m[T0:kernel  @       1679]  32, 32, 32, 32, 32, 32, 32, 32, 32, 32, 32, 32, 32, 32, 32, 32, 32, 32, 32, 32, 32, 32, 32, 32, 32, 32, 32, 32, 32, 32, 32, 32, 32, 32]
[0m[0;31m[T0:kernel  @       1689] ECDSA signature verification successful!
[0m[0;31m[T0:kernel  @       1692] Attesting tile: 10
[0m[0;31m[T0:kernel  @       1698] Kernel woken up!
[0m[0;31m[T0:kernel  @       1708] Attestation message arrived: Message { header: Header { flags_reply_size: 0, sender_tile: 10, sender_ep: 4, reply_ep: 65535, length: 0, reply_[0m
[0;31m[T0:kernel  @       1714] label: 0, label: 10 }, data: [] }
[0m[0;31m[T0:kernel  @       1722] ICU cert ECDSA signature verification successful!
[0m[0;31m[T0:kernel  @       1728] ICU nonce ECDSA signature verification successful!
[0m[0;31m[T0:kernel  @       1732] Writing signed ICU challenge to ICU
[0m[0;31m[T0:kernel  @       1736] Kernel woken up!
[0m[0;31m[T0:kernel  @       1746] Key generated at remote ICU: Message { header: Header { flags_reply_size: 0, sender_tile: 10, sender_ep: 4, reply_ep: 65535, length: 0, reply_[0m
[0;31m[T0:kernel  @       1752] label: 0, label: 10 }, data: [] }
[0m[0;31m[T0:kernel  @       1760] generate random nonce ok
[0m[0;31m[T0:kernel  @       1774] Generated nonce: [32, 32, 32, 32, 32, 32, 32, 32, 32, 32, 32, 32, 32, 32, 32, 32]
[0m[0;31m[T0:kernel  @       1798] Generated ecdsa sign: [32, 32, 32, 32, 32, 32, 32, 32, 32, 32, 32, 32, 32, 32, 32, 32, 32, 32, 32, 32, 32, 32, 32, 32, 32, 32, 32, 32, 32, 32,[0m
[0;31m[T0:kernel  @       1822]  32, 32, 32, 32, 32, 32, 32, 32, 32, 32, 32, 32, 32, 32, 32, 32, 32, 32, 32, 32, 32, 32, 32, 32, 32, 32, 32, 32, 32, 32, 32, 32, 32, 32]
[0m[0;31m[T0:kernel  @       1832] ECDSA signature verification successful!
[0m[0;31m[T0:kernel  @       1836] Attesting tile: 11
[0m[0;31m[T0:kernel  @       1841] Kernel woken up!
[0m[0;31m[T0:kernel  @       1852] Attestation message arrived: Message { header: Header { flags_reply_size: 0, sender_tile: 11, sender_ep: 4, reply_ep: 65535, length: 0, reply_[0m
[0;31m[T0:kernel  @       1858] label: 0, label: 11 }, data: [] }
[0m[0;31m[T0:kernel  @       1865] ICU cert ECDSA signature verification successful!
[0m[0;31m[T0:kernel  @       1871] ICU nonce ECDSA signature verification successful!
[0m[0;31m[T0:kernel  @       1875] Writing signed ICU challenge to ICU
[0m[0;31m[T0:kernel  @       1879] Kernel woken up!
[0m[0;31m[T0:kernel  @       1890] Key generated at remote ICU: Message { header: Header { flags_reply_size: 0, sender_tile: 11, sender_ep: 4, reply_ep: 65535, length: 0, reply_[0m
[0;31m[T0:kernel  @       1895] label: 0, label: 11 }, data: [] }
[0m[0;31m[T0:kernel  @       1903] generate random nonce ok
[0m[0;31m[T0:kernel  @       1917] Generated nonce: [32, 32, 32, 32, 32, 32, 32, 32, 32, 32, 32, 32, 32, 32, 32, 32]
[0m[0;31m[T0:kernel  @       1941] Generated ecdsa sign: [32, 32, 32, 32, 32, 32, 32, 32, 32, 32, 32, 32, 32, 32, 32, 32, 32, 32, 32, 32, 32, 32, 32, 32, 32, 32, 32, 32, 32, 32,[0m
[0;31m[T0:kernel  @       1965]  32, 32, 32, 32, 32, 32, 32, 32, 32, 32, 32, 32, 32, 32, 32, 32, 32, 32, 32, 32, 32, 32, 32, 32, 32, 32, 32, 32, 32, 32, 32, 32, 32, 32]
[0m[0;31m[T0:kernel  @       1974] ECDSA signature verification successful!
[0m[0;31m[T0:kernel  @       1978] Attesting tile: 12
[0m[0;31m[T0:kernel  @       1983] Kernel woken up!
[0m[0;31m[T0:kernel  @       1994] Attestation message arrived: Message { header: Header { flags_reply_size: 0, sender_tile: 12, sender_ep: 4, reply_ep: 65535, length: 0, reply_[0m
[0;31m[T0:kernel  @       2000] label: 0, label: 12 }, data: [] }
[0m[0;31m[T0:kernel  @       2007] ICU cert ECDSA signature verification successful!
[0m[0;31m[T0:kernel  @       2013] ICU nonce ECDSA signature verification successful!
[0m[0;31m[T0:kernel  @       2017] Writing signed ICU challenge to ICU
[0m[0;31m[T0:kernel  @       2021] Kernel woken up!
[0m[0;31m[T0:kernel  @       2032] Key generated at remote ICU: Message { header: Header { flags_reply_size: 0, sender_tile: 12, sender_ep: 4, reply_ep: 65535, length: 0, reply_[0m
[0;31m[T0:kernel  @       2037] label: 0, label: 12 }, data: [] }
[0m[0;31m[T0:kernel  @       2045] generate random nonce ok
[0m[0;31m[T0:kernel  @       2059] Generated nonce: [32, 32, 32, 32, 32, 32, 32, 32, 32, 32, 32, 32, 32, 32, 32, 32]
[0m[0;31m[T0:kernel  @       2083] Generated ecdsa sign: [32, 32, 32, 32, 32, 32, 32, 32, 32, 32, 32, 32, 32, 32, 32, 32, 32, 32, 32, 32, 32, 32, 32, 32, 32, 32, 32, 32, 32, 32,[0m
[0;31m[T0:kernel  @       2107]  32, 32, 32, 32, 32, 32, 32, 32, 32, 32, 32, 32, 32, 32, 32, 32, 32, 32, 32, 32, 32, 32, 32, 32, 32, 32, 32, 32, 32, 32, 32, 32, 32, 32]
[0m[0;31m[T0:kernel  @       2117] ECDSA signature verification successful!
[0m[0;31m[T0:kernel  @       2120] Attesting tile: 13
[0m[0;31m[T0:kernel  @       2126] Kernel woken up!
[0m[0;31m[T0:kernel  @       2136] Attestation message arrived: Message { header: Header { flags_reply_size: 0, sender_tile: 13, sender_ep: 4, reply_ep: 65535, length: 0, reply_[0m
[0;31m[T0:kernel  @       2142] label: 0, label: 13 }, data: [] }
[0m[0;31m[T0:kernel  @       2149] ICU cert ECDSA signature verification successful!
[0m[0;31m[T0:kernel  @       2155] ICU nonce ECDSA signature verification successful!
[0m[0;31m[T0:kernel  @       2159] Writing signed ICU challenge to ICU
[0m[0;31m[T0:kernel  @       2163] Kernel woken up!
[0m[0;31m[T0:kernel  @       2174] Key generated at remote ICU: Message { header: Header { flags_reply_size: 0, sender_tile: 13, sender_ep: 4, reply_ep: 65535, length: 0, reply_[0m
[0;31m[T0:kernel  @       2180] label: 0, label: 13 }, data: [] }
[0m[0;31m[T0:kernel  @       2187] generate random nonce ok
[0m[0;31m[T0:kernel  @       2201] Generated nonce: [32, 32, 32, 32, 32, 32, 32, 32, 32, 32, 32, 32, 32, 32, 32, 32]
[0m[0;31m[T0:kernel  @       2225] Generated ecdsa sign: [32, 32, 32, 32, 32, 32, 32, 32, 32, 32, 32, 32, 32, 32, 32, 32, 32, 32, 32, 32, 32, 32, 32, 32, 32, 32, 32, 32, 32, 32,[0m
[0;31m[T0:kernel  @       2249]  32, 32, 32, 32, 32, 32, 32, 32, 32, 32, 32, 32, 32, 32, 32, 32, 32, 32, 32, 32, 32, 32, 32, 32, 32, 32, 32, 32, 32, 32, 32, 32, 32, 32]
[0m[0;31m[T0:kernel  @       2259] ECDSA signature verification successful!
[0m[0;31m[T0:kernel  @       2262] Attesting tile: 14
[0m[0;31m[T0:kernel  @       2268] Kernel woken up!
[0m[0;31m[T0:kernel  @       2278] Attestation message arrived: Message { header: Header { flags_reply_size: 0, sender_tile: 14, sender_ep: 4, reply_ep: 65535, length: 0, reply_[0m
[0;31m[T0:kernel  @       2284] label: 0, label: 14 }, data: [] }
[0m[0;31m[T0:kernel  @       2291] ICU cert ECDSA signature verification successful!
[0m[0;31m[T0:kernel  @       2297] ICU nonce ECDSA signature verification successful!
[0m[0;31m[T0:kernel  @       2301] Writing signed ICU challenge to ICU
[0m[0;31m[T0:kernel  @       2305] Kernel woken up!
[0m[0;31m[T0:kernel  @       2316] Key generated at remote ICU: Message { header: Header { flags_reply_size: 0, sender_tile: 14, sender_ep: 4, reply_ep: 65535, length: 0, reply_[0m
[0;31m[T0:kernel  @       2322] label: 0, label: 14 }, data: [] }
[0m[0;31m[T0:kernel  @       2329] generate random nonce ok
[0m[0;31m[T0:kernel  @       2343] Generated nonce: [32, 32, 32, 32, 32, 32, 32, 32, 32, 32, 32, 32, 32, 32, 32, 32]
[0m[0;31m[T0:kernel  @       2367] Generated ecdsa sign: [32, 32, 32, 32, 32, 32, 32, 32, 32, 32, 32, 32, 32, 32, 32, 32, 32, 32, 32, 32, 32, 32, 32, 32, 32, 32, 32, 32, 32, 32,[0m
[0;31m[T0:kernel  @       2391]  32, 32, 32, 32, 32, 32, 32, 32, 32, 32, 32, 32, 32, 32, 32, 32, 32, 32, 32, 32, 32, 32, 32, 32, 32, 32, 32, 32, 32, 32, 32, 32, 32, 32]
[0m[0;31m[T0:kernel  @       2401] ECDSA signature verification successful!
[0m[0;31m[T0:kernel  @       2405] Attesting tile: 15
[0m[0;31m[T0:kernel  @       2410] Kernel woken up!
[0m[0;31m[T0:kernel  @       2421] Attestation message arrived: Message { header: Header { flags_reply_size: 0, sender_tile: 15, sender_ep: 4, reply_ep: 65535, length: 0, reply_[0m
[0;31m[T0:kernel  @       2427] label: 0, label: 15 }, data: [] }
[0m[0;31m[T0:kernel  @       2434] ICU cert ECDSA signature verification successful!
[0m[0;31m[T0:kernel  @       2440] ICU nonce ECDSA signature verification successful!
[0m[0;31m[T0:kernel  @       2444] Writing signed ICU challenge to ICU
[0m[0;31m[T0:kernel  @       2448] Kernel woken up!
[0m[0;31m[T0:kernel  @       2459] Key generated at remote ICU: Message { header: Header { flags_reply_size: 0, sender_tile: 15, sender_ep: 4, reply_ep: 65535, length: 0, reply_[0m
[0;31m[T0:kernel  @       2464] label: 0, label: 15 }, data: [] }
[0m[0;31m[T0:kernel  @       2472] generate random nonce ok
[0m[0;31m[T0:kernel  @       2486] Generated nonce: [32, 32, 32, 32, 32, 32, 32, 32, 32, 32, 32, 32, 32, 32, 32, 32]
[0m[0;31m[T0:kernel  @       2510] Generated ecdsa sign: [32, 32, 32, 32, 32, 32, 32, 32, 32, 32, 32, 32, 32, 32, 32, 32, 32, 32, 32, 32, 32, 32, 32, 32, 32, 32, 32, 32, 32, 32,[0m
[0;31m[T0:kernel  @       2534]  32, 32, 32, 32, 32, 32, 32, 32, 32, 32, 32, 32, 32, 32, 32, 32, 32, 32, 32, 32, 32, 32, 32, 32, 32, 32, 32, 32, 32, 32, 32, 32, 32, 32]
[0m[0;31m[T0:kernel  @       2544] ECDSA signature verification successful!
[0m[0;31m[T0:kernel  @       2547] Attesting tile: 16
[0m[0;31m[T0:kernel  @       2552] Kernel woken up!
[0m[0;31m[T0:kernel  @       2563] Attestation message arrived: Message { header: Header { flags_reply_size: 0, sender_tile: 16, sender_ep: 4, reply_ep: 65535, length: 0, reply_[0m
[0;31m[T0:kernel  @       2569] label: 0, label: 16 }, data: [] }
[0m[0;31m[T0:kernel  @       2576] ICU cert ECDSA signature verification successful!
[0m[0;31m[T0:kernel  @       2582] ICU nonce ECDSA signature verification successful!
[0m[0;31m[T0:kernel  @       2586] Writing signed ICU challenge to ICU
[0m[0;31m[T0:kernel  @       2590] Kernel woken up!
[0m[0;31m[T0:kernel  @       2601] Key generated at remote ICU: Message { header: Header { flags_reply_size: 0, sender_tile: 16, sender_ep: 4, reply_ep: 65535, length: 0, reply_[0m
[0;31m[T0:kernel  @       2606] label: 0, label: 16 }, data: [] }
[0m[0;31m[T0:kernel  @       2614] generate random nonce ok
[0m[0;31m[T0:kernel  @       2628] Generated nonce: [32, 32, 32, 32, 32, 32, 32, 32, 32, 32, 32, 32, 32, 32, 32, 32]
[0m[0;31m[T0:kernel  @       2652] Generated ecdsa sign: [32, 32, 32, 32, 32, 32, 32, 32, 32, 32, 32, 32, 32, 32, 32, 32, 32, 32, 32, 32, 32, 32, 32, 32, 32, 32, 32, 32, 32, 32,[0m
[0;31m[T0:kernel  @       2676]  32, 32, 32, 32, 32, 32, 32, 32, 32, 32, 32, 32, 32, 32, 32, 32, 32, 32, 32, 32, 32, 32, 32, 32, 32, 32, 32, 32, 32, 32, 32, 32, 32, 32]
[0m[0;31m[T0:kernel  @       2686] ECDSA signature verification successful!
[0m[0;31m[T0:kernel  @       2689] Attesting tile: 17
[0m[0;31m[T0:kernel  @       2694] Kernel woken up!
[0m[0;31m[T0:kernel  @       2705] Attestation message arrived: Message { header: Header { flags_reply_size: 0, sender_tile: 17, sender_ep: 4, reply_ep: 65535, length: 0, reply_[0m
[0;31m[T0:kernel  @       2711] label: 0, label: 17 }, data: [] }
[0m[0;31m[T0:kernel  @       2718] ICU cert ECDSA signature verification successful!
[0m[0;31m[T0:kernel  @       2724] ICU nonce ECDSA signature verification successful!
[0m[0;31m[T0:kernel  @       2728] Writing signed ICU challenge to ICU
[0m[0;31m[T0:kernel  @       2732] Kernel woken up!
[0m[0;31m[T0:kernel  @       2743] Key generated at remote ICU: Message { header: Header { flags_reply_size: 0, sender_tile: 17, sender_ep: 4, reply_ep: 65535, length: 0, reply_[0m
[0;31m[T0:kernel  @       2748] label: 0, label: 17 }, data: [] }
[0m[0;31m[T0:kernel  @       2756] generate random nonce ok
[0m[0;31m[T0:kernel  @       2770] Generated nonce: [32, 32, 32, 32, 32, 32, 32, 32, 32, 32, 32, 32, 32, 32, 32, 32]
[0m[0;31m[T0:kernel  @       2794] Generated ecdsa sign: [32, 32, 32, 32, 32, 32, 32, 32, 32, 32, 32, 32, 32, 32, 32, 32, 32, 32, 32, 32, 32, 32, 32, 32, 32, 32, 32, 32, 32, 32,[0m
[0;31m[T0:kernel  @       2818]  32, 32, 32, 32, 32, 32, 32, 32, 32, 32, 32, 32, 32, 32, 32, 32, 32, 32, 32, 32, 32, 32, 32, 32, 32, 32, 32, 32, 32, 32, 32, 32, 32, 32]
[0m[0;31m[T0:kernel  @       2828] ECDSA signature verification successful!
[0m[0;31m[T0:kernel  @       2831] Attesting tile: 18
[0m[0;31m[T0:kernel  @       2836] Kernel woken up!
[0m[0;31m[T0:kernel  @       2847] Attestation message arrived: Message { header: Header { flags_reply_size: 0, sender_tile: 18, sender_ep: 4, reply_ep: 65535, length: 0, reply_[0m
[0;31m[T0:kernel  @       2853] label: 0, label: 18 }, data: [] }
[0m[0;31m[T0:kernel  @       2860] ICU cert ECDSA signature verification successful!
[0m[0;31m[T0:kernel  @       2866] ICU nonce ECDSA signature verification successful!
[0m[0;31m[T0:kernel  @       2870] Writing signed ICU challenge to ICU
[0m[0;31m[T0:kernel  @       2874] Kernel woken up!
[0m[0;31m[T0:kernel  @       2884] Key generated at remote ICU: Message { header: Header { flags_reply_size: 0, sender_tile: 18, sender_ep: 4, reply_ep: 65535, length: 0, reply_[0m
[0;31m[T0:kernel  @       2890] label: 0, label: 18 }, data: [] }
[0m[0;31m[T0:kernel  @       2897] generate random nonce ok
[0m[0;31m[T0:kernel  @       2911] Generated nonce: [32, 32, 32, 32, 32, 32, 32, 32, 32, 32, 32, 32, 32, 32, 32, 32]
[0m[0;31m[T0:kernel  @       2936] Generated ecdsa sign: [32, 32, 32, 32, 32, 32, 32, 32, 32, 32, 32, 32, 32, 32, 32, 32, 32, 32, 32, 32, 32, 32, 32, 32, 32, 32, 32, 32, 32, 32,[0m
[0;31m[T0:kernel  @       2960]  32, 32, 32, 32, 32, 32, 32, 32, 32, 32, 32, 32, 32, 32, 32, 32, 32, 32, 32, 32, 32, 32, 32, 32, 32, 32, 32, 32, 32, 32, 32, 32, 32, 32]
[0m[0;31m[T0:kernel  @       2970] ECDSA signature verification successful!
[0m[0;31m[T0:kernel  @       2973] Attesting tile: 19
[0m[0;31m[T0:kernel  @       2978] Kernel woken up!
[0m[0;31m[T0:kernel  @       2989] Attestation message arrived: Message { header: Header { flags_reply_size: 0, sender_tile: 19, sender_ep: 4, reply_ep: 65535, length: 0, reply_[0m
[0;31m[T0:kernel  @       2995] label: 0, label: 19 }, data: [] }
[0m[0;31m[T0:kernel  @       3002] ICU cert ECDSA signature verification successful!
[0m[0;31m[T0:kernel  @       3008] ICU nonce ECDSA signature verification successful!
[0m[0;31m[T0:kernel  @       3012] Writing signed ICU challenge to ICU
[0m[0;31m[T0:kernel  @       3016] Kernel woken up!
[0m[0;31m[T0:kernel  @       3026] Key generated at remote ICU: Message { header: Header { flags_reply_size: 0, sender_tile: 19, sender_ep: 4, reply_ep: 65535, length: 0, reply_[0m
[0;31m[T0:kernel  @       3032] label: 0, label: 19 }, data: [] }
[0m[0;31m[T0:kernel  @       3039] generate random nonce ok
[0m[0;31m[T0:kernel  @       3053] Generated nonce: [32, 32, 32, 32, 32, 32, 32, 32, 32, 32, 32, 32, 32, 32, 32, 32]
[0m[0;31m[T0:kernel  @       3078] Generated ecdsa sign: [32, 32, 32, 32, 32, 32, 32, 32, 32, 32, 32, 32, 32, 32, 32, 32, 32, 32, 32, 32, 32, 32, 32, 32, 32, 32, 32, 32, 32, 32,[0m
[0;31m[T0:kernel  @       3102]  32, 32, 32, 32, 32, 32, 32, 32, 32, 32, 32, 32, 32, 32, 32, 32, 32, 32, 32, 32, 32, 32, 32, 32, 32, 32, 32, 32, 32, 32, 32, 32, 32, 32]
[0m[0;31m[T0:kernel  @       3112] ECDSA signature verification successful!
[0m[0;31m[T0:kernel  @       3115] Attesting tile: 20
[0mwarn: PowerState: More than one power state change request encountered within the same simulation tick
[0;31m[T0:kernel  @       3120] Kernel woken up!
[0m[0;31m[T0:kernel  @       3131] Attestation message arrived: Message { header: Header { flags_reply_size: 0, sender_tile: 20, sender_ep: 4, reply_ep: 65535, length: 0, reply_[0m
[0;31m[T0:kernel  @       3137] label: 0, label: 20 }, data: [] }
[0m[0;31m[T0:kernel  @       3144] ICU cert ECDSA signature verification successful!
[0m[0;31m[T0:kernel  @       3150] ICU nonce ECDSA signature verification successful!
[0m[0;31m[T0:kernel  @       3154] Writing signed ICU challenge to ICU
[0m[0;31m[T0:kernel  @       3158] Kernel woken up!
[0m[0;31m[T0:kernel  @       3168] Key generated at remote ICU: Message { header: Header { flags_reply_size: 0, sender_tile: 20, sender_ep: 4, reply_ep: 65535, length: 0, reply_[0m
[0;31m[T0:kernel  @       3174] label: 0, label: 20 }, data: [] }
[0m[0;31m[T0:kernel  @       3182] generate random nonce ok
[0m[0;31m[T0:kernel  @       3196] Generated nonce: [32, 32, 32, 32, 32, 32, 32, 32, 32, 32, 32, 32, 32, 32, 32, 32]
[0m[0;31m[T0:kernel  @       3220] Generated ecdsa sign: [32, 32, 32, 32, 32, 32, 32, 32, 32, 32, 32, 32, 32, 32, 32, 32, 32, 32, 32, 32, 32, 32, 32, 32, 32, 32, 32, 32, 32, 32,[0m
[0;31m[T0:kernel  @       3244]  32, 32, 32, 32, 32, 32, 32, 32, 32, 32, 32, 32, 32, 32, 32, 32, 32, 32, 32, 32, 32, 32, 32, 32, 32, 32, 32, 32, 32, 32, 32, 32, 32, 32]
[0m[0;31m[T0:kernel  @       3253] ECDSA signature verification successful!
[0m[0;31m[T0:kernel  @       3257] Attesting tile: 21
[0mwarn: PowerState: More than one power state change request encountered within the same simulation tick
[0;31m[T0:kernel  @       3262] Kernel woken up!
[0m[0;31m[T0:kernel  @       3273] Attestation message arrived: Message { header: Header { flags_reply_size: 0, sender_tile: 21, sender_ep: 4, reply_ep: 65535, length: 0, reply_[0m
[0;31m[T0:kernel  @       3278] label: 0, label: 21 }, data: [] }
[0m[0;31m[T0:kernel  @       3285] ICU cert ECDSA signature verification successful!
[0m[0;31m[T0:kernel  @       3292] ICU nonce ECDSA signature verification successful!
[0m[0;31m[T0:kernel  @       3296] Writing signed ICU challenge to ICU
[0m[0;31m[T0:kernel  @       3299] Kernel woken up!
[0m[0;31m[T0:kernel  @       3310] Key generated at remote ICU: Message { header: Header { flags_reply_size: 0, sender_tile: 21, sender_ep: 4, reply_ep: 65535, length: 0, reply_[0m
[0;31m[T0:kernel  @       3316] label: 0, label: 21 }, data: [] }
[0m[0;31m[T0:kernel  @       3324] Attesting tile: 22
[0mwarn: PowerState: More than one power state change request encountered within the same simulation tick
[0;31m[T0:kernel  @       3329] Kernel woken up!
[0m[0;31m[T0:kernel  @       3340] Attestation message arrived: Message { header: Header { flags_reply_size: 0, sender_tile: 22, sender_ep: 4, reply_ep: 65535, length: 0, reply_[0m
[0;31m[T0:kernel  @       3346] label: 0, label: 22 }, data: [] }
[0m[0;31m[T0:kernel  @       3356] ICU cert ECDSA signature verification successful!
[0m[0;31m[T0:kernel  @       3363] ICU nonce ECDSA signature verification successful!
[0m[0;31m[T0:kernel  @       3368] Writing signed ICU challenge to ICU
[0m[0;31m[T0:kernel  @       3372] Kernel woken up!
[0m[0;31m[T0:kernel  @       3383] Key generated at remote ICU: Message { header: Header { flags_reply_size: 0, sender_tile: 22, sender_ep: 4, reply_ep: 65535, length: 0, reply_[0m
[0;31m[T0:kernel  @       3388] label: 0, label: 22 }, data: [] }
[0m[0;31m[T0:kernel  @       3395] Attesting tile: 22
[0mwarn: PowerState: More than one power state change request encountered within the same simulation tick
[0;31m[T0:kernel  @       3400] Kernel woken up!
[0m[0;31m[T0:kernel  @       3411] Attestation message arrived: Message { header: Header { flags_reply_size: 0, sender_tile: 22, sender_ep: 4, reply_ep: 65535, length: 0, reply_[0m
[0;31m[T0:kernel  @       3417] label: 0, label: 22 }, data: [] }
[0m[0;31m[T0:kernel  @       3427] ICU cert ECDSA signature verification successful!
[0m[0;31m[T0:kernel  @       3434] ICU nonce ECDSA signature verification successful!
[0m[0;31m[T0:kernel  @       3439] Writing signed ICU challenge to ICU
[0m[0;31m[T0:kernel  @       3443] Kernel woken up!
[0m[0;31m[T0:kernel  @       3453] Key generated at remote ICU: Message { header: Header { flags_reply_size: 0, sender_tile: 22, sender_ep: 4, reply_ep: 65535, length: 0, reply_[0m
[0;31m[T0:kernel  @       3459] label: 0, label: 22 }, data: [] }
[0m[0;31m[T0:kernel  @       3466] Attesting tile: 22
[0mwarn: PowerState: More than one power state change request encountered within the same simulation tick
[0;31m[T0:kernel  @       3471] Kernel woken up!
[0m[0;31m[T0:kernel  @       3481] Attestation message arrived: Message { header: Header { flags_reply_size: 0, sender_tile: 22, sender_ep: 4, reply_ep: 65535, length: 0, reply_[0m
[0;31m[T0:kernel  @       3487] label: 0, label: 22 }, data: [] }
[0m[0;31m[T0:kernel  @       3497] ICU cert ECDSA signature verification successful!
[0m[0;31m[T0:kernel  @       3504] ICU nonce ECDSA signature verification successful!
[0m[0;31m[T0:kernel  @       3509] Writing signed ICU challenge to ICU
[0m[0;31m[T0:kernel  @       3512] Kernel woken up!
[0m[0;31m[T0:kernel  @       3523] Key generated at remote ICU: Message { header: Header { flags_reply_size: 0, sender_tile: 22, sender_ep: 4, reply_ep: 65535, length: 0, reply_[0m
[0;31m[T0:kernel  @       3529] label: 0, label: 22 }, data: [] }
[0m[0;31m[T0:kernel  @       3535] Attesting tile: 22
[0m[0;31m[T0:kernel  @       3540] Kernel woken up!
[0m[0;31m[T0:kernel  @       3551] Attestation message arrived: Message { header: Header { flags_reply_size: 0, sender_tile: 22, sender_ep: 4, reply_ep: 65535, length: 0, reply_[0m
[0;31m[T0:kernel  @       3557] label: 0, label: 22 }, data: [] }
[0m[0;31m[T0:kernel  @       3567] ICU cert ECDSA signature verification successful!
[0m[0;31m[T0:kernel  @       3574] ICU nonce ECDSA signature verification successful!
[0m[0;31m[T0:kernel  @       3579] Writing signed ICU challenge to ICU
[0m[0;31m[T0:kernel  @       3582] Kernel woken up!
[0m[0;31m[T0:kernel  @       3593] Key generated at remote ICU: Message { header: Header { flags_reply_size: 0, sender_tile: 22, sender_ep: 4, reply_ep: 65535, length: 0, reply_[0m
[0;31m[T0:kernel  @       3599] label: 0, label: 22 }, data: [] }
[0m[0;31m[T0:kernel  @       3750] Kernel is ready!
[0m[0;32m[T1:root    @       4426] Boot modules:
[0m[0;32m[T1:root    @       4442]   Mod[addr: G[Tile22+0x30000000], size: 0x42f, name: boot.xml]
[0m[0;32m[T1:root    @       4450]   Mod[addr: G[Tile22+0x30001000], size: 0x74588, name: root]
[0m[0;32m[T1:root    @       4458]   Mod[addr: G[Tile22+0x30076000], size: 0x56338, name: m3fs]
[0m[0;32m[T1:root    @       4465]   Mod[addr: G[Tile22+0x300cd000], size: 0x7ea40, name: pager]
[0m[0;32m[T1:root    @       4468] Available tiles:
[0m[0;32m[T1:root    @       4481]   Tile01: COMP_EMEM RISCV (empty) 0 KiB memory
[0m[0;32m[T1:root    @       4490]   Tile02: COMP_EMEM RISCV (empty) 0 KiB memory
[0m[0;32m[T1:root    @       4497]   Tile03: COMP_EMEM RISCV (empty) 0 KiB memory
[0m[0;32m[T1:root    @       4504]   Tile04: COMP_EMEM RISCV (empty) 0 KiB memory
[0m[0;32m[T1:root    @       4510]   Tile05: COMP_EMEM RISCV (empty) 0 KiB memory
[0m[0;32m[T1:root    @       4518]   Tile06: COMP_EMEM RISCV (empty) 0 KiB memory
[0m[0;32m[T1:root    @       4524]   Tile07: COMP_EMEM RISCV (empty) 0 KiB memory
[0m[0;32m[T1:root    @       4531]   Tile08: COMP_EMEM RISCV (empty) 0 KiB memory
[0m[0;32m[T1:root    @       4537]   Tile09: COMP_EMEM RISCV (empty) 0 KiB memory
[0m[0;32m[T1:root    @       4545]   Tile10: COMP_EMEM RISCV (empty) 0 KiB memory
[0m[0;32m[T1:root    @       4551]   Tile11: COMP_EMEM RISCV (empty) 0 KiB memory
[0m[0;32m[T1:root    @       4557]   Tile12: COMP_IMEM RISCV (empty) 32768 KiB memory
[0m[0;32m[T1:root    @       4563]   Tile13: COMP_IMEM RISCV (empty) 32768 KiB memory
[0m[0;32m[T1:root    @       4569]   Tile14: COMP_IMEM RISCV (empty) 32768 KiB memory
[0m[0;32m[T1:root    @       4576]   Tile15: COMP_IMEM RISCV (empty) 32768 KiB memory
[0m[0;32m[T1:root    @       4582]   Tile16: COMP_IMEM NIC_DEV (empty) 0 KiB memory
[0m[0;32m[T1:root    @       4588]   Tile17: COMP_IMEM NIC_DEV (empty) 0 KiB memory
[0m[0;32m[T1:root    @       4599]   Tile18: COMP_IMEM ACCEL_ROT13 (empty) 2048 KiB memory
[0m[0;32m[T1:root    @       4606]   Tile19: COMP_IMEM ACCEL_ROT13 (empty) 2048 KiB memory
[0m[0;32m[T1:root    @       4613]   Tile20: COMP_IMEM RISCV KECACC 32768 KiB memory
[0m[0;32m[T1:root    @       4619]   Tile21: COMP_IMEM SERIAL_DEV (empty) 0 KiB memory
[0m[0;32m[T1:root    @       4626] Available memory:
[0m[0;32m[T1:root    @       4639]   MemMod[sel: 30, res: true, addr: G[Tile22+0x0], size: 1200 MiB]
[0m[0;32m[T1:root    @       4647]   MemMod[sel: 31, res: false, addr: G[Tile22+0x4f600000], size: 959 MiB]
[0m[0;32m[T1:root    @       4652] Parsed Config [
[0m[0;32m[T1:root    @       4658]   root [
[0m[0;32m[T1:root    @       4670]     Domain on core [
[0m[0;32m[T1:root    @       4676]       m3fs mem 268435456 [
[0m[0;32m[T1:root    @       4680]         Daemon,
[0m[0;32m[T1:root    @       4691]         PhysMem[addr=0x0, size=0x40000 KiB, perm=R | W | X | RW | RWX],
[0m[0;32m[T1:root    @       4699]         Service[lname='m3fs', gname='m3fs'],
[0m[0;32m[T1:root    @       4704]       ]
[0m[0;32m[T1:root    @       4708]     ]
[0m[0;32m[T1:root    @       4712]     Domain on core [
[0m[0;32m[T1:root    @       4718]       pager maxcli=2 268435456 [
[0m[0;32m[T1:root    @       4724]         UserMem[size=786432 KiB],
[0m[0;32m[T1:root    @       4731]         PhysMem[addr=0x0, size=0x40000 KiB, perm=R],
[0m[0;32m[T1:root    @       4739]         Session[lname='m3fs', gname='m3fs', arg='', dep=true],
[0m[0;32m[T1:root    @       4747]         Tile[type=boom|core, count=2, optional=false],
[0m[0;32m[T1:root    @       4752]         Domain on boom|core [
[0m[0;32m[T1:root    @       4761]           /sbin/m3fs -e 64 -c -m 1 mem 268435456 [
[0m[0;32m[T1:root    @       4766]             Daemon,
[0m[0;32m[T1:root    @       4776]             PhysMem[addr=0x0, size=0x40000 KiB, perm=R | W | X | RW | RWX],
[0m[0;32m[T1:root    @       4783]             Service[lname='m3fs', gname='app_m3fs'],
[0m[0;32m[T1:root    @       4787]           ]
[0m[0;32m[T1:root    @       4792]         ]
[0m[0;32m[T1:root    @       4797]         Domain on boom|core [
[0m[0;32m[T1:root    @       4802]           /bin/fs [
[0m[0;32m[T1:root    @       4810]             Session[lname='m3fs', gname='app_m3fs', arg='', dep=true],
[0m[0;32m[T1:root    @       4815]           ]
[0m[0;32m[T1:root    @       4819]         ]
[0m[0;32m[T1:root    @       4823]       ]
[0m[0;32m[T1:root    @       4827]     ]
[0m[0;32m[T1:root    @       4830]   ]
[0m[0;32m[T1:root    @       4832] ]
[0m[0;32m[T1:root    @       4835] 
[0m[0;32m[T1:root    @       5840] Starting boot module 'm3fs' on tile2 with arguments ["mem", "268435456"]
[0m[0;32m[T1:root    @       7132] m3fs: reg_serv(srv_sel=46, sgate_sel=50, name=m3fs, sessions=32)
[0m[0;32m[T1:root    @       7145] Creating service 1:m3fs
[0m[0;32m[T1:root    @       7292] Starting boot module 'pager' on tile3 with arguments ["maxcli=2", "268435456"]
[0m[0;34m[T3:pager   @       7924] Boot modules:
[0m[0;34m[T3:pager   @       7941]   Mod[addr: G[Tile22+0x85602000], size: 0x311, name: boot.xml]
[0m[0;34m[T3:pager   @       7945] Available tiles:
[0m[0;34m[T3:pager   @       7959]   Tile03: COMP_EMEM RISCV (empty) 0 KiB memory
[0m[0;34m[T3:pager   @       7966] Available memory:
[0m[0;34m[T3:pager   @       7978]   MemMod[sel: 7, res: false, addr: G[Tile22+0x55800000], size: 512 MiB]
[0m[0;34m[T3:pager   @       7987]   MemMod[sel: 8, res: true, addr: G[Tile0+0x0], size: 256 MiB]
[0m[0;32m[T1:root    @       8011] pager: open_sess(dst_sel=60, name=m3fs)
[0m[0;32m[T1:root    @       8298] pager: Ok(8:ALLOC_TILE) failed: NotFound
[0m[0;34m[T3:pager   @       8654] Starting boot module '/sbin/m3fs' on tile4 with arguments ["-e", "64", "-c", "-m", "1", "mem", "268435456"]
[0m[0;32m[T1:root    @       8821] pager: Ok(8:ALLOC_TILE) failed: NotFound
[0m[0;34m[T3:pager   @      10625] /sbin/m3fs: reg_serv(srv_sel=87, sgate_sel=91, name=m3fs, sessions=32)
[0m[0;34m[T3:pager   @      10639] Creating service 1:app_m3fs
[0m[0;34m[T3:pager   @      10804] Starting boot module '/bin/fs' on tile5 with arguments []
[0m[0;34m[T3:pager   @      11222] /bin/fs: open_sess(dst_sel=163, name=m3fs)
[0mRunning test suite brdwr::run ...

Testing "read" in src/apps/bench/fs/src/brdwr.rs:
! src/apps/bench/fs/src/brdwr.rs:36  PERF "read 2 MiB file with 4K buf": 848572 cycles (+/- 351 cycles with 10 runs)

Testing "write" in src/apps/bench/fs/src/brdwr.rs:
! src/apps/bench/fs/src/brdwr.rs:56  PERF "write 2 MiB file with 4K buf": 4049469 cycles (+/- 91067 cycles with 10 runs)


[1;32mAll tests successful![0;m
[0;34m[T3:pager   @      80606] Sending SHUTDOWN to service 1:app_m3fs
[0m[0;34m[T3:pager   @      80688] /sbin/m3fs: unreg_serv(sel=87)
[0m[0;34m[T3:pager   @      80695] Removing service 1:app_m3fs
[0m[0;32m[T1:root    @      81693] Sending SHUTDOWN to service 1:m3fs
[0m[0;32m[T1:root    @      81727] m3fs: unreg_serv(sel=46)
[0m[0;32m[T1:root    @      81734] Removing service 1:m3fs
[0m[0;32m[T1:root    @      81914] All childs gone. Exiting.
[0m[0;31m[T0:kernel  @      82007] Shutting down
[0mExiting @ tick 82018510000 because m5_exit instruction encountered
