Building for gem5-riscv-release...
ninja: no work to do.
run/boot-all.xml validates
gem5 Simulator System.  http://gem5.org
gem5 is copyrighted software; use the --copyright option for details.

gem5 version 21.0.0.0
gem5 compiled Jan 24 2023 12:10:45
gem5 started Feb  3 2023 11:24:02
gem5 executing on graham, pid 3426659
command line: platform/gem5/build/RISCV/gem5.opt --outdir=run --debug-file=gem5.log --debug-flags=Tcu /scratch/harshanavkis/sec-acc/M3/config/accels.py --cpu-type DerivO3CPU --isa riscv --cmd 'build/gem5-riscv-release/bin/kernel -f build/gem5-riscv-release/bench.img,build/gem5-riscv-release/bin/tilemux,build/gem5-riscv-release/bin/tilemux,build/gem5-riscv-release/bin/tilemux,build/gem5-riscv-release/bin/tilemux,build/gem5-riscv-release/bin/tilemux,build/gem5-riscv-release/bin/tilemux,build/gem5-riscv-release/bin/tilemux,build/gem5-riscv-release/bin/tilemux,build/gem5-riscv-release/bin/tilemux,build/gem5-riscv-release/bin/tilemux,build/gem5-riscv-release/bin/tilemux,build/gem5-riscv-release/bin/tilemux,build/gem5-riscv-release/bin/tilemux,build/gem5-riscv-release/bin/tilemux,build/gem5-riscv-release/bin/tilemux,' --mods run/boot.xml,build/gem5-riscv-release/bin/root,build/gem5-riscv-release/bin/m3fs,build/gem5-riscv-release/bin/pager --cpu-clock=1GHz --sys-clock=1GHz --encr-latency=15 --par-pipe=1 --int-transfer-latency=250 --rng-latency=0 --sign-latency=0 --sign-ver-latency=0

T00: build/gem5-riscv-release/bin/kernel -f build/gem5-riscv-release/bench.img
     Core =DerivO3CPU riscv @ 1GHz
     TCU  =eps:192, bufsz:2048 B, blocksz:64 B, count:4, tlb:128
     L1i$ =32 KiB (2-way assoc, 4 cycles)
     L1d$ =32 KiB (2-way assoc, 4 cycles)
     L2$  =256 KiB (8-way assoc, 12 cycles)
     Comp =Core -> TCU -> L1$ -> L2$

T01: build/gem5-riscv-release/bin/tilemux
     Core =DerivO3CPU riscv @ 1GHz
     TCU  =eps:192, bufsz:2048 B, blocksz:64 B, count:4, tlb:128
     L1i$ =32 KiB (2-way assoc, 4 cycles)
     L1d$ =32 KiB (2-way assoc, 4 cycles)
     L2$  =256 KiB (8-way assoc, 12 cycles)
     Comp =Core -> TCU -> L1$ -> L2$

T02: build/gem5-riscv-release/bin/tilemux
     Core =DerivO3CPU riscv @ 1GHz
     TCU  =eps:192, bufsz:2048 B, blocksz:64 B, count:4, tlb:128
     L1i$ =32 KiB (2-way assoc, 4 cycles)
     L1d$ =32 KiB (2-way assoc, 4 cycles)
     L2$  =256 KiB (8-way assoc, 12 cycles)
     Comp =Core -> TCU -> L1$ -> L2$

T03: build/gem5-riscv-release/bin/tilemux
     Core =DerivO3CPU riscv @ 1GHz
     TCU  =eps:192, bufsz:2048 B, blocksz:64 B, count:4, tlb:128
     L1i$ =32 KiB (2-way assoc, 4 cycles)
     L1d$ =32 KiB (2-way assoc, 4 cycles)
     L2$  =256 KiB (8-way assoc, 12 cycles)
     Comp =Core -> TCU -> L1$ -> L2$

T04: build/gem5-riscv-release/bin/tilemux
     Core =DerivO3CPU riscv @ 1GHz
     TCU  =eps:192, bufsz:2048 B, blocksz:64 B, count:4, tlb:128
     L1i$ =32 KiB (2-way assoc, 4 cycles)
     L1d$ =32 KiB (2-way assoc, 4 cycles)
     L2$  =256 KiB (8-way assoc, 12 cycles)
     Comp =Core -> TCU -> L1$ -> L2$

T05: build/gem5-riscv-release/bin/tilemux
     Core =DerivO3CPU riscv @ 1GHz
     TCU  =eps:192, bufsz:2048 B, blocksz:64 B, count:4, tlb:128
     L1i$ =32 KiB (2-way assoc, 4 cycles)
     L1d$ =32 KiB (2-way assoc, 4 cycles)
     L2$  =256 KiB (8-way assoc, 12 cycles)
     Comp =Core -> TCU -> L1$ -> L2$

T06: build/gem5-riscv-release/bin/tilemux
     Core =DerivO3CPU riscv @ 1GHz
     TCU  =eps:192, bufsz:2048 B, blocksz:64 B, count:4, tlb:128
     L1i$ =32 KiB (2-way assoc, 4 cycles)
     L1d$ =32 KiB (2-way assoc, 4 cycles)
     L2$  =256 KiB (8-way assoc, 12 cycles)
     Comp =Core -> TCU -> L1$ -> L2$

T07: build/gem5-riscv-release/bin/tilemux
     Core =DerivO3CPU riscv @ 1GHz
     TCU  =eps:192, bufsz:2048 B, blocksz:64 B, count:4, tlb:128
     L1i$ =32 KiB (2-way assoc, 4 cycles)
     L1d$ =32 KiB (2-way assoc, 4 cycles)
     L2$  =256 KiB (8-way assoc, 12 cycles)
     Comp =Core -> TCU -> L1$ -> L2$

T08: build/gem5-riscv-release/bin/tilemux
     Core =DerivO3CPU riscv @ 1GHz
     TCU  =eps:192, bufsz:2048 B, blocksz:64 B, count:4, tlb:128
     L1i$ =32 KiB (2-way assoc, 4 cycles)
     L1d$ =32 KiB (2-way assoc, 4 cycles)
     L2$  =256 KiB (8-way assoc, 12 cycles)
     Comp =Core -> TCU -> L1$ -> L2$

T09: build/gem5-riscv-release/bin/tilemux
     Core =DerivO3CPU riscv @ 1GHz
     TCU  =eps:192, bufsz:2048 B, blocksz:64 B, count:4, tlb:128
     L1i$ =32 KiB (2-way assoc, 4 cycles)
     L1d$ =32 KiB (2-way assoc, 4 cycles)
     L2$  =256 KiB (8-way assoc, 12 cycles)
     Comp =Core -> TCU -> L1$ -> L2$

T10: build/gem5-riscv-release/bin/tilemux
     Core =DerivO3CPU riscv @ 1GHz
     TCU  =eps:192, bufsz:2048 B, blocksz:64 B, count:4, tlb:128
     L1i$ =32 KiB (2-way assoc, 4 cycles)
     L1d$ =32 KiB (2-way assoc, 4 cycles)
     L2$  =256 KiB (8-way assoc, 12 cycles)
     Comp =Core -> TCU -> L1$ -> L2$

T11: build/gem5-riscv-release/bin/tilemux
     Core =DerivO3CPU riscv @ 1GHz
     TCU  =eps:192, bufsz:2048 B, blocksz:64 B, count:4, tlb:128
     L1i$ =32 KiB (2-way assoc, 4 cycles)
     L1d$ =32 KiB (2-way assoc, 4 cycles)
     L2$  =256 KiB (8-way assoc, 12 cycles)
     Comp =Core -> TCU -> L1$ -> L2$

T12: build/gem5-riscv-release/bin/tilemux
     Core =DerivO3CPU riscv @ 1GHz
     TCU  =eps:192, bufsz:2048 B, blocksz:64 B, count:4, tlb:128
     L1i$ =32 KiB (2-way assoc, 4 cycles)
     L1d$ =32 KiB (2-way assoc, 4 cycles)
     L2$  =256 KiB (8-way assoc, 12 cycles)
     Comp =Core -> TCU -> L1$ -> L2$

T13: build/gem5-riscv-release/bin/tilemux
     Core =DerivO3CPU riscv @ 1GHz
     TCU  =eps:192, bufsz:2048 B, blocksz:64 B, count:4, tlb:128
     L1i$ =32 KiB (2-way assoc, 4 cycles)
     L1d$ =32 KiB (2-way assoc, 4 cycles)
     L2$  =256 KiB (8-way assoc, 12 cycles)
     Comp =Core -> TCU -> L1$ -> L2$

T14: build/gem5-riscv-release/bin/tilemux
     Core =DerivO3CPU riscv @ 1GHz
     TCU  =eps:192, bufsz:2048 B, blocksz:64 B, count:4, tlb:128
     L1i$ =32 KiB (2-way assoc, 4 cycles)
     L1d$ =32 KiB (2-way assoc, 4 cycles)
     L2$  =256 KiB (8-way assoc, 12 cycles)
     Comp =Core -> TCU -> L1$ -> L2$

T15: build/gem5-riscv-release/bin/tilemux
     Core =DerivO3CPU riscv @ 1GHz
     TCU  =eps:192, bufsz:2048 B, blocksz:64 B, count:4, tlb:128
     L1i$ =32 KiB (2-way assoc, 4 cycles)
     L1d$ =32 KiB (2-way assoc, 4 cycles)
     L2$  =256 KiB (8-way assoc, 12 cycles)
     Comp =Core -> TCU -> L1$ -> L2$

T16: indir accelerator @ 1GHz
     TCU  =eps:192, bufsz:2048 B, blocksz:2048 B, count:4, tlb:0
     imem =4096 KiB
     Comp =Core -> TCU -> SPM

T17: indir accelerator @ 1GHz
     TCU  =eps:192, bufsz:2048 B, blocksz:2048 B, count:4, tlb:0
     imem =4096 KiB
     Comp =Core -> TCU -> SPM

T18: indir accelerator @ 1GHz
     TCU  =eps:192, bufsz:2048 B, blocksz:2048 B, count:4, tlb:0
     imem =4096 KiB
     Comp =Core -> TCU -> SPM

T19: indir accelerator @ 1GHz
     TCU  =eps:192, bufsz:2048 B, blocksz:2048 B, count:4, tlb:0
     imem =4096 KiB
     Comp =Core -> TCU -> SPM

T20: copy accelerator @ 1GHz
     TCU  =eps:192, bufsz:2048 B, blocksz:2048 B, count:4, tlb:0
     imem =4096 KiB
     Comp =Core -> TCU -> SPM

T21: copy accelerator @ 1GHz
     TCU  =eps:192, bufsz:2048 B, blocksz:2048 B, count:4, tlb:0
     imem =4096 KiB
     Comp =Core -> TCU -> SPM

T22: copy accelerator @ 1GHz
     TCU  =eps:192, bufsz:2048 B, blocksz:2048 B, count:4, tlb:0
     imem =4096 KiB
     Comp =Core -> TCU -> SPM

T23: copy accelerator @ 1GHz
     TCU  =eps:192, bufsz:2048 B, blocksz:2048 B, count:4, tlb:0
     imem =4096 KiB
     Comp =Core -> TCU -> SPM

T24: rot13 accelerator @ 1GHz
     TCU  =eps:192, bufsz:2048 B, blocksz:2048 B, count:4, tlb:0
     imem =4096 KiB
     Comp =Core -> TCU -> SPM

T25: SerialInput
     TCU  =eps:192, bufsz:2048 B, blocksz:2048 B, count:4, tlb:0
     Comp =TCU -> SerialInput

T26: build/gem5-riscv-release/bench.img x 1
     TCU  =eps:192, bufsz:2048 B, blocksz:2048 B, count:8, tlb:0
     imem =3145728 KiB
     Comp =TCU -> DRAM

Global frequency set at 1000000000000 ticks per second
warn: No dot file generated. Please install pydot to generate the dot file and pdf.
Gem5 Terminal started; Quit via Ctrl+]
warn: DRAM device capacity (49152 Mbytes) does not match the address range assigned (4096 Mbytes)
platform.com_1.device: Listening for connections on port 3456
0: T00.remote_gdb: listening for remote gdb on port 7000
0: T01.remote_gdb: listening for remote gdb on port 7001
0: T02.remote_gdb: listening for remote gdb on port 7002
0: T03.remote_gdb: listening for remote gdb on port 7003
0: T04.remote_gdb: listening for remote gdb on port 7004
0: T05.remote_gdb: listening for remote gdb on port 7005
0: T06.remote_gdb: listening for remote gdb on port 7006
0: T07.remote_gdb: listening for remote gdb on port 7007
0: T08.remote_gdb: listening for remote gdb on port 7008
0: T09.remote_gdb: listening for remote gdb on port 7009
0: T10.remote_gdb: listening for remote gdb on port 7010
0: T11.remote_gdb: listening for remote gdb on port 7011
0: T12.remote_gdb: listening for remote gdb on port 7012
0: T13.remote_gdb: listening for remote gdb on port 7013
0: T14.remote_gdb: listening for remote gdb on port 7014
0: T15.remote_gdb: listening for remote gdb on port 7015
warn: CoherentXBar T16.xbar has no snooping ports attached!
warn: CoherentXBar T17.xbar has no snooping ports attached!
warn: CoherentXBar T18.xbar has no snooping ports attached!
warn: CoherentXBar T19.xbar has no snooping ports attached!
warn: CoherentXBar T20.xbar has no snooping ports attached!
warn: CoherentXBar T21.xbar has no snooping ports attached!
warn: CoherentXBar T22.xbar has no snooping ports attached!
warn: CoherentXBar T23.xbar has no snooping ports attached!
warn: CoherentXBar T24.xbar has no snooping ports attached!
warn: CoherentXBar T25.xbar has no snooping ports attached!
warn: CoherentXBar T26.xbar has no snooping ports attached!
info: Loaded 'boot.xml' to 0x9a00000030000000 .. 0x9a000000300004fe
info: Loaded 'root' to 0x9a00000030001000 .. 0x9a000000300756e0
info: Loaded 'm3fs' to 0x9a00000030076000 .. 0x9a000000300cc340
info: Loaded 'pager' to 0x9a000000300cd000 .. 0x9a0000003014bb90
info: Entering event queue @ 0.  Starting simulation...
warn: T15,PMP-EP65535: invalid EP
warn: T14,PMP-EP65535: invalid EP
warn: T0,PMP-EP65535: invalid EP
warn: T13,PMP-EP65535: invalid EP
warn: T12,PMP-EP65535: invalid EP
warn: T11,PMP-EP65535: invalid EP
warn: T10,PMP-EP65535: invalid EP
warn: T9,PMP-EP65535: invalid EP
warn: T8,PMP-EP65535: invalid EP
warn: T7,PMP-EP65535: invalid EP
warn: T6,PMP-EP65535: invalid EP
warn: T5,PMP-EP65535: invalid EP
warn: T4,PMP-EP65535: invalid EP
warn: T3,PMP-EP65535: invalid EP
warn: T2,PMP-EP65535: invalid EP
warn: T1,PMP-EP65535: invalid EP
warn: T13,PMP-EP65535: invalid EP
warn: T15,PMP-EP65535: invalid EP
warn: T7,PMP-EP65535: invalid EP
warn: T1,PMP-EP65535: invalid EP
warn: T14,PMP-EP65535: invalid EP
warn: T9,PMP-EP65535: invalid EP
warn: T11,PMP-EP65535: invalid EP
warn: T10,PMP-EP65535: invalid EP
warn: T5,PMP-EP65535: invalid EP
warn: T3,PMP-EP65535: invalid EP
warn: T2,PMP-EP65535: invalid EP
warn: T4,PMP-EP65535: invalid EP
warn: T12,PMP-EP65535: invalid EP
warn: T6,PMP-EP65535: invalid EP
warn: T8,PMP-EP65535: invalid EP
warn: T0,PMP-EP65535: invalid EP
[0;31m[T0:kernel  @        206] Entered raw mode; Quit via Ctrl+]
[0mwarn: T13,PMP-EP3: invalid EP
warn: T14,PMP-EP3: invalid EP
warn: T10,PMP-EP3: invalid EP
warn: T9,PMP-EP3: invalid EP
warn: T3,PMP-EP3: invalid EP
warn: T13,PMP-EP65535: invalid EP
warn: T13,PMP-EP65535: invalid EP
warn: T13,PMP-EP65535: invalid EP
warn: T11,PMP-EP3: invalid EP
warn: T12,PMP-EP3: invalid EP
warn: T7,PMP-EP3: invalid EP
warn: T1,PMP-EP3: invalid EP
warn: T8,PMP-EP3: invalid EP
warn: T15,PMP-EP3: invalid EP
warn: T6,PMP-EP3: invalid EP
warn: T14,PMP-EP65535: invalid EP
warn: T14,PMP-EP65535: invalid EP
warn: T14,PMP-EP65535: invalid EP
warn: T4,PMP-EP3: invalid EP
warn: T10,PMP-EP65535: invalid EP
warn: T10,PMP-EP65535: invalid EP
warn: T10,PMP-EP65535: invalid EP
warn: T2,PMP-EP3: invalid EP
warn: T13,PMP-EP65535: invalid EP
warn: T5,PMP-EP3: invalid EP
warn: T9,PMP-EP65535: invalid EP
warn: T9,PMP-EP65535: invalid EP
warn: T9,PMP-EP65535: invalid EP
warn: T3,PMP-EP65535: invalid EP
warn: T3,PMP-EP65535: invalid EP
warn: T3,PMP-EP65535: invalid EP
warn: T14,PMP-EP65535: invalid EP
warn: T10,PMP-EP65535: invalid EP
warn: T11,PMP-EP65535: invalid EP
warn: T11,PMP-EP65535: invalid EP
warn: T11,PMP-EP65535: invalid EP
warn: T12,PMP-EP65535: invalid EP
warn: T12,PMP-EP65535: invalid EP
warn: T12,PMP-EP65535: invalid EP
warn: T7,PMP-EP65535: invalid EP
warn: T7,PMP-EP65535: invalid EP
warn: T7,PMP-EP65535: invalid EP
warn: T1,PMP-EP65535: invalid EP
warn: T1,PMP-EP65535: invalid EP
warn: T1,PMP-EP65535: invalid EP
warn: T9,PMP-EP65535: invalid EP
warn: T8,PMP-EP65535: invalid EP
warn: T8,PMP-EP65535: invalid EP
warn: T8,PMP-EP65535: invalid EP
warn: T3,PMP-EP65535: invalid EP
warn: T15,PMP-EP65535: invalid EP
warn: T15,PMP-EP65535: invalid EP
warn: T15,PMP-EP65535: invalid EP
warn: T6,PMP-EP65535: invalid EP
warn: T6,PMP-EP65535: invalid EP
warn: T6,PMP-EP65535: invalid EP
warn: T4,PMP-EP65535: invalid EP
warn: T4,PMP-EP65535: invalid EP
warn: T4,PMP-EP65535: invalid EP
warn: T2,PMP-EP65535: invalid EP
warn: T2,PMP-EP65535: invalid EP
warn: T2,PMP-EP65535: invalid EP
warn: T11,PMP-EP65535: invalid EP
warn: T5,PMP-EP65535: invalid EP
warn: T5,PMP-EP65535: invalid EP
warn: T5,PMP-EP65535: invalid EP
warn: T7,PMP-EP65535: invalid EP
warn: T12,PMP-EP65535: invalid EP
warn: T1,PMP-EP65535: invalid EP
warn: T8,PMP-EP65535: invalid EP
warn: T15,PMP-EP65535: invalid EP
warn: T6,PMP-EP65535: invalid EP
warn: T4,PMP-EP65535: invalid EP
warn: T2,PMP-EP65535: invalid EP
warn: T5,PMP-EP65535: invalid EP
[0;31m[T0:kernel  @       1652] Attesting tile: 1
[0m[0;31m[T0:kernel  @       4372] Attestation complete: 1, 2711238 cycles
[0m[0;31m[T0:kernel  @       5634] Attesting tile: 2
[0m[0;31m[T0:kernel  @       8342] Attestation complete: 2, 2704113 cycles
[0m[0;31m[T0:kernel  @       9604] Attesting tile: 3
[0m[0;31m[T0:kernel  @      12311] Attestation complete: 3, 2703461 cycles
[0m[0;31m[T0:kernel  @      13571] Attesting tile: 4
[0m[0;31m[T0:kernel  @      16279] Attestation complete: 4, 2703376 cycles
[0m[0;31m[T0:kernel  @      17539] Attesting tile: 5
[0m[0;31m[T0:kernel  @      20246] Attestation complete: 5, 2703200 cycles
[0m[0;31m[T0:kernel  @      21506] Attesting tile: 6
[0m[0;31m[T0:kernel  @      24213] Attestation complete: 6, 2703117 cycles
[0m[0;31m[T0:kernel  @      25473] Attesting tile: 7
[0m[0;31m[T0:kernel  @      28180] Attestation complete: 7, 2703089 cycles
[0m[0;31m[T0:kernel  @      29440] Attesting tile: 8
[0m[0;31m[T0:kernel  @      32147] Attestation complete: 8, 2703156 cycles
[0m[0;31m[T0:kernel  @      33408] Attesting tile: 9
[0m[0;31m[T0:kernel  @      36115] Attestation complete: 9, 2703120 cycles
[0m[0;31m[T0:kernel  @      37375] Attesting tile: 10
[0m[0;31m[T0:kernel  @      40082] Attestation complete: 10, 2703190 cycles
[0m[0;31m[T0:kernel  @      41342] Attesting tile: 11
[0m[0;31m[T0:kernel  @      44049] Attestation complete: 11, 2703111 cycles
[0m[0;31m[T0:kernel  @      45309] Attesting tile: 12
[0m[0;31m[T0:kernel  @      48016] Attestation complete: 12, 2703144 cycles
[0m[0;31m[T0:kernel  @      49276] Attesting tile: 13
[0m[0;31m[T0:kernel  @      51983] Attestation complete: 13, 2703103 cycles
[0m[0;31m[T0:kernel  @      53243] Attesting tile: 14
[0m[0;31m[T0:kernel  @      55950] Attestation complete: 14, 2703158 cycles
[0m[0;31m[T0:kernel  @      57210] Attesting tile: 15
[0m[0;31m[T0:kernel  @      59917] Attestation complete: 15, 2703119 cycles
[0m[0;31m[T0:kernel  @      61176] Attesting tile: 16
[0m[0;31m[T0:kernel  @      63884] Attestation complete: 16, 2703149 cycles
[0m[0;31m[T0:kernel  @      65143] Attesting tile: 17
[0m[0;31m[T0:kernel  @      67850] Attestation complete: 17, 2702445 cycles
[0m[0;31m[T0:kernel  @      69110] Attesting tile: 18
[0m[0;31m[T0:kernel  @      71816] Attestation complete: 18, 2702443 cycles
[0m[0;31m[T0:kernel  @      73076] Attesting tile: 19
[0m[0;31m[T0:kernel  @      75783] Attestation complete: 19, 2702412 cycles
[0m[0;31m[T0:kernel  @      77042] Attesting tile: 20
[0m[0;31m[T0:kernel  @      79749] Attestation complete: 20, 2702441 cycles
[0m[0;31m[T0:kernel  @      81008] Attesting tile: 21
[0m[0;31m[T0:kernel  @      83715] Attestation complete: 21, 2702459 cycles
[0m[0;31m[T0:kernel  @      84975] Attesting tile: 22
[0m[0;31m[T0:kernel  @      87681] Attestation complete: 22, 2702480 cycles
[0m[0;31m[T0:kernel  @      88941] Attesting tile: 23
[0m[0;31m[T0:kernel  @      91648] Attestation complete: 23, 2702399 cycles
[0m[0;31m[T0:kernel  @      92907] Attesting tile: 24
[0m[0;31m[T0:kernel  @      95614] Attestation complete: 24, 2702432 cycles
[0m[0;31m[T0:kernel  @      96874] Attesting tile: 25
[0m[0;31m[T0:kernel  @      99580] Attestation complete: 25, 2702438 cycles
[0m[0;31m[T0:kernel  @      99588] Attesting tile: 26
[0m[0;31m[T0:kernel  @     102300] Attestation complete: 26, 2707915 cycles
[0m[0;31m[T0:kernel  @     102306] Attesting tile: 26
[0m[0;31m[T0:kernel  @     105017] Attestation complete: 26, 2707599 cycles
[0m[0;31m[T0:kernel  @     105023] Attesting tile: 26
[0m[0;31m[T0:kernel  @     107734] Attestation complete: 26, 2707154 cycles
[0m[0;31m[T0:kernel  @     107739] Attesting tile: 26
[0m[0;31m[T0:kernel  @     110450] Attestation complete: 26, 2707604 cycles
[0m[0;31m[T0:kernel  @     110714] Kernel is ready!
[0m[0;32m[T1:root    @     111537] Boot modules:
[0m[0;32m[T1:root    @     111557]   Mod[addr: G[Tile26+0x30000000], size: 0x4fe, name: boot.xml]
[0m[0;32m[T1:root    @     111565]   Mod[addr: G[Tile26+0x30001000], size: 0x746e0, name: root]
[0m[0;32m[T1:root    @     111573]   Mod[addr: G[Tile26+0x30076000], size: 0x56340, name: m3fs]
[0m[0;32m[T1:root    @     111580]   Mod[addr: G[Tile26+0x300cd000], size: 0x7eb90, name: pager]
[0m[0;32m[T1:root    @     111583] Available tiles:
[0m[0;32m[T1:root    @     111597]   Tile01: COMP_EMEM RISCV (empty) 0 KiB memory
[0m[0;32m[T1:root    @     111607]   Tile02: COMP_EMEM RISCV (empty) 0 KiB memory
[0m[0;32m[T1:root    @     111613]   Tile03: COMP_EMEM RISCV (empty) 0 KiB memory
[0m[0;32m[T1:root    @     111620]   Tile04: COMP_EMEM RISCV (empty) 0 KiB memory
[0m[0;32m[T1:root    @     111626]   Tile05: COMP_EMEM RISCV (empty) 0 KiB memory
[0m[0;32m[T1:root    @     111634]   Tile06: COMP_EMEM RISCV (empty) 0 KiB memory
[0m[0;32m[T1:root    @     111641]   Tile07: COMP_EMEM RISCV (empty) 0 KiB memory
[0m[0;32m[T1:root    @     111648]   Tile08: COMP_EMEM RISCV (empty) 0 KiB memory
[0m[0;32m[T1:root    @     111654]   Tile09: COMP_EMEM RISCV (empty) 0 KiB memory
[0m[0;32m[T1:root    @     111662]   Tile10: COMP_EMEM RISCV (empty) 0 KiB memory
[0m[0;32m[T1:root    @     111668]   Tile11: COMP_EMEM RISCV (empty) 0 KiB memory
[0m[0;32m[T1:root    @     111675]   Tile12: COMP_EMEM RISCV (empty) 0 KiB memory
[0m[0;32m[T1:root    @     111681]   Tile13: COMP_EMEM RISCV (empty) 0 KiB memory
[0m[0;32m[T1:root    @     111687]   Tile14: COMP_EMEM RISCV (empty) 0 KiB memory
[0m[0;32m[T1:root    @     111694]   Tile15: COMP_EMEM RISCV (empty) 0 KiB memory
[0m[0;32m[T1:root    @     111700]   Tile16: COMP_IMEM ACCEL_INDIR (empty) 4096 KiB memory
[0m[0;32m[T1:root    @     111707]   Tile17: COMP_IMEM ACCEL_INDIR (empty) 4096 KiB memory
[0m[0;32m[T1:root    @     111715]   Tile18: COMP_IMEM ACCEL_INDIR (empty) 4096 KiB memory
[0m[0;32m[T1:root    @     111722]   Tile19: COMP_IMEM ACCEL_INDIR (empty) 4096 KiB memory
[0m[0;32m[T1:root    @     111728]   Tile20: COMP_IMEM ACCEL_COPY (empty) 4096 KiB memory
[0m[0;32m[T1:root    @     111734]   Tile21: COMP_IMEM ACCEL_COPY (empty) 4096 KiB memory
[0m[0;32m[T1:root    @     111745]   Tile22: COMP_IMEM ACCEL_COPY (empty) 4096 KiB memory
[0m[0;32m[T1:root    @     111751]   Tile23: COMP_IMEM ACCEL_COPY (empty) 4096 KiB memory
[0m[0;32m[T1:root    @     111757]   Tile24: COMP_IMEM ACCEL_ROT13 (empty) 4096 KiB memory
[0m[0;32m[T1:root    @     111764]   Tile25: COMP_IMEM SERIAL_DEV (empty) 0 KiB memory
[0m[0;32m[T1:root    @     111771] Available memory:
[0m[0;32m[T1:root    @     111783]   MemMod[sel: 34, res: true, addr: G[Tile26+0x0], size: 1264 MiB]
[0m[0;32m[T1:root    @     111792]   MemMod[sel: 35, res: false, addr: G[Tile26+0x53600000], size: 959 MiB]
[0m[0;32m[T1:root    @     111797] Parsed Config [
[0m[0;32m[T1:root    @     111804]   root [
[0m[0;32m[T1:root    @     111818]     Domain on core [
[0m[0;32m[T1:root    @     111824]       m3fs mem 268435456 [
[0m[0;32m[T1:root    @     111828]         Daemon,
[0m[0;32m[T1:root    @     111839]         PhysMem[addr=0x0, size=0x40000 KiB, perm=R | W | X | RW | RWX],
[0m[0;32m[T1:root    @     111847]         Service[lname='m3fs', gname='m3fs'],
[0m[0;32m[T1:root    @     111852]       ]
[0m[0;32m[T1:root    @     111856]     ]
[0m[0;32m[T1:root    @     111860]     Domain on core [
[0m[0;32m[T1:root    @     111866]       pager 268435456 [
[0m[0;32m[T1:root    @     111873]         PhysMem[addr=0x0, size=0x40000 KiB, perm=R],
[0m[0;32m[T1:root    @     111881]         Session[lname='m3fs', gname='m3fs', arg='', dep=true],
[0m[0;32m[T1:root    @     111889]         Tile[type=boom|core, count=2, optional=false],
[0m[0;32m[T1:root    @     111894]         Domain on boom|core [
[0m[0;32m[T1:root    @     111902]           /bin/facever gpu 256 13436961 0 16384 [
[0m[0;32m[T1:root    @     111907]             Daemon,
[0m[0;32m[T1:root    @     111916]             RGate[lname='gpu', gname='gpu', msgsize='512', slots=1],
[0m[0;32m[T1:root    @     111927]             SGate[lname='gpures', gname='gpures', credits='1', label=0x0],
[0m[0;32m[T1:root    @     111934]             Mount[fs='m3fs', path='/'],
[0m[0;32m[T1:root    @     111941]             Tile[type=core, count=1, optional=false],
[0m[0;32m[T1:root    @     111945]           ]
[0m[0;32m[T1:root    @     111949]         ]
[0m[0;32m[T1:root    @     111954]         Domain on boom|core [
[0m[0;32m[T1:root    @     111961]           /bin/facever client 256 200704 1 [
[0m[0;32m[T1:root    @     111970]             RGate[lname='gpures', gname='gpures', msgsize='512', slots=1],
[0m[0;32m[T1:root    @     111978]             SGate[lname='gpu', gname='gpu', credits='1', label=0x0],
[0m[0;32m[T1:root    @     111985]             Tile[type=core, count=1, optional=false],
[0m[0;32m[T1:root    @     111989]           ]
[0m[0;32m[T1:root    @     111994]         ]
[0m[0;32m[T1:root    @     111997]       ]
[0m[0;32m[T1:root    @     112001]     ]
[0m[0;32m[T1:root    @     112004]   ]
[0m[0;32m[T1:root    @     112006] ]
[0m[0;32m[T1:root    @     112009] 
[0m[0;32m[T1:root    @     113224] Starting boot module 'm3fs' on tile2 with arguments ["mem", "268435456"]
[0m[0;32m[T1:root    @     114697] m3fs: reg_serv(srv_sel=50, sgate_sel=54, name=m3fs, sessions=32)
[0m[0;32m[T1:root    @     114711] Creating service 1:m3fs
[0m[0;32m[T1:root    @     114888] Starting boot module 'pager' on tile3 with arguments ["268435456"]
[0m[0;34m[T3:pager   @     115653] Created rgate gpu @ 63
[0m[0;34m[T3:pager   @     115670] Created rgate gpures @ 64
[0m[0;34m[T3:pager   @     115676] Boot modules:
[0m[0;34m[T3:pager   @     115690]   Mod[addr: G[Tile26+0x7b601000], size: 0x3e0, name: boot.xml]
[0m[0;34m[T3:pager   @     115694] Available tiles:
[0m[0;34m[T3:pager   @     115708]   Tile03: COMP_EMEM RISCV (empty) 0 KiB memory
[0m[0;34m[T3:pager   @     115717]   Tile04: COMP_EMEM RISCV (empty) 0 KiB memory
[0m[0;34m[T3:pager   @     115723]   Tile05: COMP_EMEM RISCV (empty) 0 KiB memory
[0m[0;34m[T3:pager   @     115729] Available memory:
[0m[0;34m[T3:pager   @     115742]   MemMod[sel: 9, res: false, addr: G[Tile26+0x67800000], size: 213 MiB]
[0m[0;32m[T1:root    @     115771] pager: open_sess(dst_sel=65, name=m3fs)
[0m[0;32m[T1:root    @     117019] pager: Ok(8:ALLOC_TILE) failed: NotFound
[0m[0;34m[T3:pager   @     117486] Starting boot module '/bin/facever' on tile6 with arguments ["gpu", "256", "13436961", "0", "16384"]
[0m[0;32m[T1:root    @     117745] pager: Ok(8:ALLOC_TILE) failed: NotFound
[0m[0;34m[T3:pager   @     118039] Starting boot module '/bin/facever' on tile7 with arguments ["client", "256", "200704", "1"]
[0m[0;34m[T3:pager   @     118897] /bin/facever: use_sgate(name=gpures, sel=89)
[0m[0;34m[T3:pager   @     118979] /bin/facever: use_rgate(name=gpu, sel=94)
[0m[0;34m[T3:pager   @     119232] /bin/facever: use_sgate(name=gpu, sel=112)
[0m[0;34m[T3:pager   @     119254] /bin/facever: use_rgate(name=gpures, sel=114)
[0m[0;32m[T7:facever @     119318] client: writing to gpu
[0m[0;32m[T7:facever @     119518] client -> gpu
[0m[0;31m[T6:facever @     119554] gpu <- client
[0m[0;32m[T7:facever @     119566] client <- gpu
[0m[0;31m[T6:facever @     119569] gpu: computing for 13436961 cycles
[0m[0;31m[T6:facever @     133174] gpu -> client
[0m[0;32m[T7:facever @     133188] client <- gpu
[0m[0;31m[T6:facever @     133194] gpu <- client
[0mtotal: 13905311 cycles
Child '/bin/facever' exited with exitcode 63
[0;32m[T1:root    @     134216] Sending SHUTDOWN to service 1:m3fs
[0m[0;32m[T1:root    @     134267] m3fs: unreg_serv(sel=50)
[0m[0;32m[T1:root    @     134274] Removing service 1:m3fs
[0m[0;32m[T1:root    @     134490] All childs gone. Exiting.
[0m[0;31m[T0:kernel  @     134602] Shutting down
[0mExiting @ tick 134615399000 because m5_exit instruction encountered
