Building for gem5-riscv-release...
ninja: no work to do.
run/boot-all.xml validates
gem5 Simulator System.  http://gem5.org
gem5 is copyrighted software; use the --copyright option for details.

gem5 version 21.0.0.0
gem5 compiled Jan 24 2023 12:10:45
gem5 started Feb  3 2023 10:54:36
gem5 executing on graham, pid 3390027
command line: platform/gem5/build/RISCV/gem5.opt --outdir=run --debug-file=gem5.log --debug-flags=Tcu /scratch/harshanavkis/sec-acc/M3/config/accels.py --cpu-type DerivO3CPU --isa riscv --cmd 'build/gem5-riscv-release/bin/kernel -f build/gem5-riscv-release/bench.img,build/gem5-riscv-release/bin/tilemux,build/gem5-riscv-release/bin/tilemux,build/gem5-riscv-release/bin/tilemux,build/gem5-riscv-release/bin/tilemux,build/gem5-riscv-release/bin/tilemux,build/gem5-riscv-release/bin/tilemux,build/gem5-riscv-release/bin/tilemux,build/gem5-riscv-release/bin/tilemux,build/gem5-riscv-release/bin/tilemux,build/gem5-riscv-release/bin/tilemux,build/gem5-riscv-release/bin/tilemux,build/gem5-riscv-release/bin/tilemux,build/gem5-riscv-release/bin/tilemux,build/gem5-riscv-release/bin/tilemux,build/gem5-riscv-release/bin/tilemux,' --mods run/boot.xml,build/gem5-riscv-release/bin/root,build/gem5-riscv-release/bin/m3fs,build/gem5-riscv-release/bin/pager --cpu-clock=1GHz --sys-clock=1GHz --encr-latency=0 --par-pipe=1 --int-transfer-latency=0 --rng-latency=0 --sign-latency=0 --sign-ver-latency=0

T00: build/gem5-riscv-release/bin/kernel -f build/gem5-riscv-release/bench.img
     Core =DerivO3CPU riscv @ 1GHz
     TCU  =eps:192, bufsz:2048 B, blocksz:64 B, count:4, tlb:128
     L1i$ =32 KiB (2-way assoc, 4 cycles)
     L1d$ =32 KiB (2-way assoc, 4 cycles)
     L2$  =256 KiB (8-way assoc, 12 cycles)
     Comp =Core -> TCU -> L1$ -> L2$

T01: build/gem5-riscv-release/bin/tilemux
     Core =DerivO3CPU riscv @ 1GHz
     TCU  =eps:192, bufsz:2048 B, blocksz:64 B, count:4, tlb:128
     L1i$ =32 KiB (2-way assoc, 4 cycles)
     L1d$ =32 KiB (2-way assoc, 4 cycles)
     L2$  =256 KiB (8-way assoc, 12 cycles)
     Comp =Core -> TCU -> L1$ -> L2$

T02: build/gem5-riscv-release/bin/tilemux
     Core =DerivO3CPU riscv @ 1GHz
     TCU  =eps:192, bufsz:2048 B, blocksz:64 B, count:4, tlb:128
     L1i$ =32 KiB (2-way assoc, 4 cycles)
     L1d$ =32 KiB (2-way assoc, 4 cycles)
     L2$  =256 KiB (8-way assoc, 12 cycles)
     Comp =Core -> TCU -> L1$ -> L2$

T03: build/gem5-riscv-release/bin/tilemux
     Core =DerivO3CPU riscv @ 1GHz
     TCU  =eps:192, bufsz:2048 B, blocksz:64 B, count:4, tlb:128
     L1i$ =32 KiB (2-way assoc, 4 cycles)
     L1d$ =32 KiB (2-way assoc, 4 cycles)
     L2$  =256 KiB (8-way assoc, 12 cycles)
     Comp =Core -> TCU -> L1$ -> L2$

T04: build/gem5-riscv-release/bin/tilemux
     Core =DerivO3CPU riscv @ 1GHz
     TCU  =eps:192, bufsz:2048 B, blocksz:64 B, count:4, tlb:128
     L1i$ =32 KiB (2-way assoc, 4 cycles)
     L1d$ =32 KiB (2-way assoc, 4 cycles)
     L2$  =256 KiB (8-way assoc, 12 cycles)
     Comp =Core -> TCU -> L1$ -> L2$

T05: build/gem5-riscv-release/bin/tilemux
     Core =DerivO3CPU riscv @ 1GHz
     TCU  =eps:192, bufsz:2048 B, blocksz:64 B, count:4, tlb:128
     L1i$ =32 KiB (2-way assoc, 4 cycles)
     L1d$ =32 KiB (2-way assoc, 4 cycles)
     L2$  =256 KiB (8-way assoc, 12 cycles)
     Comp =Core -> TCU -> L1$ -> L2$

T06: build/gem5-riscv-release/bin/tilemux
     Core =DerivO3CPU riscv @ 1GHz
     TCU  =eps:192, bufsz:2048 B, blocksz:64 B, count:4, tlb:128
     L1i$ =32 KiB (2-way assoc, 4 cycles)
     L1d$ =32 KiB (2-way assoc, 4 cycles)
     L2$  =256 KiB (8-way assoc, 12 cycles)
     Comp =Core -> TCU -> L1$ -> L2$

T07: build/gem5-riscv-release/bin/tilemux
     Core =DerivO3CPU riscv @ 1GHz
     TCU  =eps:192, bufsz:2048 B, blocksz:64 B, count:4, tlb:128
     L1i$ =32 KiB (2-way assoc, 4 cycles)
     L1d$ =32 KiB (2-way assoc, 4 cycles)
     L2$  =256 KiB (8-way assoc, 12 cycles)
     Comp =Core -> TCU -> L1$ -> L2$

T08: build/gem5-riscv-release/bin/tilemux
     Core =DerivO3CPU riscv @ 1GHz
     TCU  =eps:192, bufsz:2048 B, blocksz:64 B, count:4, tlb:128
     L1i$ =32 KiB (2-way assoc, 4 cycles)
     L1d$ =32 KiB (2-way assoc, 4 cycles)
     L2$  =256 KiB (8-way assoc, 12 cycles)
     Comp =Core -> TCU -> L1$ -> L2$

T09: build/gem5-riscv-release/bin/tilemux
     Core =DerivO3CPU riscv @ 1GHz
     TCU  =eps:192, bufsz:2048 B, blocksz:64 B, count:4, tlb:128
     L1i$ =32 KiB (2-way assoc, 4 cycles)
     L1d$ =32 KiB (2-way assoc, 4 cycles)
     L2$  =256 KiB (8-way assoc, 12 cycles)
     Comp =Core -> TCU -> L1$ -> L2$

T10: build/gem5-riscv-release/bin/tilemux
     Core =DerivO3CPU riscv @ 1GHz
     TCU  =eps:192, bufsz:2048 B, blocksz:64 B, count:4, tlb:128
     L1i$ =32 KiB (2-way assoc, 4 cycles)
     L1d$ =32 KiB (2-way assoc, 4 cycles)
     L2$  =256 KiB (8-way assoc, 12 cycles)
     Comp =Core -> TCU -> L1$ -> L2$

T11: build/gem5-riscv-release/bin/tilemux
     Core =DerivO3CPU riscv @ 1GHz
     TCU  =eps:192, bufsz:2048 B, blocksz:64 B, count:4, tlb:128
     L1i$ =32 KiB (2-way assoc, 4 cycles)
     L1d$ =32 KiB (2-way assoc, 4 cycles)
     L2$  =256 KiB (8-way assoc, 12 cycles)
     Comp =Core -> TCU -> L1$ -> L2$

T12: build/gem5-riscv-release/bin/tilemux
     Core =DerivO3CPU riscv @ 1GHz
     TCU  =eps:192, bufsz:2048 B, blocksz:64 B, count:4, tlb:128
     L1i$ =32 KiB (2-way assoc, 4 cycles)
     L1d$ =32 KiB (2-way assoc, 4 cycles)
     L2$  =256 KiB (8-way assoc, 12 cycles)
     Comp =Core -> TCU -> L1$ -> L2$

T13: build/gem5-riscv-release/bin/tilemux
     Core =DerivO3CPU riscv @ 1GHz
     TCU  =eps:192, bufsz:2048 B, blocksz:64 B, count:4, tlb:128
     L1i$ =32 KiB (2-way assoc, 4 cycles)
     L1d$ =32 KiB (2-way assoc, 4 cycles)
     L2$  =256 KiB (8-way assoc, 12 cycles)
     Comp =Core -> TCU -> L1$ -> L2$

T14: build/gem5-riscv-release/bin/tilemux
     Core =DerivO3CPU riscv @ 1GHz
     TCU  =eps:192, bufsz:2048 B, blocksz:64 B, count:4, tlb:128
     L1i$ =32 KiB (2-way assoc, 4 cycles)
     L1d$ =32 KiB (2-way assoc, 4 cycles)
     L2$  =256 KiB (8-way assoc, 12 cycles)
     Comp =Core -> TCU -> L1$ -> L2$

T15: build/gem5-riscv-release/bin/tilemux
     Core =DerivO3CPU riscv @ 1GHz
     TCU  =eps:192, bufsz:2048 B, blocksz:64 B, count:4, tlb:128
     L1i$ =32 KiB (2-way assoc, 4 cycles)
     L1d$ =32 KiB (2-way assoc, 4 cycles)
     L2$  =256 KiB (8-way assoc, 12 cycles)
     Comp =Core -> TCU -> L1$ -> L2$

T16: indir accelerator @ 1GHz
     TCU  =eps:192, bufsz:2048 B, blocksz:2048 B, count:4, tlb:0
     imem =4096 KiB
     Comp =Core -> TCU -> SPM

T17: indir accelerator @ 1GHz
     TCU  =eps:192, bufsz:2048 B, blocksz:2048 B, count:4, tlb:0
     imem =4096 KiB
     Comp =Core -> TCU -> SPM

T18: indir accelerator @ 1GHz
     TCU  =eps:192, bufsz:2048 B, blocksz:2048 B, count:4, tlb:0
     imem =4096 KiB
     Comp =Core -> TCU -> SPM

T19: indir accelerator @ 1GHz
     TCU  =eps:192, bufsz:2048 B, blocksz:2048 B, count:4, tlb:0
     imem =4096 KiB
     Comp =Core -> TCU -> SPM

T20: copy accelerator @ 1GHz
     TCU  =eps:192, bufsz:2048 B, blocksz:2048 B, count:4, tlb:0
     imem =4096 KiB
     Comp =Core -> TCU -> SPM

T21: copy accelerator @ 1GHz
     TCU  =eps:192, bufsz:2048 B, blocksz:2048 B, count:4, tlb:0
     imem =4096 KiB
     Comp =Core -> TCU -> SPM

T22: copy accelerator @ 1GHz
     TCU  =eps:192, bufsz:2048 B, blocksz:2048 B, count:4, tlb:0
     imem =4096 KiB
     Comp =Core -> TCU -> SPM

T23: copy accelerator @ 1GHz
     TCU  =eps:192, bufsz:2048 B, blocksz:2048 B, count:4, tlb:0
     imem =4096 KiB
     Comp =Core -> TCU -> SPM

T24: rot13 accelerator @ 1GHz
     TCU  =eps:192, bufsz:2048 B, blocksz:2048 B, count:4, tlb:0
     imem =4096 KiB
     Comp =Core -> TCU -> SPM

T25: SerialInput
     TCU  =eps:192, bufsz:2048 B, blocksz:2048 B, count:4, tlb:0
     Comp =TCU -> SerialInput

T26: build/gem5-riscv-release/bench.img x 1
     TCU  =eps:192, bufsz:2048 B, blocksz:2048 B, count:8, tlb:0
     imem =3145728 KiB
     Comp =TCU -> DRAM

Global frequency set at 1000000000000 ticks per second
warn: No dot file generated. Please install pydot to generate the dot file and pdf.
Gem5 Terminal started; Quit via Ctrl+]
warn: DRAM device capacity (49152 Mbytes) does not match the address range assigned (4096 Mbytes)
platform.com_1.device: Listening for connections on port 3456
0: T00.remote_gdb: listening for remote gdb on port 7000
0: T01.remote_gdb: listening for remote gdb on port 7001
0: T02.remote_gdb: listening for remote gdb on port 7002
0: T03.remote_gdb: listening for remote gdb on port 7003
0: T04.remote_gdb: listening for remote gdb on port 7004
0: T05.remote_gdb: listening for remote gdb on port 7005
0: T06.remote_gdb: listening for remote gdb on port 7006
0: T07.remote_gdb: listening for remote gdb on port 7007
0: T08.remote_gdb: listening for remote gdb on port 7008
0: T09.remote_gdb: listening for remote gdb on port 7009
0: T10.remote_gdb: listening for remote gdb on port 7010
0: T11.remote_gdb: listening for remote gdb on port 7011
0: T12.remote_gdb: listening for remote gdb on port 7012
0: T13.remote_gdb: listening for remote gdb on port 7013
0: T14.remote_gdb: listening for remote gdb on port 7014
0: T15.remote_gdb: listening for remote gdb on port 7015
warn: CoherentXBar T16.xbar has no snooping ports attached!
warn: CoherentXBar T17.xbar has no snooping ports attached!
warn: CoherentXBar T18.xbar has no snooping ports attached!
warn: CoherentXBar T19.xbar has no snooping ports attached!
warn: CoherentXBar T20.xbar has no snooping ports attached!
warn: CoherentXBar T21.xbar has no snooping ports attached!
warn: CoherentXBar T22.xbar has no snooping ports attached!
warn: CoherentXBar T23.xbar has no snooping ports attached!
warn: CoherentXBar T24.xbar has no snooping ports attached!
warn: CoherentXBar T25.xbar has no snooping ports attached!
warn: CoherentXBar T26.xbar has no snooping ports attached!
info: Loaded 'boot.xml' to 0x9a00000030000000 .. 0x9a000000300004fe
info: Loaded 'root' to 0x9a00000030001000 .. 0x9a000000300756e0
info: Loaded 'm3fs' to 0x9a00000030076000 .. 0x9a000000300cc340
info: Loaded 'pager' to 0x9a000000300cd000 .. 0x9a0000003014bb90
info: Entering event queue @ 0.  Starting simulation...
warn: T15,PMP-EP65535: invalid EP
warn: T14,PMP-EP65535: invalid EP
warn: T0,PMP-EP65535: invalid EP
warn: T13,PMP-EP65535: invalid EP
warn: T12,PMP-EP65535: invalid EP
warn: T11,PMP-EP65535: invalid EP
warn: T10,PMP-EP65535: invalid EP
warn: T9,PMP-EP65535: invalid EP
warn: T8,PMP-EP65535: invalid EP
warn: T7,PMP-EP65535: invalid EP
warn: T6,PMP-EP65535: invalid EP
warn: T5,PMP-EP65535: invalid EP
warn: T4,PMP-EP65535: invalid EP
warn: T3,PMP-EP65535: invalid EP
warn: T2,PMP-EP65535: invalid EP
warn: T1,PMP-EP65535: invalid EP
warn: T2,PMP-EP65535: invalid EP
warn: T12,PMP-EP65535: invalid EP
warn: T14,PMP-EP65535: invalid EP
warn: T11,PMP-EP65535: invalid EP
warn: T4,PMP-EP65535: invalid EP
warn: T15,PMP-EP65535: invalid EP
warn: T5,PMP-EP65535: invalid EP
warn: T10,PMP-EP65535: invalid EP
warn: T3,PMP-EP65535: invalid EP
warn: T9,PMP-EP65535: invalid EP
warn: T7,PMP-EP65535: invalid EP
warn: T8,PMP-EP65535: invalid EP
warn: T13,PMP-EP65535: invalid EP
warn: T1,PMP-EP65535: invalid EP
warn: T6,PMP-EP65535: invalid EP
warn: T0,PMP-EP65535: invalid EP
[0;31m[T0:kernel  @        207] Entered raw mode; Quit via Ctrl+]
[0mwarn: T3,PMP-EP3: invalid EP
warn: T14,PMP-EP3: invalid EP
warn: T2,PMP-EP3: invalid EP
warn: T12,PMP-EP3: invalid EP
warn: T4,PMP-EP3: invalid EP
warn: T5,PMP-EP3: invalid EP
warn: T7,PMP-EP3: invalid EP
warn: T11,PMP-EP3: invalid EP
warn: T3,PMP-EP65535: invalid EP
warn: T3,PMP-EP65535: invalid EP
warn: T3,PMP-EP65535: invalid EP
warn: T8,PMP-EP3: invalid EP
warn: T9,PMP-EP3: invalid EP
warn: T14,PMP-EP65535: invalid EP
warn: T14,PMP-EP65535: invalid EP
warn: T14,PMP-EP65535: invalid EP
warn: T10,PMP-EP3: invalid EP
warn: T15,PMP-EP3: invalid EP
warn: T1,PMP-EP3: invalid EP
warn: T3,PMP-EP65535: invalid EP
warn: T2,PMP-EP65535: invalid EP
warn: T2,PMP-EP65535: invalid EP
warn: T2,PMP-EP65535: invalid EP
warn: T4,PMP-EP65535: invalid EP
warn: T4,PMP-EP65535: invalid EP
warn: T4,PMP-EP65535: invalid EP
warn: T12,PMP-EP65535: invalid EP
warn: T12,PMP-EP65535: invalid EP
warn: T12,PMP-EP65535: invalid EP
warn: T6,PMP-EP3: invalid EP
warn: T14,PMP-EP65535: invalid EP
warn: T13,PMP-EP3: invalid EP
warn: T5,PMP-EP65535: invalid EP
warn: T5,PMP-EP65535: invalid EP
warn: T5,PMP-EP65535: invalid EP
warn: T7,PMP-EP65535: invalid EP
warn: T7,PMP-EP65535: invalid EP
warn: T7,PMP-EP65535: invalid EP
warn: T2,PMP-EP65535: invalid EP
warn: T12,PMP-EP65535: invalid EP
warn: T11,PMP-EP65535: invalid EP
warn: T11,PMP-EP65535: invalid EP
warn: T11,PMP-EP65535: invalid EP
warn: T4,PMP-EP65535: invalid EP
warn: T8,PMP-EP65535: invalid EP
warn: T8,PMP-EP65535: invalid EP
warn: T8,PMP-EP65535: invalid EP
warn: T9,PMP-EP65535: invalid EP
warn: T9,PMP-EP65535: invalid EP
warn: T10,PMP-EP65535: invalid EP
warn: T10,PMP-EP65535: invalid EP
warn: T10,PMP-EP65535: invalid EP
warn: T5,PMP-EP65535: invalid EP
warn: T9,PMP-EP65535: invalid EP
warn: T15,PMP-EP65535: invalid EP
warn: T15,PMP-EP65535: invalid EP
warn: T15,PMP-EP65535: invalid EP
warn: T7,PMP-EP65535: invalid EP
warn: T11,PMP-EP65535: invalid EP
warn: T1,PMP-EP65535: invalid EP
warn: T1,PMP-EP65535: invalid EP
warn: T8,PMP-EP65535: invalid EP
warn: T9,PMP-EP65535: invalid EP
warn: T13,PMP-EP65535: invalid EP
warn: T13,PMP-EP65535: invalid EP
warn: T10,PMP-EP65535: invalid EP
warn: T13,PMP-EP65535: invalid EP
warn: T6,PMP-EP65535: invalid EP
warn: T6,PMP-EP65535: invalid EP
warn: T6,PMP-EP65535: invalid EP
warn: T15,PMP-EP65535: invalid EP
warn: T1,PMP-EP65535: invalid EP
warn: T6,PMP-EP65535: invalid EP
warn: T13,PMP-EP65535: invalid EP
[0;31m[T0:kernel  @       1600] Attesting tile: 1
[0m[0;31m[T0:kernel  @       4308] Attestation complete: 1, 2702797 cycles
[0m[0;31m[T0:kernel  @       5569] Attesting tile: 2
[0m[0;31m[T0:kernel  @       8273] Attestation complete: 2, 2699350 cycles
[0m[0;31m[T0:kernel  @       9533] Attesting tile: 3
[0m[0;31m[T0:kernel  @      12236] Attestation complete: 3, 2698930 cycles
[0m[0;31m[T0:kernel  @      13495] Attesting tile: 4
[0m[0;31m[T0:kernel  @      16198] Attestation complete: 4, 2698866 cycles
[0m[0;31m[T0:kernel  @      17456] Attesting tile: 5
[0m[0;31m[T0:kernel  @      20159] Attestation complete: 5, 2698632 cycles
[0m[0;31m[T0:kernel  @      21417] Attesting tile: 6
[0m[0;31m[T0:kernel  @      24120] Attestation complete: 6, 2698815 cycles
[0m[0;31m[T0:kernel  @      25378] Attesting tile: 7
[0m[0;31m[T0:kernel  @      28081] Attestation complete: 7, 2698542 cycles
[0m[0;31m[T0:kernel  @      29339] Attesting tile: 8
[0m[0;31m[T0:kernel  @      32042] Attestation complete: 8, 2698597 cycles
[0m[0;31m[T0:kernel  @      33300] Attesting tile: 9
[0m[0;31m[T0:kernel  @      36002] Attestation complete: 9, 2698568 cycles
[0m[0;31m[T0:kernel  @      37261] Attesting tile: 10
[0m[0;31m[T0:kernel  @      39963] Attestation complete: 10, 2698610 cycles
[0m[0;31m[T0:kernel  @      41221] Attesting tile: 11
[0m[0;31m[T0:kernel  @      43924] Attestation complete: 11, 2698574 cycles
[0m[0;31m[T0:kernel  @      45182] Attesting tile: 12
[0m[0;31m[T0:kernel  @      47885] Attestation complete: 12, 2698608 cycles
[0m[0;31m[T0:kernel  @      49143] Attesting tile: 13
[0m[0;31m[T0:kernel  @      51846] Attestation complete: 13, 2698562 cycles
[0m[0;31m[T0:kernel  @      53104] Attesting tile: 14
[0m[0;31m[T0:kernel  @      55806] Attestation complete: 14, 2698604 cycles
[0m[0;31m[T0:kernel  @      57064] Attesting tile: 15
[0m[0;31m[T0:kernel  @      59767] Attestation complete: 15, 2698516 cycles
[0m[0;31m[T0:kernel  @      61025] Attesting tile: 16
[0m[0;31m[T0:kernel  @      63728] Attestation complete: 16, 2698580 cycles
[0m[0;31m[T0:kernel  @      64986] Attesting tile: 17
[0m[0;31m[T0:kernel  @      67688] Attestation complete: 17, 2698367 cycles
[0m[0;31m[T0:kernel  @      68946] Attesting tile: 18
[0m[0;31m[T0:kernel  @      71649] Attestation complete: 18, 2698390 cycles
[0m[0;31m[T0:kernel  @      72907] Attesting tile: 19
[0m[0;31m[T0:kernel  @      75609] Attestation complete: 19, 2698359 cycles
[0m[0;31m[T0:kernel  @      76867] Attesting tile: 20
[0m[0;31m[T0:kernel  @      79570] Attestation complete: 20, 2698381 cycles
[0m[0;31m[T0:kernel  @      80828] Attesting tile: 21
[0m[0;31m[T0:kernel  @      83530] Attestation complete: 21, 2698363 cycles
[0m[0;31m[T0:kernel  @      84788] Attesting tile: 22
[0m[0;31m[T0:kernel  @      87491] Attestation complete: 22, 2698400 cycles
[0m[0;31m[T0:kernel  @      88749] Attesting tile: 23
[0m[0;31m[T0:kernel  @      91451] Attestation complete: 23, 2698309 cycles
[0m[0;31m[T0:kernel  @      92709] Attesting tile: 24
[0m[0;31m[T0:kernel  @      95411] Attestation complete: 24, 2698351 cycles
[0m[0;31m[T0:kernel  @      96670] Attesting tile: 25
[0m[0;31m[T0:kernel  @      99372] Attestation complete: 25, 2698348 cycles
[0m[0;31m[T0:kernel  @      99379] Attesting tile: 26
[0m[0;31m[T0:kernel  @     102086] Attestation complete: 26, 2703091 cycles
[0m[0;31m[T0:kernel  @     102091] Attesting tile: 26
[0m[0;31m[T0:kernel  @     104798] Attestation complete: 26, 2702646 cycles
[0m[0;31m[T0:kernel  @     104803] Attesting tile: 26
[0m[0;31m[T0:kernel  @     107509] Attestation complete: 26, 2702114 cycles
[0m[0;31m[T0:kernel  @     107515] Attesting tile: 26
[0m[0;31m[T0:kernel  @     110221] Attestation complete: 26, 2702341 cycles
[0m[0;31m[T0:kernel  @     110318] Kernel is ready!
[0m[0;32m[T1:root    @     110818] Boot modules:
[0m[0;32m[T1:root    @     110829]   Mod[addr: G[Tile26+0x30000000], size: 0x4fe, name: boot.xml]
[0m[0;32m[T1:root    @     110837]   Mod[addr: G[Tile26+0x30001000], size: 0x746e0, name: root]
[0m[0;32m[T1:root    @     110844]   Mod[addr: G[Tile26+0x30076000], size: 0x56340, name: m3fs]
[0m[0;32m[T1:root    @     110851]   Mod[addr: G[Tile26+0x300cd000], size: 0x7eb90, name: pager]
[0m[0;32m[T1:root    @     110854] Available tiles:
[0m[0;32m[T1:root    @     110863]   Tile01: COMP_EMEM RISCV (empty) 0 KiB memory
[0m[0;32m[T1:root    @     110871]   Tile02: COMP_EMEM RISCV (empty) 0 KiB memory
[0m[0;32m[T1:root    @     110877]   Tile03: COMP_EMEM RISCV (empty) 0 KiB memory
[0m[0;32m[T1:root    @     110884]   Tile04: COMP_EMEM RISCV (empty) 0 KiB memory
[0m[0;32m[T1:root    @     110890]   Tile05: COMP_EMEM RISCV (empty) 0 KiB memory
[0m[0;32m[T1:root    @     110898]   Tile06: COMP_EMEM RISCV (empty) 0 KiB memory
[0m[0;32m[T1:root    @     110905]   Tile07: COMP_EMEM RISCV (empty) 0 KiB memory
[0m[0;32m[T1:root    @     110912]   Tile08: COMP_EMEM RISCV (empty) 0 KiB memory
[0m[0;32m[T1:root    @     110918]   Tile09: COMP_EMEM RISCV (empty) 0 KiB memory
[0m[0;32m[T1:root    @     110926]   Tile10: COMP_EMEM RISCV (empty) 0 KiB memory
[0m[0;32m[T1:root    @     110932]   Tile11: COMP_EMEM RISCV (empty) 0 KiB memory
[0m[0;32m[T1:root    @     110938]   Tile12: COMP_EMEM RISCV (empty) 0 KiB memory
[0m[0;32m[T1:root    @     110945]   Tile13: COMP_EMEM RISCV (empty) 0 KiB memory
[0m[0;32m[T1:root    @     110951]   Tile14: COMP_EMEM RISCV (empty) 0 KiB memory
[0m[0;32m[T1:root    @     110958]   Tile15: COMP_EMEM RISCV (empty) 0 KiB memory
[0m[0;32m[T1:root    @     110964]   Tile16: COMP_IMEM ACCEL_INDIR (empty) 4096 KiB memory
[0m[0;32m[T1:root    @     110971]   Tile17: COMP_IMEM ACCEL_INDIR (empty) 4096 KiB memory
[0m[0;32m[T1:root    @     110979]   Tile18: COMP_IMEM ACCEL_INDIR (empty) 4096 KiB memory
[0m[0;32m[T1:root    @     110985]   Tile19: COMP_IMEM ACCEL_INDIR (empty) 4096 KiB memory
[0m[0;32m[T1:root    @     110992]   Tile20: COMP_IMEM ACCEL_COPY (empty) 4096 KiB memory
[0m[0;32m[T1:root    @     110998]   Tile21: COMP_IMEM ACCEL_COPY (empty) 4096 KiB memory
[0m[0;32m[T1:root    @     111007]   Tile22: COMP_IMEM ACCEL_COPY (empty) 4096 KiB memory
[0m[0;32m[T1:root    @     111014]   Tile23: COMP_IMEM ACCEL_COPY (empty) 4096 KiB memory
[0m[0;32m[T1:root    @     111020]   Tile24: COMP_IMEM ACCEL_ROT13 (empty) 4096 KiB memory
[0m[0;32m[T1:root    @     111026]   Tile25: COMP_IMEM SERIAL_DEV (empty) 0 KiB memory
[0m[0;32m[T1:root    @     111031] Available memory:
[0m[0;32m[T1:root    @     111041]   MemMod[sel: 34, res: true, addr: G[Tile26+0x0], size: 1264 MiB]
[0m[0;32m[T1:root    @     111049]   MemMod[sel: 35, res: false, addr: G[Tile26+0x53600000], size: 959 MiB]
[0m[0;32m[T1:root    @     111053] Parsed Config [
[0m[0;32m[T1:root    @     111058]   root [
[0m[0;32m[T1:root    @     111065]     Domain on core [
[0m[0;32m[T1:root    @     111071]       m3fs mem 268435456 [
[0m[0;32m[T1:root    @     111075]         Daemon,
[0m[0;32m[T1:root    @     111085]         PhysMem[addr=0x0, size=0x40000 KiB, perm=R | W | X | RW | RWX],
[0m[0;32m[T1:root    @     111091]         Service[lname='m3fs', gname='m3fs'],
[0m[0;32m[T1:root    @     111095]       ]
[0m[0;32m[T1:root    @     111099]     ]
[0m[0;32m[T1:root    @     111103]     Domain on core [
[0m[0;32m[T1:root    @     111109]       pager 268435456 [
[0m[0;32m[T1:root    @     111116]         PhysMem[addr=0x0, size=0x40000 KiB, perm=R],
[0m[0;32m[T1:root    @     111123]         Session[lname='m3fs', gname='m3fs', arg='', dep=true],
[0m[0;32m[T1:root    @     111130]         Tile[type=boom|core, count=2, optional=false],
[0m[0;32m[T1:root    @     111135]         Domain on boom|core [
[0m[0;32m[T1:root    @     111143]           /bin/facever gpu 256 13436961 0 16384 [
[0m[0;32m[T1:root    @     111148]             Daemon,
[0m[0;32m[T1:root    @     111157]             RGate[lname='gpu', gname='gpu', msgsize='512', slots=1],
[0m[0;32m[T1:root    @     111166]             SGate[lname='gpures', gname='gpures', credits='1', label=0x0],
[0m[0;32m[T1:root    @     111172]             Mount[fs='m3fs', path='/'],
[0m[0;32m[T1:root    @     111179]             Tile[type=core, count=1, optional=false],
[0m[0;32m[T1:root    @     111183]           ]
[0m[0;32m[T1:root    @     111188]         ]
[0m[0;32m[T1:root    @     111192]         Domain on boom|core [
[0m[0;32m[T1:root    @     111200]           /bin/facever client 256 200704 1 [
[0m[0;32m[T1:root    @     111208]             RGate[lname='gpures', gname='gpures', msgsize='512', slots=1],
[0m[0;32m[T1:root    @     111217]             SGate[lname='gpu', gname='gpu', credits='1', label=0x0],
[0m[0;32m[T1:root    @     111224]             Tile[type=core, count=1, optional=false],
[0m[0;32m[T1:root    @     111228]           ]
[0m[0;32m[T1:root    @     111232]         ]
[0m[0;32m[T1:root    @     111236]       ]
[0m[0;32m[T1:root    @     111239]     ]
[0m[0;32m[T1:root    @     111242]   ]
[0m[0;32m[T1:root    @     111245] ]
[0m[0;32m[T1:root    @     111247] 
[0m[0;32m[T1:root    @     111950] Starting boot module 'm3fs' on tile2 with arguments ["mem", "268435456"]
[0m[0;32m[T1:root    @     112954] m3fs: reg_serv(srv_sel=50, sgate_sel=54, name=m3fs, sessions=32)
[0m[0;32m[T1:root    @     112964] Creating service 1:m3fs
[0m[0;32m[T1:root    @     113084] Starting boot module 'pager' on tile3 with arguments ["268435456"]
[0m[0;34m[T3:pager   @     113627] Created rgate gpu @ 63
[0m[0;34m[T3:pager   @     113639] Created rgate gpures @ 64
[0m[0;34m[T3:pager   @     113643] Boot modules:
[0m[0;34m[T3:pager   @     113652]   Mod[addr: G[Tile26+0x7b601000], size: 0x3e0, name: boot.xml]
[0m[0;34m[T3:pager   @     113655] Available tiles:
[0m[0;34m[T3:pager   @     113664]   Tile03: COMP_EMEM RISCV (empty) 0 KiB memory
[0m[0;34m[T3:pager   @     113671]   Tile04: COMP_EMEM RISCV (empty) 0 KiB memory
[0m[0;34m[T3:pager   @     113678]   Tile05: COMP_EMEM RISCV (empty) 0 KiB memory
[0m[0;34m[T3:pager   @     113682] Available memory:
[0m[0;34m[T3:pager   @     113691]   MemMod[sel: 9, res: false, addr: G[Tile26+0x67800000], size: 213 MiB]
[0m[0;32m[T1:root    @     113706] pager: open_sess(dst_sel=65, name=m3fs)
[0m[0;32m[T1:root    @     114564] pager: Ok(8:ALLOC_TILE) failed: NotFound
[0m[0;34m[T3:pager   @     114811] Starting boot module '/bin/facever' on tile6 with arguments ["gpu", "256", "13436961", "0", "16384"]
[0m[0;32m[T1:root    @     114955] pager: Ok(8:ALLOC_TILE) failed: NotFound
[0m[0;34m[T3:pager   @     115150] Starting boot module '/bin/facever' on tile7 with arguments ["client", "256", "200704", "1"]
[0m[0;34m[T3:pager   @     115726] /bin/facever: use_sgate(name=gpures, sel=89)
[0m[0;34m[T3:pager   @     115772] /bin/facever: use_rgate(name=gpu, sel=94)
[0m[0;34m[T3:pager   @     115934] /bin/facever: use_sgate(name=gpu, sel=112)
[0m[0;34m[T3:pager   @     115949] /bin/facever: use_rgate(name=gpures, sel=114)
[0m[0;32m[T7:facever @     115993] client: writing to gpu
[0m[0;32m[T7:facever @     116073] client -> gpu
[0m[0;31m[T6:facever @     116099] gpu <- client
[0m[0;32m[T7:facever @     116105] client <- gpu
[0m[0;31m[T6:facever @     116107] gpu: computing for 13436961 cycles
[0m[0;31m[T6:facever @     129624] gpu -> client
[0m[0;32m[T7:facever @     129634] client <- gpu
[0m[0;31m[T6:facever @     129638] gpu <- client
[0mtotal: 13666202 cycles
Child '/bin/facever' exited with exitcode 63
[0;32m[T1:root    @     130214] Sending SHUTDOWN to service 1:m3fs
[0m[0;32m[T1:root    @     130241] m3fs: unreg_serv(sel=50)
[0m[0;32m[T1:root    @     130245] Removing service 1:m3fs
[0m[0;32m[T1:root    @     130361] All childs gone. Exiting.
[0m[0;31m[T0:kernel  @     130432] Shutting down
[0mExiting @ tick 130437759000 because m5_exit instruction encountered
