Building for gem5-riscv-release...
ninja: no work to do.
run/boot-all.xml validates
gem5 Simulator System.  http://gem5.org
gem5 is copyrighted software; use the --copyright option for details.

gem5 version 21.0.0.0
gem5 compiled Jan 24 2023 12:10:45
gem5 started Feb  3 2023 11:19:43
gem5 executing on graham, pid 3421853
command line: platform/gem5/build/RISCV/gem5.opt --outdir=run --debug-file=gem5.log --debug-flags=Tcu /scratch/harshanavkis/sec-acc/M3/config/accels.py --cpu-type DerivO3CPU --isa riscv --cmd 'build/gem5-riscv-release/bin/kernel -f build/gem5-riscv-release/bench.img,build/gem5-riscv-release/bin/tilemux,build/gem5-riscv-release/bin/tilemux,build/gem5-riscv-release/bin/tilemux,build/gem5-riscv-release/bin/tilemux,build/gem5-riscv-release/bin/tilemux,build/gem5-riscv-release/bin/tilemux,build/gem5-riscv-release/bin/tilemux,build/gem5-riscv-release/bin/tilemux,build/gem5-riscv-release/bin/tilemux,build/gem5-riscv-release/bin/tilemux,build/gem5-riscv-release/bin/tilemux,build/gem5-riscv-release/bin/tilemux,build/gem5-riscv-release/bin/tilemux,build/gem5-riscv-release/bin/tilemux,build/gem5-riscv-release/bin/tilemux,' --mods run/boot.xml,build/gem5-riscv-release/bin/root,build/gem5-riscv-release/bin/m3fs,build/gem5-riscv-release/bin/pager --cpu-clock=1GHz --sys-clock=1GHz --encr-latency=0 --par-pipe=1 --int-transfer-latency=250 --rng-latency=0 --sign-latency=0 --sign-ver-latency=0

T00: build/gem5-riscv-release/bin/kernel -f build/gem5-riscv-release/bench.img
     Core =DerivO3CPU riscv @ 1GHz
     TCU  =eps:192, bufsz:2048 B, blocksz:64 B, count:4, tlb:128
     L1i$ =32 KiB (2-way assoc, 4 cycles)
     L1d$ =32 KiB (2-way assoc, 4 cycles)
     L2$  =256 KiB (8-way assoc, 12 cycles)
     Comp =Core -> TCU -> L1$ -> L2$

T01: build/gem5-riscv-release/bin/tilemux
     Core =DerivO3CPU riscv @ 1GHz
     TCU  =eps:192, bufsz:2048 B, blocksz:64 B, count:4, tlb:128
     L1i$ =32 KiB (2-way assoc, 4 cycles)
     L1d$ =32 KiB (2-way assoc, 4 cycles)
     L2$  =256 KiB (8-way assoc, 12 cycles)
     Comp =Core -> TCU -> L1$ -> L2$

T02: build/gem5-riscv-release/bin/tilemux
     Core =DerivO3CPU riscv @ 1GHz
     TCU  =eps:192, bufsz:2048 B, blocksz:64 B, count:4, tlb:128
     L1i$ =32 KiB (2-way assoc, 4 cycles)
     L1d$ =32 KiB (2-way assoc, 4 cycles)
     L2$  =256 KiB (8-way assoc, 12 cycles)
     Comp =Core -> TCU -> L1$ -> L2$

T03: build/gem5-riscv-release/bin/tilemux
     Core =DerivO3CPU riscv @ 1GHz
     TCU  =eps:192, bufsz:2048 B, blocksz:64 B, count:4, tlb:128
     L1i$ =32 KiB (2-way assoc, 4 cycles)
     L1d$ =32 KiB (2-way assoc, 4 cycles)
     L2$  =256 KiB (8-way assoc, 12 cycles)
     Comp =Core -> TCU -> L1$ -> L2$

T04: build/gem5-riscv-release/bin/tilemux
     Core =DerivO3CPU riscv @ 1GHz
     TCU  =eps:192, bufsz:2048 B, blocksz:64 B, count:4, tlb:128
     L1i$ =32 KiB (2-way assoc, 4 cycles)
     L1d$ =32 KiB (2-way assoc, 4 cycles)
     L2$  =256 KiB (8-way assoc, 12 cycles)
     Comp =Core -> TCU -> L1$ -> L2$

T05: build/gem5-riscv-release/bin/tilemux
     Core =DerivO3CPU riscv @ 1GHz
     TCU  =eps:192, bufsz:2048 B, blocksz:64 B, count:4, tlb:128
     L1i$ =32 KiB (2-way assoc, 4 cycles)
     L1d$ =32 KiB (2-way assoc, 4 cycles)
     L2$  =256 KiB (8-way assoc, 12 cycles)
     Comp =Core -> TCU -> L1$ -> L2$

T06: build/gem5-riscv-release/bin/tilemux
     Core =DerivO3CPU riscv @ 1GHz
     TCU  =eps:192, bufsz:2048 B, blocksz:64 B, count:4, tlb:128
     L1i$ =32 KiB (2-way assoc, 4 cycles)
     L1d$ =32 KiB (2-way assoc, 4 cycles)
     L2$  =256 KiB (8-way assoc, 12 cycles)
     Comp =Core -> TCU -> L1$ -> L2$

T07: build/gem5-riscv-release/bin/tilemux
     Core =DerivO3CPU riscv @ 1GHz
     TCU  =eps:192, bufsz:2048 B, blocksz:64 B, count:4, tlb:128
     L1i$ =32 KiB (2-way assoc, 4 cycles)
     L1d$ =32 KiB (2-way assoc, 4 cycles)
     L2$  =256 KiB (8-way assoc, 12 cycles)
     Comp =Core -> TCU -> L1$ -> L2$

T08: build/gem5-riscv-release/bin/tilemux
     Core =DerivO3CPU riscv @ 1GHz
     TCU  =eps:192, bufsz:2048 B, blocksz:64 B, count:4, tlb:128
     L1i$ =32 KiB (2-way assoc, 4 cycles)
     L1d$ =32 KiB (2-way assoc, 4 cycles)
     L2$  =256 KiB (8-way assoc, 12 cycles)
     Comp =Core -> TCU -> L1$ -> L2$

T09: build/gem5-riscv-release/bin/tilemux
     Core =DerivO3CPU riscv @ 1GHz
     TCU  =eps:192, bufsz:2048 B, blocksz:64 B, count:4, tlb:128
     L1i$ =32 KiB (2-way assoc, 4 cycles)
     L1d$ =32 KiB (2-way assoc, 4 cycles)
     L2$  =256 KiB (8-way assoc, 12 cycles)
     Comp =Core -> TCU -> L1$ -> L2$

T10: build/gem5-riscv-release/bin/tilemux
     Core =DerivO3CPU riscv @ 1GHz
     TCU  =eps:192, bufsz:2048 B, blocksz:64 B, count:4, tlb:128
     L1i$ =32 KiB (2-way assoc, 4 cycles)
     L1d$ =32 KiB (2-way assoc, 4 cycles)
     L2$  =256 KiB (8-way assoc, 12 cycles)
     Comp =Core -> TCU -> L1$ -> L2$

T11: build/gem5-riscv-release/bin/tilemux
     Core =DerivO3CPU riscv @ 1GHz
     TCU  =eps:192, bufsz:2048 B, blocksz:64 B, count:4, tlb:128
     L1i$ =32 KiB (2-way assoc, 4 cycles)
     L1d$ =32 KiB (2-way assoc, 4 cycles)
     L2$  =256 KiB (8-way assoc, 12 cycles)
     Comp =Core -> TCU -> L1$ -> L2$

T12: build/gem5-riscv-release/bin/tilemux
     Core =DerivO3CPU riscv @ 1GHz
     TCU  =eps:192, bufsz:2048 B, blocksz:64 B, count:4, tlb:128
     L1i$ =32 KiB (2-way assoc, 4 cycles)
     L1d$ =32 KiB (2-way assoc, 4 cycles)
     L2$  =256 KiB (8-way assoc, 12 cycles)
     Comp =Core -> TCU -> L1$ -> L2$

T13: build/gem5-riscv-release/bin/tilemux
     Core =DerivO3CPU riscv @ 1GHz
     TCU  =eps:192, bufsz:2048 B, blocksz:64 B, count:4, tlb:128
     L1i$ =32 KiB (2-way assoc, 4 cycles)
     L1d$ =32 KiB (2-way assoc, 4 cycles)
     L2$  =256 KiB (8-way assoc, 12 cycles)
     Comp =Core -> TCU -> L1$ -> L2$

T14: build/gem5-riscv-release/bin/tilemux
     Core =DerivO3CPU riscv @ 1GHz
     TCU  =eps:192, bufsz:2048 B, blocksz:64 B, count:4, tlb:128
     L1i$ =32 KiB (2-way assoc, 4 cycles)
     L1d$ =32 KiB (2-way assoc, 4 cycles)
     L2$  =256 KiB (8-way assoc, 12 cycles)
     Comp =Core -> TCU -> L1$ -> L2$

T15: build/gem5-riscv-release/bin/tilemux
     Core =DerivO3CPU riscv @ 1GHz
     TCU  =eps:192, bufsz:2048 B, blocksz:64 B, count:4, tlb:128
     L1i$ =32 KiB (2-way assoc, 4 cycles)
     L1d$ =32 KiB (2-way assoc, 4 cycles)
     L2$  =256 KiB (8-way assoc, 12 cycles)
     Comp =Core -> TCU -> L1$ -> L2$

T16: indir accelerator @ 1GHz
     TCU  =eps:192, bufsz:2048 B, blocksz:2048 B, count:4, tlb:0
     imem =4096 KiB
     Comp =Core -> TCU -> SPM

T17: indir accelerator @ 1GHz
     TCU  =eps:192, bufsz:2048 B, blocksz:2048 B, count:4, tlb:0
     imem =4096 KiB
     Comp =Core -> TCU -> SPM

T18: indir accelerator @ 1GHz
     TCU  =eps:192, bufsz:2048 B, blocksz:2048 B, count:4, tlb:0
     imem =4096 KiB
     Comp =Core -> TCU -> SPM

T19: indir accelerator @ 1GHz
     TCU  =eps:192, bufsz:2048 B, blocksz:2048 B, count:4, tlb:0
     imem =4096 KiB
     Comp =Core -> TCU -> SPM

T20: copy accelerator @ 1GHz
     TCU  =eps:192, bufsz:2048 B, blocksz:2048 B, count:4, tlb:0
     imem =4096 KiB
     Comp =Core -> TCU -> SPM

T21: copy accelerator @ 1GHz
     TCU  =eps:192, bufsz:2048 B, blocksz:2048 B, count:4, tlb:0
     imem =4096 KiB
     Comp =Core -> TCU -> SPM

T22: copy accelerator @ 1GHz
     TCU  =eps:192, bufsz:2048 B, blocksz:2048 B, count:4, tlb:0
     imem =4096 KiB
     Comp =Core -> TCU -> SPM

T23: copy accelerator @ 1GHz
     TCU  =eps:192, bufsz:2048 B, blocksz:2048 B, count:4, tlb:0
     imem =4096 KiB
     Comp =Core -> TCU -> SPM

T24: rot13 accelerator @ 1GHz
     TCU  =eps:192, bufsz:2048 B, blocksz:2048 B, count:4, tlb:0
     imem =4096 KiB
     Comp =Core -> TCU -> SPM

T25: SerialInput
     TCU  =eps:192, bufsz:2048 B, blocksz:2048 B, count:4, tlb:0
     Comp =TCU -> SerialInput

T26: build/gem5-riscv-release/bench.img x 1
     TCU  =eps:192, bufsz:2048 B, blocksz:2048 B, count:8, tlb:0
     imem =3145728 KiB
     Comp =TCU -> DRAM

Global frequency set at 1000000000000 ticks per second
warn: No dot file generated. Please install pydot to generate the dot file and pdf.
Gem5 Terminal started; Quit via Ctrl+]
warn: DRAM device capacity (49152 Mbytes) does not match the address range assigned (4096 Mbytes)
platform.com_1.device: Listening for connections on port 3456
0: T00.remote_gdb: listening for remote gdb on port 7000
0: T01.remote_gdb: listening for remote gdb on port 7001
0: T02.remote_gdb: listening for remote gdb on port 7002
0: T03.remote_gdb: listening for remote gdb on port 7003
0: T04.remote_gdb: listening for remote gdb on port 7004
0: T05.remote_gdb: listening for remote gdb on port 7005
0: T06.remote_gdb: listening for remote gdb on port 7006
0: T07.remote_gdb: listening for remote gdb on port 7007
0: T08.remote_gdb: listening for remote gdb on port 7008
0: T09.remote_gdb: listening for remote gdb on port 7009
0: T10.remote_gdb: listening for remote gdb on port 7010
0: T11.remote_gdb: listening for remote gdb on port 7011
0: T12.remote_gdb: listening for remote gdb on port 7012
0: T13.remote_gdb: listening for remote gdb on port 7013
0: T14.remote_gdb: listening for remote gdb on port 7014
0: T15.remote_gdb: listening for remote gdb on port 7015
warn: CoherentXBar T16.xbar has no snooping ports attached!
warn: CoherentXBar T17.xbar has no snooping ports attached!
warn: CoherentXBar T18.xbar has no snooping ports attached!
warn: CoherentXBar T19.xbar has no snooping ports attached!
warn: CoherentXBar T20.xbar has no snooping ports attached!
warn: CoherentXBar T21.xbar has no snooping ports attached!
warn: CoherentXBar T22.xbar has no snooping ports attached!
warn: CoherentXBar T23.xbar has no snooping ports attached!
warn: CoherentXBar T24.xbar has no snooping ports attached!
warn: CoherentXBar T25.xbar has no snooping ports attached!
warn: CoherentXBar T26.xbar has no snooping ports attached!
info: Loaded 'boot.xml' to 0x9a00000030000000 .. 0x9a000000300004fe
info: Loaded 'root' to 0x9a00000030001000 .. 0x9a000000300756e0
info: Loaded 'm3fs' to 0x9a00000030076000 .. 0x9a000000300cc340
info: Loaded 'pager' to 0x9a000000300cd000 .. 0x9a0000003014bb90
info: Entering event queue @ 0.  Starting simulation...
warn: T15,PMP-EP65535: invalid EP
warn: T14,PMP-EP65535: invalid EP
warn: T0,PMP-EP65535: invalid EP
warn: T13,PMP-EP65535: invalid EP
warn: T12,PMP-EP65535: invalid EP
warn: T11,PMP-EP65535: invalid EP
warn: T10,PMP-EP65535: invalid EP
warn: T9,PMP-EP65535: invalid EP
warn: T8,PMP-EP65535: invalid EP
warn: T7,PMP-EP65535: invalid EP
warn: T6,PMP-EP65535: invalid EP
warn: T5,PMP-EP65535: invalid EP
warn: T4,PMP-EP65535: invalid EP
warn: T3,PMP-EP65535: invalid EP
warn: T2,PMP-EP65535: invalid EP
warn: T1,PMP-EP65535: invalid EP
warn: T13,PMP-EP65535: invalid EP
warn: T15,PMP-EP65535: invalid EP
warn: T7,PMP-EP65535: invalid EP
warn: T1,PMP-EP65535: invalid EP
warn: T14,PMP-EP65535: invalid EP
warn: T9,PMP-EP65535: invalid EP
warn: T11,PMP-EP65535: invalid EP
warn: T10,PMP-EP65535: invalid EP
warn: T5,PMP-EP65535: invalid EP
warn: T3,PMP-EP65535: invalid EP
warn: T2,PMP-EP65535: invalid EP
warn: T4,PMP-EP65535: invalid EP
warn: T12,PMP-EP65535: invalid EP
warn: T6,PMP-EP65535: invalid EP
warn: T8,PMP-EP65535: invalid EP
warn: T0,PMP-EP65535: invalid EP
[0;31m[T0:kernel  @        206] Entered raw mode; Quit via Ctrl+]
[0mwarn: T13,PMP-EP3: invalid EP
warn: T14,PMP-EP3: invalid EP
warn: T10,PMP-EP3: invalid EP
warn: T9,PMP-EP3: invalid EP
warn: T3,PMP-EP3: invalid EP
warn: T13,PMP-EP65535: invalid EP
warn: T13,PMP-EP65535: invalid EP
warn: T13,PMP-EP65535: invalid EP
warn: T11,PMP-EP3: invalid EP
warn: T12,PMP-EP3: invalid EP
warn: T7,PMP-EP3: invalid EP
warn: T1,PMP-EP3: invalid EP
warn: T8,PMP-EP3: invalid EP
warn: T15,PMP-EP3: invalid EP
warn: T6,PMP-EP3: invalid EP
warn: T14,PMP-EP65535: invalid EP
warn: T14,PMP-EP65535: invalid EP
warn: T14,PMP-EP65535: invalid EP
warn: T4,PMP-EP3: invalid EP
warn: T10,PMP-EP65535: invalid EP
warn: T10,PMP-EP65535: invalid EP
warn: T10,PMP-EP65535: invalid EP
warn: T2,PMP-EP3: invalid EP
warn: T13,PMP-EP65535: invalid EP
warn: T5,PMP-EP3: invalid EP
warn: T9,PMP-EP65535: invalid EP
warn: T9,PMP-EP65535: invalid EP
warn: T9,PMP-EP65535: invalid EP
warn: T3,PMP-EP65535: invalid EP
warn: T3,PMP-EP65535: invalid EP
warn: T3,PMP-EP65535: invalid EP
warn: T14,PMP-EP65535: invalid EP
warn: T10,PMP-EP65535: invalid EP
warn: T11,PMP-EP65535: invalid EP
warn: T11,PMP-EP65535: invalid EP
warn: T11,PMP-EP65535: invalid EP
warn: T12,PMP-EP65535: invalid EP
warn: T12,PMP-EP65535: invalid EP
warn: T12,PMP-EP65535: invalid EP
warn: T7,PMP-EP65535: invalid EP
warn: T7,PMP-EP65535: invalid EP
warn: T7,PMP-EP65535: invalid EP
warn: T1,PMP-EP65535: invalid EP
warn: T1,PMP-EP65535: invalid EP
warn: T1,PMP-EP65535: invalid EP
warn: T9,PMP-EP65535: invalid EP
warn: T8,PMP-EP65535: invalid EP
warn: T8,PMP-EP65535: invalid EP
warn: T8,PMP-EP65535: invalid EP
warn: T3,PMP-EP65535: invalid EP
warn: T15,PMP-EP65535: invalid EP
warn: T15,PMP-EP65535: invalid EP
warn: T15,PMP-EP65535: invalid EP
warn: T6,PMP-EP65535: invalid EP
warn: T6,PMP-EP65535: invalid EP
warn: T6,PMP-EP65535: invalid EP
warn: T4,PMP-EP65535: invalid EP
warn: T4,PMP-EP65535: invalid EP
warn: T4,PMP-EP65535: invalid EP
warn: T2,PMP-EP65535: invalid EP
warn: T2,PMP-EP65535: invalid EP
warn: T2,PMP-EP65535: invalid EP
warn: T11,PMP-EP65535: invalid EP
warn: T5,PMP-EP65535: invalid EP
warn: T5,PMP-EP65535: invalid EP
warn: T5,PMP-EP65535: invalid EP
warn: T7,PMP-EP65535: invalid EP
warn: T12,PMP-EP65535: invalid EP
warn: T1,PMP-EP65535: invalid EP
warn: T8,PMP-EP65535: invalid EP
warn: T15,PMP-EP65535: invalid EP
warn: T6,PMP-EP65535: invalid EP
warn: T4,PMP-EP65535: invalid EP
warn: T2,PMP-EP65535: invalid EP
warn: T5,PMP-EP65535: invalid EP
[0;31m[T0:kernel  @       1652] Attesting tile: 1
[0m[0;31m[T0:kernel  @       4372] Attestation complete: 1, 2711178 cycles
[0m[0;31m[T0:kernel  @       5634] Attesting tile: 2
[0m[0;31m[T0:kernel  @       8342] Attestation complete: 2, 2704113 cycles
[0m[0;31m[T0:kernel  @       9604] Attesting tile: 3
[0m[0;31m[T0:kernel  @      12311] Attestation complete: 3, 2703401 cycles
[0m[0;31m[T0:kernel  @      13571] Attesting tile: 4
[0m[0;31m[T0:kernel  @      16279] Attestation complete: 4, 2703316 cycles
[0m[0;31m[T0:kernel  @      17539] Attesting tile: 5
[0m[0;31m[T0:kernel  @      20246] Attestation complete: 5, 2703140 cycles
[0m[0;31m[T0:kernel  @      21505] Attesting tile: 6
[0m[0;31m[T0:kernel  @      24213] Attestation complete: 6, 2703057 cycles
[0m[0;31m[T0:kernel  @      25473] Attesting tile: 7
[0m[0;31m[T0:kernel  @      28180] Attestation complete: 7, 2703029 cycles
[0m[0;31m[T0:kernel  @      29440] Attesting tile: 8
[0m[0;31m[T0:kernel  @      32147] Attestation complete: 8, 2703096 cycles
[0m[0;31m[T0:kernel  @      33407] Attesting tile: 9
[0m[0;31m[T0:kernel  @      36114] Attestation complete: 9, 2703060 cycles
[0m[0;31m[T0:kernel  @      37374] Attesting tile: 10
[0m[0;31m[T0:kernel  @      40081] Attestation complete: 10, 2703130 cycles
[0m[0;31m[T0:kernel  @      41341] Attesting tile: 11
[0m[0;31m[T0:kernel  @      44048] Attestation complete: 11, 2703051 cycles
[0m[0;31m[T0:kernel  @      45308] Attesting tile: 12
[0m[0;31m[T0:kernel  @      48015] Attestation complete: 12, 2703084 cycles
[0m[0;31m[T0:kernel  @      49275] Attesting tile: 13
[0m[0;31m[T0:kernel  @      51982] Attestation complete: 13, 2703043 cycles
[0m[0;31m[T0:kernel  @      53242] Attesting tile: 14
[0m[0;31m[T0:kernel  @      55949] Attestation complete: 14, 2703098 cycles
[0m[0;31m[T0:kernel  @      57208] Attesting tile: 15
[0m[0;31m[T0:kernel  @      59916] Attestation complete: 15, 2703147 cycles
[0m[0;31m[T0:kernel  @      61176] Attesting tile: 16
[0m[0;31m[T0:kernel  @      63883] Attestation complete: 16, 2703089 cycles
[0m[0;31m[T0:kernel  @      65143] Attesting tile: 17
[0m[0;31m[T0:kernel  @      67850] Attestation complete: 17, 2702385 cycles
[0m[0;31m[T0:kernel  @      69109] Attesting tile: 18
[0m[0;31m[T0:kernel  @      71816] Attestation complete: 18, 2702383 cycles
[0m[0;31m[T0:kernel  @      73075] Attesting tile: 19
[0m[0;31m[T0:kernel  @      75782] Attestation complete: 19, 2702352 cycles
[0m[0;31m[T0:kernel  @      77041] Attesting tile: 20
[0m[0;31m[T0:kernel  @      79748] Attestation complete: 20, 2702381 cycles
[0m[0;31m[T0:kernel  @      81007] Attesting tile: 21
[0m[0;31m[T0:kernel  @      83714] Attestation complete: 21, 2702399 cycles
[0m[0;31m[T0:kernel  @      84973] Attesting tile: 22
[0m[0;31m[T0:kernel  @      87680] Attestation complete: 22, 2702420 cycles
[0m[0;31m[T0:kernel  @      88940] Attesting tile: 23
[0m[0;31m[T0:kernel  @      91646] Attestation complete: 23, 2702339 cycles
[0m[0;31m[T0:kernel  @      92906] Attesting tile: 24
[0m[0;31m[T0:kernel  @      95612] Attestation complete: 24, 2702372 cycles
[0m[0;31m[T0:kernel  @      96872] Attesting tile: 25
[0m[0;31m[T0:kernel  @      99578] Attestation complete: 25, 2702378 cycles
[0m[0;31m[T0:kernel  @      99586] Attesting tile: 26
[0m[0;31m[T0:kernel  @     102298] Attestation complete: 26, 2707901 cycles
[0m[0;31m[T0:kernel  @     102303] Attesting tile: 26
[0m[0;31m[T0:kernel  @     105015] Attestation complete: 26, 2707317 cycles
[0m[0;31m[T0:kernel  @     105020] Attesting tile: 26
[0m[0;31m[T0:kernel  @     107731] Attestation complete: 26, 2707131 cycles
[0m[0;31m[T0:kernel  @     107736] Attesting tile: 26
[0m[0;31m[T0:kernel  @     110448] Attestation complete: 26, 2707465 cycles
[0m[0;31m[T0:kernel  @     110693] Kernel is ready!
[0m[0;32m[T1:root    @     111480] Boot modules:
[0m[0;32m[T1:root    @     111499]   Mod[addr: G[Tile26+0x30000000], size: 0x4fe, name: boot.xml]
[0m[0;32m[T1:root    @     111507]   Mod[addr: G[Tile26+0x30001000], size: 0x746e0, name: root]
[0m[0;32m[T1:root    @     111514]   Mod[addr: G[Tile26+0x30076000], size: 0x56340, name: m3fs]
[0m[0;32m[T1:root    @     111521]   Mod[addr: G[Tile26+0x300cd000], size: 0x7eb90, name: pager]
[0m[0;32m[T1:root    @     111525] Available tiles:
[0m[0;32m[T1:root    @     111538]   Tile01: COMP_EMEM RISCV (empty) 0 KiB memory
[0m[0;32m[T1:root    @     111548]   Tile02: COMP_EMEM RISCV (empty) 0 KiB memory
[0m[0;32m[T1:root    @     111554]   Tile03: COMP_EMEM RISCV (empty) 0 KiB memory
[0m[0;32m[T1:root    @     111561]   Tile04: COMP_EMEM RISCV (empty) 0 KiB memory
[0m[0;32m[T1:root    @     111567]   Tile05: COMP_EMEM RISCV (empty) 0 KiB memory
[0m[0;32m[T1:root    @     111575]   Tile06: COMP_EMEM RISCV (empty) 0 KiB memory
[0m[0;32m[T1:root    @     111582]   Tile07: COMP_EMEM RISCV (empty) 0 KiB memory
[0m[0;32m[T1:root    @     111589]   Tile08: COMP_EMEM RISCV (empty) 0 KiB memory
[0m[0;32m[T1:root    @     111595]   Tile09: COMP_EMEM RISCV (empty) 0 KiB memory
[0m[0;32m[T1:root    @     111603]   Tile10: COMP_EMEM RISCV (empty) 0 KiB memory
[0m[0;32m[T1:root    @     111609]   Tile11: COMP_EMEM RISCV (empty) 0 KiB memory
[0m[0;32m[T1:root    @     111615]   Tile12: COMP_EMEM RISCV (empty) 0 KiB memory
[0m[0;32m[T1:root    @     111622]   Tile13: COMP_EMEM RISCV (empty) 0 KiB memory
[0m[0;32m[T1:root    @     111628]   Tile14: COMP_EMEM RISCV (empty) 0 KiB memory
[0m[0;32m[T1:root    @     111635]   Tile15: COMP_EMEM RISCV (empty) 0 KiB memory
[0m[0;32m[T1:root    @     111641]   Tile16: COMP_IMEM ACCEL_INDIR (empty) 4096 KiB memory
[0m[0;32m[T1:root    @     111648]   Tile17: COMP_IMEM ACCEL_INDIR (empty) 4096 KiB memory
[0m[0;32m[T1:root    @     111656]   Tile18: COMP_IMEM ACCEL_INDIR (empty) 4096 KiB memory
[0m[0;32m[T1:root    @     111662]   Tile19: COMP_IMEM ACCEL_INDIR (empty) 4096 KiB memory
[0m[0;32m[T1:root    @     111669]   Tile20: COMP_IMEM ACCEL_COPY (empty) 4096 KiB memory
[0m[0;32m[T1:root    @     111675]   Tile21: COMP_IMEM ACCEL_COPY (empty) 4096 KiB memory
[0m[0;32m[T1:root    @     111685]   Tile22: COMP_IMEM ACCEL_COPY (empty) 4096 KiB memory
[0m[0;32m[T1:root    @     111692]   Tile23: COMP_IMEM ACCEL_COPY (empty) 4096 KiB memory
[0m[0;32m[T1:root    @     111698]   Tile24: COMP_IMEM ACCEL_ROT13 (empty) 4096 KiB memory
[0m[0;32m[T1:root    @     111704]   Tile25: COMP_IMEM SERIAL_DEV (empty) 0 KiB memory
[0m[0;32m[T1:root    @     111711] Available memory:
[0m[0;32m[T1:root    @     111723]   MemMod[sel: 34, res: true, addr: G[Tile26+0x0], size: 1264 MiB]
[0m[0;32m[T1:root    @     111732]   MemMod[sel: 35, res: false, addr: G[Tile26+0x53600000], size: 959 MiB]
[0m[0;32m[T1:root    @     111737] Parsed Config [
[0m[0;32m[T1:root    @     111744]   root [
[0m[0;32m[T1:root    @     111757]     Domain on core [
[0m[0;32m[T1:root    @     111763]       m3fs mem 268435456 [
[0m[0;32m[T1:root    @     111767]         Daemon,
[0m[0;32m[T1:root    @     111778]         PhysMem[addr=0x0, size=0x40000 KiB, perm=R | W | X | RW | RWX],
[0m[0;32m[T1:root    @     111786]         Service[lname='m3fs', gname='m3fs'],
[0m[0;32m[T1:root    @     111791]       ]
[0m[0;32m[T1:root    @     111795]     ]
[0m[0;32m[T1:root    @     111799]     Domain on core [
[0m[0;32m[T1:root    @     111804]       pager 268435456 [
[0m[0;32m[T1:root    @     111811]         PhysMem[addr=0x0, size=0x40000 KiB, perm=R],
[0m[0;32m[T1:root    @     111819]         Session[lname='m3fs', gname='m3fs', arg='', dep=true],
[0m[0;32m[T1:root    @     111827]         Tile[type=boom|core, count=2, optional=false],
[0m[0;32m[T1:root    @     111832]         Domain on boom|core [
[0m[0;32m[T1:root    @     111840]           /bin/facever gpu 256 13436961 0 16384 [
[0m[0;32m[T1:root    @     111845]             Daemon,
[0m[0;32m[T1:root    @     111854]             RGate[lname='gpu', gname='gpu', msgsize='512', slots=1],
[0m[0;32m[T1:root    @     111865]             SGate[lname='gpures', gname='gpures', credits='1', label=0x0],
[0m[0;32m[T1:root    @     111872]             Mount[fs='m3fs', path='/'],
[0m[0;32m[T1:root    @     111879]             Tile[type=core, count=1, optional=false],
[0m[0;32m[T1:root    @     111883]           ]
[0m[0;32m[T1:root    @     111887]         ]
[0m[0;32m[T1:root    @     111892]         Domain on boom|core [
[0m[0;32m[T1:root    @     111899]           /bin/facever client 256 200704 1 [
[0m[0;32m[T1:root    @     111908]             RGate[lname='gpures', gname='gpures', msgsize='512', slots=1],
[0m[0;32m[T1:root    @     111916]             SGate[lname='gpu', gname='gpu', credits='1', label=0x0],
[0m[0;32m[T1:root    @     111923]             Tile[type=core, count=1, optional=false],
[0m[0;32m[T1:root    @     111927]           ]
[0m[0;32m[T1:root    @     111932]         ]
[0m[0;32m[T1:root    @     111935]       ]
[0m[0;32m[T1:root    @     111939]     ]
[0m[0;32m[T1:root    @     111942]   ]
[0m[0;32m[T1:root    @     111944] ]
[0m[0;32m[T1:root    @     111947] 
[0m[0;32m[T1:root    @     113103] Starting boot module 'm3fs' on tile2 with arguments ["mem", "268435456"]
[0m[0;32m[T1:root    @     114526] m3fs: reg_serv(srv_sel=50, sgate_sel=54, name=m3fs, sessions=32)
[0m[0;32m[T1:root    @     114540] Creating service 1:m3fs
[0m[0;32m[T1:root    @     114712] Starting boot module 'pager' on tile3 with arguments ["268435456"]
[0m[0;34m[T3:pager   @     115449] Created rgate gpu @ 63
[0m[0;34m[T3:pager   @     115466] Created rgate gpures @ 64
[0m[0;34m[T3:pager   @     115471] Boot modules:
[0m[0;34m[T3:pager   @     115485]   Mod[addr: G[Tile26+0x7b601000], size: 0x3e0, name: boot.xml]
[0m[0;34m[T3:pager   @     115488] Available tiles:
[0m[0;34m[T3:pager   @     115502]   Tile03: COMP_EMEM RISCV (empty) 0 KiB memory
[0m[0;34m[T3:pager   @     115511]   Tile04: COMP_EMEM RISCV (empty) 0 KiB memory
[0m[0;34m[T3:pager   @     115517]   Tile05: COMP_EMEM RISCV (empty) 0 KiB memory
[0m[0;34m[T3:pager   @     115523] Available memory:
[0m[0;34m[T3:pager   @     115536]   MemMod[sel: 9, res: false, addr: G[Tile26+0x67800000], size: 213 MiB]
[0m[0;32m[T1:root    @     115564] pager: open_sess(dst_sel=65, name=m3fs)
[0m[0;32m[T1:root    @     116755] pager: Ok(8:ALLOC_TILE) failed: NotFound
[0m[0;34m[T3:pager   @     117197] Starting boot module '/bin/facever' on tile6 with arguments ["gpu", "256", "13436961", "0", "16384"]
[0m[0;32m[T1:root    @     117443] pager: Ok(8:ALLOC_TILE) failed: NotFound
[0m[0;34m[T3:pager   @     117727] Starting boot module '/bin/facever' on tile7 with arguments ["client", "256", "200704", "1"]
[0mwarn: PowerState: More than one power state change request encountered within the same simulation tick
[0;34m[T3:pager   @     118546] /bin/facever: use_sgate(name=gpures, sel=89)
[0m[0;34m[T3:pager   @     118625] /bin/facever: use_rgate(name=gpu, sel=94)
[0m[0;34m[T3:pager   @     118867] /bin/facever: use_sgate(name=gpu, sel=112)
[0m[0;34m[T3:pager   @     118889] /bin/facever: use_rgate(name=gpures, sel=114)
[0m[0;32m[T7:facever @     118950] client: writing to gpu
[0m[0;32m[T7:facever @     119126] client -> gpu
[0m[0;31m[T6:facever @     119161] gpu <- client
[0m[0;32m[T7:facever @     119173] client <- gpu
[0m[0;31m[T6:facever @     119175] gpu: computing for 13436961 cycles
[0m[0;31m[T6:facever @     132769] gpu -> client
[0m[0;32m[T7:facever @     132783] client <- gpu
[0m[0;31m[T6:facever @     132789] gpu <- client
[0mtotal: 13866446 cycles
Child '/bin/facever' exited with exitcode 63
[0;32m[T1:root    @     133758] Sending SHUTDOWN to service 1:m3fs
[0m[0;32m[T1:root    @     133805] m3fs: unreg_serv(sel=50)
[0m[0;32m[T1:root    @     133812] Removing service 1:m3fs
[0m[0;32m[T1:root    @     134016] All childs gone. Exiting.
[0m[0;31m[T0:kernel  @     134124] Shutting down
[0mExiting @ tick 134136434000 because m5_exit instruction encountered
