Building for gem5-riscv-release...
ninja: no work to do.
run/boot-all.xml validates
gem5 Simulator System.  http://gem5.org
gem5 is copyrighted software; use the --copyright option for details.

gem5 version 21.0.0.0
gem5 compiled Jan 24 2023 12:10:45
gem5 started Feb  3 2023 11:49:47
gem5 executing on graham, pid 3490338
command line: platform/gem5/build/RISCV/gem5.opt --outdir=run --debug-file=gem5.log --debug-flags=Tcu /scratch/harshanavkis/sec-acc/M3/config/accels.py --cpu-type DerivO3CPU --isa riscv --cmd 'build/gem5-riscv-release/bin/kernel -f build/gem5-riscv-release/bench.img,build/gem5-riscv-release/bin/tilemux,build/gem5-riscv-release/bin/tilemux,build/gem5-riscv-release/bin/tilemux,build/gem5-riscv-release/bin/tilemux,build/gem5-riscv-release/bin/tilemux,build/gem5-riscv-release/bin/tilemux,build/gem5-riscv-release/bin/tilemux,build/gem5-riscv-release/bin/tilemux,build/gem5-riscv-release/bin/tilemux,build/gem5-riscv-release/bin/tilemux,build/gem5-riscv-release/bin/tilemux,build/gem5-riscv-release/bin/tilemux,build/gem5-riscv-release/bin/tilemux,build/gem5-riscv-release/bin/tilemux,build/gem5-riscv-release/bin/tilemux,' --mods run/boot.xml,build/gem5-riscv-release/bin/root,build/gem5-riscv-release/bin/m3fs,build/gem5-riscv-release/bin/pager --cpu-clock=1GHz --sys-clock=1GHz --encr-latency=15 --par-pipe=1 --int-transfer-latency=500 --rng-latency=0 --sign-latency=0 --sign-ver-latency=0

T00: build/gem5-riscv-release/bin/kernel -f build/gem5-riscv-release/bench.img
     Core =DerivO3CPU riscv @ 1GHz
     TCU  =eps:192, bufsz:2048 B, blocksz:64 B, count:4, tlb:128
     L1i$ =32 KiB (2-way assoc, 4 cycles)
     L1d$ =32 KiB (2-way assoc, 4 cycles)
     L2$  =256 KiB (8-way assoc, 12 cycles)
     Comp =Core -> TCU -> L1$ -> L2$

T01: build/gem5-riscv-release/bin/tilemux
     Core =DerivO3CPU riscv @ 1GHz
     TCU  =eps:192, bufsz:2048 B, blocksz:64 B, count:4, tlb:128
     L1i$ =32 KiB (2-way assoc, 4 cycles)
     L1d$ =32 KiB (2-way assoc, 4 cycles)
     L2$  =256 KiB (8-way assoc, 12 cycles)
     Comp =Core -> TCU -> L1$ -> L2$

T02: build/gem5-riscv-release/bin/tilemux
     Core =DerivO3CPU riscv @ 1GHz
     TCU  =eps:192, bufsz:2048 B, blocksz:64 B, count:4, tlb:128
     L1i$ =32 KiB (2-way assoc, 4 cycles)
     L1d$ =32 KiB (2-way assoc, 4 cycles)
     L2$  =256 KiB (8-way assoc, 12 cycles)
     Comp =Core -> TCU -> L1$ -> L2$

T03: build/gem5-riscv-release/bin/tilemux
     Core =DerivO3CPU riscv @ 1GHz
     TCU  =eps:192, bufsz:2048 B, blocksz:64 B, count:4, tlb:128
     L1i$ =32 KiB (2-way assoc, 4 cycles)
     L1d$ =32 KiB (2-way assoc, 4 cycles)
     L2$  =256 KiB (8-way assoc, 12 cycles)
     Comp =Core -> TCU -> L1$ -> L2$

T04: build/gem5-riscv-release/bin/tilemux
     Core =DerivO3CPU riscv @ 1GHz
     TCU  =eps:192, bufsz:2048 B, blocksz:64 B, count:4, tlb:128
     L1i$ =32 KiB (2-way assoc, 4 cycles)
     L1d$ =32 KiB (2-way assoc, 4 cycles)
     L2$  =256 KiB (8-way assoc, 12 cycles)
     Comp =Core -> TCU -> L1$ -> L2$

T05: build/gem5-riscv-release/bin/tilemux
     Core =DerivO3CPU riscv @ 1GHz
     TCU  =eps:192, bufsz:2048 B, blocksz:64 B, count:4, tlb:128
     L1i$ =32 KiB (2-way assoc, 4 cycles)
     L1d$ =32 KiB (2-way assoc, 4 cycles)
     L2$  =256 KiB (8-way assoc, 12 cycles)
     Comp =Core -> TCU -> L1$ -> L2$

T06: build/gem5-riscv-release/bin/tilemux
     Core =DerivO3CPU riscv @ 1GHz
     TCU  =eps:192, bufsz:2048 B, blocksz:64 B, count:4, tlb:128
     L1i$ =32 KiB (2-way assoc, 4 cycles)
     L1d$ =32 KiB (2-way assoc, 4 cycles)
     L2$  =256 KiB (8-way assoc, 12 cycles)
     Comp =Core -> TCU -> L1$ -> L2$

T07: build/gem5-riscv-release/bin/tilemux
     Core =DerivO3CPU riscv @ 1GHz
     TCU  =eps:192, bufsz:2048 B, blocksz:64 B, count:4, tlb:128
     L1i$ =32 KiB (2-way assoc, 4 cycles)
     L1d$ =32 KiB (2-way assoc, 4 cycles)
     L2$  =256 KiB (8-way assoc, 12 cycles)
     Comp =Core -> TCU -> L1$ -> L2$

T08: build/gem5-riscv-release/bin/tilemux
     Core =DerivO3CPU riscv @ 1GHz
     TCU  =eps:192, bufsz:2048 B, blocksz:64 B, count:4, tlb:128
     L1i$ =32 KiB (2-way assoc, 4 cycles)
     L1d$ =32 KiB (2-way assoc, 4 cycles)
     L2$  =256 KiB (8-way assoc, 12 cycles)
     Comp =Core -> TCU -> L1$ -> L2$

T09: build/gem5-riscv-release/bin/tilemux
     Core =DerivO3CPU riscv @ 1GHz
     TCU  =eps:192, bufsz:2048 B, blocksz:64 B, count:4, tlb:128
     L1i$ =32 KiB (2-way assoc, 4 cycles)
     L1d$ =32 KiB (2-way assoc, 4 cycles)
     L2$  =256 KiB (8-way assoc, 12 cycles)
     Comp =Core -> TCU -> L1$ -> L2$

T10: build/gem5-riscv-release/bin/tilemux
     Core =DerivO3CPU riscv @ 1GHz
     TCU  =eps:192, bufsz:2048 B, blocksz:64 B, count:4, tlb:128
     L1i$ =32 KiB (2-way assoc, 4 cycles)
     L1d$ =32 KiB (2-way assoc, 4 cycles)
     L2$  =256 KiB (8-way assoc, 12 cycles)
     Comp =Core -> TCU -> L1$ -> L2$

T11: build/gem5-riscv-release/bin/tilemux
     Core =DerivO3CPU riscv @ 1GHz
     TCU  =eps:192, bufsz:2048 B, blocksz:64 B, count:4, tlb:128
     L1i$ =32 KiB (2-way assoc, 4 cycles)
     L1d$ =32 KiB (2-way assoc, 4 cycles)
     L2$  =256 KiB (8-way assoc, 12 cycles)
     Comp =Core -> TCU -> L1$ -> L2$

T12: build/gem5-riscv-release/bin/tilemux
     Core =DerivO3CPU riscv @ 1GHz
     TCU  =eps:192, bufsz:2048 B, blocksz:64 B, count:4, tlb:128
     L1i$ =32 KiB (2-way assoc, 4 cycles)
     L1d$ =32 KiB (2-way assoc, 4 cycles)
     L2$  =256 KiB (8-way assoc, 12 cycles)
     Comp =Core -> TCU -> L1$ -> L2$

T13: build/gem5-riscv-release/bin/tilemux
     Core =DerivO3CPU riscv @ 1GHz
     TCU  =eps:192, bufsz:2048 B, blocksz:64 B, count:4, tlb:128
     L1i$ =32 KiB (2-way assoc, 4 cycles)
     L1d$ =32 KiB (2-way assoc, 4 cycles)
     L2$  =256 KiB (8-way assoc, 12 cycles)
     Comp =Core -> TCU -> L1$ -> L2$

T14: build/gem5-riscv-release/bin/tilemux
     Core =DerivO3CPU riscv @ 1GHz
     TCU  =eps:192, bufsz:2048 B, blocksz:64 B, count:4, tlb:128
     L1i$ =32 KiB (2-way assoc, 4 cycles)
     L1d$ =32 KiB (2-way assoc, 4 cycles)
     L2$  =256 KiB (8-way assoc, 12 cycles)
     Comp =Core -> TCU -> L1$ -> L2$

T15: build/gem5-riscv-release/bin/tilemux
     Core =DerivO3CPU riscv @ 1GHz
     TCU  =eps:192, bufsz:2048 B, blocksz:64 B, count:4, tlb:128
     L1i$ =32 KiB (2-way assoc, 4 cycles)
     L1d$ =32 KiB (2-way assoc, 4 cycles)
     L2$  =256 KiB (8-way assoc, 12 cycles)
     Comp =Core -> TCU -> L1$ -> L2$

T16: indir accelerator @ 1GHz
     TCU  =eps:192, bufsz:2048 B, blocksz:2048 B, count:4, tlb:0
     imem =4096 KiB
     Comp =Core -> TCU -> SPM

T17: indir accelerator @ 1GHz
     TCU  =eps:192, bufsz:2048 B, blocksz:2048 B, count:4, tlb:0
     imem =4096 KiB
     Comp =Core -> TCU -> SPM

T18: indir accelerator @ 1GHz
     TCU  =eps:192, bufsz:2048 B, blocksz:2048 B, count:4, tlb:0
     imem =4096 KiB
     Comp =Core -> TCU -> SPM

T19: indir accelerator @ 1GHz
     TCU  =eps:192, bufsz:2048 B, blocksz:2048 B, count:4, tlb:0
     imem =4096 KiB
     Comp =Core -> TCU -> SPM

T20: copy accelerator @ 1GHz
     TCU  =eps:192, bufsz:2048 B, blocksz:2048 B, count:4, tlb:0
     imem =4096 KiB
     Comp =Core -> TCU -> SPM

T21: copy accelerator @ 1GHz
     TCU  =eps:192, bufsz:2048 B, blocksz:2048 B, count:4, tlb:0
     imem =4096 KiB
     Comp =Core -> TCU -> SPM

T22: copy accelerator @ 1GHz
     TCU  =eps:192, bufsz:2048 B, blocksz:2048 B, count:4, tlb:0
     imem =4096 KiB
     Comp =Core -> TCU -> SPM

T23: copy accelerator @ 1GHz
     TCU  =eps:192, bufsz:2048 B, blocksz:2048 B, count:4, tlb:0
     imem =4096 KiB
     Comp =Core -> TCU -> SPM

T24: rot13 accelerator @ 1GHz
     TCU  =eps:192, bufsz:2048 B, blocksz:2048 B, count:4, tlb:0
     imem =4096 KiB
     Comp =Core -> TCU -> SPM

T25: SerialInput
     TCU  =eps:192, bufsz:2048 B, blocksz:2048 B, count:4, tlb:0
     Comp =TCU -> SerialInput

T26: build/gem5-riscv-release/bench.img x 1
     TCU  =eps:192, bufsz:2048 B, blocksz:2048 B, count:8, tlb:0
     imem =3145728 KiB
     Comp =TCU -> DRAM

Global frequency set at 1000000000000 ticks per second
warn: No dot file generated. Please install pydot to generate the dot file and pdf.
Gem5 Terminal started; Quit via Ctrl+]
warn: DRAM device capacity (49152 Mbytes) does not match the address range assigned (4096 Mbytes)
platform.com_1.device: Listening for connections on port 3456
0: T00.remote_gdb: listening for remote gdb on port 7000
0: T01.remote_gdb: listening for remote gdb on port 7001
0: T02.remote_gdb: listening for remote gdb on port 7002
0: T03.remote_gdb: listening for remote gdb on port 7003
0: T04.remote_gdb: listening for remote gdb on port 7004
0: T05.remote_gdb: listening for remote gdb on port 7005
0: T06.remote_gdb: listening for remote gdb on port 7006
0: T07.remote_gdb: listening for remote gdb on port 7007
0: T08.remote_gdb: listening for remote gdb on port 7008
0: T09.remote_gdb: listening for remote gdb on port 7009
0: T10.remote_gdb: listening for remote gdb on port 7010
0: T11.remote_gdb: listening for remote gdb on port 7011
0: T12.remote_gdb: listening for remote gdb on port 7012
0: T13.remote_gdb: listening for remote gdb on port 7013
0: T14.remote_gdb: listening for remote gdb on port 7014
0: T15.remote_gdb: listening for remote gdb on port 7015
warn: CoherentXBar T16.xbar has no snooping ports attached!
warn: CoherentXBar T17.xbar has no snooping ports attached!
warn: CoherentXBar T18.xbar has no snooping ports attached!
warn: CoherentXBar T19.xbar has no snooping ports attached!
warn: CoherentXBar T20.xbar has no snooping ports attached!
warn: CoherentXBar T21.xbar has no snooping ports attached!
warn: CoherentXBar T22.xbar has no snooping ports attached!
warn: CoherentXBar T23.xbar has no snooping ports attached!
warn: CoherentXBar T24.xbar has no snooping ports attached!
warn: CoherentXBar T25.xbar has no snooping ports attached!
warn: CoherentXBar T26.xbar has no snooping ports attached!
info: Loaded 'boot.xml' to 0x9a00000030000000 .. 0x9a000000300004fe
info: Loaded 'root' to 0x9a00000030001000 .. 0x9a000000300756e0
info: Loaded 'm3fs' to 0x9a00000030076000 .. 0x9a000000300cc340
info: Loaded 'pager' to 0x9a000000300cd000 .. 0x9a0000003014bb90
info: Entering event queue @ 0.  Starting simulation...
warn: T15,PMP-EP65535: invalid EP
warn: T0,PMP-EP65535: invalid EP
warn: T14,PMP-EP65535: invalid EP
warn: T13,PMP-EP65535: invalid EP
warn: T12,PMP-EP65535: invalid EP
warn: T11,PMP-EP65535: invalid EP
warn: T10,PMP-EP65535: invalid EP
warn: T9,PMP-EP65535: invalid EP
warn: T8,PMP-EP65535: invalid EP
warn: T7,PMP-EP65535: invalid EP
warn: T6,PMP-EP65535: invalid EP
warn: T5,PMP-EP65535: invalid EP
warn: T4,PMP-EP65535: invalid EP
warn: T3,PMP-EP65535: invalid EP
warn: T2,PMP-EP65535: invalid EP
warn: T1,PMP-EP65535: invalid EP
warn: T11,PMP-EP65535: invalid EP
warn: T2,PMP-EP65535: invalid EP
warn: T15,PMP-EP65535: invalid EP
warn: T10,PMP-EP65535: invalid EP
warn: T8,PMP-EP65535: invalid EP
warn: T13,PMP-EP65535: invalid EP
warn: T14,PMP-EP65535: invalid EP
warn: T9,PMP-EP65535: invalid EP
warn: T12,PMP-EP65535: invalid EP
warn: T7,PMP-EP65535: invalid EP
warn: T1,PMP-EP65535: invalid EP
warn: T4,PMP-EP65535: invalid EP
warn: T6,PMP-EP65535: invalid EP
warn: T3,PMP-EP65535: invalid EP
warn: T5,PMP-EP65535: invalid EP
warn: T0,PMP-EP65535: invalid EP
[0;31m[T0:kernel  @        246] Entered raw mode; Quit via Ctrl+]
[0mwarn: T11,PMP-EP3: invalid EP
warn: T14,PMP-EP3: invalid EP
warn: T15,PMP-EP3: invalid EP
warn: T7,PMP-EP3: invalid EP
warn: T10,PMP-EP3: invalid EP
warn: T1,PMP-EP3: invalid EP
warn: T9,PMP-EP3: invalid EP
warn: T3,PMP-EP3: invalid EP
warn: T6,PMP-EP3: invalid EP
warn: T8,PMP-EP3: invalid EP
warn: T11,PMP-EP65535: invalid EP
warn: T11,PMP-EP65535: invalid EP
warn: T11,PMP-EP65535: invalid EP
warn: T4,PMP-EP3: invalid EP
warn: T13,PMP-EP3: invalid EP
warn: T5,PMP-EP3: invalid EP
warn: T2,PMP-EP3: invalid EP
warn: T12,PMP-EP3: invalid EP
warn: T14,PMP-EP65535: invalid EP
warn: T14,PMP-EP65535: invalid EP
warn: T14,PMP-EP65535: invalid EP
warn: T11,PMP-EP65535: invalid EP
warn: T15,PMP-EP65535: invalid EP
warn: T15,PMP-EP65535: invalid EP
warn: T15,PMP-EP65535: invalid EP
warn: T7,PMP-EP65535: invalid EP
warn: T7,PMP-EP65535: invalid EP
warn: T7,PMP-EP65535: invalid EP
warn: T10,PMP-EP65535: invalid EP
warn: T10,PMP-EP65535: invalid EP
warn: T10,PMP-EP65535: invalid EP
warn: T1,PMP-EP65535: invalid EP
warn: T1,PMP-EP65535: invalid EP
warn: T1,PMP-EP65535: invalid EP
warn: T14,PMP-EP65535: invalid EP
warn: T9,PMP-EP65535: invalid EP
warn: T9,PMP-EP65535: invalid EP
warn: T9,PMP-EP65535: invalid EP
warn: T3,PMP-EP65535: invalid EP
warn: T3,PMP-EP65535: invalid EP
warn: T6,PMP-EP65535: invalid EP
warn: T6,PMP-EP65535: invalid EP
warn: T6,PMP-EP65535: invalid EP
warn: T3,PMP-EP65535: invalid EP
warn: T15,PMP-EP65535: invalid EP
warn: T8,PMP-EP65535: invalid EP
warn: T8,PMP-EP65535: invalid EP
warn: T8,PMP-EP65535: invalid EP
warn: T7,PMP-EP65535: invalid EP
warn: T10,PMP-EP65535: invalid EP
warn: T1,PMP-EP65535: invalid EP
warn: T4,PMP-EP65535: invalid EP
warn: T4,PMP-EP65535: invalid EP
warn: T4,PMP-EP65535: invalid EP
warn: T13,PMP-EP65535: invalid EP
warn: T13,PMP-EP65535: invalid EP
warn: T13,PMP-EP65535: invalid EP
warn: T5,PMP-EP65535: invalid EP
warn: T5,PMP-EP65535: invalid EP
warn: T5,PMP-EP65535: invalid EP
warn: T2,PMP-EP65535: invalid EP
warn: T2,PMP-EP65535: invalid EP
warn: T2,PMP-EP65535: invalid EP
warn: T9,PMP-EP65535: invalid EP
warn: T12,PMP-EP65535: invalid EP
warn: T12,PMP-EP65535: invalid EP
warn: T12,PMP-EP65535: invalid EP
warn: T3,PMP-EP65535: invalid EP
warn: T6,PMP-EP65535: invalid EP
warn: T8,PMP-EP65535: invalid EP
warn: T4,PMP-EP65535: invalid EP
warn: T13,PMP-EP65535: invalid EP
warn: T5,PMP-EP65535: invalid EP
warn: T2,PMP-EP65535: invalid EP
warn: T12,PMP-EP65535: invalid EP
[0;31m[T0:kernel  @       1715] Attesting tile: 1
[0m[0;31m[T0:kernel  @       4447] Attestation complete: 1, 2720765 cycles
[0m[0;31m[T0:kernel  @       5710] Attesting tile: 2
[0m[0;31m[T0:kernel  @       8424] Attestation complete: 2, 2708455 cycles
[0m[0;31m[T0:kernel  @       9686] Attesting tile: 3
[0m[0;31m[T0:kernel  @      12399] Attestation complete: 3, 2708013 cycles
[0m[0;31m[T0:kernel  @      13660] Attesting tile: 4
[0m[0;31m[T0:kernel  @      16372] Attestation complete: 4, 2707899 cycles
[0m[0;31m[T0:kernel  @      17634] Attesting tile: 5
[0m[0;31m[T0:kernel  @      20346] Attestation complete: 5, 2707657 cycles
[0m[0;31m[T0:kernel  @      21607] Attesting tile: 6
[0m[0;31m[T0:kernel  @      24319] Attestation complete: 6, 2707650 cycles
[0m[0;31m[T0:kernel  @      25581] Attesting tile: 7
[0m[0;31m[T0:kernel  @      28293] Attestation complete: 7, 2707626 cycles
[0m[0;31m[T0:kernel  @      29554] Attesting tile: 8
[0m[0;31m[T0:kernel  @      32266] Attestation complete: 8, 2707683 cycles
[0m[0;31m[T0:kernel  @      33528] Attesting tile: 9
[0m[0;31m[T0:kernel  @      36240] Attestation complete: 9, 2707622 cycles
[0m[0;31m[T0:kernel  @      37501] Attesting tile: 10
[0m[0;31m[T0:kernel  @      40213] Attestation complete: 10, 2707647 cycles
[0m[0;31m[T0:kernel  @      41474] Attesting tile: 11
[0m[0;31m[T0:kernel  @      44186] Attestation complete: 11, 2707603 cycles
[0m[0;31m[T0:kernel  @      45448] Attesting tile: 12
[0m[0;31m[T0:kernel  @      48159] Attestation complete: 12, 2707668 cycles
[0m[0;31m[T0:kernel  @      49421] Attesting tile: 13
[0m[0;31m[T0:kernel  @      52133] Attestation complete: 13, 2707620 cycles
[0m[0;31m[T0:kernel  @      53394] Attesting tile: 14
[0m[0;31m[T0:kernel  @      56106] Attestation complete: 14, 2707624 cycles
[0m[0;31m[T0:kernel  @      57368] Attesting tile: 15
[0m[0;31m[T0:kernel  @      60080] Attestation complete: 15, 2707611 cycles
[0m[0;31m[T0:kernel  @      61341] Attesting tile: 16
[0m[0;31m[T0:kernel  @      64053] Attestation complete: 16, 2707638 cycles
[0m[0;31m[T0:kernel  @      65315] Attesting tile: 17
[0m[0;31m[T0:kernel  @      68025] Attestation complete: 17, 2706434 cycles
[0m[0;31m[T0:kernel  @      69288] Attesting tile: 18
[0m[0;31m[T0:kernel  @      71998] Attestation complete: 18, 2706402 cycles
[0m[0;31m[T0:kernel  @      73260] Attesting tile: 19
[0m[0;31m[T0:kernel  @      75971] Attestation complete: 19, 2706426 cycles
[0m[0;31m[T0:kernel  @      77232] Attesting tile: 20
[0m[0;31m[T0:kernel  @      79943] Attestation complete: 20, 2706458 cycles
[0m[0;31m[T0:kernel  @      81204] Attesting tile: 21
[0m[0;31m[T0:kernel  @      83915] Attestation complete: 21, 2706415 cycles
[0m[0;31m[T0:kernel  @      85176] Attesting tile: 22
[0m[0;31m[T0:kernel  @      87887] Attestation complete: 22, 2706451 cycles
[0m[0;31m[T0:kernel  @      89148] Attesting tile: 23
[0m[0;31m[T0:kernel  @      91859] Attestation complete: 23, 2706399 cycles
[0m[0;31m[T0:kernel  @      93121] Attesting tile: 24
[0m[0;31m[T0:kernel  @      95832] Attestation complete: 24, 2706442 cycles
[0m[0;31m[T0:kernel  @      97094] Attesting tile: 25
[0m[0;31m[T0:kernel  @      99804] Attestation complete: 25, 2706436 cycles
[0m[0;31m[T0:kernel  @      99813] Attesting tile: 26
[0m[0;31m[T0:kernel  @     102530] Attestation complete: 26, 2712845 cycles
[0m[0;31m[T0:kernel  @     102535] Attesting tile: 26
[0m[0;31m[T0:kernel  @     105252] Attestation complete: 26, 2712558 cycles
[0m[0;31m[T0:kernel  @     105257] Attesting tile: 26
[0m[0;31m[T0:kernel  @     107974] Attestation complete: 26, 2712424 cycles
[0m[0;31m[T0:kernel  @     107979] Attesting tile: 26
[0m[0;31m[T0:kernel  @     110695] Attestation complete: 26, 2712698 cycles
[0m[0;31m[T0:kernel  @     111113] Kernel is ready!
[0m[0;32m[T1:root    @     112234] Boot modules:
[0m[0;32m[T1:root    @     112262]   Mod[addr: G[Tile26+0x30000000], size: 0x4fe, name: boot.xml]
[0m[0;32m[T1:root    @     112271]   Mod[addr: G[Tile26+0x30001000], size: 0x746e0, name: root]
[0m[0;32m[T1:root    @     112279]   Mod[addr: G[Tile26+0x30076000], size: 0x56340, name: m3fs]
[0m[0;32m[T1:root    @     112286]   Mod[addr: G[Tile26+0x300cd000], size: 0x7eb90, name: pager]
[0m[0;32m[T1:root    @     112290] Available tiles:
[0m[0;32m[T1:root    @     112309]   Tile01: COMP_EMEM RISCV (empty) 0 KiB memory
[0m[0;32m[T1:root    @     112320]   Tile02: COMP_EMEM RISCV (empty) 0 KiB memory
[0m[0;32m[T1:root    @     112327]   Tile03: COMP_EMEM RISCV (empty) 0 KiB memory
[0m[0;32m[T1:root    @     112333]   Tile04: COMP_EMEM RISCV (empty) 0 KiB memory
[0m[0;32m[T1:root    @     112340]   Tile05: COMP_EMEM RISCV (empty) 0 KiB memory
[0m[0;32m[T1:root    @     112348]   Tile06: COMP_EMEM RISCV (empty) 0 KiB memory
[0m[0;32m[T1:root    @     112354]   Tile07: COMP_EMEM RISCV (empty) 0 KiB memory
[0m[0;32m[T1:root    @     112361]   Tile08: COMP_EMEM RISCV (empty) 0 KiB memory
[0m[0;32m[T1:root    @     112368]   Tile09: COMP_EMEM RISCV (empty) 0 KiB memory
[0m[0;32m[T1:root    @     112375]   Tile10: COMP_EMEM RISCV (empty) 0 KiB memory
[0m[0;32m[T1:root    @     112382]   Tile11: COMP_EMEM RISCV (empty) 0 KiB memory
[0m[0;32m[T1:root    @     112388]   Tile12: COMP_EMEM RISCV (empty) 0 KiB memory
[0m[0;32m[T1:root    @     112394]   Tile13: COMP_EMEM RISCV (empty) 0 KiB memory
[0m[0;32m[T1:root    @     112400]   Tile14: COMP_EMEM RISCV (empty) 0 KiB memory
[0m[0;32m[T1:root    @     112408]   Tile15: COMP_EMEM RISCV (empty) 0 KiB memory
[0m[0;32m[T1:root    @     112414]   Tile16: COMP_IMEM ACCEL_INDIR (empty) 4096 KiB memory
[0m[0;32m[T1:root    @     112421]   Tile17: COMP_IMEM ACCEL_INDIR (empty) 4096 KiB memory
[0m[0;32m[T1:root    @     112429]   Tile18: COMP_IMEM ACCEL_INDIR (empty) 4096 KiB memory
[0m[0;32m[T1:root    @     112435]   Tile19: COMP_IMEM ACCEL_INDIR (empty) 4096 KiB memory
[0m[0;32m[T1:root    @     112441]   Tile20: COMP_IMEM ACCEL_COPY (empty) 4096 KiB memory
[0m[0;32m[T1:root    @     112448]   Tile21: COMP_IMEM ACCEL_COPY (empty) 4096 KiB memory
[0m[0;32m[T1:root    @     112459]   Tile22: COMP_IMEM ACCEL_COPY (empty) 4096 KiB memory
[0m[0;32m[T1:root    @     112465]   Tile23: COMP_IMEM ACCEL_COPY (empty) 4096 KiB memory
[0m[0;32m[T1:root    @     112472]   Tile24: COMP_IMEM ACCEL_ROT13 (empty) 4096 KiB memory
[0m[0;32m[T1:root    @     112478]   Tile25: COMP_IMEM SERIAL_DEV (empty) 0 KiB memory
[0m[0;32m[T1:root    @     112487] Available memory:
[0m[0;32m[T1:root    @     112503]   MemMod[sel: 34, res: true, addr: G[Tile26+0x0], size: 1264 MiB]
[0m[0;32m[T1:root    @     112512]   MemMod[sel: 35, res: false, addr: G[Tile26+0x53600000], size: 959 MiB]
[0m[0;32m[T1:root    @     112519] Parsed Config [
[0m[0;32m[T1:root    @     112527]   root [
[0m[0;32m[T1:root    @     112547]     Domain on core [
[0m[0;32m[T1:root    @     112553]       m3fs mem 268435456 [
[0m[0;32m[T1:root    @     112557]         Daemon,
[0m[0;32m[T1:root    @     112570]         PhysMem[addr=0x0, size=0x40000 KiB, perm=R | W | X | RW | RWX],
[0m[0;32m[T1:root    @     112580]         Service[lname='m3fs', gname='m3fs'],
[0m[0;32m[T1:root    @     112586]       ]
[0m[0;32m[T1:root    @     112590]     ]
[0m[0;32m[T1:root    @     112594]     Domain on core [
[0m[0;32m[T1:root    @     112600]       pager 268435456 [
[0m[0;32m[T1:root    @     112607]         PhysMem[addr=0x0, size=0x40000 KiB, perm=R],
[0m[0;32m[T1:root    @     112615]         Session[lname='m3fs', gname='m3fs', arg='', dep=true],
[0m[0;32m[T1:root    @     112625]         Tile[type=boom|core, count=2, optional=false],
[0m[0;32m[T1:root    @     112630]         Domain on boom|core [
[0m[0;32m[T1:root    @     112638]           /bin/facever gpu 256 13436961 0 16384 [
[0m[0;32m[T1:root    @     112643]             Daemon,
[0m[0;32m[T1:root    @     112652]             RGate[lname='gpu', gname='gpu', msgsize='512', slots=1],
[0m[0;32m[T1:root    @     112664]             SGate[lname='gpures', gname='gpures', credits='1', label=0x0],
[0m[0;32m[T1:root    @     112671]             Mount[fs='m3fs', path='/'],
[0m[0;32m[T1:root    @     112678]             Tile[type=core, count=1, optional=false],
[0m[0;32m[T1:root    @     112683]           ]
[0m[0;32m[T1:root    @     112687]         ]
[0m[0;32m[T1:root    @     112692]         Domain on boom|core [
[0m[0;32m[T1:root    @     112699]           /bin/facever client 256 200704 1 [
[0m[0;32m[T1:root    @     112708]             RGate[lname='gpures', gname='gpures', msgsize='512', slots=1],
[0m[0;32m[T1:root    @     112716]             SGate[lname='gpu', gname='gpu', credits='1', label=0x0],
[0m[0;32m[T1:root    @     112723]             Tile[type=core, count=1, optional=false],
[0m[0;32m[T1:root    @     112727]           ]
[0m[0;32m[T1:root    @     112731]         ]
[0m[0;32m[T1:root    @     112735]       ]
[0m[0;32m[T1:root    @     112738]     ]
[0m[0;32m[T1:root    @     112741]   ]
[0m[0;32m[T1:root    @     112744] ]
[0m[0;32m[T1:root    @     112746] 
[0m[0;32m[T1:root    @     114483] Starting boot module 'm3fs' on tile2 with arguments ["mem", "268435456"]
[0m[0;32m[T1:root    @     116428] m3fs: reg_serv(srv_sel=50, sgate_sel=54, name=m3fs, sessions=32)
[0m[0;32m[T1:root    @     116445] Creating service 1:m3fs
[0m[0;32m[T1:root    @     116680] Starting boot module 'pager' on tile3 with arguments ["268435456"]
[0m[0;34m[T3:pager   @     117643] Created rgate gpu @ 63
[0m[0;34m[T3:pager   @     117665] Created rgate gpures @ 64
[0m[0;34m[T3:pager   @     117673] Boot modules:
[0m[0;34m[T3:pager   @     117690]   Mod[addr: G[Tile26+0x7b601000], size: 0x3e0, name: boot.xml]
[0m[0;34m[T3:pager   @     117695] Available tiles:
[0m[0;34m[T3:pager   @     117715]   Tile03: COMP_EMEM RISCV (empty) 0 KiB memory
[0m[0;34m[T3:pager   @     117725]   Tile04: COMP_EMEM RISCV (empty) 0 KiB memory
[0m[0;34m[T3:pager   @     117731]   Tile05: COMP_EMEM RISCV (empty) 0 KiB memory
[0m[0;34m[T3:pager   @     117739] Available memory:
[0m[0;34m[T3:pager   @     117756]   MemMod[sel: 9, res: false, addr: G[Tile26+0x67800000], size: 213 MiB]
[0m[0;32m[T1:root    @     117797] pager: open_sess(dst_sel=65, name=m3fs)
[0m[0;32m[T1:root    @     119409] pager: Ok(8:ALLOC_TILE) failed: NotFound
[0m[0;34m[T3:pager   @     120079] Starting boot module '/bin/facever' on tile6 with arguments ["gpu", "256", "13436961", "0", "16384"]
[0m[0;32m[T1:root    @     120440] pager: Ok(8:ALLOC_TILE) failed: NotFound
[0m[0;34m[T3:pager   @     120834] Starting boot module '/bin/facever' on tile7 with arguments ["client", "256", "200704", "1"]
[0m[0;34m[T3:pager   @     121978] /bin/facever: use_sgate(name=gpures, sel=89)
[0m[0;34m[T3:pager   @     122091] /bin/facever: use_rgate(name=gpu, sel=94)
[0m[0;34m[T3:pager   @     122363] /bin/facever: use_sgate(name=gpu, sel=112)
[0m[0;34m[T3:pager   @     122393] /bin/facever: use_rgate(name=gpures, sel=114)
[0m[0;32m[T7:facever @     122474] client: writing to gpu
[0m[0;32m[T7:facever @     122773] client -> gpu
[0m[0;31m[T6:facever @     122817] gpu <- client
[0m[0;32m[T7:facever @     122836] client <- gpu
[0m[0;31m[T6:facever @     122840] gpu: computing for 13436961 cycles
[0m[0;31m[T6:facever @     136521] gpu -> client
[0m[0;32m[T7:facever @     136539] client <- gpu
[0m[0;31m[T6:facever @     136548] gpu <- client
[0mtotal: 14109304 cycles
Child '/bin/facever' exited with exitcode 63
[0;32m[T1:root    @     137967] Sending SHUTDOWN to service 1:m3fs
[0m[0;32m[T1:root    @     138039] m3fs: unreg_serv(sel=50)
[0m[0;32m[T1:root    @     138048] Removing service 1:m3fs
[0m[0;32m[T1:root    @     138353] All childs gone. Exiting.
[0m[0;31m[T0:kernel  @     138502] Shutting down
[0mExiting @ tick 138522771000 because m5_exit instruction encountered
