Building for gem5-riscv-release...
ninja: no work to do.
run/boot-all.xml validates
gem5 Simulator System.  http://gem5.org
gem5 is copyrighted software; use the --copyright option for details.

gem5 version 21.0.0.0
gem5 compiled May 16 2023 13:50:01
gem5 started May 23 2023 22:18:56
gem5 executing on graham, pid 1977868
command line: platform/gem5/build/RISCV/gem5.opt --outdir=run --debug-file=gem5.log --debug-flags=Tcu /scratch/harshanavkis/sec-acc/M3/config/accels.py --cpu-type DerivO3CPU --isa riscv --cmd 'build/gem5-riscv-release/bin/kernel -f build/gem5-riscv-release/bench.img,build/gem5-riscv-release/bin/tilemux,build/gem5-riscv-release/bin/tilemux,build/gem5-riscv-release/bin/tilemux,build/gem5-riscv-release/bin/tilemux,build/gem5-riscv-release/bin/tilemux,build/gem5-riscv-release/bin/tilemux,build/gem5-riscv-release/bin/tilemux,build/gem5-riscv-release/bin/tilemux,build/gem5-riscv-release/bin/tilemux,build/gem5-riscv-release/bin/tilemux,build/gem5-riscv-release/bin/tilemux,build/gem5-riscv-release/bin/tilemux,build/gem5-riscv-release/bin/tilemux,build/gem5-riscv-release/bin/tilemux,build/gem5-riscv-release/bin/tilemux,' --mods run/boot.xml,build/gem5-riscv-release/bin/root,build/gem5-riscv-release/bin/m3fs,build/gem5-riscv-release/bin/pager --cpu-clock=2GHz --sys-clock=2GHz --encr-latency=15 --par-pipe=1 --int-transfer-latency=1000 --rng-latency=0 --sign-latency=0 --sign-ver-latency=0

T00: build/gem5-riscv-release/bin/kernel -f build/gem5-riscv-release/bench.img
     Core =DerivO3CPU riscv @ 2GHz
     TCU  =eps:192, bufsz:2048 B, blocksz:64 B, count:4, tlb:128
     L1i$ =32 KiB (2-way assoc, 4 cycles)
     L1d$ =32 KiB (2-way assoc, 4 cycles)
     L2$  =256 KiB (8-way assoc, 12 cycles)
     Comp =Core -> TCU -> L1$ -> L2$

T01: build/gem5-riscv-release/bin/tilemux
     Core =DerivO3CPU riscv @ 2GHz
     TCU  =eps:192, bufsz:2048 B, blocksz:64 B, count:4, tlb:128
     L1i$ =32 KiB (2-way assoc, 4 cycles)
     L1d$ =32 KiB (2-way assoc, 4 cycles)
     L2$  =256 KiB (8-way assoc, 12 cycles)
     Comp =Core -> TCU -> L1$ -> L2$

T02: build/gem5-riscv-release/bin/tilemux
     Core =DerivO3CPU riscv @ 2GHz
     TCU  =eps:192, bufsz:2048 B, blocksz:64 B, count:4, tlb:128
     L1i$ =32 KiB (2-way assoc, 4 cycles)
     L1d$ =32 KiB (2-way assoc, 4 cycles)
     L2$  =256 KiB (8-way assoc, 12 cycles)
     Comp =Core -> TCU -> L1$ -> L2$

T03: build/gem5-riscv-release/bin/tilemux
     Core =DerivO3CPU riscv @ 2GHz
     TCU  =eps:192, bufsz:2048 B, blocksz:64 B, count:4, tlb:128
     L1i$ =32 KiB (2-way assoc, 4 cycles)
     L1d$ =32 KiB (2-way assoc, 4 cycles)
     L2$  =256 KiB (8-way assoc, 12 cycles)
     Comp =Core -> TCU -> L1$ -> L2$

T04: build/gem5-riscv-release/bin/tilemux
     Core =DerivO3CPU riscv @ 2GHz
     TCU  =eps:192, bufsz:2048 B, blocksz:64 B, count:4, tlb:128
     L1i$ =32 KiB (2-way assoc, 4 cycles)
     L1d$ =32 KiB (2-way assoc, 4 cycles)
     L2$  =256 KiB (8-way assoc, 12 cycles)
     Comp =Core -> TCU -> L1$ -> L2$

T05: build/gem5-riscv-release/bin/tilemux
     Core =DerivO3CPU riscv @ 2GHz
     TCU  =eps:192, bufsz:2048 B, blocksz:64 B, count:4, tlb:128
     L1i$ =32 KiB (2-way assoc, 4 cycles)
     L1d$ =32 KiB (2-way assoc, 4 cycles)
     L2$  =256 KiB (8-way assoc, 12 cycles)
     Comp =Core -> TCU -> L1$ -> L2$

T06: build/gem5-riscv-release/bin/tilemux
     Core =DerivO3CPU riscv @ 2GHz
     TCU  =eps:192, bufsz:2048 B, blocksz:64 B, count:4, tlb:128
     L1i$ =32 KiB (2-way assoc, 4 cycles)
     L1d$ =32 KiB (2-way assoc, 4 cycles)
     L2$  =256 KiB (8-way assoc, 12 cycles)
     Comp =Core -> TCU -> L1$ -> L2$

T07: build/gem5-riscv-release/bin/tilemux
     Core =DerivO3CPU riscv @ 2GHz
     TCU  =eps:192, bufsz:2048 B, blocksz:64 B, count:4, tlb:128
     L1i$ =32 KiB (2-way assoc, 4 cycles)
     L1d$ =32 KiB (2-way assoc, 4 cycles)
     L2$  =256 KiB (8-way assoc, 12 cycles)
     Comp =Core -> TCU -> L1$ -> L2$

T08: build/gem5-riscv-release/bin/tilemux
     Core =DerivO3CPU riscv @ 2GHz
     TCU  =eps:192, bufsz:2048 B, blocksz:64 B, count:4, tlb:128
     L1i$ =32 KiB (2-way assoc, 4 cycles)
     L1d$ =32 KiB (2-way assoc, 4 cycles)
     L2$  =256 KiB (8-way assoc, 12 cycles)
     Comp =Core -> TCU -> L1$ -> L2$

T09: build/gem5-riscv-release/bin/tilemux
     Core =DerivO3CPU riscv @ 2GHz
     TCU  =eps:192, bufsz:2048 B, blocksz:64 B, count:4, tlb:128
     L1i$ =32 KiB (2-way assoc, 4 cycles)
     L1d$ =32 KiB (2-way assoc, 4 cycles)
     L2$  =256 KiB (8-way assoc, 12 cycles)
     Comp =Core -> TCU -> L1$ -> L2$

T10: build/gem5-riscv-release/bin/tilemux
     Core =DerivO3CPU riscv @ 2GHz
     TCU  =eps:192, bufsz:2048 B, blocksz:64 B, count:4, tlb:128
     L1i$ =32 KiB (2-way assoc, 4 cycles)
     L1d$ =32 KiB (2-way assoc, 4 cycles)
     L2$  =256 KiB (8-way assoc, 12 cycles)
     Comp =Core -> TCU -> L1$ -> L2$

T11: build/gem5-riscv-release/bin/tilemux
     Core =DerivO3CPU riscv @ 2GHz
     TCU  =eps:192, bufsz:2048 B, blocksz:64 B, count:4, tlb:128
     L1i$ =32 KiB (2-way assoc, 4 cycles)
     L1d$ =32 KiB (2-way assoc, 4 cycles)
     L2$  =256 KiB (8-way assoc, 12 cycles)
     Comp =Core -> TCU -> L1$ -> L2$

T12: build/gem5-riscv-release/bin/tilemux
     Core =DerivO3CPU riscv @ 2GHz
     TCU  =eps:192, bufsz:2048 B, blocksz:64 B, count:4, tlb:128
     L1i$ =32 KiB (2-way assoc, 4 cycles)
     L1d$ =32 KiB (2-way assoc, 4 cycles)
     L2$  =256 KiB (8-way assoc, 12 cycles)
     Comp =Core -> TCU -> L1$ -> L2$

T13: build/gem5-riscv-release/bin/tilemux
     Core =DerivO3CPU riscv @ 2GHz
     TCU  =eps:192, bufsz:2048 B, blocksz:64 B, count:4, tlb:128
     L1i$ =32 KiB (2-way assoc, 4 cycles)
     L1d$ =32 KiB (2-way assoc, 4 cycles)
     L2$  =256 KiB (8-way assoc, 12 cycles)
     Comp =Core -> TCU -> L1$ -> L2$

T14: build/gem5-riscv-release/bin/tilemux
     Core =DerivO3CPU riscv @ 2GHz
     TCU  =eps:192, bufsz:2048 B, blocksz:64 B, count:4, tlb:128
     L1i$ =32 KiB (2-way assoc, 4 cycles)
     L1d$ =32 KiB (2-way assoc, 4 cycles)
     L2$  =256 KiB (8-way assoc, 12 cycles)
     Comp =Core -> TCU -> L1$ -> L2$

T15: build/gem5-riscv-release/bin/tilemux
     Core =DerivO3CPU riscv @ 2GHz
     TCU  =eps:192, bufsz:2048 B, blocksz:64 B, count:4, tlb:128
     L1i$ =32 KiB (2-way assoc, 4 cycles)
     L1d$ =32 KiB (2-way assoc, 4 cycles)
     L2$  =256 KiB (8-way assoc, 12 cycles)
     Comp =Core -> TCU -> L1$ -> L2$

T16: indir accelerator @ 1GHz
     TCU  =eps:192, bufsz:2048 B, blocksz:2048 B, count:4, tlb:0
     imem =4096 KiB
     Comp =Core -> TCU -> SPM

T17: indir accelerator @ 1GHz
     TCU  =eps:192, bufsz:2048 B, blocksz:2048 B, count:4, tlb:0
     imem =4096 KiB
     Comp =Core -> TCU -> SPM

T18: indir accelerator @ 1GHz
     TCU  =eps:192, bufsz:2048 B, blocksz:2048 B, count:4, tlb:0
     imem =4096 KiB
     Comp =Core -> TCU -> SPM

T19: indir accelerator @ 1GHz
     TCU  =eps:192, bufsz:2048 B, blocksz:2048 B, count:4, tlb:0
     imem =4096 KiB
     Comp =Core -> TCU -> SPM

T20: copy accelerator @ 1GHz
     TCU  =eps:192, bufsz:2048 B, blocksz:2048 B, count:4, tlb:0
     imem =4096 KiB
     Comp =Core -> TCU -> SPM

T21: copy accelerator @ 1GHz
     TCU  =eps:192, bufsz:2048 B, blocksz:2048 B, count:4, tlb:0
     imem =4096 KiB
     Comp =Core -> TCU -> SPM

T22: copy accelerator @ 1GHz
     TCU  =eps:192, bufsz:2048 B, blocksz:2048 B, count:4, tlb:0
     imem =4096 KiB
     Comp =Core -> TCU -> SPM

T23: copy accelerator @ 1GHz
     TCU  =eps:192, bufsz:2048 B, blocksz:2048 B, count:4, tlb:0
     imem =4096 KiB
     Comp =Core -> TCU -> SPM

T24: rot13 accelerator @ 1GHz
     TCU  =eps:192, bufsz:2048 B, blocksz:2048 B, count:4, tlb:0
     imem =4096 KiB
     Comp =Core -> TCU -> SPM

T25: SerialInput
     TCU  =eps:192, bufsz:2048 B, blocksz:2048 B, count:4, tlb:0
     Comp =TCU -> SerialInput

T26: build/gem5-riscv-release/bench.img x 1
     TCU  =eps:192, bufsz:2048 B, blocksz:2048 B, count:8, tlb:0
     imem =3145728 KiB
     Comp =TCU -> DRAM

Global frequency set at 1000000000000 ticks per second
warn: No dot file generated. Please install pydot to generate the dot file and pdf.
Gem5 Terminal started; Quit via Ctrl+]
warn: DRAM device capacity (49152 Mbytes) does not match the address range assigned (4096 Mbytes)
platform.com_1.device: Listening for connections on port 3456
0: T00.remote_gdb: listening for remote gdb on port 7000
0: T01.remote_gdb: listening for remote gdb on port 7001
0: T02.remote_gdb: listening for remote gdb on port 7002
0: T03.remote_gdb: listening for remote gdb on port 7003
0: T04.remote_gdb: listening for remote gdb on port 7004
0: T05.remote_gdb: listening for remote gdb on port 7005
0: T06.remote_gdb: listening for remote gdb on port 7006
0: T07.remote_gdb: listening for remote gdb on port 7007
0: T08.remote_gdb: listening for remote gdb on port 7008
0: T09.remote_gdb: listening for remote gdb on port 7009
0: T10.remote_gdb: listening for remote gdb on port 7010
0: T11.remote_gdb: listening for remote gdb on port 7011
0: T12.remote_gdb: listening for remote gdb on port 7012
0: T13.remote_gdb: listening for remote gdb on port 7013
0: T14.remote_gdb: listening for remote gdb on port 7014
0: T15.remote_gdb: listening for remote gdb on port 7015
warn: CoherentXBar T16.xbar has no snooping ports attached!
warn: CoherentXBar T17.xbar has no snooping ports attached!
warn: CoherentXBar T18.xbar has no snooping ports attached!
warn: CoherentXBar T19.xbar has no snooping ports attached!
warn: CoherentXBar T20.xbar has no snooping ports attached!
warn: CoherentXBar T21.xbar has no snooping ports attached!
warn: CoherentXBar T22.xbar has no snooping ports attached!
warn: CoherentXBar T23.xbar has no snooping ports attached!
warn: CoherentXBar T24.xbar has no snooping ports attached!
warn: CoherentXBar T25.xbar has no snooping ports attached!
warn: CoherentXBar T26.xbar has no snooping ports attached!
info: Loaded 'boot.xml' to 0x9a00000030000000 .. 0x9a0000003000031f
info: Loaded 'root' to 0x9a00000030001000 .. 0x9a000000300766e8
info: Loaded 'm3fs' to 0x9a00000030077000 .. 0x9a000000300cd2e0
info: Loaded 'pager' to 0x9a000000300ce000 .. 0x9a0000003014cb38
info: Entering event queue @ 0.  Starting simulation...
warn: T0,PMP-EP65535: invalid EP
warn: T15,PMP-EP65535: invalid EP
warn: T14,PMP-EP65535: invalid EP
warn: T13,PMP-EP65535: invalid EP
warn: T12,PMP-EP65535: invalid EP
warn: T11,PMP-EP65535: invalid EP
warn: T10,PMP-EP65535: invalid EP
warn: T9,PMP-EP65535: invalid EP
warn: T8,PMP-EP65535: invalid EP
warn: T7,PMP-EP65535: invalid EP
warn: T6,PMP-EP65535: invalid EP
warn: T5,PMP-EP65535: invalid EP
warn: T4,PMP-EP65535: invalid EP
warn: T3,PMP-EP65535: invalid EP
warn: T2,PMP-EP65535: invalid EP
warn: T1,PMP-EP65535: invalid EP
warn: T10,PMP-EP65535: invalid EP
warn: T15,PMP-EP65535: invalid EP
warn: T7,PMP-EP65535: invalid EP
warn: T6,PMP-EP65535: invalid EP
warn: T2,PMP-EP65535: invalid EP
warn: T12,PMP-EP65535: invalid EP
warn: T8,PMP-EP65535: invalid EP
warn: T14,PMP-EP65535: invalid EP
warn: T13,PMP-EP65535: invalid EP
warn: T11,PMP-EP65535: invalid EP
warn: T9,PMP-EP65535: invalid EP
warn: T4,PMP-EP65535: invalid EP
warn: T5,PMP-EP65535: invalid EP
warn: T1,PMP-EP65535: invalid EP
warn: T3,PMP-EP65535: invalid EP
warn: T0,PMP-EP65535: invalid EP
[0;31m[T0:kernel  @        218] Entered raw mode; Quit via Ctrl+]
[0mwarn: T7,PMP-EP65535: invalid EP
warn: T7,PMP-EP65535: invalid EP
warn: T7,PMP-EP65535: invalid EP
warn: T15,PMP-EP65535: invalid EP
warn: T15,PMP-EP65535: invalid EP
warn: T15,PMP-EP65535: invalid EP
warn: T5,PMP-EP65535: invalid EP
warn: T5,PMP-EP65535: invalid EP
warn: T5,PMP-EP65535: invalid EP
warn: T6,PMP-EP65535: invalid EP
warn: T6,PMP-EP65535: invalid EP
warn: T6,PMP-EP65535: invalid EP
warn: T4,PMP-EP65535: invalid EP
warn: T4,PMP-EP65535: invalid EP
warn: T4,PMP-EP65535: invalid EP
warn: T2,PMP-EP65535: invalid EP
warn: T2,PMP-EP65535: invalid EP
warn: T2,PMP-EP65535: invalid EP
warn: T7,PMP-EP65535: invalid EP
warn: T15,PMP-EP65535: invalid EP
warn: T14,PMP-EP65535: invalid EP
warn: T14,PMP-EP65535: invalid EP
warn: T14,PMP-EP65535: invalid EP
warn: T11,PMP-EP65535: invalid EP
warn: T11,PMP-EP65535: invalid EP
warn: T11,PMP-EP65535: invalid EP
warn: T8,PMP-EP65535: invalid EP
warn: T8,PMP-EP65535: invalid EP
warn: T8,PMP-EP65535: invalid EP
warn: T10,PMP-EP65535: invalid EP
warn: T10,PMP-EP65535: invalid EP
warn: T10,PMP-EP65535: invalid EP
warn: T12,PMP-EP65535: invalid EP
warn: T12,PMP-EP65535: invalid EP
warn: T12,PMP-EP65535: invalid EP
warn: T13,PMP-EP65535: invalid EP
warn: T13,PMP-EP65535: invalid EP
warn: T13,PMP-EP65535: invalid EP
warn: T3,PMP-EP65535: invalid EP
warn: T3,PMP-EP65535: invalid EP
warn: T3,PMP-EP65535: invalid EP
warn: T5,PMP-EP65535: invalid EP
warn: T6,PMP-EP65535: invalid EP
warn: T9,PMP-EP65535: invalid EP
warn: T9,PMP-EP65535: invalid EP
warn: T9,PMP-EP65535: invalid EP
warn: T1,PMP-EP65535: invalid EP
warn: T1,PMP-EP65535: invalid EP
warn: T1,PMP-EP65535: invalid EP
warn: T4,PMP-EP65535: invalid EP
warn: T2,PMP-EP65535: invalid EP
warn: T14,PMP-EP65535: invalid EP
warn: T11,PMP-EP65535: invalid EP
warn: T8,PMP-EP65535: invalid EP
warn: T10,PMP-EP65535: invalid EP
warn: T12,PMP-EP65535: invalid EP
warn: T13,PMP-EP65535: invalid EP
warn: T3,PMP-EP65535: invalid EP
warn: T9,PMP-EP65535: invalid EP
warn: T1,PMP-EP65535: invalid EP
[0;31m[T0:kernel  @       1023] Attesting tile: 1
[0m[0;31m[T0:kernel  @       5529] Attestation complete: 1, 8997226 cycles
[0m[0;31m[T0:kernel  @       6160] Attesting tile: 2
[0m[0;31m[T0:kernel  @      10640] Attestation complete: 2, 8957619 cycles
[0m[0;31m[T0:kernel  @      11270] Attesting tile: 3
[0m[0;31m[T0:kernel  @      15750] Attestation complete: 3, 8956428 cycles
[0m[0;31m[T0:kernel  @      16380] Attesting tile: 4
[0m[0;31m[T0:kernel  @      20860] Attestation complete: 4, 8956604 cycles
[0m[0;31m[T0:kernel  @      21490] Attesting tile: 5
[0m[0;31m[T0:kernel  @      25971] Attestation complete: 5, 8958602 cycles
[0m[0;31m[T0:kernel  @      26600] Attesting tile: 6
[0m[0;31m[T0:kernel  @      31081] Attestation complete: 6, 8957438 cycles
[0m[0;31m[T0:kernel  @      31710] Attesting tile: 7
[0m[0;31m[T0:kernel  @      36191] Attestation complete: 7, 8957515 cycles
[0m[0;31m[T0:kernel  @      36820] Attesting tile: 8
[0m[0;31m[T0:kernel  @      41300] Attestation complete: 8, 8956623 cycles
[0m[0;31m[T0:kernel  @      41930] Attesting tile: 9
[0m[0;31m[T0:kernel  @      46410] Attestation complete: 9, 8956127 cycles
[0m[0;31m[T0:kernel  @      47039] Attesting tile: 10
[0m[0;31m[T0:kernel  @      51519] Attestation complete: 10, 8956824 cycles
[0m[0;31m[T0:kernel  @      52149] Attesting tile: 11
[0m[0;31m[T0:kernel  @      56628] Attestation complete: 11, 8955180 cycles
[0m[0;31m[T0:kernel  @      57258] Attesting tile: 12
[0m[0;31m[T0:kernel  @      61738] Attestation complete: 12, 8956429 cycles
[0m[0;31m[T0:kernel  @      62367] Attesting tile: 13
[0m[0;31m[T0:kernel  @      66847] Attestation complete: 13, 8956344 cycles
[0m[0;31m[T0:kernel  @      67477] Attesting tile: 14
[0m[0;31m[T0:kernel  @      71957] Attestation complete: 14, 8956473 cycles
[0m[0;31m[T0:kernel  @      72586] Attesting tile: 15
[0m[0;31m[T0:kernel  @      77068] Attestation complete: 15, 8960618 cycles
[0m[0;31m[T0:kernel  @      77698] Attesting tile: 16
[0m[0;31m[T0:kernel  @      84769] Attestation complete: 16, 14138238 cycles
[0m[0;31m[T0:kernel  @      85398] Attesting tile: 17
[0m[0;31m[T0:kernel  @      92469] Attestation complete: 17, 14136692 cycles
[0m[0;31m[T0:kernel  @      93099] Attesting tile: 18
[0m[0;31m[T0:kernel  @     100171] Attestation complete: 18, 14141012 cycles
[0m[0;31m[T0:kernel  @     100801] Attesting tile: 19
[0m[0;31m[T0:kernel  @     107870] Attestation complete: 19, 14135488 cycles
[0m[0;31m[T0:kernel  @     108500] Attesting tile: 20
[0m[0;31m[T0:kernel  @     115570] Attestation complete: 20, 14136694 cycles
[0m[0;31m[T0:kernel  @     116200] Attesting tile: 21
[0m[0;31m[T0:kernel  @     123270] Attestation complete: 21, 14136658 cycles
[0m[0;31m[T0:kernel  @     123900] Attesting tile: 22
[0m[0;31m[T0:kernel  @     130970] Attestation complete: 22, 14136749 cycles
[0m[0;31m[T0:kernel  @     131600] Attesting tile: 23
[0m[0;31m[T0:kernel  @     138673] Attestation complete: 23, 14141448 cycles
[0m[0;31m[T0:kernel  @     139302] Attesting tile: 24
[0m[0;31m[T0:kernel  @     146372] Attestation complete: 24, 14135541 cycles
[0m[0;31m[T0:kernel  @     147002] Attesting tile: 25
[0m[0;31m[T0:kernel  @     154072] Attestation complete: 25, 14136783 cycles
[0m[0;31m[T0:kernel  @     154078] Attesting tile: 26
[0m[0;31m[T0:kernel  @     158560] Attestation complete: 26, 8960879 cycles
[0m[0;31m[T0:kernel  @     158564] Attesting tile: 26
[0m[0;31m[T0:kernel  @     163043] Attestation complete: 26, 8955597 cycles
[0m[0;31m[T0:kernel  @     163046] Attesting tile: 26
[0m[0;31m[T0:kernel  @     167526] Attestation complete: 26, 8956575 cycles
[0m[0;31m[T0:kernel  @     167529] Attesting tile: 26
[0m[0;31m[T0:kernel  @     172009] Attestation complete: 26, 8956124 cycles
[0m[0;31m[T0:kernel  @     172373] Kernel is ready!
[0m[0;32m[T1:root    @     173208] Boot modules:
[0m[0;32m[T1:root    @     173232]   Mod[addr: G[Tile26+0x30000000], size: 0x31f, name: boot.xml]
[0m[0;32m[T1:root    @     173236]   Mod[addr: G[Tile26+0x30001000], size: 0x756e8, name: root]
[0m[0;32m[T1:root    @     173240]   Mod[addr: G[Tile26+0x30077000], size: 0x562e0, name: m3fs]
[0m[0;32m[T1:root    @     173244]   Mod[addr: G[Tile26+0x300ce000], size: 0x7eb38, name: pager]
[0m[0;32m[T1:root    @     173246] Available tiles:
[0m[0;32m[T1:root    @     173263]   Tile01: COMP_EMEM RISCV (empty) 0 KiB memory
[0m[0;32m[T1:root    @     173270]   Tile02: COMP_EMEM RISCV (empty) 0 KiB memory
[0m[0;32m[T1:root    @     173274]   Tile03: COMP_EMEM RISCV (empty) 0 KiB memory
[0m[0;32m[T1:root    @     173277]   Tile04: COMP_EMEM RISCV (empty) 0 KiB memory
[0m[0;32m[T1:root    @     173280]   Tile05: COMP_EMEM RISCV (empty) 0 KiB memory
[0m[0;32m[T1:root    @     173284]   Tile06: COMP_EMEM RISCV (empty) 0 KiB memory
[0m[0;32m[T1:root    @     173287]   Tile07: COMP_EMEM RISCV (empty) 0 KiB memory
[0m[0;32m[T1:root    @     173291]   Tile08: COMP_EMEM RISCV (empty) 0 KiB memory
[0m[0;32m[T1:root    @     173294]   Tile09: COMP_EMEM RISCV (empty) 0 KiB memory
[0m[0;32m[T1:root    @     173297]   Tile10: COMP_EMEM RISCV (empty) 0 KiB memory
[0m[0;32m[T1:root    @     173301]   Tile11: COMP_EMEM RISCV (empty) 0 KiB memory
[0m[0;32m[T1:root    @     173304]   Tile12: COMP_EMEM RISCV (empty) 0 KiB memory
[0m[0;32m[T1:root    @     173307]   Tile13: COMP_EMEM RISCV (empty) 0 KiB memory
[0m[0;32m[T1:root    @     173310]   Tile14: COMP_EMEM RISCV (empty) 0 KiB memory
[0m[0;32m[T1:root    @     173318]   Tile15: COMP_EMEM RISCV (empty) 0 KiB memory
[0m[0;32m[T1:root    @     173321]   Tile16: COMP_IMEM ACCEL_INDIR (empty) 4096 KiB memory
[0m[0;32m[T1:root    @     173324]   Tile17: COMP_IMEM ACCEL_INDIR (empty) 4096 KiB memory
[0m[0;32m[T1:root    @     173328]   Tile18: COMP_IMEM ACCEL_INDIR (empty) 4096 KiB memory
[0m[0;32m[T1:root    @     173331]   Tile19: COMP_IMEM ACCEL_INDIR (empty) 4096 KiB memory
[0m[0;32m[T1:root    @     173334]   Tile20: COMP_IMEM ACCEL_COPY (empty) 4096 KiB memory
[0m[0;32m[T1:root    @     173338]   Tile21: COMP_IMEM ACCEL_COPY (empty) 4096 KiB memory
[0m[0;32m[T1:root    @     173341]   Tile22: COMP_IMEM ACCEL_COPY (empty) 4096 KiB memory
[0m[0;32m[T1:root    @     173344]   Tile23: COMP_IMEM ACCEL_COPY (empty) 4096 KiB memory
[0m[0;32m[T1:root    @     173347]   Tile24: COMP_IMEM ACCEL_ROT13 (empty) 4096 KiB memory
[0m[0;32m[T1:root    @     173350]   Tile25: COMP_IMEM SERIAL_DEV (empty) 0 KiB memory
[0m[0;32m[T1:root    @     173356] Available memory:
[0m[0;32m[T1:root    @     173368]   MemMod[sel: 34, res: true, addr: G[Tile26+0x0], size: 1264 MiB]
[0m[0;32m[T1:root    @     173373]   MemMod[sel: 35, res: false, addr: G[Tile26+0x53600000], size: 959 MiB]
[0m[0;32m[T1:root    @     173378] Parsed Config [
[0m[0;32m[T1:root    @     173384]   root -s [
[0m[0;32m[T1:root    @     173400]     Domain on core [
[0m[0;32m[T1:root    @     173403]       m3fs mem 268435456 [
[0m[0;32m[T1:root    @     173405]         Daemon,
[0m[0;32m[T1:root    @     173415]         PhysMem[addr=0x0, size=0x40000 KiB, perm=R | W | X | RW | RWX],
[0m[0;32m[T1:root    @     173421]         Service[lname='m3fs', gname='m3fs'],
[0m[0;32m[T1:root    @     173424]       ]
[0m[0;32m[T1:root    @     173426]     ]
[0m[0;32m[T1:root    @     173428]     Domain on core [
[0m[0;32m[T1:root    @     173430]       pager 268435456 [
[0m[0;32m[T1:root    @     173434]         PhysMem[addr=0x0, size=0x40000 KiB, perm=R],
[0m[0;32m[T1:root    @     173439]         Session[lname='m3fs', gname='m3fs', arg='', dep=true],
[0m[0;32m[T1:root    @     173444]         Tile[type=core, count=1, optional=false],
[0m[0;32m[T1:root    @     173447]         Domain on boom|core [
[0m[0;32m[T1:root    @     173449]           /bin/facever tpu-single [
[0m[0;32m[T1:root    @     173452]             Daemon,
[0m[0;32m[T1:root    @     173456]             Mount[fs='m3fs', path='/'],
[0m[0;32m[T1:root    @     173460]             Tile[type=boom|core, count=2, optional=false],
[0m[0;32m[T1:root    @     173462]           ]
[0m[0;32m[T1:root    @     173464]         ]
[0m[0;32m[T1:root    @     173465]       ]
[0m[0;32m[T1:root    @     173467]     ]
[0m[0;32m[T1:root    @     173468]   ]
[0m[0;32m[T1:root    @     173470] ]
[0m[0;32m[T1:root    @     173471] 
[0m[0;32m[T1:root    @     174893] Starting boot module 'm3fs' on tile2 with arguments ["mem", "268435456"]
[0m[0;32m[T1:root    @     176384] m3fs: reg_serv(srv_sel=50, sgate_sel=54, name=m3fs, sessions=32)
[0m[0;32m[T1:root    @     176397] Creating service 1:m3fs
[0m[0;32m[T1:root    @     176570] Starting boot module 'pager' on tile3 with arguments ["268435456"]
[0m[0;34m[T3:pager   @     177237] Boot modules:
[0m[0;34m[T3:pager   @     177261]   Mod[addr: G[Tile26+0x7b601000], size: 0x1fe, name: boot.xml]
[0m[0;34m[T3:pager   @     177265] Available tiles:
[0m[0;34m[T3:pager   @     177281]   Tile03: COMP_EMEM RISCV (empty) 0 KiB memory
[0m[0;34m[T3:pager   @     177288]   Tile04: COMP_EMEM RISCV (empty) 0 KiB memory
[0m[0;34m[T3:pager   @     177291]   Tile05: COMP_EMEM RISCV (empty) 0 KiB memory
[0m[0;34m[T3:pager   @     177297] Available memory:
[0m[0;34m[T3:pager   @     177309]   MemMod[sel: 9, res: false, addr: G[Tile26+0x67800000], size: 159 MiB]
[0m[0;32m[T1:root    @     177344] pager: open_sess(dst_sel=63, name=m3fs)
[0m[0;32m[T1:root    @     178606] pager: Ok(8:ALLOC_TILE) failed: NotFound
[0m[0;34m[T3:pager   @     179171] Starting boot module '/bin/facever' on tile6 with arguments ["tpu-single"]
[0mchildactivity.rs: /bin/facever
[0;35m[T4:facever @     181681] Starting TPU compute
[0m[0;35m[T4:facever @     188410] End compute
[0m[0;35m[T4:facever @     188485] Writing results to file
[0m[0;35m[T4:facever @     188558] Done writing results to file
[0mtotal: 15702245 cycles
Child '/bin/facever' exited with exitcode 65
[0;32m[T1:root    @     189686] Sending SHUTDOWN to service 1:m3fs
[0m[0;32m[T1:root    @     189746] m3fs: unreg_serv(sel=50)
[0m[0;32m[T1:root    @     189753] Removing service 1:m3fs
[0m[0;32m[T1:root    @     190005] All childs gone. Exiting.
[0m[0;31m[T0:kernel  @     190141] Shutting down
[0mExiting @ tick 190158517000 because m5_exit instruction encountered
