Building for gem5-riscv-release...
ninja: no work to do.
run/boot-all.xml validates
gem5 Simulator System.  http://gem5.org
gem5 is copyrighted software; use the --copyright option for details.

gem5 version 21.0.0.0
gem5 compiled May 16 2023 13:50:01
gem5 started May 23 2023 20:39:59
gem5 executing on graham, pid 1875065
command line: platform/gem5/build/RISCV/gem5.opt --outdir=run --debug-file=gem5.log --debug-flags=Tcu /scratch/harshanavkis/sec-acc/M3/config/accels.py --cpu-type DerivO3CPU --isa riscv --cmd 'build/gem5-riscv-release/bin/kernel -f build/gem5-riscv-release/bench.img,build/gem5-riscv-release/bin/tilemux,build/gem5-riscv-release/bin/tilemux,build/gem5-riscv-release/bin/tilemux,build/gem5-riscv-release/bin/tilemux,build/gem5-riscv-release/bin/tilemux,build/gem5-riscv-release/bin/tilemux,build/gem5-riscv-release/bin/tilemux,build/gem5-riscv-release/bin/tilemux,build/gem5-riscv-release/bin/tilemux,build/gem5-riscv-release/bin/tilemux,build/gem5-riscv-release/bin/tilemux,build/gem5-riscv-release/bin/tilemux,build/gem5-riscv-release/bin/tilemux,build/gem5-riscv-release/bin/tilemux,build/gem5-riscv-release/bin/tilemux,' --mods run/boot.xml,build/gem5-riscv-release/bin/root,build/gem5-riscv-release/bin/m3fs,build/gem5-riscv-release/bin/pager --cpu-clock=2GHz --sys-clock=2GHz --encr-latency=15 --par-pipe=1 --int-transfer-latency=0 --rng-latency=0 --sign-latency=0 --sign-ver-latency=0

T00: build/gem5-riscv-release/bin/kernel -f build/gem5-riscv-release/bench.img
     Core =DerivO3CPU riscv @ 2GHz
     TCU  =eps:192, bufsz:2048 B, blocksz:64 B, count:4, tlb:128
     L1i$ =32 KiB (2-way assoc, 4 cycles)
     L1d$ =32 KiB (2-way assoc, 4 cycles)
     L2$  =256 KiB (8-way assoc, 12 cycles)
     Comp =Core -> TCU -> L1$ -> L2$

T01: build/gem5-riscv-release/bin/tilemux
     Core =DerivO3CPU riscv @ 2GHz
     TCU  =eps:192, bufsz:2048 B, blocksz:64 B, count:4, tlb:128
     L1i$ =32 KiB (2-way assoc, 4 cycles)
     L1d$ =32 KiB (2-way assoc, 4 cycles)
     L2$  =256 KiB (8-way assoc, 12 cycles)
     Comp =Core -> TCU -> L1$ -> L2$

T02: build/gem5-riscv-release/bin/tilemux
     Core =DerivO3CPU riscv @ 2GHz
     TCU  =eps:192, bufsz:2048 B, blocksz:64 B, count:4, tlb:128
     L1i$ =32 KiB (2-way assoc, 4 cycles)
     L1d$ =32 KiB (2-way assoc, 4 cycles)
     L2$  =256 KiB (8-way assoc, 12 cycles)
     Comp =Core -> TCU -> L1$ -> L2$

T03: build/gem5-riscv-release/bin/tilemux
     Core =DerivO3CPU riscv @ 2GHz
     TCU  =eps:192, bufsz:2048 B, blocksz:64 B, count:4, tlb:128
     L1i$ =32 KiB (2-way assoc, 4 cycles)
     L1d$ =32 KiB (2-way assoc, 4 cycles)
     L2$  =256 KiB (8-way assoc, 12 cycles)
     Comp =Core -> TCU -> L1$ -> L2$

T04: build/gem5-riscv-release/bin/tilemux
     Core =DerivO3CPU riscv @ 2GHz
     TCU  =eps:192, bufsz:2048 B, blocksz:64 B, count:4, tlb:128
     L1i$ =32 KiB (2-way assoc, 4 cycles)
     L1d$ =32 KiB (2-way assoc, 4 cycles)
     L2$  =256 KiB (8-way assoc, 12 cycles)
     Comp =Core -> TCU -> L1$ -> L2$

T05: build/gem5-riscv-release/bin/tilemux
     Core =DerivO3CPU riscv @ 2GHz
     TCU  =eps:192, bufsz:2048 B, blocksz:64 B, count:4, tlb:128
     L1i$ =32 KiB (2-way assoc, 4 cycles)
     L1d$ =32 KiB (2-way assoc, 4 cycles)
     L2$  =256 KiB (8-way assoc, 12 cycles)
     Comp =Core -> TCU -> L1$ -> L2$

T06: build/gem5-riscv-release/bin/tilemux
     Core =DerivO3CPU riscv @ 2GHz
     TCU  =eps:192, bufsz:2048 B, blocksz:64 B, count:4, tlb:128
     L1i$ =32 KiB (2-way assoc, 4 cycles)
     L1d$ =32 KiB (2-way assoc, 4 cycles)
     L2$  =256 KiB (8-way assoc, 12 cycles)
     Comp =Core -> TCU -> L1$ -> L2$

T07: build/gem5-riscv-release/bin/tilemux
     Core =DerivO3CPU riscv @ 2GHz
     TCU  =eps:192, bufsz:2048 B, blocksz:64 B, count:4, tlb:128
     L1i$ =32 KiB (2-way assoc, 4 cycles)
     L1d$ =32 KiB (2-way assoc, 4 cycles)
     L2$  =256 KiB (8-way assoc, 12 cycles)
     Comp =Core -> TCU -> L1$ -> L2$

T08: build/gem5-riscv-release/bin/tilemux
     Core =DerivO3CPU riscv @ 2GHz
     TCU  =eps:192, bufsz:2048 B, blocksz:64 B, count:4, tlb:128
     L1i$ =32 KiB (2-way assoc, 4 cycles)
     L1d$ =32 KiB (2-way assoc, 4 cycles)
     L2$  =256 KiB (8-way assoc, 12 cycles)
     Comp =Core -> TCU -> L1$ -> L2$

T09: build/gem5-riscv-release/bin/tilemux
     Core =DerivO3CPU riscv @ 2GHz
     TCU  =eps:192, bufsz:2048 B, blocksz:64 B, count:4, tlb:128
     L1i$ =32 KiB (2-way assoc, 4 cycles)
     L1d$ =32 KiB (2-way assoc, 4 cycles)
     L2$  =256 KiB (8-way assoc, 12 cycles)
     Comp =Core -> TCU -> L1$ -> L2$

T10: build/gem5-riscv-release/bin/tilemux
     Core =DerivO3CPU riscv @ 2GHz
     TCU  =eps:192, bufsz:2048 B, blocksz:64 B, count:4, tlb:128
     L1i$ =32 KiB (2-way assoc, 4 cycles)
     L1d$ =32 KiB (2-way assoc, 4 cycles)
     L2$  =256 KiB (8-way assoc, 12 cycles)
     Comp =Core -> TCU -> L1$ -> L2$

T11: build/gem5-riscv-release/bin/tilemux
     Core =DerivO3CPU riscv @ 2GHz
     TCU  =eps:192, bufsz:2048 B, blocksz:64 B, count:4, tlb:128
     L1i$ =32 KiB (2-way assoc, 4 cycles)
     L1d$ =32 KiB (2-way assoc, 4 cycles)
     L2$  =256 KiB (8-way assoc, 12 cycles)
     Comp =Core -> TCU -> L1$ -> L2$

T12: build/gem5-riscv-release/bin/tilemux
     Core =DerivO3CPU riscv @ 2GHz
     TCU  =eps:192, bufsz:2048 B, blocksz:64 B, count:4, tlb:128
     L1i$ =32 KiB (2-way assoc, 4 cycles)
     L1d$ =32 KiB (2-way assoc, 4 cycles)
     L2$  =256 KiB (8-way assoc, 12 cycles)
     Comp =Core -> TCU -> L1$ -> L2$

T13: build/gem5-riscv-release/bin/tilemux
     Core =DerivO3CPU riscv @ 2GHz
     TCU  =eps:192, bufsz:2048 B, blocksz:64 B, count:4, tlb:128
     L1i$ =32 KiB (2-way assoc, 4 cycles)
     L1d$ =32 KiB (2-way assoc, 4 cycles)
     L2$  =256 KiB (8-way assoc, 12 cycles)
     Comp =Core -> TCU -> L1$ -> L2$

T14: build/gem5-riscv-release/bin/tilemux
     Core =DerivO3CPU riscv @ 2GHz
     TCU  =eps:192, bufsz:2048 B, blocksz:64 B, count:4, tlb:128
     L1i$ =32 KiB (2-way assoc, 4 cycles)
     L1d$ =32 KiB (2-way assoc, 4 cycles)
     L2$  =256 KiB (8-way assoc, 12 cycles)
     Comp =Core -> TCU -> L1$ -> L2$

T15: build/gem5-riscv-release/bin/tilemux
     Core =DerivO3CPU riscv @ 2GHz
     TCU  =eps:192, bufsz:2048 B, blocksz:64 B, count:4, tlb:128
     L1i$ =32 KiB (2-way assoc, 4 cycles)
     L1d$ =32 KiB (2-way assoc, 4 cycles)
     L2$  =256 KiB (8-way assoc, 12 cycles)
     Comp =Core -> TCU -> L1$ -> L2$

T16: indir accelerator @ 1GHz
     TCU  =eps:192, bufsz:2048 B, blocksz:2048 B, count:4, tlb:0
     imem =4096 KiB
     Comp =Core -> TCU -> SPM

T17: indir accelerator @ 1GHz
     TCU  =eps:192, bufsz:2048 B, blocksz:2048 B, count:4, tlb:0
     imem =4096 KiB
     Comp =Core -> TCU -> SPM

T18: indir accelerator @ 1GHz
     TCU  =eps:192, bufsz:2048 B, blocksz:2048 B, count:4, tlb:0
     imem =4096 KiB
     Comp =Core -> TCU -> SPM

T19: indir accelerator @ 1GHz
     TCU  =eps:192, bufsz:2048 B, blocksz:2048 B, count:4, tlb:0
     imem =4096 KiB
     Comp =Core -> TCU -> SPM

T20: copy accelerator @ 1GHz
     TCU  =eps:192, bufsz:2048 B, blocksz:2048 B, count:4, tlb:0
     imem =4096 KiB
     Comp =Core -> TCU -> SPM

T21: copy accelerator @ 1GHz
     TCU  =eps:192, bufsz:2048 B, blocksz:2048 B, count:4, tlb:0
     imem =4096 KiB
     Comp =Core -> TCU -> SPM

T22: copy accelerator @ 1GHz
     TCU  =eps:192, bufsz:2048 B, blocksz:2048 B, count:4, tlb:0
     imem =4096 KiB
     Comp =Core -> TCU -> SPM

T23: copy accelerator @ 1GHz
     TCU  =eps:192, bufsz:2048 B, blocksz:2048 B, count:4, tlb:0
     imem =4096 KiB
     Comp =Core -> TCU -> SPM

T24: rot13 accelerator @ 1GHz
     TCU  =eps:192, bufsz:2048 B, blocksz:2048 B, count:4, tlb:0
     imem =4096 KiB
     Comp =Core -> TCU -> SPM

T25: SerialInput
     TCU  =eps:192, bufsz:2048 B, blocksz:2048 B, count:4, tlb:0
     Comp =TCU -> SerialInput

T26: build/gem5-riscv-release/bench.img x 1
     TCU  =eps:192, bufsz:2048 B, blocksz:2048 B, count:8, tlb:0
     imem =3145728 KiB
     Comp =TCU -> DRAM

Global frequency set at 1000000000000 ticks per second
warn: No dot file generated. Please install pydot to generate the dot file and pdf.
Gem5 Terminal started; Quit via Ctrl+]
warn: DRAM device capacity (49152 Mbytes) does not match the address range assigned (4096 Mbytes)
platform.com_1.device: Listening for connections on port 3456
0: T00.remote_gdb: listening for remote gdb on port 7000
0: T01.remote_gdb: listening for remote gdb on port 7001
0: T02.remote_gdb: listening for remote gdb on port 7002
0: T03.remote_gdb: listening for remote gdb on port 7003
0: T04.remote_gdb: listening for remote gdb on port 7004
0: T05.remote_gdb: listening for remote gdb on port 7005
0: T06.remote_gdb: listening for remote gdb on port 7006
0: T07.remote_gdb: listening for remote gdb on port 7007
0: T08.remote_gdb: listening for remote gdb on port 7008
0: T09.remote_gdb: listening for remote gdb on port 7009
0: T10.remote_gdb: listening for remote gdb on port 7010
0: T11.remote_gdb: listening for remote gdb on port 7011
0: T12.remote_gdb: listening for remote gdb on port 7012
0: T13.remote_gdb: listening for remote gdb on port 7013
0: T14.remote_gdb: listening for remote gdb on port 7014
0: T15.remote_gdb: listening for remote gdb on port 7015
warn: CoherentXBar T16.xbar has no snooping ports attached!
warn: CoherentXBar T17.xbar has no snooping ports attached!
warn: CoherentXBar T18.xbar has no snooping ports attached!
warn: CoherentXBar T19.xbar has no snooping ports attached!
warn: CoherentXBar T20.xbar has no snooping ports attached!
warn: CoherentXBar T21.xbar has no snooping ports attached!
warn: CoherentXBar T22.xbar has no snooping ports attached!
warn: CoherentXBar T23.xbar has no snooping ports attached!
warn: CoherentXBar T24.xbar has no snooping ports attached!
warn: CoherentXBar T25.xbar has no snooping ports attached!
warn: CoherentXBar T26.xbar has no snooping ports attached!
info: Loaded 'boot.xml' to 0x9a00000030000000 .. 0x9a0000003000031d
info: Loaded 'root' to 0x9a00000030001000 .. 0x9a000000300766e8
info: Loaded 'm3fs' to 0x9a00000030077000 .. 0x9a000000300cd2e0
info: Loaded 'pager' to 0x9a000000300ce000 .. 0x9a0000003014cb38
info: Entering event queue @ 0.  Starting simulation...
warn: T0,PMP-EP65535: invalid EP
warn: T15,PMP-EP65535: invalid EP
warn: T14,PMP-EP65535: invalid EP
warn: T13,PMP-EP65535: invalid EP
warn: T12,PMP-EP65535: invalid EP
warn: T11,PMP-EP65535: invalid EP
warn: T10,PMP-EP65535: invalid EP
warn: T9,PMP-EP65535: invalid EP
warn: T8,PMP-EP65535: invalid EP
warn: T7,PMP-EP65535: invalid EP
warn: T6,PMP-EP65535: invalid EP
warn: T5,PMP-EP65535: invalid EP
warn: T4,PMP-EP65535: invalid EP
warn: T3,PMP-EP65535: invalid EP
warn: T2,PMP-EP65535: invalid EP
warn: T1,PMP-EP65535: invalid EP
warn: T15,PMP-EP65535: invalid EP
warn: T13,PMP-EP65535: invalid EP
warn: T14,PMP-EP65535: invalid EP
warn: T12,PMP-EP65535: invalid EP
warn: T11,PMP-EP65535: invalid EP
warn: T10,PMP-EP65535: invalid EP
warn: T9,PMP-EP65535: invalid EP
warn: T1,PMP-EP65535: invalid EP
warn: T5,PMP-EP65535: invalid EP
warn: T7,PMP-EP65535: invalid EP
warn: T8,PMP-EP65535: invalid EP
warn: T2,PMP-EP65535: invalid EP
warn: T6,PMP-EP65535: invalid EP
warn: T4,PMP-EP65535: invalid EP
warn: T3,PMP-EP65535: invalid EP
warn: T0,PMP-EP65535: invalid EP
[0;31m[T0:kernel  @        165] Entered raw mode; Quit via Ctrl+]
[0mwarn: T13,PMP-EP65535: invalid EP
warn: T13,PMP-EP65535: invalid EP
warn: T13,PMP-EP65535: invalid EP
warn: T10,PMP-EP65535: invalid EP
warn: T10,PMP-EP65535: invalid EP
warn: T10,PMP-EP65535: invalid EP
warn: T13,PMP-EP65535: invalid EP
warn: T10,PMP-EP65535: invalid EP
warn: T9,PMP-EP65535: invalid EP
warn: T9,PMP-EP65535: invalid EP
warn: T9,PMP-EP65535: invalid EP
warn: T11,PMP-EP65535: invalid EP
warn: T11,PMP-EP65535: invalid EP
warn: T11,PMP-EP65535: invalid EP
warn: T14,PMP-EP65535: invalid EP
warn: T14,PMP-EP65535: invalid EP
warn: T14,PMP-EP65535: invalid EP
warn: T15,PMP-EP65535: invalid EP
warn: T15,PMP-EP65535: invalid EP
warn: T15,PMP-EP65535: invalid EP
warn: T6,PMP-EP65535: invalid EP
warn: T6,PMP-EP65535: invalid EP
warn: T6,PMP-EP65535: invalid EP
warn: T12,PMP-EP65535: invalid EP
warn: T12,PMP-EP65535: invalid EP
warn: T12,PMP-EP65535: invalid EP
warn: T7,PMP-EP65535: invalid EP
warn: T7,PMP-EP65535: invalid EP
warn: T1,PMP-EP65535: invalid EP
warn: T1,PMP-EP65535: invalid EP
warn: T1,PMP-EP65535: invalid EP
warn: T9,PMP-EP65535: invalid EP
warn: T8,PMP-EP65535: invalid EP
warn: T8,PMP-EP65535: invalid EP
warn: T8,PMP-EP65535: invalid EP
warn: T4,PMP-EP65535: invalid EP
warn: T4,PMP-EP65535: invalid EP
warn: T4,PMP-EP65535: invalid EP
warn: T11,PMP-EP65535: invalid EP
warn: T3,PMP-EP65535: invalid EP
warn: T3,PMP-EP65535: invalid EP
warn: T3,PMP-EP65535: invalid EP
warn: T2,PMP-EP65535: invalid EP
warn: T2,PMP-EP65535: invalid EP
warn: T2,PMP-EP65535: invalid EP
warn: T5,PMP-EP65535: invalid EP
warn: T5,PMP-EP65535: invalid EP
warn: T5,PMP-EP65535: invalid EP
warn: T7,PMP-EP65535: invalid EP
warn: T14,PMP-EP65535: invalid EP
warn: T15,PMP-EP65535: invalid EP
warn: T12,PMP-EP65535: invalid EP
warn: T6,PMP-EP65535: invalid EP
warn: T1,PMP-EP65535: invalid EP
warn: T8,PMP-EP65535: invalid EP
warn: T4,PMP-EP65535: invalid EP
warn: T3,PMP-EP65535: invalid EP
warn: T2,PMP-EP65535: invalid EP
warn: T5,PMP-EP65535: invalid EP
[0;31m[T0:kernel  @        918] Attesting tile: 1
[0m[0;31m[T0:kernel  @       5391] Attestation complete: 1, 8938085 cycles
[0m[0;31m[T0:kernel  @       6020] Attesting tile: 2
[0m[0;31m[T0:kernel  @      10488] Attestation complete: 2, 8932529 cycles
[0m[0;31m[T0:kernel  @      11117] Attesting tile: 3
[0m[0;31m[T0:kernel  @      15585] Attestation complete: 3, 8931369 cycles
[0m[0;31m[T0:kernel  @      16213] Attesting tile: 4
[0m[0;31m[T0:kernel  @      20681] Attestation complete: 4, 8930947 cycles
[0m[0;31m[T0:kernel  @      21309] Attesting tile: 5
[0m[0;31m[T0:kernel  @      25777] Attestation complete: 5, 8930937 cycles
[0m[0;31m[T0:kernel  @      26405] Attesting tile: 6
[0m[0;31m[T0:kernel  @      30872] Attestation complete: 6, 8931147 cycles
[0m[0;31m[T0:kernel  @      31501] Attesting tile: 7
[0m[0;31m[T0:kernel  @      35968] Attestation complete: 7, 8930761 cycles
[0m[0;31m[T0:kernel  @      36596] Attesting tile: 8
[0m[0;31m[T0:kernel  @      41064] Attestation complete: 8, 8931495 cycles
[0m[0;31m[T0:kernel  @      41692] Attesting tile: 9
[0m[0;31m[T0:kernel  @      46160] Attestation complete: 9, 8930921 cycles
[0m[0;31m[T0:kernel  @      46788] Attesting tile: 10
[0m[0;31m[T0:kernel  @      51256] Attestation complete: 10, 8931389 cycles
[0m[0;31m[T0:kernel  @      51884] Attesting tile: 11
[0m[0;31m[T0:kernel  @      56351] Attestation complete: 11, 8930772 cycles
[0m[0;31m[T0:kernel  @      56980] Attesting tile: 12
[0m[0;31m[T0:kernel  @      61447] Attestation complete: 12, 8931358 cycles
[0m[0;31m[T0:kernel  @      62076] Attesting tile: 13
[0m[0;31m[T0:kernel  @      66543] Attestation complete: 13, 8930908 cycles
[0m[0;31m[T0:kernel  @      67171] Attesting tile: 14
[0m[0;31m[T0:kernel  @      71639] Attestation complete: 14, 8931392 cycles
[0m[0;31m[T0:kernel  @      72267] Attesting tile: 15
[0m[0;31m[T0:kernel  @      76735] Attestation complete: 15, 8930730 cycles
[0m[0;31m[T0:kernel  @      77363] Attesting tile: 16
[0m[0;31m[T0:kernel  @      84420] Attestation complete: 16, 14110440 cycles
[0m[0;31m[T0:kernel  @      85049] Attesting tile: 17
[0m[0;31m[T0:kernel  @      92106] Attestation complete: 17, 14110245 cycles
[0m[0;31m[T0:kernel  @      92734] Attesting tile: 18
[0m[0;31m[T0:kernel  @      99791] Attestation complete: 18, 14110079 cycles
[0m[0;31m[T0:kernel  @     100419] Attesting tile: 19
[0m[0;31m[T0:kernel  @     107476] Attestation complete: 19, 14110078 cycles
[0m[0;31m[T0:kernel  @     108105] Attesting tile: 20
[0m[0;31m[T0:kernel  @     115161] Attestation complete: 20, 14109990 cycles
[0m[0;31m[T0:kernel  @     115790] Attesting tile: 21
[0m[0;31m[T0:kernel  @     122847] Attestation complete: 21, 14111006 cycles
[0m[0;31m[T0:kernel  @     123475] Attesting tile: 22
[0m[0;31m[T0:kernel  @     130532] Attestation complete: 22, 14110290 cycles
[0m[0;31m[T0:kernel  @     131161] Attesting tile: 23
[0m[0;31m[T0:kernel  @     138217] Attestation complete: 23, 14110107 cycles
[0m[0;31m[T0:kernel  @     138846] Attesting tile: 24
[0m[0;31m[T0:kernel  @     145903] Attestation complete: 24, 14110043 cycles
[0m[0;31m[T0:kernel  @     146531] Attesting tile: 25
[0m[0;31m[T0:kernel  @     153588] Attestation complete: 25, 14110281 cycles
[0m[0;31m[T0:kernel  @     153592] Attesting tile: 26
[0m[0;31m[T0:kernel  @     158060] Attestation complete: 26, 8933170 cycles
[0m[0;31m[T0:kernel  @     158063] Attesting tile: 26
[0m[0;31m[T0:kernel  @     162532] Attestation complete: 26, 8933698 cycles
[0m[0;31m[T0:kernel  @     162535] Attesting tile: 26
[0m[0;31m[T0:kernel  @     167003] Attestation complete: 26, 8932698 cycles
[0m[0;31m[T0:kernel  @     167006] Attesting tile: 26
[0m[0;31m[T0:kernel  @     171474] Attestation complete: 26, 8932577 cycles
[0m[0;31m[T0:kernel  @     171536] Kernel is ready!
[0m[0;32m[T1:root    @     171791] Boot modules:
[0m[0;32m[T1:root    @     171798]   Mod[addr: G[Tile26+0x30000000], size: 0x31d, name: boot.xml]
[0m[0;32m[T1:root    @     171802]   Mod[addr: G[Tile26+0x30001000], size: 0x756e8, name: root]
[0m[0;32m[T1:root    @     171806]   Mod[addr: G[Tile26+0x30077000], size: 0x562e0, name: m3fs]
[0m[0;32m[T1:root    @     171809]   Mod[addr: G[Tile26+0x300ce000], size: 0x7eb38, name: pager]
[0m[0;32m[T1:root    @     171811] Available tiles:
[0m[0;32m[T1:root    @     171816]   Tile01: COMP_EMEM RISCV (empty) 0 KiB memory
[0m[0;32m[T1:root    @     171820]   Tile02: COMP_EMEM RISCV (empty) 0 KiB memory
[0m[0;32m[T1:root    @     171823]   Tile03: COMP_EMEM RISCV (empty) 0 KiB memory
[0m[0;32m[T1:root    @     171826]   Tile04: COMP_EMEM RISCV (empty) 0 KiB memory
[0m[0;32m[T1:root    @     171829]   Tile05: COMP_EMEM RISCV (empty) 0 KiB memory
[0m[0;32m[T1:root    @     171833]   Tile06: COMP_EMEM RISCV (empty) 0 KiB memory
[0m[0;32m[T1:root    @     171837]   Tile07: COMP_EMEM RISCV (empty) 0 KiB memory
[0m[0;32m[T1:root    @     171840]   Tile08: COMP_EMEM RISCV (empty) 0 KiB memory
[0m[0;32m[T1:root    @     171843]   Tile09: COMP_EMEM RISCV (empty) 0 KiB memory
[0m[0;32m[T1:root    @     171847]   Tile10: COMP_EMEM RISCV (empty) 0 KiB memory
[0m[0;32m[T1:root    @     171850]   Tile11: COMP_EMEM RISCV (empty) 0 KiB memory
[0m[0;32m[T1:root    @     171853]   Tile12: COMP_EMEM RISCV (empty) 0 KiB memory
[0m[0;32m[T1:root    @     171856]   Tile13: COMP_EMEM RISCV (empty) 0 KiB memory
[0m[0;32m[T1:root    @     171859]   Tile14: COMP_EMEM RISCV (empty) 0 KiB memory
[0m[0;32m[T1:root    @     171864]   Tile15: COMP_EMEM RISCV (empty) 0 KiB memory
[0m[0;32m[T1:root    @     171867]   Tile16: COMP_IMEM ACCEL_INDIR (empty) 4096 KiB memory
[0m[0;32m[T1:root    @     171870]   Tile17: COMP_IMEM ACCEL_INDIR (empty) 4096 KiB memory
[0m[0;32m[T1:root    @     171874]   Tile18: COMP_IMEM ACCEL_INDIR (empty) 4096 KiB memory
[0m[0;32m[T1:root    @     171878]   Tile19: COMP_IMEM ACCEL_INDIR (empty) 4096 KiB memory
[0m[0;32m[T1:root    @     171881]   Tile20: COMP_IMEM ACCEL_COPY (empty) 4096 KiB memory
[0m[0;32m[T1:root    @     171884]   Tile21: COMP_IMEM ACCEL_COPY (empty) 4096 KiB memory
[0m[0;32m[T1:root    @     171887]   Tile22: COMP_IMEM ACCEL_COPY (empty) 4096 KiB memory
[0m[0;32m[T1:root    @     171890]   Tile23: COMP_IMEM ACCEL_COPY (empty) 4096 KiB memory
[0m[0;32m[T1:root    @     171894]   Tile24: COMP_IMEM ACCEL_ROT13 (empty) 4096 KiB memory
[0m[0;32m[T1:root    @     171897]   Tile25: COMP_IMEM SERIAL_DEV (empty) 0 KiB memory
[0m[0;32m[T1:root    @     171899] Available memory:
[0m[0;32m[T1:root    @     171905]   MemMod[sel: 34, res: true, addr: G[Tile26+0x0], size: 1264 MiB]
[0m[0;32m[T1:root    @     171909]   MemMod[sel: 35, res: false, addr: G[Tile26+0x53600000], size: 959 MiB]
[0m[0;32m[T1:root    @     171911] Parsed Config [
[0m[0;32m[T1:root    @     171914]   root -s [
[0m[0;32m[T1:root    @     171918]     Domain on core [
[0m[0;32m[T1:root    @     171921]       m3fs mem 268435456 [
[0m[0;32m[T1:root    @     171923]         Daemon,
[0m[0;32m[T1:root    @     171928]         PhysMem[addr=0x0, size=0x40000 KiB, perm=R | W | X | RW | RWX],
[0m[0;32m[T1:root    @     171931]         Service[lname='m3fs', gname='m3fs'],
[0m[0;32m[T1:root    @     171933]       ]
[0m[0;32m[T1:root    @     171935]     ]
[0m[0;32m[T1:root    @     171937]     Domain on core [
[0m[0;32m[T1:root    @     171940]       pager 268435456 [
[0m[0;32m[T1:root    @     171943]         PhysMem[addr=0x0, size=0x40000 KiB, perm=R],
[0m[0;32m[T1:root    @     171947]         Session[lname='m3fs', gname='m3fs', arg='', dep=true],
[0m[0;32m[T1:root    @     171950]         Tile[type=core, count=1, optional=false],
[0m[0;32m[T1:root    @     171953]         Domain on boom|core [
[0m[0;32m[T1:root    @     171955]           /bin/facever tpu-dist [
[0m[0;32m[T1:root    @     171958]             Daemon,
[0m[0;32m[T1:root    @     171961]             Mount[fs='m3fs', path='/'],
[0m[0;32m[T1:root    @     171964]             Tile[type=boom|core, count=2, optional=false],
[0m[0;32m[T1:root    @     171966]           ]
[0m[0;32m[T1:root    @     171968]         ]
[0m[0;32m[T1:root    @     171970]       ]
[0m[0;32m[T1:root    @     171972]     ]
[0m[0;32m[T1:root    @     171973]   ]
[0m[0;32m[T1:root    @     171974] ]
[0m[0;32m[T1:root    @     171976] 
[0m[0;32m[T1:root    @     172430] Starting boot module 'm3fs' on tile2 with arguments ["mem", "268435456"]
[0m[0;32m[T1:root    @     173037] m3fs: reg_serv(srv_sel=50, sgate_sel=54, name=m3fs, sessions=32)
[0m[0;32m[T1:root    @     173042] Creating service 1:m3fs
[0m[0;32m[T1:root    @     173107] Starting boot module 'pager' on tile3 with arguments ["268435456"]
[0m[0;34m[T3:pager   @     173371] Boot modules:
[0m[0;34m[T3:pager   @     173378]   Mod[addr: G[Tile26+0x7b601000], size: 0x1fc, name: boot.xml]
[0m[0;34m[T3:pager   @     173380] Available tiles:
[0m[0;34m[T3:pager   @     173385]   Tile03: COMP_EMEM RISCV (empty) 0 KiB memory
[0m[0;34m[T3:pager   @     173389]   Tile04: COMP_EMEM RISCV (empty) 0 KiB memory
[0m[0;34m[T3:pager   @     173392]   Tile05: COMP_EMEM RISCV (empty) 0 KiB memory
[0m[0;34m[T3:pager   @     173395] Available memory:
[0m[0;34m[T3:pager   @     173401]   MemMod[sel: 9, res: false, addr: G[Tile26+0x67800000], size: 159 MiB]
[0m[0;32m[T1:root    @     173410] pager: open_sess(dst_sel=63, name=m3fs)
[0m[0;32m[T1:root    @     173928] pager: Ok(8:ALLOC_TILE) failed: NotFound
[0m[0;34m[T3:pager   @     174083] Starting boot module '/bin/facever' on tile6 with arguments ["tpu-dist"]
[0mwarn: PowerState: More than one power state change request encountered within the same simulation tick
childactivity.rs: /bin/facever
childactivity.rs: /bin/facever
[0;35m[T4:facever @     175065] Starting TPU compute
[0m[0;36m[T5:facever @     175149] Starting TPU compute
[0m[0;35m[T4:facever @     178542] End compute
[0m[0;35m[T4:facever @     178564] Writing results to file
[0m[0;35m[T4:facever @     178585] Done writing results to file
[0m[0;36m[T5:facever @     178626] End compute
[0m[0;36m[T5:facever @     178667] Writing results to file
[0m[0;36m[T5:facever @     178683] Done writing results to file
[0mtotal: 7784087 cycles
warn: PowerState: More than one power state change request encountered within the same simulation tick
Child '/bin/facever' exited with exitcode 65
[0;32m[T1:root    @     179089] Sending SHUTDOWN to service 1:m3fs
[0m[0;32m[T1:root    @     179107] m3fs: unreg_serv(sel=50)
[0m[0;32m[T1:root    @     179110] Removing service 1:m3fs
[0m[0;32m[T1:root    @     179181] All childs gone. Exiting.
[0m[0;31m[T0:kernel  @     179224] Shutting down
[0mExiting @ tick 179227910000 because m5_exit instruction encountered
