Building for gem5-riscv-release...
ninja: no work to do.
run/boot-all.xml validates
gem5 Simulator System.  http://gem5.org
gem5 is copyrighted software; use the --copyright option for details.

gem5 version 21.0.0.0
gem5 compiled Mar 16 2023 08:07:07
gem5 started Apr 11 2023 17:30:50
gem5 executing on graham, pid 1047811
command line: platform/gem5/build/RISCV/gem5.opt --outdir=run --debug-file=gem5.log --debug-flags=Tcu /scratch/harshanavkis/sec-acc/M3/config/accels.py --cpu-type DerivO3CPU --isa riscv --cmd 'build/gem5-riscv-release/bin/kernel -f build/gem5-riscv-release/bench.img,build/gem5-riscv-release/bin/tilemux,build/gem5-riscv-release/bin/tilemux,build/gem5-riscv-release/bin/tilemux,build/gem5-riscv-release/bin/tilemux,build/gem5-riscv-release/bin/tilemux,build/gem5-riscv-release/bin/tilemux,build/gem5-riscv-release/bin/tilemux,build/gem5-riscv-release/bin/tilemux,build/gem5-riscv-release/bin/tilemux,build/gem5-riscv-release/bin/tilemux,build/gem5-riscv-release/bin/tilemux,build/gem5-riscv-release/bin/tilemux,build/gem5-riscv-release/bin/tilemux,build/gem5-riscv-release/bin/tilemux,build/gem5-riscv-release/bin/tilemux,' --mods run/boot.xml,build/gem5-riscv-release/bin/root,build/gem5-riscv-release/bin/m3fs,build/gem5-riscv-release/bin/pager --cpu-clock=3GHz --sys-clock=1GHz --encr-latency=15 --par-pipe=1 --int-transfer-latency=250 --rng-latency=0 --sign-latency=0 --sign-ver-latency=0

T00: build/gem5-riscv-release/bin/kernel -f build/gem5-riscv-release/bench.img
     Core =DerivO3CPU riscv @ 3GHz
     TCU  =eps:192, bufsz:2048 B, blocksz:64 B, count:4, tlb:128
     L1i$ =32 KiB (2-way assoc, 4 cycles)
     L1d$ =32 KiB (2-way assoc, 4 cycles)
     L2$  =256 KiB (8-way assoc, 12 cycles)
     Comp =Core -> TCU -> L1$ -> L2$

T01: build/gem5-riscv-release/bin/tilemux
     Core =DerivO3CPU riscv @ 3GHz
     TCU  =eps:192, bufsz:2048 B, blocksz:64 B, count:4, tlb:128
     L1i$ =32 KiB (2-way assoc, 4 cycles)
     L1d$ =32 KiB (2-way assoc, 4 cycles)
     L2$  =256 KiB (8-way assoc, 12 cycles)
     Comp =Core -> TCU -> L1$ -> L2$

T02: build/gem5-riscv-release/bin/tilemux
     Core =DerivO3CPU riscv @ 3GHz
     TCU  =eps:192, bufsz:2048 B, blocksz:64 B, count:4, tlb:128
     L1i$ =32 KiB (2-way assoc, 4 cycles)
     L1d$ =32 KiB (2-way assoc, 4 cycles)
     L2$  =256 KiB (8-way assoc, 12 cycles)
     Comp =Core -> TCU -> L1$ -> L2$

T03: build/gem5-riscv-release/bin/tilemux
     Core =DerivO3CPU riscv @ 3GHz
     TCU  =eps:192, bufsz:2048 B, blocksz:64 B, count:4, tlb:128
     L1i$ =32 KiB (2-way assoc, 4 cycles)
     L1d$ =32 KiB (2-way assoc, 4 cycles)
     L2$  =256 KiB (8-way assoc, 12 cycles)
     Comp =Core -> TCU -> L1$ -> L2$

T04: build/gem5-riscv-release/bin/tilemux
     Core =DerivO3CPU riscv @ 3GHz
     TCU  =eps:192, bufsz:2048 B, blocksz:64 B, count:4, tlb:128
     L1i$ =32 KiB (2-way assoc, 4 cycles)
     L1d$ =32 KiB (2-way assoc, 4 cycles)
     L2$  =256 KiB (8-way assoc, 12 cycles)
     Comp =Core -> TCU -> L1$ -> L2$

T05: build/gem5-riscv-release/bin/tilemux
     Core =DerivO3CPU riscv @ 3GHz
     TCU  =eps:192, bufsz:2048 B, blocksz:64 B, count:4, tlb:128
     L1i$ =32 KiB (2-way assoc, 4 cycles)
     L1d$ =32 KiB (2-way assoc, 4 cycles)
     L2$  =256 KiB (8-way assoc, 12 cycles)
     Comp =Core -> TCU -> L1$ -> L2$

T06: build/gem5-riscv-release/bin/tilemux
     Core =DerivO3CPU riscv @ 3GHz
     TCU  =eps:192, bufsz:2048 B, blocksz:64 B, count:4, tlb:128
     L1i$ =32 KiB (2-way assoc, 4 cycles)
     L1d$ =32 KiB (2-way assoc, 4 cycles)
     L2$  =256 KiB (8-way assoc, 12 cycles)
     Comp =Core -> TCU -> L1$ -> L2$

T07: build/gem5-riscv-release/bin/tilemux
     Core =DerivO3CPU riscv @ 3GHz
     TCU  =eps:192, bufsz:2048 B, blocksz:64 B, count:4, tlb:128
     L1i$ =32 KiB (2-way assoc, 4 cycles)
     L1d$ =32 KiB (2-way assoc, 4 cycles)
     L2$  =256 KiB (8-way assoc, 12 cycles)
     Comp =Core -> TCU -> L1$ -> L2$

T08: build/gem5-riscv-release/bin/tilemux
     Core =DerivO3CPU riscv @ 3GHz
     TCU  =eps:192, bufsz:2048 B, blocksz:64 B, count:4, tlb:128
     L1i$ =32 KiB (2-way assoc, 4 cycles)
     L1d$ =32 KiB (2-way assoc, 4 cycles)
     L2$  =256 KiB (8-way assoc, 12 cycles)
     Comp =Core -> TCU -> L1$ -> L2$

T09: build/gem5-riscv-release/bin/tilemux
     Core =DerivO3CPU riscv @ 3GHz
     TCU  =eps:192, bufsz:2048 B, blocksz:64 B, count:4, tlb:128
     L1i$ =32 KiB (2-way assoc, 4 cycles)
     L1d$ =32 KiB (2-way assoc, 4 cycles)
     L2$  =256 KiB (8-way assoc, 12 cycles)
     Comp =Core -> TCU -> L1$ -> L2$

T10: build/gem5-riscv-release/bin/tilemux
     Core =DerivO3CPU riscv @ 3GHz
     TCU  =eps:192, bufsz:2048 B, blocksz:64 B, count:4, tlb:128
     L1i$ =32 KiB (2-way assoc, 4 cycles)
     L1d$ =32 KiB (2-way assoc, 4 cycles)
     L2$  =256 KiB (8-way assoc, 12 cycles)
     Comp =Core -> TCU -> L1$ -> L2$

T11: build/gem5-riscv-release/bin/tilemux
     Core =DerivO3CPU riscv @ 3GHz
     TCU  =eps:192, bufsz:2048 B, blocksz:64 B, count:4, tlb:128
     L1i$ =32 KiB (2-way assoc, 4 cycles)
     L1d$ =32 KiB (2-way assoc, 4 cycles)
     L2$  =256 KiB (8-way assoc, 12 cycles)
     Comp =Core -> TCU -> L1$ -> L2$

T12: build/gem5-riscv-release/bin/tilemux
     Core =DerivO3CPU riscv @ 3GHz
     TCU  =eps:192, bufsz:2048 B, blocksz:64 B, count:4, tlb:128
     L1i$ =32 KiB (2-way assoc, 4 cycles)
     L1d$ =32 KiB (2-way assoc, 4 cycles)
     L2$  =256 KiB (8-way assoc, 12 cycles)
     Comp =Core -> TCU -> L1$ -> L2$

T13: build/gem5-riscv-release/bin/tilemux
     Core =DerivO3CPU riscv @ 3GHz
     TCU  =eps:192, bufsz:2048 B, blocksz:64 B, count:4, tlb:128
     L1i$ =32 KiB (2-way assoc, 4 cycles)
     L1d$ =32 KiB (2-way assoc, 4 cycles)
     L2$  =256 KiB (8-way assoc, 12 cycles)
     Comp =Core -> TCU -> L1$ -> L2$

T14: build/gem5-riscv-release/bin/tilemux
     Core =DerivO3CPU riscv @ 3GHz
     TCU  =eps:192, bufsz:2048 B, blocksz:64 B, count:4, tlb:128
     L1i$ =32 KiB (2-way assoc, 4 cycles)
     L1d$ =32 KiB (2-way assoc, 4 cycles)
     L2$  =256 KiB (8-way assoc, 12 cycles)
     Comp =Core -> TCU -> L1$ -> L2$

T15: build/gem5-riscv-release/bin/tilemux
     Core =DerivO3CPU riscv @ 3GHz
     TCU  =eps:192, bufsz:2048 B, blocksz:64 B, count:4, tlb:128
     L1i$ =32 KiB (2-way assoc, 4 cycles)
     L1d$ =32 KiB (2-way assoc, 4 cycles)
     L2$  =256 KiB (8-way assoc, 12 cycles)
     Comp =Core -> TCU -> L1$ -> L2$

T16: indir accelerator @ 1GHz
     TCU  =eps:192, bufsz:2048 B, blocksz:2048 B, count:4, tlb:0
     imem =4096 KiB
     Comp =Core -> TCU -> SPM

T17: indir accelerator @ 1GHz
     TCU  =eps:192, bufsz:2048 B, blocksz:2048 B, count:4, tlb:0
     imem =4096 KiB
     Comp =Core -> TCU -> SPM

T18: indir accelerator @ 1GHz
     TCU  =eps:192, bufsz:2048 B, blocksz:2048 B, count:4, tlb:0
     imem =4096 KiB
     Comp =Core -> TCU -> SPM

T19: indir accelerator @ 1GHz
     TCU  =eps:192, bufsz:2048 B, blocksz:2048 B, count:4, tlb:0
     imem =4096 KiB
     Comp =Core -> TCU -> SPM

T20: copy accelerator @ 1GHz
     TCU  =eps:192, bufsz:2048 B, blocksz:2048 B, count:4, tlb:0
     imem =4096 KiB
     Comp =Core -> TCU -> SPM

T21: copy accelerator @ 1GHz
     TCU  =eps:192, bufsz:2048 B, blocksz:2048 B, count:4, tlb:0
     imem =4096 KiB
     Comp =Core -> TCU -> SPM

T22: copy accelerator @ 1GHz
     TCU  =eps:192, bufsz:2048 B, blocksz:2048 B, count:4, tlb:0
     imem =4096 KiB
     Comp =Core -> TCU -> SPM

T23: copy accelerator @ 1GHz
     TCU  =eps:192, bufsz:2048 B, blocksz:2048 B, count:4, tlb:0
     imem =4096 KiB
     Comp =Core -> TCU -> SPM

T24: rot13 accelerator @ 1GHz
     TCU  =eps:192, bufsz:2048 B, blocksz:2048 B, count:4, tlb:0
     imem =4096 KiB
     Comp =Core -> TCU -> SPM

T25: SerialInput
     TCU  =eps:192, bufsz:2048 B, blocksz:2048 B, count:4, tlb:0
     Comp =TCU -> SerialInput

T26: build/gem5-riscv-release/bench.img x 1
     TCU  =eps:192, bufsz:2048 B, blocksz:2048 B, count:8, tlb:0
     imem =3145728 KiB
     Comp =TCU -> DRAM

Global frequency set at 1000000000000 ticks per second
warn: No dot file generated. Please install pydot to generate the dot file and pdf.
Gem5 Terminal started; Quit via Ctrl+]
warn: DRAM device capacity (49152 Mbytes) does not match the address range assigned (4096 Mbytes)
platform.com_1.device: Listening for connections on port 3456
0: T00.remote_gdb: listening for remote gdb on port 7000
0: T01.remote_gdb: listening for remote gdb on port 7001
0: T02.remote_gdb: listening for remote gdb on port 7002
0: T03.remote_gdb: listening for remote gdb on port 7003
0: T04.remote_gdb: listening for remote gdb on port 7004
0: T05.remote_gdb: listening for remote gdb on port 7005
0: T06.remote_gdb: listening for remote gdb on port 7006
0: T07.remote_gdb: listening for remote gdb on port 7007
0: T08.remote_gdb: listening for remote gdb on port 7008
0: T09.remote_gdb: listening for remote gdb on port 7009
0: T10.remote_gdb: listening for remote gdb on port 7010
0: T11.remote_gdb: listening for remote gdb on port 7011
0: T12.remote_gdb: listening for remote gdb on port 7012
0: T13.remote_gdb: listening for remote gdb on port 7013
0: T14.remote_gdb: listening for remote gdb on port 7014
0: T15.remote_gdb: listening for remote gdb on port 7015
warn: CoherentXBar T16.xbar has no snooping ports attached!
warn: CoherentXBar T17.xbar has no snooping ports attached!
warn: CoherentXBar T18.xbar has no snooping ports attached!
warn: CoherentXBar T19.xbar has no snooping ports attached!
warn: CoherentXBar T20.xbar has no snooping ports attached!
warn: CoherentXBar T21.xbar has no snooping ports attached!
warn: CoherentXBar T22.xbar has no snooping ports attached!
warn: CoherentXBar T23.xbar has no snooping ports attached!
warn: CoherentXBar T24.xbar has no snooping ports attached!
warn: CoherentXBar T25.xbar has no snooping ports attached!
warn: CoherentXBar T26.xbar has no snooping ports attached!
info: Loaded 'boot.xml' to 0x9a00000030000000 .. 0x9a0000003000031f
info: Loaded 'root' to 0x9a00000030001000 .. 0x9a000000300756a0
info: Loaded 'm3fs' to 0x9a00000030076000 .. 0x9a000000300cc2f8
info: Loaded 'pager' to 0x9a000000300cd000 .. 0x9a0000003014bc00
info: Entering event queue @ 0.  Starting simulation...
warn: T0,PMP-EP65535: invalid EP
warn: T15,PMP-EP65535: invalid EP
warn: T14,PMP-EP65535: invalid EP
warn: T13,PMP-EP65535: invalid EP
warn: T12,PMP-EP65535: invalid EP
warn: T11,PMP-EP65535: invalid EP
warn: T10,PMP-EP65535: invalid EP
warn: T9,PMP-EP65535: invalid EP
warn: T8,PMP-EP65535: invalid EP
warn: T7,PMP-EP65535: invalid EP
warn: T6,PMP-EP65535: invalid EP
warn: T5,PMP-EP65535: invalid EP
warn: T4,PMP-EP65535: invalid EP
warn: T3,PMP-EP65535: invalid EP
warn: T2,PMP-EP65535: invalid EP
warn: T1,PMP-EP65535: invalid EP
warn: T7,PMP-EP65535: invalid EP
warn: T14,PMP-EP65535: invalid EP
warn: T11,PMP-EP65535: invalid EP
warn: T5,PMP-EP65535: invalid EP
warn: T13,PMP-EP65535: invalid EP
warn: T8,PMP-EP65535: invalid EP
warn: T15,PMP-EP65535: invalid EP
warn: T9,PMP-EP65535: invalid EP
warn: T12,PMP-EP65535: invalid EP
warn: T6,PMP-EP65535: invalid EP
warn: T1,PMP-EP65535: invalid EP
warn: T4,PMP-EP65535: invalid EP
warn: T10,PMP-EP65535: invalid EP
warn: T2,PMP-EP65535: invalid EP
warn: T3,PMP-EP65535: invalid EP
warn: T0,PMP-EP65535: invalid EP
[0;31m[T0:kernel  @        189] Entered raw mode; Quit via Ctrl+]
[0mwarn: T14,PMP-EP65535: invalid EP
warn: T14,PMP-EP65535: invalid EP
warn: T14,PMP-EP65535: invalid EP
warn: T7,PMP-EP65535: invalid EP
warn: T7,PMP-EP65535: invalid EP
warn: T7,PMP-EP65535: invalid EP
warn: T14,PMP-EP65535: invalid EP
warn: T11,PMP-EP65535: invalid EP
warn: T11,PMP-EP65535: invalid EP
warn: T11,PMP-EP65535: invalid EP
warn: T5,PMP-EP65535: invalid EP
warn: T5,PMP-EP65535: invalid EP
warn: T5,PMP-EP65535: invalid EP
warn: T7,PMP-EP65535: invalid EP
warn: T13,PMP-EP65535: invalid EP
warn: T13,PMP-EP65535: invalid EP
warn: T15,PMP-EP65535: invalid EP
warn: T15,PMP-EP65535: invalid EP
warn: T15,PMP-EP65535: invalid EP
warn: T11,PMP-EP65535: invalid EP
warn: T9,PMP-EP65535: invalid EP
warn: T9,PMP-EP65535: invalid EP
warn: T9,PMP-EP65535: invalid EP
warn: T10,PMP-EP65535: invalid EP
warn: T10,PMP-EP65535: invalid EP
warn: T10,PMP-EP65535: invalid EP
warn: T13,PMP-EP65535: invalid EP
warn: T5,PMP-EP65535: invalid EP
warn: T8,PMP-EP65535: invalid EP
warn: T8,PMP-EP65535: invalid EP
warn: T8,PMP-EP65535: invalid EP
warn: T12,PMP-EP65535: invalid EP
warn: T12,PMP-EP65535: invalid EP
warn: T12,PMP-EP65535: invalid EP
warn: T1,PMP-EP65535: invalid EP
warn: T1,PMP-EP65535: invalid EP
warn: T2,PMP-EP65535: invalid EP
warn: T2,PMP-EP65535: invalid EP
warn: T2,PMP-EP65535: invalid EP
warn: T4,PMP-EP65535: invalid EP
warn: T4,PMP-EP65535: invalid EP
warn: T4,PMP-EP65535: invalid EP
warn: T15,PMP-EP65535: invalid EP
warn: T6,PMP-EP65535: invalid EP
warn: T6,PMP-EP65535: invalid EP
warn: T3,PMP-EP65535: invalid EP
warn: T3,PMP-EP65535: invalid EP
warn: T3,PMP-EP65535: invalid EP
warn: T6,PMP-EP65535: invalid EP
warn: T9,PMP-EP65535: invalid EP
warn: T10,PMP-EP65535: invalid EP
warn: T1,PMP-EP65535: invalid EP
warn: T8,PMP-EP65535: invalid EP
warn: T12,PMP-EP65535: invalid EP
warn: T2,PMP-EP65535: invalid EP
warn: T4,PMP-EP65535: invalid EP
warn: T3,PMP-EP65535: invalid EP
warn: T6,PMP-EP65535: invalid EP
[0;31m[T0:kernel  @        761] Attesting tile: 1
[0m[0;31m[T0:kernel  @       1675] Attestation complete: 1, 2728257 cycles
[0m[0;31m[T0:kernel  @       2097] Attesting tile: 2
[0m[0;31m[T0:kernel  @       3000] Attestation complete: 2, 2705359 cycles
[0m[0;31m[T0:kernel  @       3421] Attesting tile: 3
[0m[0;31m[T0:kernel  @       4323] Attestation complete: 3, 2704879 cycles
[0m[0;31m[T0:kernel  @       4744] Attesting tile: 4
[0m[0;31m[T0:kernel  @       5646] Attestation complete: 4, 2704744 cycles
[0m[0;31m[T0:kernel  @       6066] Attesting tile: 5
[0m[0;31m[T0:kernel  @       6968] Attestation complete: 5, 2704558 cycles
[0m[0;31m[T0:kernel  @       7389] Attesting tile: 6
[0m[0;31m[T0:kernel  @       8291] Attestation complete: 6, 2704617 cycles
[0m[0;31m[T0:kernel  @       8713] Attesting tile: 7
[0m[0;31m[T0:kernel  @       9615] Attestation complete: 7, 2704617 cycles
[0m[0;31m[T0:kernel  @      10036] Attesting tile: 8
[0m[0;31m[T0:kernel  @      10938] Attestation complete: 8, 2704586 cycles
[0m[0;31m[T0:kernel  @      11359] Attesting tile: 9
[0m[0;31m[T0:kernel  @      12262] Attestation complete: 9, 2704618 cycles
[0m[0;31m[T0:kernel  @      12682] Attesting tile: 10
[0m[0;31m[T0:kernel  @      13584] Attestation complete: 10, 2704593 cycles
[0m[0;31m[T0:kernel  @      14005] Attesting tile: 11
[0m[0;31m[T0:kernel  @      14907] Attestation complete: 11, 2704626 cycles
[0m[0;31m[T0:kernel  @      15328] Attesting tile: 12
[0m[0;31m[T0:kernel  @      16230] Attestation complete: 12, 2704571 cycles
[0m[0;31m[T0:kernel  @      16651] Attesting tile: 13
[0m[0;31m[T0:kernel  @      17553] Attestation complete: 13, 2704569 cycles
[0m[0;31m[T0:kernel  @      17973] Attesting tile: 14
[0m[0;31m[T0:kernel  @      18875] Attestation complete: 14, 2704554 cycles
[0m[0;31m[T0:kernel  @      19296] Attesting tile: 15
[0m[0;31m[T0:kernel  @      20198] Attestation complete: 15, 2704547 cycles
[0m[0;31m[T0:kernel  @      20619] Attesting tile: 16
[0m[0;31m[T0:kernel  @      22164] Attestation complete: 16, 4637089 cycles
[0m[0;31m[T0:kernel  @      22585] Attesting tile: 17
[0m[0;31m[T0:kernel  @      24130] Attestation complete: 17, 4635156 cycles
[0m[0;31m[T0:kernel  @      24551] Attesting tile: 18
[0m[0;31m[T0:kernel  @      26096] Attestation complete: 18, 4635183 cycles
[0m[0;31m[T0:kernel  @      26517] Attesting tile: 19
[0m[0;31m[T0:kernel  @      28062] Attestation complete: 19, 4635162 cycles
[0m[0;31m[T0:kernel  @      28483] Attesting tile: 20
[0m[0;31m[T0:kernel  @      30027] Attestation complete: 20, 4635173 cycles
[0m[0;31m[T0:kernel  @      30449] Attesting tile: 21
[0m[0;31m[T0:kernel  @      31993] Attestation complete: 21, 4635224 cycles
[0m[0;31m[T0:kernel  @      32414] Attesting tile: 22
[0m[0;31m[T0:kernel  @      33959] Attestation complete: 22, 4635200 cycles
[0m[0;31m[T0:kernel  @      34380] Attesting tile: 23
[0m[0;31m[T0:kernel  @      35925] Attestation complete: 23, 4635200 cycles
[0m[0;31m[T0:kernel  @      36346] Attesting tile: 24
[0m[0;31m[T0:kernel  @      37891] Attestation complete: 24, 4635136 cycles
[0m[0;31m[T0:kernel  @      38312] Attesting tile: 25
[0m[0;31m[T0:kernel  @      39857] Attestation complete: 25, 4635198 cycles
[0m[0;31m[T0:kernel  @      39860] Attesting tile: 26
[0m[0;31m[T0:kernel  @      41408] Attestation complete: 26, 4643989 cycles
[0m[0;31m[T0:kernel  @      41410] Attesting tile: 26
[0m[0;31m[T0:kernel  @      42958] Attestation complete: 26, 4643626 cycles
[0m[0;31m[T0:kernel  @      42960] Attesting tile: 26
[0m[0;31m[T0:kernel  @      44507] Attestation complete: 26, 4643144 cycles
[0m[0;31m[T0:kernel  @      44509] Attesting tile: 26
[0m[0;31m[T0:kernel  @      46056] Attestation complete: 26, 4643100 cycles
[0m[0;31m[T0:kernel  @      46170] Kernel is ready!
[0m[0;32m[T1:root    @      46651] Boot modules:
[0m[0;32m[T1:root    @      46665]   Mod[addr: G[Tile26+0x30000000], size: 0x31f, name: boot.xml]
[0m[0;32m[T1:root    @      46668]   Mod[addr: G[Tile26+0x30001000], size: 0x746a0, name: root]
[0m[0;32m[T1:root    @      46670]   Mod[addr: G[Tile26+0x30076000], size: 0x562f8, name: m3fs]
[0m[0;32m[T1:root    @      46672]   Mod[addr: G[Tile26+0x300cd000], size: 0x7ec00, name: pager]
[0m[0;32m[T1:root    @      46674] Available tiles:
[0m[0;32m[T1:root    @      46684]   Tile01: COMP_EMEM RISCV (empty) 0 KiB memory
[0m[0;32m[T1:root    @      46689]   Tile02: COMP_EMEM RISCV (empty) 0 KiB memory
[0m[0;32m[T1:root    @      46691]   Tile03: COMP_EMEM RISCV (empty) 0 KiB memory
[0m[0;32m[T1:root    @      46693]   Tile04: COMP_EMEM RISCV (empty) 0 KiB memory
[0m[0;32m[T1:root    @      46695]   Tile05: COMP_EMEM RISCV (empty) 0 KiB memory
[0m[0;32m[T1:root    @      46698]   Tile06: COMP_EMEM RISCV (empty) 0 KiB memory
[0m[0;32m[T1:root    @      46700]   Tile07: COMP_EMEM RISCV (empty) 0 KiB memory
[0m[0;32m[T1:root    @      46702]   Tile08: COMP_EMEM RISCV (empty) 0 KiB memory
[0m[0;32m[T1:root    @      46704]   Tile09: COMP_EMEM RISCV (empty) 0 KiB memory
[0m[0;32m[T1:root    @      46707]   Tile10: COMP_EMEM RISCV (empty) 0 KiB memory
[0m[0;32m[T1:root    @      46708]   Tile11: COMP_EMEM RISCV (empty) 0 KiB memory
[0m[0;32m[T1:root    @      46710]   Tile12: COMP_EMEM RISCV (empty) 0 KiB memory
[0m[0;32m[T1:root    @      46712]   Tile13: COMP_EMEM RISCV (empty) 0 KiB memory
[0m[0;32m[T1:root    @      46714]   Tile14: COMP_EMEM RISCV (empty) 0 KiB memory
[0m[0;32m[T1:root    @      46719]   Tile15: COMP_EMEM RISCV (empty) 0 KiB memory
[0m[0;32m[T1:root    @      46721]   Tile16: COMP_IMEM ACCEL_INDIR (empty) 4096 KiB memory
[0m[0;32m[T1:root    @      46723]   Tile17: COMP_IMEM ACCEL_INDIR (empty) 4096 KiB memory
[0m[0;32m[T1:root    @      46726]   Tile18: COMP_IMEM ACCEL_INDIR (empty) 4096 KiB memory
[0m[0;32m[T1:root    @      46728]   Tile19: COMP_IMEM ACCEL_INDIR (empty) 4096 KiB memory
[0m[0;32m[T1:root    @      46730]   Tile20: COMP_IMEM ACCEL_COPY (empty) 4096 KiB memory
[0m[0;32m[T1:root    @      46732]   Tile21: COMP_IMEM ACCEL_COPY (empty) 4096 KiB memory
[0m[0;32m[T1:root    @      46734]   Tile22: COMP_IMEM ACCEL_COPY (empty) 4096 KiB memory
[0m[0;32m[T1:root    @      46736]   Tile23: COMP_IMEM ACCEL_COPY (empty) 4096 KiB memory
[0m[0;32m[T1:root    @      46738]   Tile24: COMP_IMEM ACCEL_ROT13 (empty) 4096 KiB memory
[0m[0;32m[T1:root    @      46740]   Tile25: COMP_IMEM SERIAL_DEV (empty) 0 KiB memory
[0m[0;32m[T1:root    @      46744] Available memory:
[0m[0;32m[T1:root    @      46752]   MemMod[sel: 34, res: true, addr: G[Tile26+0x0], size: 1264 MiB]
[0m[0;32m[T1:root    @      46755]   MemMod[sel: 35, res: false, addr: G[Tile26+0x53600000], size: 959 MiB]
[0m[0;32m[T1:root    @      46759] Parsed Config [
[0m[0;32m[T1:root    @      46763]   root -s [
[0m[0;32m[T1:root    @      46773]     Domain on core [
[0m[0;32m[T1:root    @      46774]       m3fs mem 268435456 [
[0m[0;32m[T1:root    @      46776]         Daemon,
[0m[0;32m[T1:root    @      46782]         PhysMem[addr=0x0, size=0x40000 KiB, perm=R | W | X | RW | RWX],
[0m[0;32m[T1:root    @      46786]         Service[lname='m3fs', gname='m3fs'],
[0m[0;32m[T1:root    @      46789]       ]
[0m[0;32m[T1:root    @      46790]     ]
[0m[0;32m[T1:root    @      46791]     Domain on core [
[0m[0;32m[T1:root    @      46793]       pager 268435456 [
[0m[0;32m[T1:root    @      46795]         PhysMem[addr=0x0, size=0x40000 KiB, perm=R],
[0m[0;32m[T1:root    @      46798]         Session[lname='m3fs', gname='m3fs', arg='', dep=true],
[0m[0;32m[T1:root    @      46802]         Tile[type=core, count=1, optional=false],
[0m[0;32m[T1:root    @      46804]         Domain on boom|core [
[0m[0;32m[T1:root    @      46805]           /bin/facever tpu-single [
[0m[0;32m[T1:root    @      46807]             Daemon,
[0m[0;32m[T1:root    @      46810]             Mount[fs='m3fs', path='/'],
[0m[0;32m[T1:root    @      46812]             Tile[type=boom|core, count=2, optional=false],
[0m[0;32m[T1:root    @      46813]           ]
[0m[0;32m[T1:root    @      46814]         ]
[0m[0;32m[T1:root    @      46816]       ]
[0m[0;32m[T1:root    @      46817]     ]
[0m[0;32m[T1:root    @      46818]   ]
[0m[0;32m[T1:root    @      46819] ]
[0m[0;32m[T1:root    @      46819] 
[0m[0;32m[T1:root    @      47753] Starting boot module 'm3fs' on tile2 with arguments ["mem", "268435456"]
[0m[0;32m[T1:root    @      48641] m3fs: reg_serv(srv_sel=50, sgate_sel=54, name=m3fs, sessions=32)
[0m[0;32m[T1:root    @      48649] Creating service 1:m3fs
[0m[0;32m[T1:root    @      48735] Starting boot module 'pager' on tile3 with arguments ["268435456"]
[0m[0;34m[T3:pager   @      49107] Boot modules:
[0m[0;34m[T3:pager   @      49122]   Mod[addr: G[Tile26+0x7b601000], size: 0x1fe, name: boot.xml]
[0m[0;34m[T3:pager   @      49125] Available tiles:
[0m[0;34m[T3:pager   @      49136]   Tile03: COMP_EMEM RISCV (empty) 0 KiB memory
[0m[0;34m[T3:pager   @      49140]   Tile04: COMP_EMEM RISCV (empty) 0 KiB memory
[0m[0;34m[T3:pager   @      49142]   Tile05: COMP_EMEM RISCV (empty) 0 KiB memory
[0m[0;34m[T3:pager   @      49145] Available memory:
[0m[0;34m[T3:pager   @      49154]   MemMod[sel: 9, res: false, addr: G[Tile26+0x67800000], size: 159 MiB]
[0m[0;32m[T1:root    @      49172] pager: open_sess(dst_sel=63, name=m3fs)
[0m[0;32m[T1:root    @      49836] pager: Ok(8:ALLOC_TILE) failed: NotFound
[0m[0;34m[T3:pager   @      50145] Starting boot module '/bin/facever' on tile6 with arguments ["tpu-single"]
[0mchildactivity.rs: /bin/facever
[0;35m[T4:facever @      51279] Starting read mgate
[0m[0;35m[T4:facever @      51369] Finished read mgate
[0m[0;35m[T4:facever @      51371] Starting TPU compute
[0m[0;35m[T4:facever @      55846] End compute
[0m[0;35m[T4:facever @      55893] Writing results to file
[0m[0;35m[T4:facever @      55933] Done writing results to file
[0mtotal: 15180648 cycles
warn: PowerState: More than one power state change request encountered within the same simulation tick
Child '/bin/facever' exited with exitcode 65
[0;32m[T1:root    @      56466] Sending SHUTDOWN to service 1:m3fs
[0m[0;32m[T1:root    @      56496] m3fs: unreg_serv(sel=50)
[0m[0;32m[T1:root    @      56500] Removing service 1:m3fs
[0m[0;32m[T1:root    @      56648] All childs gone. Exiting.
[0m[0;31m[T0:kernel  @      56712] Shutting down
[0mExiting @ tick 56722141080 because m5_exit instruction encountered
