Building for gem5-riscv-release...
ninja: no work to do.
run/boot-all.xml validates
gem5 Simulator System.  http://gem5.org
gem5 is copyrighted software; use the --copyright option for details.

gem5 version 21.0.0.0
gem5 compiled Nov 18 2022 15:35:07
gem5 started Nov 18 2022 20:26:54
gem5 executing on graham, pid 1451898
command line: platform/gem5/build/RISCV/gem5.opt --outdir=run --debug-file=gem5.log --debug-flags=Tcu /scratch/harshanavkis/sec-acc/M3/config/accels.py --cpu-type DerivO3CPU --isa riscv --cmd 'build/gem5-riscv-release/bin/kernel -f build/gem5-riscv-release/bench.img,build/gem5-riscv-release/bin/tilemux,build/gem5-riscv-release/bin/tilemux,build/gem5-riscv-release/bin/tilemux,build/gem5-riscv-release/bin/tilemux,build/gem5-riscv-release/bin/tilemux,build/gem5-riscv-release/bin/tilemux,build/gem5-riscv-release/bin/tilemux,build/gem5-riscv-release/bin/tilemux,build/gem5-riscv-release/bin/tilemux,build/gem5-riscv-release/bin/tilemux,build/gem5-riscv-release/bin/tilemux,build/gem5-riscv-release/bin/tilemux,build/gem5-riscv-release/bin/tilemux,build/gem5-riscv-release/bin/tilemux,build/gem5-riscv-release/bin/tilemux,' --mods run/boot.xml,build/gem5-riscv-release/bin/root,build/gem5-riscv-release/bin/m3fs,build/gem5-riscv-release/bin/pipes,build/gem5-riscv-release/bin/pager --cpu-clock=2GHz --sys-clock=2GHz --encr-latency=15 --par-pipe=1 --int-transfer-latency=1500 --rng-latency=0 --sign-latency=0 --sign-ver-latency=0

T00: build/gem5-riscv-release/bin/kernel -f build/gem5-riscv-release/bench.img
     Core =DerivO3CPU riscv @ 2GHz
     TCU  =eps:192, bufsz:2048 B, blocksz:64 B, count:4, tlb:128
     L1i$ =32 KiB (2-way assoc, 4 cycles)
     L1d$ =32 KiB (2-way assoc, 4 cycles)
     L2$  =256 KiB (8-way assoc, 12 cycles)
     Comp =Core -> TCU -> L1$ -> L2$

T01: build/gem5-riscv-release/bin/tilemux
     Core =DerivO3CPU riscv @ 2GHz
     TCU  =eps:192, bufsz:2048 B, blocksz:64 B, count:4, tlb:128
     L1i$ =32 KiB (2-way assoc, 4 cycles)
     L1d$ =32 KiB (2-way assoc, 4 cycles)
     L2$  =256 KiB (8-way assoc, 12 cycles)
     Comp =Core -> TCU -> L1$ -> L2$

T02: build/gem5-riscv-release/bin/tilemux
     Core =DerivO3CPU riscv @ 2GHz
     TCU  =eps:192, bufsz:2048 B, blocksz:64 B, count:4, tlb:128
     L1i$ =32 KiB (2-way assoc, 4 cycles)
     L1d$ =32 KiB (2-way assoc, 4 cycles)
     L2$  =256 KiB (8-way assoc, 12 cycles)
     Comp =Core -> TCU -> L1$ -> L2$

T03: build/gem5-riscv-release/bin/tilemux
     Core =DerivO3CPU riscv @ 2GHz
     TCU  =eps:192, bufsz:2048 B, blocksz:64 B, count:4, tlb:128
     L1i$ =32 KiB (2-way assoc, 4 cycles)
     L1d$ =32 KiB (2-way assoc, 4 cycles)
     L2$  =256 KiB (8-way assoc, 12 cycles)
     Comp =Core -> TCU -> L1$ -> L2$

T04: build/gem5-riscv-release/bin/tilemux
     Core =DerivO3CPU riscv @ 2GHz
     TCU  =eps:192, bufsz:2048 B, blocksz:64 B, count:4, tlb:128
     L1i$ =32 KiB (2-way assoc, 4 cycles)
     L1d$ =32 KiB (2-way assoc, 4 cycles)
     L2$  =256 KiB (8-way assoc, 12 cycles)
     Comp =Core -> TCU -> L1$ -> L2$

T05: build/gem5-riscv-release/bin/tilemux
     Core =DerivO3CPU riscv @ 2GHz
     TCU  =eps:192, bufsz:2048 B, blocksz:64 B, count:4, tlb:128
     L1i$ =32 KiB (2-way assoc, 4 cycles)
     L1d$ =32 KiB (2-way assoc, 4 cycles)
     L2$  =256 KiB (8-way assoc, 12 cycles)
     Comp =Core -> TCU -> L1$ -> L2$

T06: build/gem5-riscv-release/bin/tilemux
     Core =DerivO3CPU riscv @ 2GHz
     TCU  =eps:192, bufsz:2048 B, blocksz:64 B, count:4, tlb:128
     L1i$ =32 KiB (2-way assoc, 4 cycles)
     L1d$ =32 KiB (2-way assoc, 4 cycles)
     L2$  =256 KiB (8-way assoc, 12 cycles)
     Comp =Core -> TCU -> L1$ -> L2$

T07: build/gem5-riscv-release/bin/tilemux
     Core =DerivO3CPU riscv @ 2GHz
     TCU  =eps:192, bufsz:2048 B, blocksz:64 B, count:4, tlb:128
     L1i$ =32 KiB (2-way assoc, 4 cycles)
     L1d$ =32 KiB (2-way assoc, 4 cycles)
     L2$  =256 KiB (8-way assoc, 12 cycles)
     Comp =Core -> TCU -> L1$ -> L2$

T08: build/gem5-riscv-release/bin/tilemux
     Core =DerivO3CPU riscv @ 2GHz
     TCU  =eps:192, bufsz:2048 B, blocksz:64 B, count:4, tlb:128
     L1i$ =32 KiB (2-way assoc, 4 cycles)
     L1d$ =32 KiB (2-way assoc, 4 cycles)
     L2$  =256 KiB (8-way assoc, 12 cycles)
     Comp =Core -> TCU -> L1$ -> L2$

T09: build/gem5-riscv-release/bin/tilemux
     Core =DerivO3CPU riscv @ 2GHz
     TCU  =eps:192, bufsz:2048 B, blocksz:64 B, count:4, tlb:128
     L1i$ =32 KiB (2-way assoc, 4 cycles)
     L1d$ =32 KiB (2-way assoc, 4 cycles)
     L2$  =256 KiB (8-way assoc, 12 cycles)
     Comp =Core -> TCU -> L1$ -> L2$

T10: build/gem5-riscv-release/bin/tilemux
     Core =DerivO3CPU riscv @ 2GHz
     TCU  =eps:192, bufsz:2048 B, blocksz:64 B, count:4, tlb:128
     L1i$ =32 KiB (2-way assoc, 4 cycles)
     L1d$ =32 KiB (2-way assoc, 4 cycles)
     L2$  =256 KiB (8-way assoc, 12 cycles)
     Comp =Core -> TCU -> L1$ -> L2$

T11: build/gem5-riscv-release/bin/tilemux
     Core =DerivO3CPU riscv @ 2GHz
     TCU  =eps:192, bufsz:2048 B, blocksz:64 B, count:4, tlb:128
     L1i$ =32 KiB (2-way assoc, 4 cycles)
     L1d$ =32 KiB (2-way assoc, 4 cycles)
     L2$  =256 KiB (8-way assoc, 12 cycles)
     Comp =Core -> TCU -> L1$ -> L2$

T12: build/gem5-riscv-release/bin/tilemux
     Core =DerivO3CPU riscv @ 2GHz
     TCU  =eps:192, bufsz:2048 B, blocksz:64 B, count:4, tlb:128
     L1i$ =32 KiB (2-way assoc, 4 cycles)
     L1d$ =32 KiB (2-way assoc, 4 cycles)
     L2$  =256 KiB (8-way assoc, 12 cycles)
     Comp =Core -> TCU -> L1$ -> L2$

T13: build/gem5-riscv-release/bin/tilemux
     Core =DerivO3CPU riscv @ 2GHz
     TCU  =eps:192, bufsz:2048 B, blocksz:64 B, count:4, tlb:128
     L1i$ =32 KiB (2-way assoc, 4 cycles)
     L1d$ =32 KiB (2-way assoc, 4 cycles)
     L2$  =256 KiB (8-way assoc, 12 cycles)
     Comp =Core -> TCU -> L1$ -> L2$

T14: build/gem5-riscv-release/bin/tilemux
     Core =DerivO3CPU riscv @ 2GHz
     TCU  =eps:192, bufsz:2048 B, blocksz:64 B, count:4, tlb:128
     L1i$ =32 KiB (2-way assoc, 4 cycles)
     L1d$ =32 KiB (2-way assoc, 4 cycles)
     L2$  =256 KiB (8-way assoc, 12 cycles)
     Comp =Core -> TCU -> L1$ -> L2$

T15: build/gem5-riscv-release/bin/tilemux
     Core =DerivO3CPU riscv @ 2GHz
     TCU  =eps:192, bufsz:2048 B, blocksz:64 B, count:4, tlb:128
     L1i$ =32 KiB (2-way assoc, 4 cycles)
     L1d$ =32 KiB (2-way assoc, 4 cycles)
     L2$  =256 KiB (8-way assoc, 12 cycles)
     Comp =Core -> TCU -> L1$ -> L2$

T16: indir accelerator @ 1GHz
     TCU  =eps:192, bufsz:2048 B, blocksz:2048 B, count:4, tlb:0
     imem =4096 KiB
     Comp =Core -> TCU -> SPM

T17: indir accelerator @ 1GHz
     TCU  =eps:192, bufsz:2048 B, blocksz:2048 B, count:4, tlb:0
     imem =4096 KiB
     Comp =Core -> TCU -> SPM

T18: indir accelerator @ 1GHz
     TCU  =eps:192, bufsz:2048 B, blocksz:2048 B, count:4, tlb:0
     imem =4096 KiB
     Comp =Core -> TCU -> SPM

T19: indir accelerator @ 1GHz
     TCU  =eps:192, bufsz:2048 B, blocksz:2048 B, count:4, tlb:0
     imem =4096 KiB
     Comp =Core -> TCU -> SPM

T20: copy accelerator @ 1GHz
     TCU  =eps:192, bufsz:2048 B, blocksz:2048 B, count:4, tlb:0
     imem =4096 KiB
     Comp =Core -> TCU -> SPM

T21: copy accelerator @ 1GHz
     TCU  =eps:192, bufsz:2048 B, blocksz:2048 B, count:4, tlb:0
     imem =4096 KiB
     Comp =Core -> TCU -> SPM

T22: copy accelerator @ 1GHz
     TCU  =eps:192, bufsz:2048 B, blocksz:2048 B, count:4, tlb:0
     imem =4096 KiB
     Comp =Core -> TCU -> SPM

T23: copy accelerator @ 1GHz
     TCU  =eps:192, bufsz:2048 B, blocksz:2048 B, count:4, tlb:0
     imem =4096 KiB
     Comp =Core -> TCU -> SPM

T24: rot13 accelerator @ 1GHz
     TCU  =eps:192, bufsz:2048 B, blocksz:2048 B, count:4, tlb:0
     imem =4096 KiB
     Comp =Core -> TCU -> SPM

T25: SerialInput
     TCU  =eps:192, bufsz:2048 B, blocksz:2048 B, count:4, tlb:0
     Comp =TCU -> SerialInput

T26: build/gem5-riscv-release/bench.img x 1
     TCU  =eps:192, bufsz:2048 B, blocksz:2048 B, count:8, tlb:0
     imem =3145728 KiB
     Comp =TCU -> DRAM

Global frequency set at 1000000000000 ticks per second
warn: No dot file generated. Please install pydot to generate the dot file and pdf.
Gem5 Terminal started; Quit via Ctrl+]
warn: DRAM device capacity (49152 Mbytes) does not match the address range assigned (4096 Mbytes)
platform.com_1.device: Listening for connections on port 3456
0: T00.remote_gdb: listening for remote gdb on port 7000
0: T01.remote_gdb: listening for remote gdb on port 7001
0: T02.remote_gdb: listening for remote gdb on port 7002
0: T03.remote_gdb: listening for remote gdb on port 7003
0: T04.remote_gdb: listening for remote gdb on port 7004
0: T05.remote_gdb: listening for remote gdb on port 7005
0: T06.remote_gdb: listening for remote gdb on port 7006
0: T07.remote_gdb: listening for remote gdb on port 7007
0: T08.remote_gdb: listening for remote gdb on port 7008
0: T09.remote_gdb: listening for remote gdb on port 7009
0: T10.remote_gdb: listening for remote gdb on port 7010
0: T11.remote_gdb: listening for remote gdb on port 7011
0: T12.remote_gdb: listening for remote gdb on port 7012
0: T13.remote_gdb: listening for remote gdb on port 7013
0: T14.remote_gdb: listening for remote gdb on port 7014
0: T15.remote_gdb: listening for remote gdb on port 7015
warn: CoherentXBar T16.xbar has no snooping ports attached!
warn: CoherentXBar T17.xbar has no snooping ports attached!
warn: CoherentXBar T18.xbar has no snooping ports attached!
warn: CoherentXBar T19.xbar has no snooping ports attached!
warn: CoherentXBar T20.xbar has no snooping ports attached!
warn: CoherentXBar T21.xbar has no snooping ports attached!
warn: CoherentXBar T22.xbar has no snooping ports attached!
warn: CoherentXBar T23.xbar has no snooping ports attached!
warn: CoherentXBar T24.xbar has no snooping ports attached!
warn: CoherentXBar T25.xbar has no snooping ports attached!
warn: CoherentXBar T26.xbar has no snooping ports attached!
info: Loaded 'boot.xml' to 0x9a00000030000000 .. 0x9a000000300003ce
info: Loaded 'root' to 0x9a00000030001000 .. 0x9a000000300756e0
info: Loaded 'm3fs' to 0x9a00000030076000 .. 0x9a000000300cc340
info: Loaded 'pipes' to 0x9a000000300cd000 .. 0x9a00000030112b98
info: Loaded 'pager' to 0x9a00000030113000 .. 0x9a00000030191b98
info: Entering event queue @ 0.  Starting simulation...
warn: T0,PMP-EP65535: invalid EP
warn: T15,PMP-EP65535: invalid EP
warn: T14,PMP-EP65535: invalid EP
warn: T13,PMP-EP65535: invalid EP
warn: T12,PMP-EP65535: invalid EP
warn: T11,PMP-EP65535: invalid EP
warn: T10,PMP-EP65535: invalid EP
warn: T9,PMP-EP65535: invalid EP
warn: T8,PMP-EP65535: invalid EP
warn: T7,PMP-EP65535: invalid EP
warn: T6,PMP-EP65535: invalid EP
warn: T5,PMP-EP65535: invalid EP
warn: T4,PMP-EP65535: invalid EP
warn: T3,PMP-EP65535: invalid EP
warn: T2,PMP-EP65535: invalid EP
warn: T1,PMP-EP65535: invalid EP
warn: T11,PMP-EP65535: invalid EP
warn: T13,PMP-EP65535: invalid EP
warn: T7,PMP-EP65535: invalid EP
warn: T1,PMP-EP65535: invalid EP
warn: T10,PMP-EP65535: invalid EP
warn: T8,PMP-EP65535: invalid EP
warn: T15,PMP-EP65535: invalid EP
warn: T12,PMP-EP65535: invalid EP
warn: T6,PMP-EP65535: invalid EP
warn: T5,PMP-EP65535: invalid EP
warn: T3,PMP-EP65535: invalid EP
warn: T9,PMP-EP65535: invalid EP
warn: T2,PMP-EP65535: invalid EP
warn: T4,PMP-EP65535: invalid EP
warn: T14,PMP-EP65535: invalid EP
warn: T0,PMP-EP65535: invalid EP
[0;31m[T0:kernel  @        258] Entered raw mode; Quit via Ctrl+]
[0mwarn: T8,PMP-EP3: invalid EP
warn: T3,PMP-EP3: invalid EP
warn: T10,PMP-EP3: invalid EP
warn: T15,PMP-EP3: invalid EP
warn: T13,PMP-EP3: invalid EP
warn: T11,PMP-EP3: invalid EP
warn: T9,PMP-EP3: invalid EP
warn: T1,PMP-EP3: invalid EP
warn: T12,PMP-EP3: invalid EP
warn: T14,PMP-EP3: invalid EP
warn: T6,PMP-EP3: invalid EP
warn: T5,PMP-EP3: invalid EP
warn: T2,PMP-EP3: invalid EP
warn: T4,PMP-EP3: invalid EP
warn: T7,PMP-EP3: invalid EP
warn: T8,PMP-EP65535: invalid EP
warn: T8,PMP-EP65535: invalid EP
warn: T8,PMP-EP65535: invalid EP
warn: T3,PMP-EP65535: invalid EP
warn: T3,PMP-EP65535: invalid EP
warn: T3,PMP-EP65535: invalid EP
warn: T10,PMP-EP65535: invalid EP
warn: T10,PMP-EP65535: invalid EP
warn: T10,PMP-EP65535: invalid EP
warn: T15,PMP-EP65535: invalid EP
warn: T15,PMP-EP65535: invalid EP
warn: T15,PMP-EP65535: invalid EP
warn: T13,PMP-EP65535: invalid EP
warn: T13,PMP-EP65535: invalid EP
warn: T13,PMP-EP65535: invalid EP
warn: T11,PMP-EP65535: invalid EP
warn: T11,PMP-EP65535: invalid EP
warn: T11,PMP-EP65535: invalid EP
warn: T8,PMP-EP65535: invalid EP
warn: T9,PMP-EP65535: invalid EP
warn: T9,PMP-EP65535: invalid EP
warn: T9,PMP-EP65535: invalid EP
warn: T1,PMP-EP65535: invalid EP
warn: T1,PMP-EP65535: invalid EP
warn: T1,PMP-EP65535: invalid EP
warn: T12,PMP-EP65535: invalid EP
warn: T12,PMP-EP65535: invalid EP
warn: T12,PMP-EP65535: invalid EP
warn: T14,PMP-EP65535: invalid EP
warn: T14,PMP-EP65535: invalid EP
warn: T14,PMP-EP65535: invalid EP
warn: T6,PMP-EP65535: invalid EP
warn: T6,PMP-EP65535: invalid EP
warn: T6,PMP-EP65535: invalid EP
warn: T5,PMP-EP65535: invalid EP
warn: T5,PMP-EP65535: invalid EP
warn: T5,PMP-EP65535: invalid EP
warn: T3,PMP-EP65535: invalid EP
warn: T2,PMP-EP65535: invalid EP
warn: T2,PMP-EP65535: invalid EP
warn: T2,PMP-EP65535: invalid EP
warn: T4,PMP-EP65535: invalid EP
warn: T4,PMP-EP65535: invalid EP
warn: T4,PMP-EP65535: invalid EP
warn: T7,PMP-EP65535: invalid EP
warn: T7,PMP-EP65535: invalid EP
warn: T7,PMP-EP65535: invalid EP
warn: T10,PMP-EP65535: invalid EP
warn: T15,PMP-EP65535: invalid EP
warn: T13,PMP-EP65535: invalid EP
warn: T11,PMP-EP65535: invalid EP
warn: T9,PMP-EP65535: invalid EP
warn: T1,PMP-EP65535: invalid EP
warn: T12,PMP-EP65535: invalid EP
warn: T14,PMP-EP65535: invalid EP
warn: T6,PMP-EP65535: invalid EP
warn: T5,PMP-EP65535: invalid EP
warn: T2,PMP-EP65535: invalid EP
warn: T4,PMP-EP65535: invalid EP
warn: T7,PMP-EP65535: invalid EP
[0;31m[T0:kernel  @       1118] Attesting tile: 1
[0m[0;31m[T0:kernel  @       2510] Attestation complete: 1, 2762933 cycles
[0m[0;31m[T0:kernel  @       3146] Attesting tile: 2
[0m[0;31m[T0:kernel  @       4512] Attestation complete: 2, 2726670 cycles
[0m[0;31m[T0:kernel  @       5147] Attesting tile: 3
[0m[0;31m[T0:kernel  @       6512] Attestation complete: 3, 2726073 cycles
[0m[0;31m[T0:kernel  @       7146] Attesting tile: 4
[0m[0;31m[T0:kernel  @       8511] Attestation complete: 4, 2725828 cycles
[0m[0;31m[T0:kernel  @       9146] Attesting tile: 5
[0m[0;31m[T0:kernel  @      10511] Attestation complete: 5, 2725747 cycles
[0m[0;31m[T0:kernel  @      11146] Attesting tile: 6
[0m[0;31m[T0:kernel  @      12511] Attestation complete: 6, 2725712 cycles
[0m[0;31m[T0:kernel  @      13145] Attesting tile: 7
[0m[0;31m[T0:kernel  @      14510] Attestation complete: 7, 2725723 cycles
[0m[0;31m[T0:kernel  @      15146] Attesting tile: 8
[0m[0;31m[T0:kernel  @      16511] Attestation complete: 8, 2725694 cycles
[0m[0;31m[T0:kernel  @      17145] Attesting tile: 9
[0m[0;31m[T0:kernel  @      18510] Attestation complete: 9, 2725756 cycles
[0m[0;31m[T0:kernel  @      19146] Attesting tile: 10
[0m[0;31m[T0:kernel  @      20511] Attestation complete: 10, 2725707 cycles
[0m[0;31m[T0:kernel  @      21148] Attesting tile: 11
[0m[0;31m[T0:kernel  @      22513] Attestation complete: 11, 2725761 cycles
[0m[0;31m[T0:kernel  @      23148] Attesting tile: 12
[0m[0;31m[T0:kernel  @      24513] Attestation complete: 12, 2725707 cycles
[0m[0;31m[T0:kernel  @      25149] Attesting tile: 13
[0m[0;31m[T0:kernel  @      26514] Attestation complete: 13, 2725729 cycles
[0m[0;31m[T0:kernel  @      27147] Attesting tile: 14
[0m[0;31m[T0:kernel  @      28512] Attestation complete: 14, 2725746 cycles
[0m[0;31m[T0:kernel  @      29147] Attesting tile: 15
[0m[0;31m[T0:kernel  @      30512] Attestation complete: 15, 2725735 cycles
[0m[0;31m[T0:kernel  @      31147] Attesting tile: 16
[0m[0;31m[T0:kernel  @      32997] Attestation complete: 16, 3694319 cycles
[0m[0;31m[T0:kernel  @      33633] Attesting tile: 17
[0m[0;31m[T0:kernel  @      35480] Attestation complete: 17, 3691064 cycles
[0m[0;31m[T0:kernel  @      36116] Attesting tile: 18
[0m[0;31m[T0:kernel  @      37964] Attestation complete: 18, 3691040 cycles
[0m[0;31m[T0:kernel  @      38600] Attesting tile: 19
[0m[0;31m[T0:kernel  @      40447] Attestation complete: 19, 3691021 cycles
[0m[0;31m[T0:kernel  @      41085] Attesting tile: 20
[0m[0;31m[T0:kernel  @      42933] Attestation complete: 20, 3691060 cycles
[0m[0;31m[T0:kernel  @      43568] Attesting tile: 21
[0m[0;31m[T0:kernel  @      45416] Attestation complete: 21, 3691099 cycles
[0m[0;31m[T0:kernel  @      46050] Attesting tile: 22
[0m[0;31m[T0:kernel  @      47898] Attestation complete: 22, 3691057 cycles
[0m[0;31m[T0:kernel  @      48533] Attesting tile: 23
[0m[0;31m[T0:kernel  @      50381] Attestation complete: 23, 3691046 cycles
[0m[0;31m[T0:kernel  @      51016] Attesting tile: 24
[0m[0;31m[T0:kernel  @      52864] Attestation complete: 24, 3691064 cycles
[0m[0;31m[T0:kernel  @      53498] Attesting tile: 25
[0m[0;31m[T0:kernel  @      55345] Attestation complete: 25, 3691082 cycles
[0m[0;31m[T0:kernel  @      55353] Attesting tile: 26
[0m[0;31m[T0:kernel  @      56723] Attestation complete: 26, 2736197 cycles
[0m[0;31m[T0:kernel  @      56726] Attesting tile: 26
[0m[0;31m[T0:kernel  @      58094] Attestation complete: 26, 2732808 cycles
[0m[0;31m[T0:kernel  @      58097] Attesting tile: 26
[0m[0;31m[T0:kernel  @      59467] Attestation complete: 26, 2736073 cycles
[0m[0;31m[T0:kernel  @      59470] Attesting tile: 26
[0m[0;31m[T0:kernel  @      60840] Attestation complete: 26, 2737399 cycles
[0m[0;31m[T0:kernel  @      61349] Kernel is ready!
[0m[0;32m[T1:root    @      62490] Boot modules:
[0m[0;32m[T1:root    @      62520]   Mod[addr: G[Tile26+0x30000000], size: 0x3ce, name: boot.xml]
[0m[0;32m[T1:root    @      62525]   Mod[addr: G[Tile26+0x30001000], size: 0x746e0, name: root]
[0m[0;32m[T1:root    @      62528]   Mod[addr: G[Tile26+0x30076000], size: 0x56340, name: m3fs]
[0m[0;32m[T1:root    @      62532]   Mod[addr: G[Tile26+0x300cd000], size: 0x45b98, name: pipes]
[0m[0;32m[T1:root    @      62535]   Mod[addr: G[Tile26+0x30113000], size: 0x7eb98, name: pager]
[0m[0;32m[T1:root    @      62539] Available tiles:
[0m[0;32m[T1:root    @      62560]   Tile01: COMP_EMEM RISCV (empty) 0 KiB memory
[0m[0;32m[T1:root    @      62569]   Tile02: COMP_EMEM RISCV (empty) 0 KiB memory
[0m[0;32m[T1:root    @      62572]   Tile03: COMP_EMEM RISCV (empty) 0 KiB memory
[0m[0;32m[T1:root    @      62576]   Tile04: COMP_EMEM RISCV (empty) 0 KiB memory
[0m[0;32m[T1:root    @      62579]   Tile05: COMP_EMEM RISCV (empty) 0 KiB memory
[0m[0;32m[T1:root    @      62583]   Tile06: COMP_EMEM RISCV (empty) 0 KiB memory
[0m[0;32m[T1:root    @      62586]   Tile07: COMP_EMEM RISCV (empty) 0 KiB memory
[0m[0;32m[T1:root    @      62590]   Tile08: COMP_EMEM RISCV (empty) 0 KiB memory
[0m[0;32m[T1:root    @      62593]   Tile09: COMP_EMEM RISCV (empty) 0 KiB memory
[0m[0;32m[T1:root    @      62597]   Tile10: COMP_EMEM RISCV (empty) 0 KiB memory
[0m[0;32m[T1:root    @      62600]   Tile11: COMP_EMEM RISCV (empty) 0 KiB memory
[0m[0;32m[T1:root    @      62604]   Tile12: COMP_EMEM RISCV (empty) 0 KiB memory
[0m[0;32m[T1:root    @      62607]   Tile13: COMP_EMEM RISCV (empty) 0 KiB memory
[0m[0;32m[T1:root    @      62610]   Tile14: COMP_EMEM RISCV (empty) 0 KiB memory
[0m[0;32m[T1:root    @      62613]   Tile15: COMP_EMEM RISCV (empty) 0 KiB memory
[0m[0;32m[T1:root    @      62617]   Tile16: COMP_IMEM ACCEL_INDIR (empty) 4096 KiB memory
[0m[0;32m[T1:root    @      62620]   Tile17: COMP_IMEM ACCEL_INDIR (empty) 4096 KiB memory
[0m[0;32m[T1:root    @      62629]   Tile18: COMP_IMEM ACCEL_INDIR (empty) 4096 KiB memory
[0m[0;32m[T1:root    @      62632]   Tile19: COMP_IMEM ACCEL_INDIR (empty) 4096 KiB memory
[0m[0;32m[T1:root    @      62635]   Tile20: COMP_IMEM ACCEL_COPY (empty) 4096 KiB memory
[0m[0;32m[T1:root    @      62639]   Tile21: COMP_IMEM ACCEL_COPY (empty) 4096 KiB memory
[0m[0;32m[T1:root    @      62642]   Tile22: COMP_IMEM ACCEL_COPY (empty) 4096 KiB memory
[0m[0;32m[T1:root    @      62646]   Tile23: COMP_IMEM ACCEL_COPY (empty) 4096 KiB memory
[0m[0;32m[T1:root    @      62649]   Tile24: COMP_IMEM ACCEL_ROT13 (empty) 4096 KiB memory
[0m[0;32m[T1:root    @      62652]   Tile25: COMP_IMEM SERIAL_DEV (empty) 0 KiB memory
[0m[0;32m[T1:root    @      62661] Available memory:
[0m[0;32m[T1:root    @      62677]   MemMod[sel: 35, res: true, addr: G[Tile26+0x0], size: 1264 MiB]
[0m[0;32m[T1:root    @      62682]   MemMod[sel: 36, res: false, addr: G[Tile26+0x53600000], size: 959 MiB]
[0m[0;32m[T1:root    @      62690] Parsed Config [
[0m[0;32m[T1:root    @      62699]   root [
[0m[0;32m[T1:root    @      62723]     Domain on core [
[0m[0;32m[T1:root    @      62726]       m3fs mem 268435456 [
[0m[0;32m[T1:root    @      62729]         Daemon,
[0m[0;32m[T1:root    @      62740]         PhysMem[addr=0x0, size=0x40000 KiB, perm=R | W | X | RW | RWX],
[0m[0;32m[T1:root    @      62748]         Service[lname='m3fs', gname='m3fs'],
[0m[0;32m[T1:root    @      62752]       ]
[0m[0;32m[T1:root    @      62754]     ]
[0m[0;32m[T1:root    @      62756]     Domain on core [
[0m[0;32m[T1:root    @      62759]       pipes [
[0m[0;32m[T1:root    @      62761]         Daemon,
[0m[0;32m[T1:root    @      62764]         Service[lname='pipes', gname='pipes'],
[0m[0;32m[T1:root    @      62766]       ]
[0m[0;32m[T1:root    @      62768]     ]
[0m[0;32m[T1:root    @      62770]     Domain on core [
[0m[0;32m[T1:root    @      62772]       pager 268435456 [
[0m[0;32m[T1:root    @      62776]         PhysMem[addr=0x0, size=0x40000 KiB, perm=R],
[0m[0;32m[T1:root    @      62784]         SessCreator[service='pipes', count=None],
[0m[0;32m[T1:root    @      62791]         Session[lname='m3fs', gname='m3fs', arg='', dep=true],
[0m[0;32m[T1:root    @      62797]         Tile[type=core, count=1, optional=false],
[0m[0;32m[T1:root    @      62800]         Domain on core [
[0m[0;32m[T1:root    @      62805]           /bin/imgproc -m dir -n 1 -r 8 /large.txt [
[0m[0;32m[T1:root    @      62809]             Session[lname='pipes', gname='pipes', arg='', dep=true],
[0m[0;32m[T1:root    @      62813]             Mount[fs='m3fs', path='/'],
[0m[0;32m[T1:root    @      62816]             Tile[type=copy, count=3, optional=false],
[0m[0;32m[T1:root    @      62818]           ]
[0m[0;32m[T1:root    @      62820]         ]
[0m[0;32m[T1:root    @      62822]       ]
[0m[0;32m[T1:root    @      62824]     ]
[0m[0;32m[T1:root    @      62826]   ]
[0m[0;32m[T1:root    @      62827] ]
[0m[0;32m[T1:root    @      62828] 
[0m[0;32m[T1:root    @      64731] Starting boot module 'm3fs' on tile2 with arguments ["mem", "268435456"]
[0m[0;32m[T1:root    @      65538] Starting boot module 'pipes' on tile3 with arguments []
[0m[0;32m[T1:root    @      66246] pipes: reg_serv(srv_sel=59, sgate_sel=64, name=pipes, sessions=32)
[0m[0;32m[T1:root    @      66262] Creating service 1:pipes
[0m[0;32m[T1:root    @      67232] m3fs: reg_serv(srv_sel=51, sgate_sel=55, name=m3fs, sessions=32)
[0m[0;32m[T1:root    @      67240] Creating service 2:m3fs
[0m[0;32m[T1:root    @      67510] Creating service 1:pipes
[0m[0;32m[T1:root    @      67552] Starting boot module 'pager' on tile4 with arguments ["268435456"]
[0m[0;35m[T4:pager   @      68396] Boot modules:
[0m[0;35m[T4:pager   @      68430]   Mod[addr: G[Tile26+0x80600000], size: 0x21d, name: boot.xml]
[0m[0;35m[T4:pager   @      68434] Available tiles:
[0m[0;35m[T4:pager   @      68456]   Tile04: COMP_EMEM RISCV (empty) 0 KiB memory
[0m[0;35m[T4:pager   @      68466]   Tile20: COMP_IMEM ACCEL_COPY (empty) 4096 KiB memory
[0m[0;35m[T4:pager   @      68469]   Tile21: COMP_IMEM ACCEL_COPY (empty) 4096 KiB memory
[0m[0;35m[T4:pager   @      68472]   Tile22: COMP_IMEM ACCEL_COPY (empty) 4096 KiB memory
[0m[0;35m[T4:pager   @      68478] Available memory:
[0m[0;35m[T4:pager   @      68495]   MemMod[sel: 10, res: false, addr: G[Tile26+0x71800000], size: 119 MiB]
[0m[0;35m[T4:pager   @      68499] Services:
[0m[0;35m[T4:pager   @      68504]   Service[name=pipes, sessions=32]
[0m[0;35m[T4:pager   @      68517] Creating service 1:pipes
[0m[0;32m[T1:root    @      68568] pager: open_sess(dst_sel=78, name=m3fs)
[0m[0;35m[T4:pager   @      70991] Starting boot module '/bin/imgproc' on tile5 with arguments ["-m", "dir", "-n", "1", "-r", "8", "/large.txt"]
[0m[0;35m[T4:pager   @      72370] /bin/imgproc: open_sess(dst_sel=101, name=pipes)
[0m[0;36m[T5:imgproc @      72598] Creating Activity FFT0
[0m[0;36m[T5:imgproc @      72884] Creating Activity MUL0
[0m[0;36m[T5:imgproc @      73066] Creating Activity IFFT0
[0m[0;36m[T5:imgproc @      73187] Connecting input and output...
[0m[0;36m[T5:imgproc @      73319] Starting chain...
[0m[0;35m[T4:pager   @      77453] /bin/imgproc: close_sess(sel=101)
[0m[0;35m[T4:pager   @      77499] /bin/imgproc: open_sess(dst_sel=147, name=pipes)
[0m[0;36m[T5:imgproc @      77552] Creating Activity FFT0
[0m[0;36m[T5:imgproc @      77662] Creating Activity MUL0
[0m[0;36m[T5:imgproc @      77770] Creating Activity IFFT0
[0m[0;36m[T5:imgproc @      77951] Connecting input and output...
[0m[0;36m[T5:imgproc @      78054] Starting chain...
[0m[0;35m[T4:pager   @      82008] /bin/imgproc: close_sess(sel=147)
[0m[0;35m[T4:pager   @      82024] /bin/imgproc: open_sess(dst_sel=191, name=pipes)
[0m[0;36m[T5:imgproc @      82067] Creating Activity FFT0
[0m[0;36m[T5:imgproc @      82200] Creating Activity MUL0
[0m[0;36m[T5:imgproc @      82403] Creating Activity IFFT0
[0m[0;36m[T5:imgproc @      82507] Connecting input and output...
[0m[0;36m[T5:imgproc @      82611] Starting chain...
[0m[0;35m[T4:pager   @      86557] /bin/imgproc: close_sess(sel=191)
[0m[0;35m[T4:pager   @      86572] /bin/imgproc: open_sess(dst_sel=235, name=pipes)
[0m[0;36m[T5:imgproc @      86613] Creating Activity FFT0
[0m[0;36m[T5:imgproc @      86742] Creating Activity MUL0
[0m[0;36m[T5:imgproc @      86846] Creating Activity IFFT0
[0m[0;36m[T5:imgproc @      86953] Connecting input and output...
[0m[0;36m[T5:imgproc @      87048] Starting chain...
[0m[0;35m[T4:pager   @      90980] /bin/imgproc: close_sess(sel=235)
[0m[0;35m[T4:pager   @      90994] /bin/imgproc: open_sess(dst_sel=279, name=pipes)
[0m[0;36m[T5:imgproc @      91034] Creating Activity FFT0
[0m[0;36m[T5:imgproc @      91164] Creating Activity MUL0
[0m[0;36m[T5:imgproc @      91283] Creating Activity IFFT0
[0m[0;36m[T5:imgproc @      91389] Connecting input and output...
[0m[0;36m[T5:imgproc @      91482] Starting chain...
[0m[0;35m[T4:pager   @      95405] /bin/imgproc: close_sess(sel=279)
[0m[0;35m[T4:pager   @      95420] /bin/imgproc: open_sess(dst_sel=323, name=pipes)
[0m[0;36m[T5:imgproc @      95462] Creating Activity FFT0
[0m[0;36m[T5:imgproc @      95579] Creating Activity MUL0
[0m[0;36m[T5:imgproc @      95686] Creating Activity IFFT0
[0m[0;36m[T5:imgproc @      95864] Connecting input and output...
[0m[0;36m[T5:imgproc @      95968] Starting chain...
[0m[0;35m[T4:pager   @      99901] /bin/imgproc: close_sess(sel=323)
[0m[0;35m[T4:pager   @      99917] /bin/imgproc: open_sess(dst_sel=367, name=pipes)
[0m[0;36m[T5:imgproc @      99959] Creating Activity FFT0
[0m[0;36m[T5:imgproc @     100087] Creating Activity MUL0
[0m[0;36m[T5:imgproc @     100200] Creating Activity IFFT0
[0m[0;36m[T5:imgproc @     100395] Connecting input and output...
[0m[0;36m[T5:imgproc @     100494] Starting chain...
[0m[0;35m[T4:pager   @     104453] /bin/imgproc: close_sess(sel=367)
[0m[0;35m[T4:pager   @     104468] /bin/imgproc: open_sess(dst_sel=411, name=pipes)
[0m[0;36m[T5:imgproc @     104511] Creating Activity FFT0
[0m[0;36m[T5:imgproc @     104646] Creating Activity MUL0
[0m[0;36m[T5:imgproc @     104764] Creating Activity IFFT0
[0m[0;36m[T5:imgproc @     104936] Connecting input and output...
[0m[0;36m[T5:imgproc @     105034] Starting chain...
[0m[0;35m[T4:pager   @     108972] /bin/imgproc: close_sess(sel=411)
[0m[0;35m[T4:pager   @     108986] /bin/imgproc: open_sess(dst_sel=455, name=pipes)
[0m[0;36m[T5:imgproc @     109029] Creating Activity FFT0
[0m[0;36m[T5:imgproc @     109156] Creating Activity MUL0
[0m[0;36m[T5:imgproc @     109280] Creating Activity IFFT0
[0m[0;36m[T5:imgproc @     109449] Connecting input and output...
[0m[0;36m[T5:imgproc @     109552] Starting chain...
[0m[0;35m[T4:pager   @     113494] /bin/imgproc: close_sess(sel=455)
[0m! src/apps/bench/imgproc/imgproc.cc:105  PERF "imgproc-dir (1 chains)": 7366168 cycles (+/- 14843 cycles with 8 runs)
[0;32m[T1:root    @     114563] Sending SHUTDOWN to service 2:m3fs
[0m[0;32m[T1:root    @     114632] Sending SHUTDOWN to service 1:pipes
[0m[0;32m[T1:root    @     114659] m3fs: unreg_serv(sel=51)
[0m[0;32m[T1:root    @     114670] Removing service 2:m3fs
[0m[0;32m[T1:root    @     114711] pipes: unreg_serv(sel=59)
[0m[0;32m[T1:root    @     114713] Removing service 1:pipes
[0m[0;32m[T1:root    @     115228] All childs gone. Exiting.
[0m[0;31m[T0:kernel  @     115426] Shutting down
[0mExiting @ tick 115449941500 because m5_exit instruction encountered
