/scratch/harshanavkis/ironbus/M3/run/imgproc_non_secure-0/boot-all.xml validates
gem5 Simulator System.  http://gem5.org
gem5 is copyrighted software; use the --copyright option for details.

gem5 version 21.0.0.0
gem5 compiled Sep 17 2026 15:54:59
gem5 started Sep 17 2026 17:16:54
gem5 executing on amy, pid 2935970
command line: platform/gem5/build/RISCV/gem5.opt --outdir=/scratch/harshanavkis/ironbus/M3/run/imgproc_non_secure-0 --debug-file=gem5.log --debug-flags=Tcu /scratch/harshanavkis/ironbus/M3/config/accels.py --cpu-type DerivO3CPU --isa riscv --cmd 'build/gem5-riscv-release/bin/kernel -f build/gem5-riscv-release/bench.img,build/gem5-riscv-release/bin/tilemux,build/gem5-riscv-release/bin/tilemux,build/gem5-riscv-release/bin/tilemux,build/gem5-riscv-release/bin/tilemux,build/gem5-riscv-release/bin/tilemux,build/gem5-riscv-release/bin/tilemux,build/gem5-riscv-release/bin/tilemux,build/gem5-riscv-release/bin/tilemux,build/gem5-riscv-release/bin/tilemux,build/gem5-riscv-release/bin/tilemux,build/gem5-riscv-release/bin/tilemux,build/gem5-riscv-release/bin/tilemux,build/gem5-riscv-release/bin/tilemux,build/gem5-riscv-release/bin/tilemux,build/gem5-riscv-release/bin/tilemux,' --mods /scratch/harshanavkis/ironbus/M3/run/imgproc_non_secure-0/boot.xml,build/gem5-riscv-release/bin/root,build/gem5-riscv-release/bin/m3fs,build/gem5-riscv-release/bin/pipes,build/gem5-riscv-release/bin/pager --cpu-clock=2GHz --sys-clock=2GHz --encr-latency=0 --par-pipe=1 --int-transfer-latency=0 --rng-latency=0 --sign-latency=0 --sign-ver-latency=0

info: Standard input is not a terminal, disabling listeners.
T00: build/gem5-riscv-release/bin/kernel -f build/gem5-riscv-release/bench.img
     Core =DerivO3CPU riscv @ 2GHz
     TCU  =eps:192, bufsz:2048 B, blocksz:64 B, count:16, tlb:128
     L1i$ =32 KiB (2-way assoc, 4 cycles)
     L1d$ =32 KiB (2-way assoc, 4 cycles)
     L2$  =256 KiB (8-way assoc, 12 cycles)
     Comp =Core -> TCU -> L1$ -> L2$

T01: build/gem5-riscv-release/bin/tilemux
     Core =DerivO3CPU riscv @ 2GHz
     TCU  =eps:192, bufsz:2048 B, blocksz:64 B, count:16, tlb:128
     L1i$ =32 KiB (2-way assoc, 4 cycles)
     L1d$ =32 KiB (2-way assoc, 4 cycles)
     L2$  =256 KiB (8-way assoc, 12 cycles)
     Comp =Core -> TCU -> L1$ -> L2$

T02: build/gem5-riscv-release/bin/tilemux
     Core =DerivO3CPU riscv @ 2GHz
     TCU  =eps:192, bufsz:2048 B, blocksz:64 B, count:16, tlb:128
     L1i$ =32 KiB (2-way assoc, 4 cycles)
     L1d$ =32 KiB (2-way assoc, 4 cycles)
     L2$  =256 KiB (8-way assoc, 12 cycles)
     Comp =Core -> TCU -> L1$ -> L2$

T03: build/gem5-riscv-release/bin/tilemux
     Core =DerivO3CPU riscv @ 2GHz
     TCU  =eps:192, bufsz:2048 B, blocksz:64 B, count:16, tlb:128
     L1i$ =32 KiB (2-way assoc, 4 cycles)
     L1d$ =32 KiB (2-way assoc, 4 cycles)
     L2$  =256 KiB (8-way assoc, 12 cycles)
     Comp =Core -> TCU -> L1$ -> L2$

T04: build/gem5-riscv-release/bin/tilemux
     Core =DerivO3CPU riscv @ 2GHz
     TCU  =eps:192, bufsz:2048 B, blocksz:64 B, count:16, tlb:128
     L1i$ =32 KiB (2-way assoc, 4 cycles)
     L1d$ =32 KiB (2-way assoc, 4 cycles)
     L2$  =256 KiB (8-way assoc, 12 cycles)
     Comp =Core -> TCU -> L1$ -> L2$

T05: build/gem5-riscv-release/bin/tilemux
     Core =DerivO3CPU riscv @ 2GHz
     TCU  =eps:192, bufsz:2048 B, blocksz:64 B, count:16, tlb:128
     L1i$ =32 KiB (2-way assoc, 4 cycles)
     L1d$ =32 KiB (2-way assoc, 4 cycles)
     L2$  =256 KiB (8-way assoc, 12 cycles)
     Comp =Core -> TCU -> L1$ -> L2$

T06: build/gem5-riscv-release/bin/tilemux
     Core =DerivO3CPU riscv @ 2GHz
     TCU  =eps:192, bufsz:2048 B, blocksz:64 B, count:16, tlb:128
     L1i$ =32 KiB (2-way assoc, 4 cycles)
     L1d$ =32 KiB (2-way assoc, 4 cycles)
     L2$  =256 KiB (8-way assoc, 12 cycles)
     Comp =Core -> TCU -> L1$ -> L2$

T07: build/gem5-riscv-release/bin/tilemux
     Core =DerivO3CPU riscv @ 2GHz
     TCU  =eps:192, bufsz:2048 B, blocksz:64 B, count:16, tlb:128
     L1i$ =32 KiB (2-way assoc, 4 cycles)
     L1d$ =32 KiB (2-way assoc, 4 cycles)
     L2$  =256 KiB (8-way assoc, 12 cycles)
     Comp =Core -> TCU -> L1$ -> L2$

T08: build/gem5-riscv-release/bin/tilemux
     Core =DerivO3CPU riscv @ 2GHz
     TCU  =eps:192, bufsz:2048 B, blocksz:64 B, count:16, tlb:128
     L1i$ =32 KiB (2-way assoc, 4 cycles)
     L1d$ =32 KiB (2-way assoc, 4 cycles)
     L2$  =256 KiB (8-way assoc, 12 cycles)
     Comp =Core -> TCU -> L1$ -> L2$

T09: build/gem5-riscv-release/bin/tilemux
     Core =DerivO3CPU riscv @ 2GHz
     TCU  =eps:192, bufsz:2048 B, blocksz:64 B, count:16, tlb:128
     L1i$ =32 KiB (2-way assoc, 4 cycles)
     L1d$ =32 KiB (2-way assoc, 4 cycles)
     L2$  =256 KiB (8-way assoc, 12 cycles)
     Comp =Core -> TCU -> L1$ -> L2$

T10: build/gem5-riscv-release/bin/tilemux
     Core =DerivO3CPU riscv @ 2GHz
     TCU  =eps:192, bufsz:2048 B, blocksz:64 B, count:16, tlb:128
     L1i$ =32 KiB (2-way assoc, 4 cycles)
     L1d$ =32 KiB (2-way assoc, 4 cycles)
     L2$  =256 KiB (8-way assoc, 12 cycles)
     Comp =Core -> TCU -> L1$ -> L2$

T11: build/gem5-riscv-release/bin/tilemux
     Core =DerivO3CPU riscv @ 2GHz
     TCU  =eps:192, bufsz:2048 B, blocksz:64 B, count:16, tlb:128
     L1i$ =32 KiB (2-way assoc, 4 cycles)
     L1d$ =32 KiB (2-way assoc, 4 cycles)
     L2$  =256 KiB (8-way assoc, 12 cycles)
     Comp =Core -> TCU -> L1$ -> L2$

T12: build/gem5-riscv-release/bin/tilemux
     Core =DerivO3CPU riscv @ 2GHz
     TCU  =eps:192, bufsz:2048 B, blocksz:64 B, count:16, tlb:128
     L1i$ =32 KiB (2-way assoc, 4 cycles)
     L1d$ =32 KiB (2-way assoc, 4 cycles)
     L2$  =256 KiB (8-way assoc, 12 cycles)
     Comp =Core -> TCU -> L1$ -> L2$

T13: build/gem5-riscv-release/bin/tilemux
     Core =DerivO3CPU riscv @ 2GHz
     TCU  =eps:192, bufsz:2048 B, blocksz:64 B, count:16, tlb:128
     L1i$ =32 KiB (2-way assoc, 4 cycles)
     L1d$ =32 KiB (2-way assoc, 4 cycles)
     L2$  =256 KiB (8-way assoc, 12 cycles)
     Comp =Core -> TCU -> L1$ -> L2$

T14: build/gem5-riscv-release/bin/tilemux
     Core =DerivO3CPU riscv @ 2GHz
     TCU  =eps:192, bufsz:2048 B, blocksz:64 B, count:16, tlb:128
     L1i$ =32 KiB (2-way assoc, 4 cycles)
     L1d$ =32 KiB (2-way assoc, 4 cycles)
     L2$  =256 KiB (8-way assoc, 12 cycles)
     Comp =Core -> TCU -> L1$ -> L2$

T15: build/gem5-riscv-release/bin/tilemux
     Core =DerivO3CPU riscv @ 2GHz
     TCU  =eps:192, bufsz:2048 B, blocksz:64 B, count:16, tlb:128
     L1i$ =32 KiB (2-way assoc, 4 cycles)
     L1d$ =32 KiB (2-way assoc, 4 cycles)
     L2$  =256 KiB (8-way assoc, 12 cycles)
     Comp =Core -> TCU -> L1$ -> L2$

T16: indir accelerator @ 1GHz
     TCU  =eps:192, bufsz:2048 B, blocksz:2048 B, count:16, tlb:0
     imem =4096 KiB
     Comp =Core -> TCU -> SPM

T17: indir accelerator @ 1GHz
     TCU  =eps:192, bufsz:2048 B, blocksz:2048 B, count:16, tlb:0
     imem =4096 KiB
     Comp =Core -> TCU -> SPM

T18: indir accelerator @ 1GHz
     TCU  =eps:192, bufsz:2048 B, blocksz:2048 B, count:16, tlb:0
     imem =4096 KiB
     Comp =Core -> TCU -> SPM

T19: indir accelerator @ 1GHz
     TCU  =eps:192, bufsz:2048 B, blocksz:2048 B, count:16, tlb:0
     imem =4096 KiB
     Comp =Core -> TCU -> SPM

T20: copy accelerator @ 1GHz
     TCU  =eps:192, bufsz:2048 B, blocksz:2048 B, count:16, tlb:0
     imem =4096 KiB
     Comp =Core -> TCU -> SPM

T21: copy accelerator @ 1GHz
     TCU  =eps:192, bufsz:2048 B, blocksz:2048 B, count:16, tlb:0
     imem =4096 KiB
     Comp =Core -> TCU -> SPM

T22: copy accelerator @ 1GHz
     TCU  =eps:192, bufsz:2048 B, blocksz:2048 B, count:16, tlb:0
     imem =4096 KiB
     Comp =Core -> TCU -> SPM

T23: copy accelerator @ 1GHz
     TCU  =eps:192, bufsz:2048 B, blocksz:2048 B, count:16, tlb:0
     imem =4096 KiB
     Comp =Core -> TCU -> SPM

T24: rot13 accelerator @ 1GHz
     TCU  =eps:192, bufsz:2048 B, blocksz:2048 B, count:16, tlb:0
     imem =4096 KiB
     Comp =Core -> TCU -> SPM

T25: SerialInput
     TCU  =eps:192, bufsz:2048 B, blocksz:2048 B, count:16, tlb:0
     Comp =TCU -> SerialInput

T26: build/gem5-riscv-release/bench.img x 1
     TCU  =eps:192, bufsz:2048 B, blocksz:2048 B, count:16, tlb:0
     imem =3145728 KiB
     Comp =TCU -> DRAM

Global frequency set at 1000000000000 ticks per second
warn: No dot file generated. Please install pydot to generate the dot file and pdf.
warn: DRAM device capacity (49152 Mbytes) does not match the address range assigned (4096 Mbytes)
warn: Sockets disabled, not accepting terminal connections
warn: Sockets disabled, not accepting gdb connections
warn: CoherentXBar T16.xbar has no snooping ports attached!
warn: CoherentXBar T17.xbar has no snooping ports attached!
warn: CoherentXBar T18.xbar has no snooping ports attached!
warn: CoherentXBar T19.xbar has no snooping ports attached!
warn: CoherentXBar T20.xbar has no snooping ports attached!
warn: CoherentXBar T21.xbar has no snooping ports attached!
warn: CoherentXBar T22.xbar has no snooping ports attached!
warn: CoherentXBar T23.xbar has no snooping ports attached!
warn: CoherentXBar T24.xbar has no snooping ports attached!
warn: CoherentXBar T25.xbar has no snooping ports attached!
warn: CoherentXBar T26.xbar has no snooping ports attached!
info: Loaded 'boot.xml' to 0x9a00000030000000 .. 0x9a000000300003ce
info: Loaded 'root' to 0x9a00000030001000 .. 0x9a00000030075758
info: Loaded 'm3fs' to 0x9a00000030076000 .. 0x9a000000300cc348
info: Loaded 'pipes' to 0x9a000000300cd000 .. 0x9a00000030112ba0
info: Loaded 'pager' to 0x9a00000030113000 .. 0x9a00000030192c48
info: Entering event queue @ 0.  Starting simulation...
warn: T0,PMP-EP65535: invalid EP
warn: T15,PMP-EP65535: invalid EP
warn: T14,PMP-EP65535: invalid EP
warn: T13,PMP-EP65535: invalid EP
warn: T12,PMP-EP65535: invalid EP
warn: T11,PMP-EP65535: invalid EP
warn: T10,PMP-EP65535: invalid EP
warn: T9,PMP-EP65535: invalid EP
warn: T8,PMP-EP65535: invalid EP
warn: T7,PMP-EP65535: invalid EP
warn: T6,PMP-EP65535: invalid EP
warn: T5,PMP-EP65535: invalid EP
warn: T3,PMP-EP65535: invalid EP
warn: T4,PMP-EP65535: invalid EP
warn: T2,PMP-EP65535: invalid EP
warn: T1,PMP-EP65535: invalid EP
warn: T13,PMP-EP65535: invalid EP
warn: T14,PMP-EP65535: invalid EP
warn: T9,PMP-EP65535: invalid EP
warn: T15,PMP-EP65535: invalid EP
warn: T12,PMP-EP65535: invalid EP
warn: T11,PMP-EP65535: invalid EP
warn: T0,PMP-EP65535: invalid EP
warn: T10,PMP-EP65535: invalid EP
warn: T8,PMP-EP65535: invalid EP
warn: T5,PMP-EP65535: invalid EP
warn: T1,PMP-EP65535: invalid EP
warn: T6,PMP-EP65535: invalid EP
warn: T3,PMP-EP65535: invalid EP
warn: T7,PMP-EP65535: invalid EP
warn: T4,PMP-EP65535: invalid EP
warn: T2,PMP-EP65535: invalid EP
[0;31m[T0:kernel  @        107] Entered raw mode; Quit via Ctrl+]
[0mwarn: T14,PMP-EP65535: invalid EP
warn: T14,PMP-EP65535: invalid EP
warn: T14,PMP-EP65535: invalid EP
warn: T15,PMP-EP65535: invalid EP
warn: T15,PMP-EP65535: invalid EP
warn: T15,PMP-EP65535: invalid EP
warn: T14,PMP-EP65535: invalid EP
warn: T15,PMP-EP65535: invalid EP
warn: T12,PMP-EP65535: invalid EP
warn: T12,PMP-EP65535: invalid EP
warn: T12,PMP-EP65535: invalid EP
warn: T13,PMP-EP65535: invalid EP
warn: T13,PMP-EP65535: invalid EP
warn: T11,PMP-EP65535: invalid EP
warn: T11,PMP-EP65535: invalid EP
warn: T11,PMP-EP65535: invalid EP
warn: T13,PMP-EP65535: invalid EP
warn: T12,PMP-EP65535: invalid EP
warn: T11,PMP-EP65535: invalid EP
warn: T8,PMP-EP65535: invalid EP
warn: T8,PMP-EP65535: invalid EP
warn: T8,PMP-EP65535: invalid EP
warn: T9,PMP-EP65535: invalid EP
warn: T9,PMP-EP65535: invalid EP
warn: T9,PMP-EP65535: invalid EP
warn: T8,PMP-EP65535: invalid EP
warn: T4,PMP-EP65535: invalid EP
warn: T4,PMP-EP65535: invalid EP
warn: T4,PMP-EP65535: invalid EP
warn: T9,PMP-EP65535: invalid EP
warn: T1,PMP-EP65535: invalid EP
warn: T1,PMP-EP65535: invalid EP
warn: T1,PMP-EP65535: invalid EP
warn: T6,PMP-EP65535: invalid EP
warn: T6,PMP-EP65535: invalid EP
warn: T6,PMP-EP65535: invalid EP
warn: T10,PMP-EP65535: invalid EP
warn: T10,PMP-EP65535: invalid EP
warn: T10,PMP-EP65535: invalid EP
warn: T4,PMP-EP65535: invalid EP
warn: T2,PMP-EP65535: invalid EP
warn: T2,PMP-EP65535: invalid EP
warn: T2,PMP-EP65535: invalid EP
warn: T7,PMP-EP65535: invalid EP
warn: T7,PMP-EP65535: invalid EP
warn: T7,PMP-EP65535: invalid EP
warn: T3,PMP-EP65535: invalid EP
warn: T3,PMP-EP65535: invalid EP
warn: T3,PMP-EP65535: invalid EP
warn: T5,PMP-EP65535: invalid EP
warn: T5,PMP-EP65535: invalid EP
warn: T5,PMP-EP65535: invalid EP
warn: T1,PMP-EP65535: invalid EP
warn: T6,PMP-EP65535: invalid EP
warn: T10,PMP-EP65535: invalid EP
warn: T2,PMP-EP65535: invalid EP
warn: T7,PMP-EP65535: invalid EP
warn: T3,PMP-EP65535: invalid EP
warn: T5,PMP-EP65535: invalid EP
[0;31m[T0:kernel  @        196] Attesting tile: 1
[0m[0;31m[T0:kernel  @       5295] Attestation complete: 1, 10192361 cycles
[0m[0;31m[T0:kernel  @       5299] Attesting tile: 2
[0m[0;31m[T0:kernel  @      10394] Attestation complete: 2, 10185141 cycles
[0m[0;31m[T0:kernel  @      10397] Attesting tile: 3
[0m[0;31m[T0:kernel  @      15491] Attestation complete: 3, 10183946 cycles
[0m[0;31m[T0:kernel  @      15494] Attesting tile: 4
[0m[0;31m[T0:kernel  @      20588] Attestation complete: 4, 10183687 cycles
[0m[0;31m[T0:kernel  @      20591] Attesting tile: 5
[0m[0;31m[T0:kernel  @      25685] Attestation complete: 5, 10183483 cycles
[0m[0;31m[T0:kernel  @      25688] Attesting tile: 6
[0m[0;31m[T0:kernel  @      30782] Attestation complete: 6, 10183492 cycles
[0m[0;31m[T0:kernel  @      30785] Attesting tile: 7
[0m[0;31m[T0:kernel  @      35878] Attestation complete: 7, 10183145 cycles
[0m[0;31m[T0:kernel  @      35881] Attesting tile: 8
[0m[0;31m[T0:kernel  @      40975] Attestation complete: 8, 10183036 cycles
[0m[0;31m[T0:kernel  @      40978] Attesting tile: 9
[0m[0;31m[T0:kernel  @      46072] Attestation complete: 9, 10183165 cycles
[0m[0;31m[T0:kernel  @      46074] Attesting tile: 10
[0m[0;31m[T0:kernel  @      51168] Attestation complete: 10, 10183385 cycles
[0m[0;31m[T0:kernel  @      51171] Attesting tile: 11
[0m[0;31m[T0:kernel  @      56265] Attestation complete: 11, 10182941 cycles
[0m[0;31m[T0:kernel  @      56268] Attesting tile: 12
[0m[0;31m[T0:kernel  @      61361] Attestation complete: 12, 10182941 cycles
[0m[0;31m[T0:kernel  @      61364] Attesting tile: 13
[0m[0;31m[T0:kernel  @      66458] Attestation complete: 13, 10183020 cycles
[0m[0;31m[T0:kernel  @      66461] Attesting tile: 14
[0m[0;31m[T0:kernel  @      71555] Attestation complete: 14, 10183368 cycles
[0m[0;31m[T0:kernel  @      71558] Attesting tile: 15
[0m[0;31m[T0:kernel  @      76651] Attestation complete: 15, 10182969 cycles
[0m[0;31m[T0:kernel  @      76654] Attesting tile: 16
[0m[0;31m[T0:kernel  @      84337] Attestation complete: 16, 15362569 cycles
[0m[0;31m[T0:kernel  @      84340] Attesting tile: 17
[0m[0;31m[T0:kernel  @      92024] Attestation complete: 17, 15362702 cycles
[0m[0;31m[T0:kernel  @      92027] Attesting tile: 18
[0m[0;31m[T0:kernel  @      99710] Attestation complete: 18, 15362494 cycles
[0m[0;31m[T0:kernel  @      99713] Attesting tile: 19
[0m[0;31m[T0:kernel  @     107396] Attestation complete: 19, 15362265 cycles
[0m[0;31m[T0:kernel  @     107399] Attesting tile: 20
[0m[0;31m[T0:kernel  @     115082] Attestation complete: 20, 15362240 cycles
[0m[0;31m[T0:kernel  @     115085] Attesting tile: 21
[0m[0;31m[T0:kernel  @     122768] Attestation complete: 21, 15362203 cycles
[0m[0;31m[T0:kernel  @     122771] Attesting tile: 22
[0m[0;31m[T0:kernel  @     130454] Attestation complete: 22, 15362285 cycles
[0m[0;31m[T0:kernel  @     130457] Attesting tile: 23
[0m[0;31m[T0:kernel  @     138140] Attestation complete: 23, 15362200 cycles
[0m[0;31m[T0:kernel  @     138143] Attesting tile: 24
[0m[0;31m[T0:kernel  @     145826] Attestation complete: 24, 15362161 cycles
[0m[0;31m[T0:kernel  @     145829] Attesting tile: 25
[0m[0;31m[T0:kernel  @     153512] Attestation complete: 25, 15362184 cycles
[0m[0;31m[T0:kernel  @     153516] Attesting tile: 26
[0m[0;31m[T0:kernel  @     158610] Attestation complete: 26, 10183661 cycles
[0m[0;31m[T0:kernel  @     158665] Kernel is ready!
[0m[0;32m[T1:root    @     158912] Boot modules:
[0m[0;32m[T1:root    @     158919]   Mod[addr: G[Tile26+0x30000000], size: 0x3ce, name: boot.xml]
[0m[0;32m[T1:root    @     158922]   Mod[addr: G[Tile26+0x30001000], size: 0x74758, name: root]
[0m[0;32m[T1:root    @     158926]   Mod[addr: G[Tile26+0x30076000], size: 0x56348, name: m3fs]
[0m[0;32m[T1:root    @     158929]   Mod[addr: G[Tile26+0x300cd000], size: 0x45ba0, name: pipes]
[0m[0;32m[T1:root    @     158932]   Mod[addr: G[Tile26+0x30113000], size: 0x7fc48, name: pager]
[0m[0;32m[T1:root    @     158934] Available tiles:
[0m[0;32m[T1:root    @     158938]   Tile01: COMP_EMEM RISCV (empty) 0 KiB memory
[0m[0;32m[T1:root    @     158942]   Tile02: COMP_EMEM RISCV (empty) 0 KiB memory
[0m[0;32m[T1:root    @     158945]   Tile03: COMP_EMEM RISCV (empty) 0 KiB memory
[0m[0;32m[T1:root    @     158948]   Tile04: COMP_EMEM RISCV (empty) 0 KiB memory
[0m[0;32m[T1:root    @     158951]   Tile05: COMP_EMEM RISCV (empty) 0 KiB memory
[0m[0;32m[T1:root    @     158955]   Tile06: COMP_EMEM RISCV (empty) 0 KiB memory
[0m[0;32m[T1:root    @     158958]   Tile07: COMP_EMEM RISCV (empty) 0 KiB memory
[0m[0;32m[T1:root    @     158961]   Tile08: COMP_EMEM RISCV (empty) 0 KiB memory
[0m[0;32m[T1:root    @     158964]   Tile09: COMP_EMEM RISCV (empty) 0 KiB memory
[0m[0;32m[T1:root    @     158968]   Tile10: COMP_EMEM RISCV (empty) 0 KiB memory
[0m[0;32m[T1:root    @     158971]   Tile11: COMP_EMEM RISCV (empty) 0 KiB memory
[0m[0;32m[T1:root    @     158974]   Tile12: COMP_EMEM RISCV (empty) 0 KiB memory
[0m[0;32m[T1:root    @     158976]   Tile13: COMP_EMEM RISCV (empty) 0 KiB memory
[0m[0;32m[T1:root    @     158979]   Tile14: COMP_EMEM RISCV (empty) 0 KiB memory
[0m[0;32m[T1:root    @     158982]   Tile15: COMP_EMEM RISCV (empty) 0 KiB memory
[0m[0;32m[T1:root    @     158985]   Tile16: COMP_IMEM ACCEL_INDIR (empty) 4096 KiB memory
[0m[0;32m[T1:root    @     158988]   Tile17: COMP_IMEM ACCEL_INDIR (empty) 4096 KiB memory
[0m[0;32m[T1:root    @     158993]   Tile18: COMP_IMEM ACCEL_INDIR (empty) 4096 KiB memory
[0m[0;32m[T1:root    @     158996]   Tile19: COMP_IMEM ACCEL_INDIR (empty) 4096 KiB memory
[0m[0;32m[T1:root    @     158999]   Tile20: COMP_IMEM ACCEL_COPY (empty) 4096 KiB memory
[0m[0;32m[T1:root    @     159002]   Tile21: COMP_IMEM ACCEL_COPY (empty) 4096 KiB memory
[0m[0;32m[T1:root    @     159006]   Tile22: COMP_IMEM ACCEL_COPY (empty) 4096 KiB memory
[0m[0;32m[T1:root    @     159009]   Tile23: COMP_IMEM ACCEL_COPY (empty) 4096 KiB memory
[0m[0;32m[T1:root    @     159012]   Tile24: COMP_IMEM ACCEL_ROT13 (empty) 4096 KiB memory
[0m[0;32m[T1:root    @     159015]   Tile25: COMP_IMEM SERIAL_DEV (empty) 0 KiB memory
[0m[0;32m[T1:root    @     159017] Available memory:
[0m[0;32m[T1:root    @     159022]   MemMod[sel: 35, res: true, addr: G[Tile26+0x0], size: 1264 MiB]
[0m[0;32m[T1:root    @     159026]   MemMod[sel: 36, res: false, addr: G[Tile26+0x53600000], size: 959 MiB]
[0m[0;32m[T1:root    @     159028] Parsed Config [
[0m[0;32m[T1:root    @     159030]   root [
[0m[0;32m[T1:root    @     159034]     Domain on core [
[0m[0;32m[T1:root    @     159037]       m3fs mem 268435456 [
[0m[0;32m[T1:root    @     159039]         Daemon,
[0m[0;32m[T1:root    @     159044]         PhysMem[addr=0x0, size=0x40000 KiB, perm=R | W | X | RW | RWX],
[0m[0;32m[T1:root    @     159047]         Service[lname='m3fs', gname='m3fs'],
[0m[0;32m[T1:root    @     159049]       ]
[0m[0;32m[T1:root    @     159051]     ]
[0m[0;32m[T1:root    @     159053]     Domain on core [
[0m[0;32m[T1:root    @     159055]       pipes [
[0m[0;32m[T1:root    @     159057]         Daemon,
[0m[0;32m[T1:root    @     159060]         Service[lname='pipes', gname='pipes'],
[0m[0;32m[T1:root    @     159061]       ]
[0m[0;32m[T1:root    @     159063]     ]
[0m[0;32m[T1:root    @     159065]     Domain on core [
[0m[0;32m[T1:root    @     159067]       pager 268435456 [
[0m[0;32m[T1:root    @     159070]         PhysMem[addr=0x0, size=0x40000 KiB, perm=R],
[0m[0;32m[T1:root    @     159073]         SessCreator[service='pipes', count=None],
[0m[0;32m[T1:root    @     159077]         Session[lname='m3fs', gname='m3fs', arg='', dep=true],
[0m[0;32m[T1:root    @     159080]         Tile[type=core, count=1, optional=false],
[0m[0;32m[T1:root    @     159082]         Domain on core [
[0m[0;32m[T1:root    @     159086]           /bin/imgproc -m dir -n 1 -r 8 /large.txt [
[0m[0;32m[T1:root    @     159090]             Session[lname='pipes', gname='pipes', arg='', dep=true],
[0m[0;32m[T1:root    @     159093]             Mount[fs='m3fs', path='/'],
[0m[0;32m[T1:root    @     159096]             Tile[type=copy, count=3, optional=false],
[0m[0;32m[T1:root    @     159098]           ]
[0m[0;32m[T1:root    @     159100]         ]
[0m[0;32m[T1:root    @     159101]       ]
[0m[0;32m[T1:root    @     159103]     ]
[0m[0;32m[T1:root    @     159104]   ]
[0m[0;32m[T1:root    @     159105] ]
[0m[0;32m[T1:root    @     159107] 
[0m[0;32m[T1:root    @     159531] Starting boot module 'm3fs' on tile2 with arguments ["mem", "268435456"]
[0m[0;32m[T1:root    @     159780] Starting boot module 'pipes' on tile3 with arguments []
[0m[0;32m[T1:root    @     160007] pipes: reg_serv(srv_sel=59, sgate_sel=64, name=pipes, sessions=32)
[0m[0;32m[T1:root    @     160012] Creating service 1:pipes
[0m[0;32m[T1:root    @     160323] m3fs: reg_serv(srv_sel=51, sgate_sel=55, name=m3fs, sessions=32)
[0m[0;32m[T1:root    @     160327] Creating service 2:m3fs
[0m[0;32m[T1:root    @     160390] Creating service 1:pipes
[0m[0;32m[T1:root    @     160403] Starting boot module 'pager' on tile4 with arguments ["268435456"]
[0m[0;35m[T4:pager   @     160657] Boot modules:
[0m[0;35m[T4:pager   @     160664]   Mod[addr: G[Tile26+0x80600000], size: 0x21d, name: boot.xml]
[0m[0;35m[T4:pager   @     160666] Available tiles:
[0m[0;35m[T4:pager   @     160671]   Tile04: COMP_EMEM RISCV (empty) 0 KiB memory
[0m[0;35m[T4:pager   @     160675]   Tile20: COMP_IMEM ACCEL_COPY (empty) 4096 KiB memory
[0m[0;35m[T4:pager   @     160678]   Tile21: COMP_IMEM ACCEL_COPY (empty) 4096 KiB memory
[0m[0;35m[T4:pager   @     160681]   Tile22: COMP_IMEM ACCEL_COPY (empty) 4096 KiB memory
[0m[0;35m[T4:pager   @     160684] Available memory:
[0m[0;35m[T4:pager   @     160689]   MemMod[sel: 10, res: false, addr: G[Tile26+0x71800000], size: 119 MiB]
[0m[0;35m[T4:pager   @     160690] Services:
[0m[0;35m[T4:pager   @     160693]   Service[name=pipes, sessions=32]
[0m[0;35m[T4:pager   @     160696] Creating service 1:pipes
[0m[0;32m[T1:root    @     160705] pager: open_sess(dst_sel=78, name=m3fs)
[0m[0;35m[T4:pager   @     161213] Starting boot module '/bin/imgproc' on tile5 with arguments ["-m", "dir", "-n", "1", "-r", "8", "/large.txt"]
[0m[0;35m[T4:pager   @     161545] /bin/imgproc: open_sess(dst_sel=101, name=pipes)
[0m[0;36m[T5:imgproc @     161591] Creating Activity FFT0
[0m[0;36m[T5:imgproc @     161648] Creating Activity MUL0
[0m[0;36m[T5:imgproc @     161694] Creating Activity IFFT0
[0m[0;36m[T5:imgproc @     161730] Connecting input and output...
[0m[0;36m[T5:imgproc @     161755] Starting chain...
[0m[0;35m[T4:pager   @     162099] /bin/imgproc: close_sess(sel=101)
[0m[0;35m[T4:pager   @     162109] /bin/imgproc: open_sess(dst_sel=147, name=pipes)
[0m[0;36m[T5:imgproc @     162133] Creating Activity FFT0
[0m[0;36m[T5:imgproc @     162169] Creating Activity MUL0
[0m[0;36m[T5:imgproc @     162200] Creating Activity IFFT0
[0m[0;36m[T5:imgproc @     162249] Connecting input and output...
[0m[0;36m[T5:imgproc @     162272] Starting chain...
[0m[0;35m[T4:pager   @     162596] /bin/imgproc: close_sess(sel=147)
[0m[0;35m[T4:pager   @     162603] /bin/imgproc: open_sess(dst_sel=191, name=pipes)
[0m[0;36m[T5:imgproc @     162625] Creating Activity FFT0
[0m[0;36m[T5:imgproc @     162666] Creating Activity MUL0
[0m[0;36m[T5:imgproc @     162717] Creating Activity IFFT0
[0m[0;36m[T5:imgproc @     162749] Connecting input and output...
[0m[0;36m[T5:imgproc @     162772] Starting chain...
[0m[0;35m[T4:pager   @     163097] /bin/imgproc: close_sess(sel=191)
[0m[0;35m[T4:pager   @     163104] /bin/imgproc: open_sess(dst_sel=235, name=pipes)
[0m[0;36m[T5:imgproc @     163125] Creating Activity FFT0
[0m[0;36m[T5:imgproc @     163163] Creating Activity MUL0
[0m[0;36m[T5:imgproc @     163195] Creating Activity IFFT0
[0m[0;36m[T5:imgproc @     163228] Connecting input and output...
[0m[0;36m[T5:imgproc @     163250] Starting chain...
[0m[0;35m[T4:pager   @     163574] /bin/imgproc: close_sess(sel=235)
[0m[0;35m[T4:pager   @     163580] /bin/imgproc: open_sess(dst_sel=279, name=pipes)
[0m[0;36m[T5:imgproc @     163602] Creating Activity FFT0
[0m[0;36m[T5:imgproc @     163639] Creating Activity MUL0
[0m[0;36m[T5:imgproc @     163671] Creating Activity IFFT0
[0m[0;36m[T5:imgproc @     163703] Connecting input and output...
[0m[0;36m[T5:imgproc @     163725] Starting chain...
[0m[0;35m[T4:pager   @     164046] /bin/imgproc: close_sess(sel=279)
[0m[0;35m[T4:pager   @     164053] /bin/imgproc: open_sess(dst_sel=323, name=pipes)
[0m[0;36m[T5:imgproc @     164074] Creating Activity FFT0
[0m[0;36m[T5:imgproc @     164109] Creating Activity MUL0
[0m[0;36m[T5:imgproc @     164142] Creating Activity IFFT0
[0m[0;36m[T5:imgproc @     164187] Connecting input and output...
[0m[0;36m[T5:imgproc @     164210] Starting chain...
[0m[0;35m[T4:pager   @     164530] /bin/imgproc: close_sess(sel=323)
[0m[0;35m[T4:pager   @     164537] /bin/imgproc: open_sess(dst_sel=367, name=pipes)
[0m[0;36m[T5:imgproc @     164558] Creating Activity FFT0
[0m[0;36m[T5:imgproc @     164596] Creating Activity MUL0
[0m[0;36m[T5:imgproc @     164629] Creating Activity IFFT0
[0m[0;36m[T5:imgproc @     164681] Connecting input and output...
[0m[0;36m[T5:imgproc @     164704] Starting chain...
[0m[0;35m[T4:pager   @     165030] /bin/imgproc: close_sess(sel=367)
[0m[0;35m[T4:pager   @     165037] /bin/imgproc: open_sess(dst_sel=411, name=pipes)
[0m[0;36m[T5:imgproc @     165058] Creating Activity FFT0
[0m[0;36m[T5:imgproc @     165095] Creating Activity MUL0
[0m[0;36m[T5:imgproc @     165129] Creating Activity IFFT0
[0m[0;36m[T5:imgproc @     165175] Connecting input and output...
[0m[0;36m[T5:imgproc @     165198] Starting chain...
[0m[0;35m[T4:pager   @     165519] /bin/imgproc: close_sess(sel=411)
[0m[0;35m[T4:pager   @     165526] /bin/imgproc: open_sess(dst_sel=455, name=pipes)
[0m[0;36m[T5:imgproc @     165547] Creating Activity FFT0
[0m[0;36m[T5:imgproc @     165585] Creating Activity MUL0
[0m[0;36m[T5:imgproc @     165618] Creating Activity IFFT0
[0m[0;36m[T5:imgproc @     165664] Connecting input and output...
[0m[0;36m[T5:imgproc @     165687] Starting chain...
[0m[0;35m[T4:pager   @     166009] /bin/imgproc: close_sess(sel=455)
[0m! src/apps/bench/imgproc/imgproc.cc:105  PERF "imgproc-dir (1 chains)": 491850 cycles (+/- 2678 cycles with 8 runs)
[0;32m[T1:root    @     166224] Sending SHUTDOWN to service 2:m3fs
[0m[0;32m[T1:root    @     166233] Sending SHUTDOWN to service 1:pipes
[0m[0;32m[T1:root    @     166238] m3fs: unreg_serv(sel=51)
[0m[0;32m[T1:root    @     166241] Removing service 2:m3fs
[0m[0;32m[T1:root    @     166252] pipes: unreg_serv(sel=59)
[0m[0;32m[T1:root    @     166254] Removing service 1:pipes
[0m[0;32m[T1:root    @     166353] All childs gone. Exiting.
[0m[0;31m[T0:kernel  @     166394] Shutting down
[0mExiting @ tick 166398068000 because m5_exit instruction encountered
stty: 'standard input': Inappropriate ioctl for device
