Building for gem5-riscv-release...
ninja: no work to do.
run/boot-all.xml validates
gem5 Simulator System.  http://gem5.org
gem5 is copyrighted software; use the --copyright option for details.

gem5 version 21.0.0.0
gem5 compiled Mar 16 2023 08:07:07
gem5 started Apr 11 2023 17:22:15
gem5 executing on graham, pid 1038963
command line: platform/gem5/build/RISCV/gem5.opt --outdir=run --debug-file=gem5.log --debug-flags=Tcu /scratch/harshanavkis/sec-acc/M3/config/accels.py --cpu-type DerivO3CPU --isa riscv --cmd 'build/gem5-riscv-release/bin/kernel -f build/gem5-riscv-release/bench.img,build/gem5-riscv-release/bin/tilemux,build/gem5-riscv-release/bin/tilemux,build/gem5-riscv-release/bin/tilemux,build/gem5-riscv-release/bin/tilemux,build/gem5-riscv-release/bin/tilemux,build/gem5-riscv-release/bin/tilemux,build/gem5-riscv-release/bin/tilemux,build/gem5-riscv-release/bin/tilemux,build/gem5-riscv-release/bin/tilemux,build/gem5-riscv-release/bin/tilemux,build/gem5-riscv-release/bin/tilemux,build/gem5-riscv-release/bin/tilemux,build/gem5-riscv-release/bin/tilemux,build/gem5-riscv-release/bin/tilemux,build/gem5-riscv-release/bin/tilemux,' --mods run/boot.xml,build/gem5-riscv-release/bin/root,build/gem5-riscv-release/bin/m3fs,build/gem5-riscv-release/bin/pipes,build/gem5-riscv-release/bin/pager --cpu-clock=3GHz --sys-clock=1GHz --encr-latency=15 --par-pipe=1 --int-transfer-latency=250 --rng-latency=0 --sign-latency=0 --sign-ver-latency=0

T00: build/gem5-riscv-release/bin/kernel -f build/gem5-riscv-release/bench.img
     Core =DerivO3CPU riscv @ 3GHz
     TCU  =eps:192, bufsz:2048 B, blocksz:64 B, count:4, tlb:128
     L1i$ =32 KiB (2-way assoc, 4 cycles)
     L1d$ =32 KiB (2-way assoc, 4 cycles)
     L2$  =256 KiB (8-way assoc, 12 cycles)
     Comp =Core -> TCU -> L1$ -> L2$

T01: build/gem5-riscv-release/bin/tilemux
     Core =DerivO3CPU riscv @ 3GHz
     TCU  =eps:192, bufsz:2048 B, blocksz:64 B, count:4, tlb:128
     L1i$ =32 KiB (2-way assoc, 4 cycles)
     L1d$ =32 KiB (2-way assoc, 4 cycles)
     L2$  =256 KiB (8-way assoc, 12 cycles)
     Comp =Core -> TCU -> L1$ -> L2$

T02: build/gem5-riscv-release/bin/tilemux
     Core =DerivO3CPU riscv @ 3GHz
     TCU  =eps:192, bufsz:2048 B, blocksz:64 B, count:4, tlb:128
     L1i$ =32 KiB (2-way assoc, 4 cycles)
     L1d$ =32 KiB (2-way assoc, 4 cycles)
     L2$  =256 KiB (8-way assoc, 12 cycles)
     Comp =Core -> TCU -> L1$ -> L2$

T03: build/gem5-riscv-release/bin/tilemux
     Core =DerivO3CPU riscv @ 3GHz
     TCU  =eps:192, bufsz:2048 B, blocksz:64 B, count:4, tlb:128
     L1i$ =32 KiB (2-way assoc, 4 cycles)
     L1d$ =32 KiB (2-way assoc, 4 cycles)
     L2$  =256 KiB (8-way assoc, 12 cycles)
     Comp =Core -> TCU -> L1$ -> L2$

T04: build/gem5-riscv-release/bin/tilemux
     Core =DerivO3CPU riscv @ 3GHz
     TCU  =eps:192, bufsz:2048 B, blocksz:64 B, count:4, tlb:128
     L1i$ =32 KiB (2-way assoc, 4 cycles)
     L1d$ =32 KiB (2-way assoc, 4 cycles)
     L2$  =256 KiB (8-way assoc, 12 cycles)
     Comp =Core -> TCU -> L1$ -> L2$

T05: build/gem5-riscv-release/bin/tilemux
     Core =DerivO3CPU riscv @ 3GHz
     TCU  =eps:192, bufsz:2048 B, blocksz:64 B, count:4, tlb:128
     L1i$ =32 KiB (2-way assoc, 4 cycles)
     L1d$ =32 KiB (2-way assoc, 4 cycles)
     L2$  =256 KiB (8-way assoc, 12 cycles)
     Comp =Core -> TCU -> L1$ -> L2$

T06: build/gem5-riscv-release/bin/tilemux
     Core =DerivO3CPU riscv @ 3GHz
     TCU  =eps:192, bufsz:2048 B, blocksz:64 B, count:4, tlb:128
     L1i$ =32 KiB (2-way assoc, 4 cycles)
     L1d$ =32 KiB (2-way assoc, 4 cycles)
     L2$  =256 KiB (8-way assoc, 12 cycles)
     Comp =Core -> TCU -> L1$ -> L2$

T07: build/gem5-riscv-release/bin/tilemux
     Core =DerivO3CPU riscv @ 3GHz
     TCU  =eps:192, bufsz:2048 B, blocksz:64 B, count:4, tlb:128
     L1i$ =32 KiB (2-way assoc, 4 cycles)
     L1d$ =32 KiB (2-way assoc, 4 cycles)
     L2$  =256 KiB (8-way assoc, 12 cycles)
     Comp =Core -> TCU -> L1$ -> L2$

T08: build/gem5-riscv-release/bin/tilemux
     Core =DerivO3CPU riscv @ 3GHz
     TCU  =eps:192, bufsz:2048 B, blocksz:64 B, count:4, tlb:128
     L1i$ =32 KiB (2-way assoc, 4 cycles)
     L1d$ =32 KiB (2-way assoc, 4 cycles)
     L2$  =256 KiB (8-way assoc, 12 cycles)
     Comp =Core -> TCU -> L1$ -> L2$

T09: build/gem5-riscv-release/bin/tilemux
     Core =DerivO3CPU riscv @ 3GHz
     TCU  =eps:192, bufsz:2048 B, blocksz:64 B, count:4, tlb:128
     L1i$ =32 KiB (2-way assoc, 4 cycles)
     L1d$ =32 KiB (2-way assoc, 4 cycles)
     L2$  =256 KiB (8-way assoc, 12 cycles)
     Comp =Core -> TCU -> L1$ -> L2$

T10: build/gem5-riscv-release/bin/tilemux
     Core =DerivO3CPU riscv @ 3GHz
     TCU  =eps:192, bufsz:2048 B, blocksz:64 B, count:4, tlb:128
     L1i$ =32 KiB (2-way assoc, 4 cycles)
     L1d$ =32 KiB (2-way assoc, 4 cycles)
     L2$  =256 KiB (8-way assoc, 12 cycles)
     Comp =Core -> TCU -> L1$ -> L2$

T11: build/gem5-riscv-release/bin/tilemux
     Core =DerivO3CPU riscv @ 3GHz
     TCU  =eps:192, bufsz:2048 B, blocksz:64 B, count:4, tlb:128
     L1i$ =32 KiB (2-way assoc, 4 cycles)
     L1d$ =32 KiB (2-way assoc, 4 cycles)
     L2$  =256 KiB (8-way assoc, 12 cycles)
     Comp =Core -> TCU -> L1$ -> L2$

T12: build/gem5-riscv-release/bin/tilemux
     Core =DerivO3CPU riscv @ 3GHz
     TCU  =eps:192, bufsz:2048 B, blocksz:64 B, count:4, tlb:128
     L1i$ =32 KiB (2-way assoc, 4 cycles)
     L1d$ =32 KiB (2-way assoc, 4 cycles)
     L2$  =256 KiB (8-way assoc, 12 cycles)
     Comp =Core -> TCU -> L1$ -> L2$

T13: build/gem5-riscv-release/bin/tilemux
     Core =DerivO3CPU riscv @ 3GHz
     TCU  =eps:192, bufsz:2048 B, blocksz:64 B, count:4, tlb:128
     L1i$ =32 KiB (2-way assoc, 4 cycles)
     L1d$ =32 KiB (2-way assoc, 4 cycles)
     L2$  =256 KiB (8-way assoc, 12 cycles)
     Comp =Core -> TCU -> L1$ -> L2$

T14: build/gem5-riscv-release/bin/tilemux
     Core =DerivO3CPU riscv @ 3GHz
     TCU  =eps:192, bufsz:2048 B, blocksz:64 B, count:4, tlb:128
     L1i$ =32 KiB (2-way assoc, 4 cycles)
     L1d$ =32 KiB (2-way assoc, 4 cycles)
     L2$  =256 KiB (8-way assoc, 12 cycles)
     Comp =Core -> TCU -> L1$ -> L2$

T15: build/gem5-riscv-release/bin/tilemux
     Core =DerivO3CPU riscv @ 3GHz
     TCU  =eps:192, bufsz:2048 B, blocksz:64 B, count:4, tlb:128
     L1i$ =32 KiB (2-way assoc, 4 cycles)
     L1d$ =32 KiB (2-way assoc, 4 cycles)
     L2$  =256 KiB (8-way assoc, 12 cycles)
     Comp =Core -> TCU -> L1$ -> L2$

T16: indir accelerator @ 1GHz
     TCU  =eps:192, bufsz:2048 B, blocksz:2048 B, count:4, tlb:0
     imem =4096 KiB
     Comp =Core -> TCU -> SPM

T17: indir accelerator @ 1GHz
     TCU  =eps:192, bufsz:2048 B, blocksz:2048 B, count:4, tlb:0
     imem =4096 KiB
     Comp =Core -> TCU -> SPM

T18: indir accelerator @ 1GHz
     TCU  =eps:192, bufsz:2048 B, blocksz:2048 B, count:4, tlb:0
     imem =4096 KiB
     Comp =Core -> TCU -> SPM

T19: indir accelerator @ 1GHz
     TCU  =eps:192, bufsz:2048 B, blocksz:2048 B, count:4, tlb:0
     imem =4096 KiB
     Comp =Core -> TCU -> SPM

T20: copy accelerator @ 1GHz
     TCU  =eps:192, bufsz:2048 B, blocksz:2048 B, count:4, tlb:0
     imem =4096 KiB
     Comp =Core -> TCU -> SPM

T21: copy accelerator @ 1GHz
     TCU  =eps:192, bufsz:2048 B, blocksz:2048 B, count:4, tlb:0
     imem =4096 KiB
     Comp =Core -> TCU -> SPM

T22: copy accelerator @ 1GHz
     TCU  =eps:192, bufsz:2048 B, blocksz:2048 B, count:4, tlb:0
     imem =4096 KiB
     Comp =Core -> TCU -> SPM

T23: copy accelerator @ 1GHz
     TCU  =eps:192, bufsz:2048 B, blocksz:2048 B, count:4, tlb:0
     imem =4096 KiB
     Comp =Core -> TCU -> SPM

T24: rot13 accelerator @ 1GHz
     TCU  =eps:192, bufsz:2048 B, blocksz:2048 B, count:4, tlb:0
     imem =4096 KiB
     Comp =Core -> TCU -> SPM

T25: SerialInput
     TCU  =eps:192, bufsz:2048 B, blocksz:2048 B, count:4, tlb:0
     Comp =TCU -> SerialInput

T26: build/gem5-riscv-release/bench.img x 1
     TCU  =eps:192, bufsz:2048 B, blocksz:2048 B, count:8, tlb:0
     imem =3145728 KiB
     Comp =TCU -> DRAM

Global frequency set at 1000000000000 ticks per second
warn: No dot file generated. Please install pydot to generate the dot file and pdf.
Gem5 Terminal started; Quit via Ctrl+]
warn: DRAM device capacity (49152 Mbytes) does not match the address range assigned (4096 Mbytes)
platform.com_1.device: Listening for connections on port 3456
0: T00.remote_gdb: listening for remote gdb on port 7000
0: T01.remote_gdb: listening for remote gdb on port 7001
0: T02.remote_gdb: listening for remote gdb on port 7002
0: T03.remote_gdb: listening for remote gdb on port 7003
0: T04.remote_gdb: listening for remote gdb on port 7004
0: T05.remote_gdb: listening for remote gdb on port 7005
0: T06.remote_gdb: listening for remote gdb on port 7006
0: T07.remote_gdb: listening for remote gdb on port 7007
0: T08.remote_gdb: listening for remote gdb on port 7008
0: T09.remote_gdb: listening for remote gdb on port 7009
0: T10.remote_gdb: listening for remote gdb on port 7010
0: T11.remote_gdb: listening for remote gdb on port 7011
0: T12.remote_gdb: listening for remote gdb on port 7012
0: T13.remote_gdb: listening for remote gdb on port 7013
0: T14.remote_gdb: listening for remote gdb on port 7014
0: T15.remote_gdb: listening for remote gdb on port 7015
warn: CoherentXBar T16.xbar has no snooping ports attached!
warn: CoherentXBar T17.xbar has no snooping ports attached!
warn: CoherentXBar T18.xbar has no snooping ports attached!
warn: CoherentXBar T19.xbar has no snooping ports attached!
warn: CoherentXBar T20.xbar has no snooping ports attached!
warn: CoherentXBar T21.xbar has no snooping ports attached!
warn: CoherentXBar T22.xbar has no snooping ports attached!
warn: CoherentXBar T23.xbar has no snooping ports attached!
warn: CoherentXBar T24.xbar has no snooping ports attached!
warn: CoherentXBar T25.xbar has no snooping ports attached!
warn: CoherentXBar T26.xbar has no snooping ports attached!
info: Loaded 'boot.xml' to 0x9a00000030000000 .. 0x9a000000300003ce
info: Loaded 'root' to 0x9a00000030001000 .. 0x9a000000300756a0
info: Loaded 'm3fs' to 0x9a00000030076000 .. 0x9a000000300cc2f8
info: Loaded 'pipes' to 0x9a000000300cd000 .. 0x9a00000030112b58
info: Loaded 'pager' to 0x9a00000030113000 .. 0x9a00000030191c00
info: Entering event queue @ 0.  Starting simulation...
warn: T0,PMP-EP65535: invalid EP
warn: T15,PMP-EP65535: invalid EP
warn: T14,PMP-EP65535: invalid EP
warn: T13,PMP-EP65535: invalid EP
warn: T12,PMP-EP65535: invalid EP
warn: T11,PMP-EP65535: invalid EP
warn: T10,PMP-EP65535: invalid EP
warn: T9,PMP-EP65535: invalid EP
warn: T8,PMP-EP65535: invalid EP
warn: T7,PMP-EP65535: invalid EP
warn: T6,PMP-EP65535: invalid EP
warn: T5,PMP-EP65535: invalid EP
warn: T4,PMP-EP65535: invalid EP
warn: T3,PMP-EP65535: invalid EP
warn: T2,PMP-EP65535: invalid EP
warn: T1,PMP-EP65535: invalid EP
warn: T7,PMP-EP65535: invalid EP
warn: T14,PMP-EP65535: invalid EP
warn: T11,PMP-EP65535: invalid EP
warn: T5,PMP-EP65535: invalid EP
warn: T13,PMP-EP65535: invalid EP
warn: T8,PMP-EP65535: invalid EP
warn: T15,PMP-EP65535: invalid EP
warn: T9,PMP-EP65535: invalid EP
warn: T12,PMP-EP65535: invalid EP
warn: T6,PMP-EP65535: invalid EP
warn: T1,PMP-EP65535: invalid EP
warn: T4,PMP-EP65535: invalid EP
warn: T10,PMP-EP65535: invalid EP
warn: T2,PMP-EP65535: invalid EP
warn: T3,PMP-EP65535: invalid EP
warn: T0,PMP-EP65535: invalid EP
[0;31m[T0:kernel  @        189] Entered raw mode; Quit via Ctrl+]
[0mwarn: T14,PMP-EP65535: invalid EP
warn: T14,PMP-EP65535: invalid EP
warn: T14,PMP-EP65535: invalid EP
warn: T7,PMP-EP65535: invalid EP
warn: T7,PMP-EP65535: invalid EP
warn: T7,PMP-EP65535: invalid EP
warn: T11,PMP-EP65535: invalid EP
warn: T11,PMP-EP65535: invalid EP
warn: T11,PMP-EP65535: invalid EP
warn: T14,PMP-EP65535: invalid EP
warn: T5,PMP-EP65535: invalid EP
warn: T5,PMP-EP65535: invalid EP
warn: T5,PMP-EP65535: invalid EP
warn: T13,PMP-EP65535: invalid EP
warn: T13,PMP-EP65535: invalid EP
warn: T13,PMP-EP65535: invalid EP
warn: T9,PMP-EP65535: invalid EP
warn: T9,PMP-EP65535: invalid EP
warn: T9,PMP-EP65535: invalid EP
warn: T7,PMP-EP65535: invalid EP
warn: T11,PMP-EP65535: invalid EP
warn: T15,PMP-EP65535: invalid EP
warn: T15,PMP-EP65535: invalid EP
warn: T15,PMP-EP65535: invalid EP
warn: T5,PMP-EP65535: invalid EP
warn: T10,PMP-EP65535: invalid EP
warn: T10,PMP-EP65535: invalid EP
warn: T10,PMP-EP65535: invalid EP
warn: T2,PMP-EP65535: invalid EP
warn: T2,PMP-EP65535: invalid EP
warn: T2,PMP-EP65535: invalid EP
warn: T13,PMP-EP65535: invalid EP
warn: T8,PMP-EP65535: invalid EP
warn: T8,PMP-EP65535: invalid EP
warn: T8,PMP-EP65535: invalid EP
warn: T6,PMP-EP65535: invalid EP
warn: T6,PMP-EP65535: invalid EP
warn: T6,PMP-EP65535: invalid EP
warn: T9,PMP-EP65535: invalid EP
warn: T4,PMP-EP65535: invalid EP
warn: T4,PMP-EP65535: invalid EP
warn: T4,PMP-EP65535: invalid EP
warn: T3,PMP-EP65535: invalid EP
warn: T3,PMP-EP65535: invalid EP
warn: T3,PMP-EP65535: invalid EP
warn: T12,PMP-EP65535: invalid EP
warn: T12,PMP-EP65535: invalid EP
warn: T12,PMP-EP65535: invalid EP
warn: T15,PMP-EP65535: invalid EP
warn: T1,PMP-EP65535: invalid EP
warn: T1,PMP-EP65535: invalid EP
warn: T1,PMP-EP65535: invalid EP
warn: T10,PMP-EP65535: invalid EP
warn: T2,PMP-EP65535: invalid EP
warn: T8,PMP-EP65535: invalid EP
warn: T6,PMP-EP65535: invalid EP
warn: T4,PMP-EP65535: invalid EP
warn: T3,PMP-EP65535: invalid EP
warn: T12,PMP-EP65535: invalid EP
warn: T1,PMP-EP65535: invalid EP
[0;31m[T0:kernel  @        758] Attesting tile: 1
[0m[0;31m[T0:kernel  @       1671] Attestation complete: 1, 2727944 cycles
[0m[0;31m[T0:kernel  @       2093] Attesting tile: 2
[0m[0;31m[T0:kernel  @       2996] Attestation complete: 2, 2705418 cycles
[0m[0;31m[T0:kernel  @       3417] Attesting tile: 3
[0m[0;31m[T0:kernel  @       4319] Attestation complete: 3, 2705064 cycles
[0m[0;31m[T0:kernel  @       4740] Attesting tile: 4
[0m[0;31m[T0:kernel  @       5642] Attestation complete: 4, 2704903 cycles
[0m[0;31m[T0:kernel  @       6064] Attesting tile: 5
[0m[0;31m[T0:kernel  @       6966] Attestation complete: 5, 2704732 cycles
[0m[0;31m[T0:kernel  @       7387] Attesting tile: 6
[0m[0;31m[T0:kernel  @       8289] Attestation complete: 6, 2704725 cycles
[0m[0;31m[T0:kernel  @       8709] Attesting tile: 7
[0m[0;31m[T0:kernel  @       9611] Attestation complete: 7, 2704652 cycles
[0m[0;31m[T0:kernel  @      10032] Attesting tile: 8
[0m[0;31m[T0:kernel  @      10934] Attestation complete: 8, 2704723 cycles
[0m[0;31m[T0:kernel  @      11354] Attesting tile: 9
[0m[0;31m[T0:kernel  @      12256] Attestation complete: 9, 2704755 cycles
[0m[0;31m[T0:kernel  @      12676] Attesting tile: 10
[0m[0;31m[T0:kernel  @      13579] Attestation complete: 10, 2704714 cycles
[0m[0;31m[T0:kernel  @      13999] Attesting tile: 11
[0m[0;31m[T0:kernel  @      14901] Attestation complete: 11, 2704681 cycles
[0m[0;31m[T0:kernel  @      15321] Attesting tile: 12
[0m[0;31m[T0:kernel  @      16223] Attestation complete: 12, 2704652 cycles
[0m[0;31m[T0:kernel  @      16645] Attesting tile: 13
[0m[0;31m[T0:kernel  @      17547] Attestation complete: 13, 2704710 cycles
[0m[0;31m[T0:kernel  @      17968] Attesting tile: 14
[0m[0;31m[T0:kernel  @      18870] Attestation complete: 14, 2704630 cycles
[0m[0;31m[T0:kernel  @      19290] Attesting tile: 15
[0m[0;31m[T0:kernel  @      20192] Attestation complete: 15, 2704619 cycles
[0m[0;31m[T0:kernel  @      20613] Attesting tile: 16
[0m[0;31m[T0:kernel  @      22159] Attestation complete: 16, 4637226 cycles
[0m[0;31m[T0:kernel  @      22580] Attesting tile: 17
[0m[0;31m[T0:kernel  @      24125] Attestation complete: 17, 4635331 cycles
[0m[0;31m[T0:kernel  @      24545] Attesting tile: 18
[0m[0;31m[T0:kernel  @      26090] Attestation complete: 18, 4635274 cycles
[0m[0;31m[T0:kernel  @      26512] Attesting tile: 19
[0m[0;31m[T0:kernel  @      28057] Attestation complete: 19, 4635241 cycles
[0m[0;31m[T0:kernel  @      28478] Attesting tile: 20
[0m[0;31m[T0:kernel  @      30023] Attestation complete: 20, 4635248 cycles
[0m[0;31m[T0:kernel  @      30444] Attesting tile: 21
[0m[0;31m[T0:kernel  @      31989] Attestation complete: 21, 4635250 cycles
[0m[0;31m[T0:kernel  @      32410] Attesting tile: 22
[0m[0;31m[T0:kernel  @      33955] Attestation complete: 22, 4635309 cycles
[0m[0;31m[T0:kernel  @      34376] Attesting tile: 23
[0m[0;31m[T0:kernel  @      35921] Attestation complete: 23, 4635286 cycles
[0m[0;31m[T0:kernel  @      36342] Attesting tile: 24
[0m[0;31m[T0:kernel  @      37887] Attestation complete: 24, 4635249 cycles
[0m[0;31m[T0:kernel  @      38308] Attesting tile: 25
[0m[0;31m[T0:kernel  @      39853] Attestation complete: 25, 4635243 cycles
[0m[0;31m[T0:kernel  @      39856] Attesting tile: 26
[0m[0;31m[T0:kernel  @      41404] Attestation complete: 26, 4643892 cycles
[0m[0;31m[T0:kernel  @      41406] Attesting tile: 26
[0m[0;31m[T0:kernel  @      42954] Attestation complete: 26, 4643553 cycles
[0m[0;31m[T0:kernel  @      42956] Attesting tile: 26
[0m[0;31m[T0:kernel  @      44503] Attestation complete: 26, 4643248 cycles
[0m[0;31m[T0:kernel  @      44505] Attesting tile: 26
[0m[0;31m[T0:kernel  @      46053] Attestation complete: 26, 4643069 cycles
[0m[0;31m[T0:kernel  @      46168] Kernel is ready!
[0m[0;32m[T1:root    @      46656] Boot modules:
[0m[0;32m[T1:root    @      46670]   Mod[addr: G[Tile26+0x30000000], size: 0x3ce, name: boot.xml]
[0m[0;32m[T1:root    @      46673]   Mod[addr: G[Tile26+0x30001000], size: 0x746a0, name: root]
[0m[0;32m[T1:root    @      46675]   Mod[addr: G[Tile26+0x30076000], size: 0x562f8, name: m3fs]
[0m[0;32m[T1:root    @      46677]   Mod[addr: G[Tile26+0x300cd000], size: 0x45b58, name: pipes]
[0m[0;32m[T1:root    @      46679]   Mod[addr: G[Tile26+0x30113000], size: 0x7ec00, name: pager]
[0m[0;32m[T1:root    @      46681] Available tiles:
[0m[0;32m[T1:root    @      46691]   Tile01: COMP_EMEM RISCV (empty) 0 KiB memory
[0m[0;32m[T1:root    @      46696]   Tile02: COMP_EMEM RISCV (empty) 0 KiB memory
[0m[0;32m[T1:root    @      46698]   Tile03: COMP_EMEM RISCV (empty) 0 KiB memory
[0m[0;32m[T1:root    @      46700]   Tile04: COMP_EMEM RISCV (empty) 0 KiB memory
[0m[0;32m[T1:root    @      46703]   Tile05: COMP_EMEM RISCV (empty) 0 KiB memory
[0m[0;32m[T1:root    @      46705]   Tile06: COMP_EMEM RISCV (empty) 0 KiB memory
[0m[0;32m[T1:root    @      46707]   Tile07: COMP_EMEM RISCV (empty) 0 KiB memory
[0m[0;32m[T1:root    @      46709]   Tile08: COMP_EMEM RISCV (empty) 0 KiB memory
[0m[0;32m[T1:root    @      46711]   Tile09: COMP_EMEM RISCV (empty) 0 KiB memory
[0m[0;32m[T1:root    @      46714]   Tile10: COMP_EMEM RISCV (empty) 0 KiB memory
[0m[0;32m[T1:root    @      46716]   Tile11: COMP_EMEM RISCV (empty) 0 KiB memory
[0m[0;32m[T1:root    @      46718]   Tile12: COMP_EMEM RISCV (empty) 0 KiB memory
[0m[0;32m[T1:root    @      46720]   Tile13: COMP_EMEM RISCV (empty) 0 KiB memory
[0m[0;32m[T1:root    @      46722]   Tile14: COMP_EMEM RISCV (empty) 0 KiB memory
[0m[0;32m[T1:root    @      46724]   Tile15: COMP_EMEM RISCV (empty) 0 KiB memory
[0m[0;32m[T1:root    @      46726]   Tile16: COMP_IMEM ACCEL_INDIR (empty) 4096 KiB memory
[0m[0;32m[T1:root    @      46728]   Tile17: COMP_IMEM ACCEL_INDIR (empty) 4096 KiB memory
[0m[0;32m[T1:root    @      46733]   Tile18: COMP_IMEM ACCEL_INDIR (empty) 4096 KiB memory
[0m[0;32m[T1:root    @      46735]   Tile19: COMP_IMEM ACCEL_INDIR (empty) 4096 KiB memory
[0m[0;32m[T1:root    @      46737]   Tile20: COMP_IMEM ACCEL_COPY (empty) 4096 KiB memory
[0m[0;32m[T1:root    @      46739]   Tile21: COMP_IMEM ACCEL_COPY (empty) 4096 KiB memory
[0m[0;32m[T1:root    @      46741]   Tile22: COMP_IMEM ACCEL_COPY (empty) 4096 KiB memory
[0m[0;32m[T1:root    @      46743]   Tile23: COMP_IMEM ACCEL_COPY (empty) 4096 KiB memory
[0m[0;32m[T1:root    @      46746]   Tile24: COMP_IMEM ACCEL_ROT13 (empty) 4096 KiB memory
[0m[0;32m[T1:root    @      46748]   Tile25: COMP_IMEM SERIAL_DEV (empty) 0 KiB memory
[0m[0;32m[T1:root    @      46752] Available memory:
[0m[0;32m[T1:root    @      46760]   MemMod[sel: 35, res: true, addr: G[Tile26+0x0], size: 1264 MiB]
[0m[0;32m[T1:root    @      46763]   MemMod[sel: 36, res: false, addr: G[Tile26+0x53600000], size: 959 MiB]
[0m[0;32m[T1:root    @      46767] Parsed Config [
[0m[0;32m[T1:root    @      46770]   root [
[0m[0;32m[T1:root    @      46780]     Domain on core [
[0m[0;32m[T1:root    @      46782]       m3fs mem 268435456 [
[0m[0;32m[T1:root    @      46784]         Daemon,
[0m[0;32m[T1:root    @      46790]         PhysMem[addr=0x0, size=0x40000 KiB, perm=R | W | X | RW | RWX],
[0m[0;32m[T1:root    @      46793]         Service[lname='m3fs', gname='m3fs'],
[0m[0;32m[T1:root    @      46796]       ]
[0m[0;32m[T1:root    @      46797]     ]
[0m[0;32m[T1:root    @      46799]     Domain on core [
[0m[0;32m[T1:root    @      46800]       pipes [
[0m[0;32m[T1:root    @      46801]         Daemon,
[0m[0;32m[T1:root    @      46803]         Service[lname='pipes', gname='pipes'],
[0m[0;32m[T1:root    @      46804]       ]
[0m[0;32m[T1:root    @      46805]     ]
[0m[0;32m[T1:root    @      46807]     Domain on core [
[0m[0;32m[T1:root    @      46808]       pager 268435456 [
[0m[0;32m[T1:root    @      46811]         PhysMem[addr=0x0, size=0x40000 KiB, perm=R],
[0m[0;32m[T1:root    @      46814]         SessCreator[service='pipes', count=None],
[0m[0;32m[T1:root    @      46818]         Session[lname='m3fs', gname='m3fs', arg='', dep=true],
[0m[0;32m[T1:root    @      46821]         Tile[type=core, count=1, optional=false],
[0m[0;32m[T1:root    @      46823]         Domain on core [
[0m[0;32m[T1:root    @      46826]           /bin/imgproc -m dir -n 1 -r 8 /large.txt [
[0m[0;32m[T1:root    @      46828]             Session[lname='pipes', gname='pipes', arg='', dep=true],
[0m[0;32m[T1:root    @      46831]             Mount[fs='m3fs', path='/'],
[0m[0;32m[T1:root    @      46833]             Tile[type=copy, count=3, optional=false],
[0m[0;32m[T1:root    @      46834]           ]
[0m[0;32m[T1:root    @      46836]         ]
[0m[0;32m[T1:root    @      46837]       ]
[0m[0;32m[T1:root    @      46838]     ]
[0m[0;32m[T1:root    @      46839]   ]
[0m[0;32m[T1:root    @      46840] ]
[0m[0;32m[T1:root    @      46840] 
[0m[0;32m[T1:root    @      47767] Starting boot module 'm3fs' on tile2 with arguments ["mem", "268435456"]
[0m[0;32m[T1:root    @      48105] Starting boot module 'pipes' on tile3 with arguments []
[0m[0;32m[T1:root    @      48393] pipes: reg_serv(srv_sel=59, sgate_sel=64, name=pipes, sessions=32)
[0m[0;32m[T1:root    @      48401] Creating service 1:pipes
[0m[0;32m[T1:root    @      48876] m3fs: reg_serv(srv_sel=51, sgate_sel=55, name=m3fs, sessions=32)
[0m[0;32m[T1:root    @      48879] Creating service 2:m3fs
[0m[0;32m[T1:root    @      48983] Creating service 1:pipes
[0m[0;32m[T1:root    @      48996] Starting boot module 'pager' on tile4 with arguments ["268435456"]
[0m[0;35m[T4:pager   @      49368] Boot modules:
[0m[0;35m[T4:pager   @      49383]   Mod[addr: G[Tile26+0x80600000], size: 0x21d, name: boot.xml]
[0m[0;35m[T4:pager   @      49385] Available tiles:
[0m[0;35m[T4:pager   @      49396]   Tile04: COMP_EMEM RISCV (empty) 0 KiB memory
[0m[0;35m[T4:pager   @      49400]   Tile20: COMP_IMEM ACCEL_COPY (empty) 4096 KiB memory
[0m[0;35m[T4:pager   @      49403]   Tile21: COMP_IMEM ACCEL_COPY (empty) 4096 KiB memory
[0m[0;35m[T4:pager   @      49405]   Tile22: COMP_IMEM ACCEL_COPY (empty) 4096 KiB memory
[0m[0;35m[T4:pager   @      49408] Available memory:
[0m[0;35m[T4:pager   @      49416]   MemMod[sel: 10, res: false, addr: G[Tile26+0x71800000], size: 119 MiB]
[0m[0;35m[T4:pager   @      49419] Services:
[0m[0;35m[T4:pager   @      49422]   Service[name=pipes, sessions=32]
[0m[0;35m[T4:pager   @      49428] Creating service 1:pipes
[0m[0;32m[T1:root    @      49447] pager: open_sess(dst_sel=78, name=m3fs)
[0m[0;35m[T4:pager   @      50441] Starting boot module '/bin/imgproc' on tile5 with arguments ["-m", "dir", "-n", "1", "-r", "8", "/large.txt"]
[0m[0;35m[T4:pager   @      50997] /bin/imgproc: open_sess(dst_sel=101, name=pipes)
[0m[0;36m[T5:imgproc @      51090] Creating Activity FFT0
[0m[0;36m[T5:imgproc @      51201] Creating Activity MUL0
[0m[0;36m[T5:imgproc @      51262] Creating Activity IFFT0
[0m[0;36m[T5:imgproc @      51301] Connecting input and output...
[0m[0;36m[T5:imgproc @      51340] Starting chain...
[0m[0;35m[T4:pager   @      52463] /bin/imgproc: close_sess(sel=101)
[0m[0;35m[T4:pager   @      52484] /bin/imgproc: open_sess(dst_sel=147, name=pipes)
[0m[0;36m[T5:imgproc @      52506] Creating Activity FFT0
[0m[0;36m[T5:imgproc @      52541] Creating Activity MUL0
[0m[0;36m[T5:imgproc @      52572] Creating Activity IFFT0
[0m[0;36m[T5:imgproc @      52636] Connecting input and output...
[0m[0;36m[T5:imgproc @      52662] Starting chain...
[0m[0;35m[T4:pager   @      53709] /bin/imgproc: close_sess(sel=147)
[0m[0;35m[T4:pager   @      53716] /bin/imgproc: open_sess(dst_sel=191, name=pipes)
[0m[0;36m[T5:imgproc @      53734] Creating Activity FFT0
[0m[0;36m[T5:imgproc @      53782] Creating Activity MUL0
[0m[0;36m[T5:imgproc @      53858] Creating Activity IFFT0
[0m[0;36m[T5:imgproc @      53890] Connecting input and output...
[0m[0;36m[T5:imgproc @      53916] Starting chain...
[0m[0;35m[T4:pager   @      54957] /bin/imgproc: close_sess(sel=191)
[0m[0;35m[T4:pager   @      54963] /bin/imgproc: open_sess(dst_sel=235, name=pipes)
[0m[0;36m[T5:imgproc @      54981] Creating Activity FFT0
[0m[0;36m[T5:imgproc @      55025] Creating Activity MUL0
[0m[0;36m[T5:imgproc @      55057] Creating Activity IFFT0
[0m[0;36m[T5:imgproc @      55089] Connecting input and output...
[0m[0;36m[T5:imgproc @      55113] Starting chain...
[0m[0;35m[T4:pager   @      56142] /bin/imgproc: close_sess(sel=235)
[0m[0;35m[T4:pager   @      56148] /bin/imgproc: open_sess(dst_sel=279, name=pipes)
[0m[0;36m[T5:imgproc @      56165] Creating Activity FFT0
[0m[0;36m[T5:imgproc @      56207] Creating Activity MUL0
[0m[0;36m[T5:imgproc @      56244] Creating Activity IFFT0
[0m[0;36m[T5:imgproc @      56275] Connecting input and output...
[0m[0;36m[T5:imgproc @      56299] Starting chain...
[0m[0;35m[T4:pager   @      57328] /bin/imgproc: close_sess(sel=279)
[0m[0;35m[T4:pager   @      57334] /bin/imgproc: open_sess(dst_sel=323, name=pipes)
[0m[0;36m[T5:imgproc @      57351] Creating Activity FFT0
[0m[0;36m[T5:imgproc @      57390] Creating Activity MUL0
[0m[0;36m[T5:imgproc @      57423] Creating Activity IFFT0
[0m[0;36m[T5:imgproc @      57486] Connecting input and output...
[0m[0;36m[T5:imgproc @      57511] Starting chain...
[0m[0;35m[T4:pager   @      58542] /bin/imgproc: close_sess(sel=323)
[0m[0;35m[T4:pager   @      58548] /bin/imgproc: open_sess(dst_sel=367, name=pipes)
[0m[0;36m[T5:imgproc @      58567] Creating Activity FFT0
[0m[0;36m[T5:imgproc @      58608] Creating Activity MUL0
[0m[0;36m[T5:imgproc @      58645] Creating Activity IFFT0
[0m[0;36m[T5:imgproc @      58714] Connecting input and output...
[0m[0;36m[T5:imgproc @      58741] Starting chain...
[0m[0;35m[T4:pager   @      59781] /bin/imgproc: close_sess(sel=367)
[0m[0;35m[T4:pager   @      59788] /bin/imgproc: open_sess(dst_sel=411, name=pipes)
[0m[0;36m[T5:imgproc @      59806] Creating Activity FFT0
[0m[0;36m[T5:imgproc @      59851] Creating Activity MUL0
[0m[0;36m[T5:imgproc @      59887] Creating Activity IFFT0
[0m[0;36m[T5:imgproc @      59951] Connecting input and output...
[0m[0;36m[T5:imgproc @      59976] Starting chain...
[0m[0;35m[T4:pager   @      61009] /bin/imgproc: close_sess(sel=411)
[0m[0;35m[T4:pager   @      61015] /bin/imgproc: open_sess(dst_sel=455, name=pipes)
[0m[0;36m[T5:imgproc @      61033] Creating Activity FFT0
[0m[0;36m[T5:imgproc @      61076] Creating Activity MUL0
[0m[0;36m[T5:imgproc @      61113] Creating Activity IFFT0
[0m[0;36m[T5:imgproc @      61173] Connecting input and output...
[0m[0;36m[T5:imgproc @      61201] Starting chain...
[0mwarn: PowerState: More than one power state change request encountered within the same simulation tick
[0;35m[T4:pager   @      62237] /bin/imgproc: close_sess(sel=455)
[0m! src/apps/bench/imgproc/imgproc.cc:105  PERF "imgproc-dir (1 chains)": 2874586 cycles (+/- 13458 cycles with 8 runs)
[0;32m[T1:root    @      62663] Sending SHUTDOWN to service 2:m3fs
[0m[0;32m[T1:root    @      62687] Sending SHUTDOWN to service 1:pipes
[0m[0;32m[T1:root    @      62696] m3fs: unreg_serv(sel=51)
[0m[0;32m[T1:root    @      62701] Removing service 2:m3fs
[0m[0;32m[T1:root    @      62713] pipes: unreg_serv(sel=59)
[0m[0;32m[T1:root    @      62715] Removing service 1:pipes
[0m[0;32m[T1:root    @      62908] All childs gone. Exiting.
[0m[0;31m[T0:kernel  @      62989] Shutting down
[0mExiting @ tick 63000437166 because m5_exit instruction encountered
