Building for gem5-riscv-release...
ninja: no work to do.
run/boot-all.xml validates
gem5 Simulator System.  http://gem5.org
gem5 is copyrighted software; use the --copyright option for details.

gem5 version 21.0.0.0
gem5 compiled May 16 2023 13:50:01
gem5 started May 23 2023 21:57:29
gem5 executing on graham, pid 1954507
command line: platform/gem5/build/RISCV/gem5.opt --outdir=run --debug-file=gem5.log --debug-flags=Tcu /scratch/harshanavkis/sec-acc/M3/config/accels.py --cpu-type DerivO3CPU --isa riscv --cmd 'build/gem5-riscv-release/bin/kernel -f build/gem5-riscv-release/bench.img,build/gem5-riscv-release/bin/tilemux,build/gem5-riscv-release/bin/tilemux,build/gem5-riscv-release/bin/tilemux,build/gem5-riscv-release/bin/tilemux,build/gem5-riscv-release/bin/tilemux,build/gem5-riscv-release/bin/tilemux,build/gem5-riscv-release/bin/tilemux,build/gem5-riscv-release/bin/tilemux,build/gem5-riscv-release/bin/tilemux,build/gem5-riscv-release/bin/tilemux,build/gem5-riscv-release/bin/tilemux,build/gem5-riscv-release/bin/tilemux,build/gem5-riscv-release/bin/tilemux,build/gem5-riscv-release/bin/tilemux,build/gem5-riscv-release/bin/tilemux,' --mods run/boot.xml,build/gem5-riscv-release/bin/root,build/gem5-riscv-release/bin/m3fs,build/gem5-riscv-release/bin/pipes,build/gem5-riscv-release/bin/pager --cpu-clock=2GHz --sys-clock=2GHz --encr-latency=15 --par-pipe=1 --int-transfer-latency=1000 --rng-latency=0 --sign-latency=0 --sign-ver-latency=0

T00: build/gem5-riscv-release/bin/kernel -f build/gem5-riscv-release/bench.img
     Core =DerivO3CPU riscv @ 2GHz
     TCU  =eps:192, bufsz:2048 B, blocksz:64 B, count:4, tlb:128
     L1i$ =32 KiB (2-way assoc, 4 cycles)
     L1d$ =32 KiB (2-way assoc, 4 cycles)
     L2$  =256 KiB (8-way assoc, 12 cycles)
     Comp =Core -> TCU -> L1$ -> L2$

T01: build/gem5-riscv-release/bin/tilemux
     Core =DerivO3CPU riscv @ 2GHz
     TCU  =eps:192, bufsz:2048 B, blocksz:64 B, count:4, tlb:128
     L1i$ =32 KiB (2-way assoc, 4 cycles)
     L1d$ =32 KiB (2-way assoc, 4 cycles)
     L2$  =256 KiB (8-way assoc, 12 cycles)
     Comp =Core -> TCU -> L1$ -> L2$

T02: build/gem5-riscv-release/bin/tilemux
     Core =DerivO3CPU riscv @ 2GHz
     TCU  =eps:192, bufsz:2048 B, blocksz:64 B, count:4, tlb:128
     L1i$ =32 KiB (2-way assoc, 4 cycles)
     L1d$ =32 KiB (2-way assoc, 4 cycles)
     L2$  =256 KiB (8-way assoc, 12 cycles)
     Comp =Core -> TCU -> L1$ -> L2$

T03: build/gem5-riscv-release/bin/tilemux
     Core =DerivO3CPU riscv @ 2GHz
     TCU  =eps:192, bufsz:2048 B, blocksz:64 B, count:4, tlb:128
     L1i$ =32 KiB (2-way assoc, 4 cycles)
     L1d$ =32 KiB (2-way assoc, 4 cycles)
     L2$  =256 KiB (8-way assoc, 12 cycles)
     Comp =Core -> TCU -> L1$ -> L2$

T04: build/gem5-riscv-release/bin/tilemux
     Core =DerivO3CPU riscv @ 2GHz
     TCU  =eps:192, bufsz:2048 B, blocksz:64 B, count:4, tlb:128
     L1i$ =32 KiB (2-way assoc, 4 cycles)
     L1d$ =32 KiB (2-way assoc, 4 cycles)
     L2$  =256 KiB (8-way assoc, 12 cycles)
     Comp =Core -> TCU -> L1$ -> L2$

T05: build/gem5-riscv-release/bin/tilemux
     Core =DerivO3CPU riscv @ 2GHz
     TCU  =eps:192, bufsz:2048 B, blocksz:64 B, count:4, tlb:128
     L1i$ =32 KiB (2-way assoc, 4 cycles)
     L1d$ =32 KiB (2-way assoc, 4 cycles)
     L2$  =256 KiB (8-way assoc, 12 cycles)
     Comp =Core -> TCU -> L1$ -> L2$

T06: build/gem5-riscv-release/bin/tilemux
     Core =DerivO3CPU riscv @ 2GHz
     TCU  =eps:192, bufsz:2048 B, blocksz:64 B, count:4, tlb:128
     L1i$ =32 KiB (2-way assoc, 4 cycles)
     L1d$ =32 KiB (2-way assoc, 4 cycles)
     L2$  =256 KiB (8-way assoc, 12 cycles)
     Comp =Core -> TCU -> L1$ -> L2$

T07: build/gem5-riscv-release/bin/tilemux
     Core =DerivO3CPU riscv @ 2GHz
     TCU  =eps:192, bufsz:2048 B, blocksz:64 B, count:4, tlb:128
     L1i$ =32 KiB (2-way assoc, 4 cycles)
     L1d$ =32 KiB (2-way assoc, 4 cycles)
     L2$  =256 KiB (8-way assoc, 12 cycles)
     Comp =Core -> TCU -> L1$ -> L2$

T08: build/gem5-riscv-release/bin/tilemux
     Core =DerivO3CPU riscv @ 2GHz
     TCU  =eps:192, bufsz:2048 B, blocksz:64 B, count:4, tlb:128
     L1i$ =32 KiB (2-way assoc, 4 cycles)
     L1d$ =32 KiB (2-way assoc, 4 cycles)
     L2$  =256 KiB (8-way assoc, 12 cycles)
     Comp =Core -> TCU -> L1$ -> L2$

T09: build/gem5-riscv-release/bin/tilemux
     Core =DerivO3CPU riscv @ 2GHz
     TCU  =eps:192, bufsz:2048 B, blocksz:64 B, count:4, tlb:128
     L1i$ =32 KiB (2-way assoc, 4 cycles)
     L1d$ =32 KiB (2-way assoc, 4 cycles)
     L2$  =256 KiB (8-way assoc, 12 cycles)
     Comp =Core -> TCU -> L1$ -> L2$

T10: build/gem5-riscv-release/bin/tilemux
     Core =DerivO3CPU riscv @ 2GHz
     TCU  =eps:192, bufsz:2048 B, blocksz:64 B, count:4, tlb:128
     L1i$ =32 KiB (2-way assoc, 4 cycles)
     L1d$ =32 KiB (2-way assoc, 4 cycles)
     L2$  =256 KiB (8-way assoc, 12 cycles)
     Comp =Core -> TCU -> L1$ -> L2$

T11: build/gem5-riscv-release/bin/tilemux
     Core =DerivO3CPU riscv @ 2GHz
     TCU  =eps:192, bufsz:2048 B, blocksz:64 B, count:4, tlb:128
     L1i$ =32 KiB (2-way assoc, 4 cycles)
     L1d$ =32 KiB (2-way assoc, 4 cycles)
     L2$  =256 KiB (8-way assoc, 12 cycles)
     Comp =Core -> TCU -> L1$ -> L2$

T12: build/gem5-riscv-release/bin/tilemux
     Core =DerivO3CPU riscv @ 2GHz
     TCU  =eps:192, bufsz:2048 B, blocksz:64 B, count:4, tlb:128
     L1i$ =32 KiB (2-way assoc, 4 cycles)
     L1d$ =32 KiB (2-way assoc, 4 cycles)
     L2$  =256 KiB (8-way assoc, 12 cycles)
     Comp =Core -> TCU -> L1$ -> L2$

T13: build/gem5-riscv-release/bin/tilemux
     Core =DerivO3CPU riscv @ 2GHz
     TCU  =eps:192, bufsz:2048 B, blocksz:64 B, count:4, tlb:128
     L1i$ =32 KiB (2-way assoc, 4 cycles)
     L1d$ =32 KiB (2-way assoc, 4 cycles)
     L2$  =256 KiB (8-way assoc, 12 cycles)
     Comp =Core -> TCU -> L1$ -> L2$

T14: build/gem5-riscv-release/bin/tilemux
     Core =DerivO3CPU riscv @ 2GHz
     TCU  =eps:192, bufsz:2048 B, blocksz:64 B, count:4, tlb:128
     L1i$ =32 KiB (2-way assoc, 4 cycles)
     L1d$ =32 KiB (2-way assoc, 4 cycles)
     L2$  =256 KiB (8-way assoc, 12 cycles)
     Comp =Core -> TCU -> L1$ -> L2$

T15: build/gem5-riscv-release/bin/tilemux
     Core =DerivO3CPU riscv @ 2GHz
     TCU  =eps:192, bufsz:2048 B, blocksz:64 B, count:4, tlb:128
     L1i$ =32 KiB (2-way assoc, 4 cycles)
     L1d$ =32 KiB (2-way assoc, 4 cycles)
     L2$  =256 KiB (8-way assoc, 12 cycles)
     Comp =Core -> TCU -> L1$ -> L2$

T16: indir accelerator @ 1GHz
     TCU  =eps:192, bufsz:2048 B, blocksz:2048 B, count:4, tlb:0
     imem =4096 KiB
     Comp =Core -> TCU -> SPM

T17: indir accelerator @ 1GHz
     TCU  =eps:192, bufsz:2048 B, blocksz:2048 B, count:4, tlb:0
     imem =4096 KiB
     Comp =Core -> TCU -> SPM

T18: indir accelerator @ 1GHz
     TCU  =eps:192, bufsz:2048 B, blocksz:2048 B, count:4, tlb:0
     imem =4096 KiB
     Comp =Core -> TCU -> SPM

T19: indir accelerator @ 1GHz
     TCU  =eps:192, bufsz:2048 B, blocksz:2048 B, count:4, tlb:0
     imem =4096 KiB
     Comp =Core -> TCU -> SPM

T20: copy accelerator @ 1GHz
     TCU  =eps:192, bufsz:2048 B, blocksz:2048 B, count:4, tlb:0
     imem =4096 KiB
     Comp =Core -> TCU -> SPM

T21: copy accelerator @ 1GHz
     TCU  =eps:192, bufsz:2048 B, blocksz:2048 B, count:4, tlb:0
     imem =4096 KiB
     Comp =Core -> TCU -> SPM

T22: copy accelerator @ 1GHz
     TCU  =eps:192, bufsz:2048 B, blocksz:2048 B, count:4, tlb:0
     imem =4096 KiB
     Comp =Core -> TCU -> SPM

T23: copy accelerator @ 1GHz
     TCU  =eps:192, bufsz:2048 B, blocksz:2048 B, count:4, tlb:0
     imem =4096 KiB
     Comp =Core -> TCU -> SPM

T24: rot13 accelerator @ 1GHz
     TCU  =eps:192, bufsz:2048 B, blocksz:2048 B, count:4, tlb:0
     imem =4096 KiB
     Comp =Core -> TCU -> SPM

T25: SerialInput
     TCU  =eps:192, bufsz:2048 B, blocksz:2048 B, count:4, tlb:0
     Comp =TCU -> SerialInput

T26: build/gem5-riscv-release/bench.img x 1
     TCU  =eps:192, bufsz:2048 B, blocksz:2048 B, count:8, tlb:0
     imem =3145728 KiB
     Comp =TCU -> DRAM

Global frequency set at 1000000000000 ticks per second
warn: No dot file generated. Please install pydot to generate the dot file and pdf.
Gem5 Terminal started; Quit via Ctrl+]
warn: DRAM device capacity (49152 Mbytes) does not match the address range assigned (4096 Mbytes)
platform.com_1.device: Listening for connections on port 3456
0: T00.remote_gdb: listening for remote gdb on port 7000
0: T01.remote_gdb: listening for remote gdb on port 7001
0: T02.remote_gdb: listening for remote gdb on port 7002
0: T03.remote_gdb: listening for remote gdb on port 7003
0: T04.remote_gdb: listening for remote gdb on port 7004
0: T05.remote_gdb: listening for remote gdb on port 7005
0: T06.remote_gdb: listening for remote gdb on port 7006
0: T07.remote_gdb: listening for remote gdb on port 7007
0: T08.remote_gdb: listening for remote gdb on port 7008
0: T09.remote_gdb: listening for remote gdb on port 7009
0: T10.remote_gdb: listening for remote gdb on port 7010
0: T11.remote_gdb: listening for remote gdb on port 7011
0: T12.remote_gdb: listening for remote gdb on port 7012
0: T13.remote_gdb: listening for remote gdb on port 7013
0: T14.remote_gdb: listening for remote gdb on port 7014
0: T15.remote_gdb: listening for remote gdb on port 7015
warn: CoherentXBar T16.xbar has no snooping ports attached!
warn: CoherentXBar T17.xbar has no snooping ports attached!
warn: CoherentXBar T18.xbar has no snooping ports attached!
warn: CoherentXBar T19.xbar has no snooping ports attached!
warn: CoherentXBar T20.xbar has no snooping ports attached!
warn: CoherentXBar T21.xbar has no snooping ports attached!
warn: CoherentXBar T22.xbar has no snooping ports attached!
warn: CoherentXBar T23.xbar has no snooping ports attached!
warn: CoherentXBar T24.xbar has no snooping ports attached!
warn: CoherentXBar T25.xbar has no snooping ports attached!
warn: CoherentXBar T26.xbar has no snooping ports attached!
info: Loaded 'boot.xml' to 0x9a00000030000000 .. 0x9a000000300003ce
info: Loaded 'root' to 0x9a00000030001000 .. 0x9a000000300766e8
info: Loaded 'm3fs' to 0x9a00000030077000 .. 0x9a000000300cd2e0
info: Loaded 'pipes' to 0x9a000000300ce000 .. 0x9a00000030113b38
info: Loaded 'pager' to 0x9a00000030114000 .. 0x9a00000030192b38
info: Entering event queue @ 0.  Starting simulation...
warn: T0,PMP-EP65535: invalid EP
warn: T15,PMP-EP65535: invalid EP
warn: T14,PMP-EP65535: invalid EP
warn: T13,PMP-EP65535: invalid EP
warn: T12,PMP-EP65535: invalid EP
warn: T11,PMP-EP65535: invalid EP
warn: T10,PMP-EP65535: invalid EP
warn: T9,PMP-EP65535: invalid EP
warn: T8,PMP-EP65535: invalid EP
warn: T7,PMP-EP65535: invalid EP
warn: T6,PMP-EP65535: invalid EP
warn: T5,PMP-EP65535: invalid EP
warn: T4,PMP-EP65535: invalid EP
warn: T3,PMP-EP65535: invalid EP
warn: T2,PMP-EP65535: invalid EP
warn: T1,PMP-EP65535: invalid EP
warn: T10,PMP-EP65535: invalid EP
warn: T15,PMP-EP65535: invalid EP
warn: T7,PMP-EP65535: invalid EP
warn: T6,PMP-EP65535: invalid EP
warn: T2,PMP-EP65535: invalid EP
warn: T12,PMP-EP65535: invalid EP
warn: T8,PMP-EP65535: invalid EP
warn: T14,PMP-EP65535: invalid EP
warn: T13,PMP-EP65535: invalid EP
warn: T11,PMP-EP65535: invalid EP
warn: T9,PMP-EP65535: invalid EP
warn: T4,PMP-EP65535: invalid EP
warn: T5,PMP-EP65535: invalid EP
warn: T1,PMP-EP65535: invalid EP
warn: T3,PMP-EP65535: invalid EP
warn: T0,PMP-EP65535: invalid EP
[0;31m[T0:kernel  @        218] Entered raw mode; Quit via Ctrl+]
[0mwarn: T7,PMP-EP65535: invalid EP
warn: T7,PMP-EP65535: invalid EP
warn: T7,PMP-EP65535: invalid EP
warn: T15,PMP-EP65535: invalid EP
warn: T15,PMP-EP65535: invalid EP
warn: T15,PMP-EP65535: invalid EP
warn: T5,PMP-EP65535: invalid EP
warn: T5,PMP-EP65535: invalid EP
warn: T5,PMP-EP65535: invalid EP
warn: T6,PMP-EP65535: invalid EP
warn: T6,PMP-EP65535: invalid EP
warn: T6,PMP-EP65535: invalid EP
warn: T4,PMP-EP65535: invalid EP
warn: T4,PMP-EP65535: invalid EP
warn: T4,PMP-EP65535: invalid EP
warn: T2,PMP-EP65535: invalid EP
warn: T2,PMP-EP65535: invalid EP
warn: T2,PMP-EP65535: invalid EP
warn: T7,PMP-EP65535: invalid EP
warn: T15,PMP-EP65535: invalid EP
warn: T14,PMP-EP65535: invalid EP
warn: T14,PMP-EP65535: invalid EP
warn: T14,PMP-EP65535: invalid EP
warn: T11,PMP-EP65535: invalid EP
warn: T11,PMP-EP65535: invalid EP
warn: T11,PMP-EP65535: invalid EP
warn: T8,PMP-EP65535: invalid EP
warn: T8,PMP-EP65535: invalid EP
warn: T8,PMP-EP65535: invalid EP
warn: T10,PMP-EP65535: invalid EP
warn: T10,PMP-EP65535: invalid EP
warn: T10,PMP-EP65535: invalid EP
warn: T12,PMP-EP65535: invalid EP
warn: T12,PMP-EP65535: invalid EP
warn: T12,PMP-EP65535: invalid EP
warn: T13,PMP-EP65535: invalid EP
warn: T13,PMP-EP65535: invalid EP
warn: T13,PMP-EP65535: invalid EP
warn: T5,PMP-EP65535: invalid EP
warn: T3,PMP-EP65535: invalid EP
warn: T3,PMP-EP65535: invalid EP
warn: T3,PMP-EP65535: invalid EP
warn: T6,PMP-EP65535: invalid EP
warn: T9,PMP-EP65535: invalid EP
warn: T9,PMP-EP65535: invalid EP
warn: T9,PMP-EP65535: invalid EP
warn: T1,PMP-EP65535: invalid EP
warn: T1,PMP-EP65535: invalid EP
warn: T1,PMP-EP65535: invalid EP
warn: T4,PMP-EP65535: invalid EP
warn: T2,PMP-EP65535: invalid EP
warn: T14,PMP-EP65535: invalid EP
warn: T11,PMP-EP65535: invalid EP
warn: T8,PMP-EP65535: invalid EP
warn: T10,PMP-EP65535: invalid EP
warn: T12,PMP-EP65535: invalid EP
warn: T13,PMP-EP65535: invalid EP
warn: T3,PMP-EP65535: invalid EP
warn: T9,PMP-EP65535: invalid EP
warn: T1,PMP-EP65535: invalid EP
[0;31m[T0:kernel  @       1022] Attesting tile: 1
[0m[0;31m[T0:kernel  @       5529] Attestation complete: 1, 8997186 cycles
[0m[0;31m[T0:kernel  @       6159] Attesting tile: 2
[0m[0;31m[T0:kernel  @      10640] Attestation complete: 2, 8957605 cycles
[0m[0;31m[T0:kernel  @      11270] Attesting tile: 3
[0m[0;31m[T0:kernel  @      15750] Attestation complete: 3, 8956248 cycles
[0m[0;31m[T0:kernel  @      16379] Attesting tile: 4
[0m[0;31m[T0:kernel  @      20860] Attestation complete: 4, 8957299 cycles
[0m[0;31m[T0:kernel  @      21489] Attesting tile: 5
[0m[0;31m[T0:kernel  @      25971] Attestation complete: 5, 8958601 cycles
[0m[0;31m[T0:kernel  @      26600] Attesting tile: 6
[0m[0;31m[T0:kernel  @      31081] Attestation complete: 6, 8957681 cycles
[0m[0;31m[T0:kernel  @      31710] Attesting tile: 7
[0m[0;31m[T0:kernel  @      36191] Attestation complete: 7, 8957633 cycles
[0m[0;31m[T0:kernel  @      36820] Attesting tile: 8
[0m[0;31m[T0:kernel  @      41300] Attestation complete: 8, 8956650 cycles
[0m[0;31m[T0:kernel  @      41930] Attesting tile: 9
[0m[0;31m[T0:kernel  @      46410] Attestation complete: 9, 8956160 cycles
[0m[0;31m[T0:kernel  @      47039] Attesting tile: 10
[0m[0;31m[T0:kernel  @      51519] Attestation complete: 10, 8956696 cycles
[0m[0;31m[T0:kernel  @      52149] Attesting tile: 11
[0m[0;31m[T0:kernel  @      56628] Attestation complete: 11, 8955204 cycles
[0m[0;31m[T0:kernel  @      57258] Attesting tile: 12
[0m[0;31m[T0:kernel  @      61738] Attestation complete: 12, 8956400 cycles
[0m[0;31m[T0:kernel  @      62367] Attesting tile: 13
[0m[0;31m[T0:kernel  @      66847] Attestation complete: 13, 8956382 cycles
[0m[0;31m[T0:kernel  @      67477] Attesting tile: 14
[0m[0;31m[T0:kernel  @      71957] Attestation complete: 14, 8956422 cycles
[0m[0;31m[T0:kernel  @      72586] Attesting tile: 15
[0m[0;31m[T0:kernel  @      77068] Attestation complete: 15, 8960638 cycles
[0m[0;31m[T0:kernel  @      77698] Attesting tile: 16
[0m[0;31m[T0:kernel  @      84769] Attestation complete: 16, 14138065 cycles
[0m[0;31m[T0:kernel  @      85398] Attesting tile: 17
[0m[0;31m[T0:kernel  @      92469] Attestation complete: 17, 14136736 cycles
[0m[0;31m[T0:kernel  @      93099] Attesting tile: 18
[0m[0;31m[T0:kernel  @     100171] Attestation complete: 18, 14140992 cycles
[0m[0;31m[T0:kernel  @     100801] Attesting tile: 19
[0m[0;31m[T0:kernel  @     107870] Attestation complete: 19, 14135529 cycles
[0m[0;31m[T0:kernel  @     108500] Attesting tile: 20
[0m[0;31m[T0:kernel  @     115571] Attestation complete: 20, 14136753 cycles
[0m[0;31m[T0:kernel  @     116200] Attesting tile: 21
[0m[0;31m[T0:kernel  @     123271] Attestation complete: 21, 14136639 cycles
[0m[0;31m[T0:kernel  @     123900] Attesting tile: 22
[0m[0;31m[T0:kernel  @     130971] Attestation complete: 22, 14136753 cycles
[0m[0;31m[T0:kernel  @     131600] Attesting tile: 23
[0m[0;31m[T0:kernel  @     138673] Attestation complete: 23, 14141026 cycles
[0m[0;31m[T0:kernel  @     139302] Attesting tile: 24
[0m[0;31m[T0:kernel  @     146372] Attestation complete: 24, 14135532 cycles
[0m[0;31m[T0:kernel  @     147002] Attesting tile: 25
[0m[0;31m[T0:kernel  @     154072] Attestation complete: 25, 14136753 cycles
[0m[0;31m[T0:kernel  @     154078] Attesting tile: 26
[0m[0;31m[T0:kernel  @     158560] Attestation complete: 26, 8960955 cycles
[0m[0;31m[T0:kernel  @     158564] Attesting tile: 26
[0m[0;31m[T0:kernel  @     163043] Attestation complete: 26, 8955487 cycles
[0m[0;31m[T0:kernel  @     163046] Attesting tile: 26
[0m[0;31m[T0:kernel  @     167526] Attestation complete: 26, 8956591 cycles
[0m[0;31m[T0:kernel  @     167529] Attesting tile: 26
[0m[0;31m[T0:kernel  @     172009] Attestation complete: 26, 8956083 cycles
[0m[0;31m[T0:kernel  @     172374] Kernel is ready!
[0m[0;32m[T1:root    @     173223] Boot modules:
[0m[0;32m[T1:root    @     173246]   Mod[addr: G[Tile26+0x30000000], size: 0x3ce, name: boot.xml]
[0m[0;32m[T1:root    @     173251]   Mod[addr: G[Tile26+0x30001000], size: 0x756e8, name: root]
[0m[0;32m[T1:root    @     173254]   Mod[addr: G[Tile26+0x30077000], size: 0x562e0, name: m3fs]
[0m[0;32m[T1:root    @     173258]   Mod[addr: G[Tile26+0x300ce000], size: 0x45b38, name: pipes]
[0m[0;32m[T1:root    @     173261]   Mod[addr: G[Tile26+0x30114000], size: 0x7eb38, name: pager]
[0m[0;32m[T1:root    @     173263] Available tiles:
[0m[0;32m[T1:root    @     173280]   Tile01: COMP_EMEM RISCV (empty) 0 KiB memory
[0m[0;32m[T1:root    @     173287]   Tile02: COMP_EMEM RISCV (empty) 0 KiB memory
[0m[0;32m[T1:root    @     173290]   Tile03: COMP_EMEM RISCV (empty) 0 KiB memory
[0m[0;32m[T1:root    @     173293]   Tile04: COMP_EMEM RISCV (empty) 0 KiB memory
[0m[0;32m[T1:root    @     173296]   Tile05: COMP_EMEM RISCV (empty) 0 KiB memory
[0m[0;32m[T1:root    @     173300]   Tile06: COMP_EMEM RISCV (empty) 0 KiB memory
[0m[0;32m[T1:root    @     173304]   Tile07: COMP_EMEM RISCV (empty) 0 KiB memory
[0m[0;32m[T1:root    @     173307]   Tile08: COMP_EMEM RISCV (empty) 0 KiB memory
[0m[0;32m[T1:root    @     173310]   Tile09: COMP_EMEM RISCV (empty) 0 KiB memory
[0m[0;32m[T1:root    @     173314]   Tile10: COMP_EMEM RISCV (empty) 0 KiB memory
[0m[0;32m[T1:root    @     173317]   Tile11: COMP_EMEM RISCV (empty) 0 KiB memory
[0m[0;32m[T1:root    @     173320]   Tile12: COMP_EMEM RISCV (empty) 0 KiB memory
[0m[0;32m[T1:root    @     173323]   Tile13: COMP_EMEM RISCV (empty) 0 KiB memory
[0m[0;32m[T1:root    @     173326]   Tile14: COMP_EMEM RISCV (empty) 0 KiB memory
[0m[0;32m[T1:root    @     173329]   Tile15: COMP_EMEM RISCV (empty) 0 KiB memory
[0m[0;32m[T1:root    @     173333]   Tile16: COMP_IMEM ACCEL_INDIR (empty) 4096 KiB memory
[0m[0;32m[T1:root    @     173336]   Tile17: COMP_IMEM ACCEL_INDIR (empty) 4096 KiB memory
[0m[0;32m[T1:root    @     173343]   Tile18: COMP_IMEM ACCEL_INDIR (empty) 4096 KiB memory
[0m[0;32m[T1:root    @     173346]   Tile19: COMP_IMEM ACCEL_INDIR (empty) 4096 KiB memory
[0m[0;32m[T1:root    @     173349]   Tile20: COMP_IMEM ACCEL_COPY (empty) 4096 KiB memory
[0m[0;32m[T1:root    @     173352]   Tile21: COMP_IMEM ACCEL_COPY (empty) 4096 KiB memory
[0m[0;32m[T1:root    @     173356]   Tile22: COMP_IMEM ACCEL_COPY (empty) 4096 KiB memory
[0m[0;32m[T1:root    @     173359]   Tile23: COMP_IMEM ACCEL_COPY (empty) 4096 KiB memory
[0m[0;32m[T1:root    @     173362]   Tile24: COMP_IMEM ACCEL_ROT13 (empty) 4096 KiB memory
[0m[0;32m[T1:root    @     173365]   Tile25: COMP_IMEM SERIAL_DEV (empty) 0 KiB memory
[0m[0;32m[T1:root    @     173371] Available memory:
[0m[0;32m[T1:root    @     173383]   MemMod[sel: 35, res: true, addr: G[Tile26+0x0], size: 1264 MiB]
[0m[0;32m[T1:root    @     173388]   MemMod[sel: 36, res: false, addr: G[Tile26+0x53600000], size: 959 MiB]
[0m[0;32m[T1:root    @     173394] Parsed Config [
[0m[0;32m[T1:root    @     173400]   root [
[0m[0;32m[T1:root    @     173415]     Domain on core [
[0m[0;32m[T1:root    @     173418]       m3fs mem 268435456 [
[0m[0;32m[T1:root    @     173420]         Daemon,
[0m[0;32m[T1:root    @     173430]         PhysMem[addr=0x0, size=0x40000 KiB, perm=R | W | X | RW | RWX],
[0m[0;32m[T1:root    @     173436]         Service[lname='m3fs', gname='m3fs'],
[0m[0;32m[T1:root    @     173440]       ]
[0m[0;32m[T1:root    @     173442]     ]
[0m[0;32m[T1:root    @     173444]     Domain on core [
[0m[0;32m[T1:root    @     173446]       pipes [
[0m[0;32m[T1:root    @     173448]         Daemon,
[0m[0;32m[T1:root    @     173451]         Service[lname='pipes', gname='pipes'],
[0m[0;32m[T1:root    @     173453]       ]
[0m[0;32m[T1:root    @     173454]     ]
[0m[0;32m[T1:root    @     173456]     Domain on core [
[0m[0;32m[T1:root    @     173459]       pager 268435456 [
[0m[0;32m[T1:root    @     173462]         PhysMem[addr=0x0, size=0x40000 KiB, perm=R],
[0m[0;32m[T1:root    @     173470]         SessCreator[service='pipes', count=None],
[0m[0;32m[T1:root    @     173476]         Session[lname='m3fs', gname='m3fs', arg='', dep=true],
[0m[0;32m[T1:root    @     173482]         Tile[type=core, count=1, optional=false],
[0m[0;32m[T1:root    @     173484]         Domain on core [
[0m[0;32m[T1:root    @     173489]           /bin/imgproc -m dir -n 1 -r 8 /large.txt [
[0m[0;32m[T1:root    @     173493]             Session[lname='pipes', gname='pipes', arg='', dep=true],
[0m[0;32m[T1:root    @     173497]             Mount[fs='m3fs', path='/'],
[0m[0;32m[T1:root    @     173500]             Tile[type=copy, count=3, optional=false],
[0m[0;32m[T1:root    @     173502]           ]
[0m[0;32m[T1:root    @     173504]         ]
[0m[0;32m[T1:root    @     173506]       ]
[0m[0;32m[T1:root    @     173507]     ]
[0m[0;32m[T1:root    @     173509]   ]
[0m[0;32m[T1:root    @     173510] ]
[0m[0;32m[T1:root    @     173512] 
[0m[0;32m[T1:root    @     174941] Starting boot module 'm3fs' on tile2 with arguments ["mem", "268435456"]
[0m[0;32m[T1:root    @     175568] Starting boot module 'pipes' on tile3 with arguments []
[0m[0;32m[T1:root    @     176103] pipes: reg_serv(srv_sel=59, sgate_sel=64, name=pipes, sessions=32)
[0m[0;32m[T1:root    @     176117] Creating service 1:pipes
[0m[0;32m[T1:root    @     176880] m3fs: reg_serv(srv_sel=51, sgate_sel=55, name=m3fs, sessions=32)
[0m[0;32m[T1:root    @     176886] Creating service 2:m3fs
[0m[0;32m[T1:root    @     177083] Creating service 1:pipes
[0m[0;32m[T1:root    @     177117] Starting boot module 'pager' on tile4 with arguments ["268435456"]
[0m[0;35m[T4:pager   @     177776] Boot modules:
[0m[0;35m[T4:pager   @     177800]   Mod[addr: G[Tile26+0x80600000], size: 0x21d, name: boot.xml]
[0m[0;35m[T4:pager   @     177804] Available tiles:
[0m[0;35m[T4:pager   @     177820]   Tile04: COMP_EMEM RISCV (empty) 0 KiB memory
[0m[0;35m[T4:pager   @     177827]   Tile20: COMP_IMEM ACCEL_COPY (empty) 4096 KiB memory
[0m[0;35m[T4:pager   @     177831]   Tile21: COMP_IMEM ACCEL_COPY (empty) 4096 KiB memory
[0m[0;35m[T4:pager   @     177834]   Tile22: COMP_IMEM ACCEL_COPY (empty) 4096 KiB memory
[0m[0;35m[T4:pager   @     177839] Available memory:
[0m[0;35m[T4:pager   @     177852]   MemMod[sel: 10, res: false, addr: G[Tile26+0x71800000], size: 119 MiB]
[0m[0;35m[T4:pager   @     177855] Services:
[0m[0;35m[T4:pager   @     177860]   Service[name=pipes, sessions=32]
[0m[0;35m[T4:pager   @     177869] Creating service 1:pipes
[0m[0;32m[T1:root    @     177905] pager: open_sess(dst_sel=78, name=m3fs)
[0m[0;35m[T4:pager   @     179760] Starting boot module '/bin/imgproc' on tile5 with arguments ["-m", "dir", "-n", "1", "-r", "8", "/large.txt"]
[0m[0;35m[T4:pager   @     180819] /bin/imgproc: open_sess(dst_sel=101, name=pipes)
[0m[0;36m[T5:imgproc @     180987] Creating Activity FFT0
[0m[0;36m[T5:imgproc @     181194] Creating Activity MUL0
[0m[0;36m[T5:imgproc @     181328] Creating Activity IFFT0
[0m[0;36m[T5:imgproc @     181422] Connecting input and output...
[0m[0;36m[T5:imgproc @     181517] Starting chain...
[0mwarn: PowerState: More than one power state change request encountered within the same simulation tick
[0;35m[T4:pager   @     184436] /bin/imgproc: close_sess(sel=101)
[0m[0;35m[T4:pager   @     184472] /bin/imgproc: open_sess(dst_sel=147, name=pipes)
[0m[0;36m[T5:imgproc @     184520] Creating Activity FFT0
[0m[0;36m[T5:imgproc @     184611] Creating Activity MUL0
[0m[0;36m[T5:imgproc @     184694] Creating Activity IFFT0
[0m[0;36m[T5:imgproc @     184829] Connecting input and output...
[0m[0;36m[T5:imgproc @     184903] Starting chain...
[0mwarn: PowerState: More than one power state change request encountered within the same simulation tick
[0;35m[T4:pager   @     187685] /bin/imgproc: close_sess(sel=147)
[0m[0;35m[T4:pager   @     187699] /bin/imgproc: open_sess(dst_sel=191, name=pipes)
[0m[0;36m[T5:imgproc @     187739] Creating Activity FFT0
[0m[0;36m[T5:imgproc @     187847] Creating Activity MUL0
[0m[0;36m[T5:imgproc @     187995] Creating Activity IFFT0
[0m[0;36m[T5:imgproc @     188078] Connecting input and output...
[0m[0;36m[T5:imgproc @     188154] Starting chain...
[0mwarn: PowerState: More than one power state change request encountered within the same simulation tick
[0;35m[T4:pager   @     190932] /bin/imgproc: close_sess(sel=191)
[0m[0;35m[T4:pager   @     190945] /bin/imgproc: open_sess(dst_sel=235, name=pipes)
[0m[0;36m[T5:imgproc @     190986] Creating Activity FFT0
[0m[0;36m[T5:imgproc @     191086] Creating Activity MUL0
[0m[0;36m[T5:imgproc @     191167] Creating Activity IFFT0
[0m[0;36m[T5:imgproc @     191251] Connecting input and output...
[0m[0;36m[T5:imgproc @     191322] Starting chain...
[0m[0;35m[T4:pager   @     194084] /bin/imgproc: close_sess(sel=235)
[0m[0;35m[T4:pager   @     194096] /bin/imgproc: open_sess(dst_sel=279, name=pipes)
[0m[0;36m[T5:imgproc @     194129] Creating Activity FFT0
[0m[0;36m[T5:imgproc @     194223] Creating Activity MUL0
[0m[0;36m[T5:imgproc @     194314] Creating Activity IFFT0
[0m[0;36m[T5:imgproc @     194394] Connecting input and output...
[0m[0;36m[T5:imgproc @     194464] Starting chain...
[0m[0;35m[T4:pager   @     197223] /bin/imgproc: close_sess(sel=279)
[0m[0;35m[T4:pager   @     197234] /bin/imgproc: open_sess(dst_sel=323, name=pipes)
[0m[0;36m[T5:imgproc @     197272] Creating Activity FFT0
[0m[0;36m[T5:imgproc @     197364] Creating Activity MUL0
[0m[0;36m[T5:imgproc @     197448] Creating Activity IFFT0
[0m[0;36m[T5:imgproc @     197577] Connecting input and output...
[0m[0;36m[T5:imgproc @     197648] Starting chain...
[0mwarn: PowerState: More than one power state change request encountered within the same simulation tick
[0;35m[T4:pager   @     200417] /bin/imgproc: close_sess(sel=323)
[0m[0;35m[T4:pager   @     200429] /bin/imgproc: open_sess(dst_sel=367, name=pipes)
[0m[0;36m[T5:imgproc @     200468] Creating Activity FFT0
[0m[0;36m[T5:imgproc @     200566] Creating Activity MUL0
[0m[0;36m[T5:imgproc @     200660] Creating Activity IFFT0
[0m[0;36m[T5:imgproc @     200804] Connecting input and output...
[0m[0;36m[T5:imgproc @     200879] Starting chain...
[0m[0;35m[T4:pager   @     203665] /bin/imgproc: close_sess(sel=367)
[0m[0;35m[T4:pager   @     203679] /bin/imgproc: open_sess(dst_sel=411, name=pipes)
[0m[0;36m[T5:imgproc @     203716] Creating Activity FFT0
[0m[0;36m[T5:imgproc @     203814] Creating Activity MUL0
[0m[0;36m[T5:imgproc @     203907] Creating Activity IFFT0
[0m[0;36m[T5:imgproc @     204039] Connecting input and output...
[0m[0;36m[T5:imgproc @     204114] Starting chain...
[0m[0;35m[T4:pager   @     206888] /bin/imgproc: close_sess(sel=411)
[0m[0;35m[T4:pager   @     206900] /bin/imgproc: open_sess(dst_sel=455, name=pipes)
[0m[0;36m[T5:imgproc @     206941] Creating Activity FFT0
[0m[0;36m[T5:imgproc @     207046] Creating Activity MUL0
[0m[0;36m[T5:imgproc @     207137] Creating Activity IFFT0
[0m[0;36m[T5:imgproc @     207266] Connecting input and output...
[0m[0;36m[T5:imgproc @     207340] Starting chain...
[0m[0;35m[T4:pager   @     210117] /bin/imgproc: close_sess(sel=455)
[0m! src/apps/bench/imgproc/imgproc.cc:105  PERF "imgproc-dir (1 chains)": 5156595 cycles (+/- 12890 cycles with 8 runs)
[0;32m[T1:root    @     210905] Sending SHUTDOWN to service 2:m3fs
[0m[0;32m[T1:root    @     210958] Sending SHUTDOWN to service 1:pipes
[0m[0;32m[T1:root    @     210976] m3fs: unreg_serv(sel=51)
[0m[0;32m[T1:root    @     210984] Removing service 2:m3fs
[0m[0;32m[T1:root    @     211011] pipes: unreg_serv(sel=59)
[0m[0;32m[T1:root    @     211013] Removing service 1:pipes
[0m[0;32m[T1:root    @     211390] All childs gone. Exiting.
[0m[0;31m[T0:kernel  @     211537] Shutting down
[0mExiting @ tick 211553988000 because m5_exit instruction encountered
