/scratch/harshanavkis/ironbus/M3/run/imgproc_secure-0/boot-all.xml validates
gem5 Simulator System.  http://gem5.org
gem5 is copyrighted software; use the --copyright option for details.

gem5 version 21.0.0.0
gem5 compiled Sep 18 2026 09:10:56
gem5 started Sep 18 2026 09:12:30
gem5 executing on amy, pid 4051279
command line: platform/gem5/build/RISCV/gem5.opt --outdir=/scratch/harshanavkis/ironbus/M3/run/imgproc_secure-0 --debug-file=gem5.log --debug-flags=Tcu /scratch/harshanavkis/ironbus/M3/config/accels.py --cpu-type DerivO3CPU --isa riscv --cmd 'build/gem5-riscv-release/bin/kernel -f build/gem5-riscv-release/bench.img,build/gem5-riscv-release/bin/tilemux,build/gem5-riscv-release/bin/tilemux,build/gem5-riscv-release/bin/tilemux,build/gem5-riscv-release/bin/tilemux,build/gem5-riscv-release/bin/tilemux,build/gem5-riscv-release/bin/tilemux,build/gem5-riscv-release/bin/tilemux,build/gem5-riscv-release/bin/tilemux,build/gem5-riscv-release/bin/tilemux,build/gem5-riscv-release/bin/tilemux,build/gem5-riscv-release/bin/tilemux,build/gem5-riscv-release/bin/tilemux,build/gem5-riscv-release/bin/tilemux,build/gem5-riscv-release/bin/tilemux,build/gem5-riscv-release/bin/tilemux,' --mods /scratch/harshanavkis/ironbus/M3/run/imgproc_secure-0/boot.xml,build/gem5-riscv-release/bin/root,build/gem5-riscv-release/bin/m3fs,build/gem5-riscv-release/bin/pipes,build/gem5-riscv-release/bin/pager --cpu-clock=2GHz --sys-clock=2GHz --encr-latency=15 --par-pipe=1 --int-transfer-latency=0 --rng-latency=0 --sign-latency=0 --sign-ver-latency=0

info: Standard input is not a terminal, disabling listeners.
T00: build/gem5-riscv-release/bin/kernel -f build/gem5-riscv-release/bench.img
     Core =DerivO3CPU riscv @ 2GHz
     TCU  =eps:192, bufsz:2048 B, blocksz:64 B, count:16, tlb:128
     L1i$ =32 KiB (2-way assoc, 4 cycles)
     L1d$ =32 KiB (2-way assoc, 4 cycles)
     L2$  =256 KiB (8-way assoc, 12 cycles)
     Comp =Core -> TCU -> L1$ -> L2$

T01: build/gem5-riscv-release/bin/tilemux
     Core =DerivO3CPU riscv @ 2GHz
     TCU  =eps:192, bufsz:2048 B, blocksz:64 B, count:16, tlb:128
     L1i$ =32 KiB (2-way assoc, 4 cycles)
     L1d$ =32 KiB (2-way assoc, 4 cycles)
     L2$  =256 KiB (8-way assoc, 12 cycles)
     Comp =Core -> TCU -> L1$ -> L2$

T02: build/gem5-riscv-release/bin/tilemux
     Core =DerivO3CPU riscv @ 2GHz
     TCU  =eps:192, bufsz:2048 B, blocksz:64 B, count:16, tlb:128
     L1i$ =32 KiB (2-way assoc, 4 cycles)
     L1d$ =32 KiB (2-way assoc, 4 cycles)
     L2$  =256 KiB (8-way assoc, 12 cycles)
     Comp =Core -> TCU -> L1$ -> L2$

T03: build/gem5-riscv-release/bin/tilemux
     Core =DerivO3CPU riscv @ 2GHz
     TCU  =eps:192, bufsz:2048 B, blocksz:64 B, count:16, tlb:128
     L1i$ =32 KiB (2-way assoc, 4 cycles)
     L1d$ =32 KiB (2-way assoc, 4 cycles)
     L2$  =256 KiB (8-way assoc, 12 cycles)
     Comp =Core -> TCU -> L1$ -> L2$

T04: build/gem5-riscv-release/bin/tilemux
     Core =DerivO3CPU riscv @ 2GHz
     TCU  =eps:192, bufsz:2048 B, blocksz:64 B, count:16, tlb:128
     L1i$ =32 KiB (2-way assoc, 4 cycles)
     L1d$ =32 KiB (2-way assoc, 4 cycles)
     L2$  =256 KiB (8-way assoc, 12 cycles)
     Comp =Core -> TCU -> L1$ -> L2$

T05: build/gem5-riscv-release/bin/tilemux
     Core =DerivO3CPU riscv @ 2GHz
     TCU  =eps:192, bufsz:2048 B, blocksz:64 B, count:16, tlb:128
     L1i$ =32 KiB (2-way assoc, 4 cycles)
     L1d$ =32 KiB (2-way assoc, 4 cycles)
     L2$  =256 KiB (8-way assoc, 12 cycles)
     Comp =Core -> TCU -> L1$ -> L2$

T06: build/gem5-riscv-release/bin/tilemux
     Core =DerivO3CPU riscv @ 2GHz
     TCU  =eps:192, bufsz:2048 B, blocksz:64 B, count:16, tlb:128
     L1i$ =32 KiB (2-way assoc, 4 cycles)
     L1d$ =32 KiB (2-way assoc, 4 cycles)
     L2$  =256 KiB (8-way assoc, 12 cycles)
     Comp =Core -> TCU -> L1$ -> L2$

T07: build/gem5-riscv-release/bin/tilemux
     Core =DerivO3CPU riscv @ 2GHz
     TCU  =eps:192, bufsz:2048 B, blocksz:64 B, count:16, tlb:128
     L1i$ =32 KiB (2-way assoc, 4 cycles)
     L1d$ =32 KiB (2-way assoc, 4 cycles)
     L2$  =256 KiB (8-way assoc, 12 cycles)
     Comp =Core -> TCU -> L1$ -> L2$

T08: build/gem5-riscv-release/bin/tilemux
     Core =DerivO3CPU riscv @ 2GHz
     TCU  =eps:192, bufsz:2048 B, blocksz:64 B, count:16, tlb:128
     L1i$ =32 KiB (2-way assoc, 4 cycles)
     L1d$ =32 KiB (2-way assoc, 4 cycles)
     L2$  =256 KiB (8-way assoc, 12 cycles)
     Comp =Core -> TCU -> L1$ -> L2$

T09: build/gem5-riscv-release/bin/tilemux
     Core =DerivO3CPU riscv @ 2GHz
     TCU  =eps:192, bufsz:2048 B, blocksz:64 B, count:16, tlb:128
     L1i$ =32 KiB (2-way assoc, 4 cycles)
     L1d$ =32 KiB (2-way assoc, 4 cycles)
     L2$  =256 KiB (8-way assoc, 12 cycles)
     Comp =Core -> TCU -> L1$ -> L2$

T10: build/gem5-riscv-release/bin/tilemux
     Core =DerivO3CPU riscv @ 2GHz
     TCU  =eps:192, bufsz:2048 B, blocksz:64 B, count:16, tlb:128
     L1i$ =32 KiB (2-way assoc, 4 cycles)
     L1d$ =32 KiB (2-way assoc, 4 cycles)
     L2$  =256 KiB (8-way assoc, 12 cycles)
     Comp =Core -> TCU -> L1$ -> L2$

T11: build/gem5-riscv-release/bin/tilemux
     Core =DerivO3CPU riscv @ 2GHz
     TCU  =eps:192, bufsz:2048 B, blocksz:64 B, count:16, tlb:128
     L1i$ =32 KiB (2-way assoc, 4 cycles)
     L1d$ =32 KiB (2-way assoc, 4 cycles)
     L2$  =256 KiB (8-way assoc, 12 cycles)
     Comp =Core -> TCU -> L1$ -> L2$

T12: build/gem5-riscv-release/bin/tilemux
     Core =DerivO3CPU riscv @ 2GHz
     TCU  =eps:192, bufsz:2048 B, blocksz:64 B, count:16, tlb:128
     L1i$ =32 KiB (2-way assoc, 4 cycles)
     L1d$ =32 KiB (2-way assoc, 4 cycles)
     L2$  =256 KiB (8-way assoc, 12 cycles)
     Comp =Core -> TCU -> L1$ -> L2$

T13: build/gem5-riscv-release/bin/tilemux
     Core =DerivO3CPU riscv @ 2GHz
     TCU  =eps:192, bufsz:2048 B, blocksz:64 B, count:16, tlb:128
     L1i$ =32 KiB (2-way assoc, 4 cycles)
     L1d$ =32 KiB (2-way assoc, 4 cycles)
     L2$  =256 KiB (8-way assoc, 12 cycles)
     Comp =Core -> TCU -> L1$ -> L2$

T14: build/gem5-riscv-release/bin/tilemux
     Core =DerivO3CPU riscv @ 2GHz
     TCU  =eps:192, bufsz:2048 B, blocksz:64 B, count:16, tlb:128
     L1i$ =32 KiB (2-way assoc, 4 cycles)
     L1d$ =32 KiB (2-way assoc, 4 cycles)
     L2$  =256 KiB (8-way assoc, 12 cycles)
     Comp =Core -> TCU -> L1$ -> L2$

T15: build/gem5-riscv-release/bin/tilemux
     Core =DerivO3CPU riscv @ 2GHz
     TCU  =eps:192, bufsz:2048 B, blocksz:64 B, count:16, tlb:128
     L1i$ =32 KiB (2-way assoc, 4 cycles)
     L1d$ =32 KiB (2-way assoc, 4 cycles)
     L2$  =256 KiB (8-way assoc, 12 cycles)
     Comp =Core -> TCU -> L1$ -> L2$

T16: indir accelerator @ 1GHz
     TCU  =eps:192, bufsz:2048 B, blocksz:2048 B, count:16, tlb:0
     imem =4096 KiB
     Comp =Core -> TCU -> SPM

T17: indir accelerator @ 1GHz
     TCU  =eps:192, bufsz:2048 B, blocksz:2048 B, count:16, tlb:0
     imem =4096 KiB
     Comp =Core -> TCU -> SPM

T18: indir accelerator @ 1GHz
     TCU  =eps:192, bufsz:2048 B, blocksz:2048 B, count:16, tlb:0
     imem =4096 KiB
     Comp =Core -> TCU -> SPM

T19: indir accelerator @ 1GHz
     TCU  =eps:192, bufsz:2048 B, blocksz:2048 B, count:16, tlb:0
     imem =4096 KiB
     Comp =Core -> TCU -> SPM

T20: copy accelerator @ 1GHz
     TCU  =eps:192, bufsz:2048 B, blocksz:2048 B, count:16, tlb:0
     imem =4096 KiB
     Comp =Core -> TCU -> SPM

T21: copy accelerator @ 1GHz
     TCU  =eps:192, bufsz:2048 B, blocksz:2048 B, count:16, tlb:0
     imem =4096 KiB
     Comp =Core -> TCU -> SPM

T22: copy accelerator @ 1GHz
     TCU  =eps:192, bufsz:2048 B, blocksz:2048 B, count:16, tlb:0
     imem =4096 KiB
     Comp =Core -> TCU -> SPM

T23: copy accelerator @ 1GHz
     TCU  =eps:192, bufsz:2048 B, blocksz:2048 B, count:16, tlb:0
     imem =4096 KiB
     Comp =Core -> TCU -> SPM

T24: rot13 accelerator @ 1GHz
     TCU  =eps:192, bufsz:2048 B, blocksz:2048 B, count:16, tlb:0
     imem =4096 KiB
     Comp =Core -> TCU -> SPM

T25: SerialInput
     TCU  =eps:192, bufsz:2048 B, blocksz:2048 B, count:16, tlb:0
     Comp =TCU -> SerialInput

T26: build/gem5-riscv-release/bench.img x 1
     TCU  =eps:192, bufsz:2048 B, blocksz:2048 B, count:16, tlb:0
     imem =3145728 KiB
     Comp =TCU -> DRAM

Global frequency set at 1000000000000 ticks per second
warn: No dot file generated. Please install pydot to generate the dot file and pdf.
warn: DRAM device capacity (49152 Mbytes) does not match the address range assigned (4096 Mbytes)
warn: Sockets disabled, not accepting terminal connections
warn: Sockets disabled, not accepting gdb connections
warn: CoherentXBar T16.xbar has no snooping ports attached!
warn: CoherentXBar T17.xbar has no snooping ports attached!
warn: CoherentXBar T18.xbar has no snooping ports attached!
warn: CoherentXBar T19.xbar has no snooping ports attached!
warn: CoherentXBar T20.xbar has no snooping ports attached!
warn: CoherentXBar T21.xbar has no snooping ports attached!
warn: CoherentXBar T22.xbar has no snooping ports attached!
warn: CoherentXBar T23.xbar has no snooping ports attached!
warn: CoherentXBar T24.xbar has no snooping ports attached!
warn: CoherentXBar T25.xbar has no snooping ports attached!
warn: CoherentXBar T26.xbar has no snooping ports attached!
info: Loaded 'boot.xml' to 0x9a00000030000000 .. 0x9a000000300003ce
info: Loaded 'root' to 0x9a00000030001000 .. 0x9a000000300757a0
info: Loaded 'm3fs' to 0x9a00000030076000 .. 0x9a000000300cc390
info: Loaded 'pipes' to 0x9a000000300cd000 .. 0x9a00000030112bd8
info: Loaded 'pager' to 0x9a00000030113000 .. 0x9a00000030192c90
info: Entering event queue @ 0.  Starting simulation...
warn: T0,PMP-EP65535: invalid EP
warn: T15,PMP-EP65535: invalid EP
warn: T14,PMP-EP65535: invalid EP
warn: T13,PMP-EP65535: invalid EP
warn: T12,PMP-EP65535: invalid EP
warn: T11,PMP-EP65535: invalid EP
warn: T10,PMP-EP65535: invalid EP
warn: T9,PMP-EP65535: invalid EP
warn: T8,PMP-EP65535: invalid EP
warn: T7,PMP-EP65535: invalid EP
warn: T6,PMP-EP65535: invalid EP
warn: T5,PMP-EP65535: invalid EP
warn: T3,PMP-EP65535: invalid EP
warn: T4,PMP-EP65535: invalid EP
warn: T2,PMP-EP65535: invalid EP
warn: T1,PMP-EP65535: invalid EP
warn: T13,PMP-EP65535: invalid EP
warn: T14,PMP-EP65535: invalid EP
warn: T9,PMP-EP65535: invalid EP
warn: T15,PMP-EP65535: invalid EP
warn: T12,PMP-EP65535: invalid EP
warn: T11,PMP-EP65535: invalid EP
warn: T0,PMP-EP65535: invalid EP
warn: T10,PMP-EP65535: invalid EP
warn: T8,PMP-EP65535: invalid EP
warn: T5,PMP-EP65535: invalid EP
warn: T1,PMP-EP65535: invalid EP
warn: T6,PMP-EP65535: invalid EP
warn: T3,PMP-EP65535: invalid EP
warn: T7,PMP-EP65535: invalid EP
warn: T4,PMP-EP65535: invalid EP
warn: T2,PMP-EP65535: invalid EP
[0;31m[T0:kernel  @        107] Entered raw mode; Quit via Ctrl+]
[0mwarn: T14,PMP-EP65535: invalid EP
warn: T14,PMP-EP65535: invalid EP
warn: T14,PMP-EP65535: invalid EP
warn: T15,PMP-EP65535: invalid EP
warn: T15,PMP-EP65535: invalid EP
warn: T15,PMP-EP65535: invalid EP
warn: T14,PMP-EP65535: invalid EP
warn: T15,PMP-EP65535: invalid EP
warn: T12,PMP-EP65535: invalid EP
warn: T12,PMP-EP65535: invalid EP
warn: T12,PMP-EP65535: invalid EP
warn: T13,PMP-EP65535: invalid EP
warn: T13,PMP-EP65535: invalid EP
warn: T11,PMP-EP65535: invalid EP
warn: T11,PMP-EP65535: invalid EP
warn: T11,PMP-EP65535: invalid EP
warn: T13,PMP-EP65535: invalid EP
warn: T12,PMP-EP65535: invalid EP
warn: T11,PMP-EP65535: invalid EP
warn: T8,PMP-EP65535: invalid EP
warn: T8,PMP-EP65535: invalid EP
warn: T8,PMP-EP65535: invalid EP
warn: T9,PMP-EP65535: invalid EP
warn: T9,PMP-EP65535: invalid EP
warn: T9,PMP-EP65535: invalid EP
warn: T8,PMP-EP65535: invalid EP
warn: T4,PMP-EP65535: invalid EP
warn: T4,PMP-EP65535: invalid EP
warn: T4,PMP-EP65535: invalid EP
warn: T9,PMP-EP65535: invalid EP
warn: T1,PMP-EP65535: invalid EP
warn: T1,PMP-EP65535: invalid EP
warn: T1,PMP-EP65535: invalid EP
warn: T6,PMP-EP65535: invalid EP
warn: T6,PMP-EP65535: invalid EP
warn: T6,PMP-EP65535: invalid EP
warn: T10,PMP-EP65535: invalid EP
warn: T10,PMP-EP65535: invalid EP
warn: T10,PMP-EP65535: invalid EP
warn: T4,PMP-EP65535: invalid EP
warn: T2,PMP-EP65535: invalid EP
warn: T2,PMP-EP65535: invalid EP
warn: T2,PMP-EP65535: invalid EP
warn: T7,PMP-EP65535: invalid EP
warn: T7,PMP-EP65535: invalid EP
warn: T7,PMP-EP65535: invalid EP
warn: T3,PMP-EP65535: invalid EP
warn: T3,PMP-EP65535: invalid EP
warn: T3,PMP-EP65535: invalid EP
warn: T5,PMP-EP65535: invalid EP
warn: T5,PMP-EP65535: invalid EP
warn: T5,PMP-EP65535: invalid EP
warn: T1,PMP-EP65535: invalid EP
warn: T6,PMP-EP65535: invalid EP
warn: T10,PMP-EP65535: invalid EP
warn: T2,PMP-EP65535: invalid EP
warn: T7,PMP-EP65535: invalid EP
warn: T3,PMP-EP65535: invalid EP
warn: T5,PMP-EP65535: invalid EP
[0;31m[T0:kernel  @        196] Attesting tile: 1
[0m[0;31m[T0:kernel  @       5295] Attestation complete: 1, 10192425 cycles
[0m[0;31m[T0:kernel  @       5299] Attesting tile: 2
[0m[0;31m[T0:kernel  @      10394] Attestation complete: 2, 10185205 cycles
[0m[0;31m[T0:kernel  @      10397] Attesting tile: 3
[0m[0;31m[T0:kernel  @      15491] Attestation complete: 3, 10184010 cycles
[0m[0;31m[T0:kernel  @      15494] Attesting tile: 4
[0m[0;31m[T0:kernel  @      20588] Attestation complete: 4, 10183751 cycles
[0m[0;31m[T0:kernel  @      20591] Attesting tile: 5
[0m[0;31m[T0:kernel  @      25685] Attestation complete: 5, 10183264 cycles
[0m[0;31m[T0:kernel  @      25688] Attesting tile: 6
[0m[0;31m[T0:kernel  @      30782] Attestation complete: 6, 10183429 cycles
[0m[0;31m[T0:kernel  @      30785] Attesting tile: 7
[0m[0;31m[T0:kernel  @      35878] Attestation complete: 7, 10183209 cycles
[0m[0;31m[T0:kernel  @      35881] Attesting tile: 8
[0m[0;31m[T0:kernel  @      40975] Attestation complete: 8, 10183100 cycles
[0m[0;31m[T0:kernel  @      40978] Attesting tile: 9
[0m[0;31m[T0:kernel  @      46072] Attestation complete: 9, 10183007 cycles
[0m[0;31m[T0:kernel  @      46075] Attesting tile: 10
[0m[0;31m[T0:kernel  @      51168] Attestation complete: 10, 10183449 cycles
[0m[0;31m[T0:kernel  @      51171] Attesting tile: 11
[0m[0;31m[T0:kernel  @      56265] Attestation complete: 11, 10183005 cycles
[0m[0;31m[T0:kernel  @      56268] Attesting tile: 12
[0m[0;31m[T0:kernel  @      61362] Attestation complete: 12, 10183005 cycles
[0m[0;31m[T0:kernel  @      61364] Attesting tile: 13
[0m[0;31m[T0:kernel  @      66458] Attestation complete: 13, 10183084 cycles
[0m[0;31m[T0:kernel  @      66461] Attesting tile: 14
[0m[0;31m[T0:kernel  @      71555] Attestation complete: 14, 10183129 cycles
[0m[0;31m[T0:kernel  @      71558] Attesting tile: 15
[0m[0;31m[T0:kernel  @      76651] Attestation complete: 15, 10183033 cycles
[0m[0;31m[T0:kernel  @      76654] Attesting tile: 16
[0m[0;31m[T0:kernel  @      84338] Attestation complete: 16, 15362696 cycles
[0m[0;31m[T0:kernel  @      84341] Attesting tile: 17
[0m[0;31m[T0:kernel  @      92024] Attestation complete: 17, 15362884 cycles
[0m[0;31m[T0:kernel  @      92027] Attesting tile: 18
[0m[0;31m[T0:kernel  @      99711] Attestation complete: 18, 15362622 cycles
[0m[0;31m[T0:kernel  @      99714] Attesting tile: 19
[0m[0;31m[T0:kernel  @     107397] Attestation complete: 19, 15362393 cycles
[0m[0;31m[T0:kernel  @     107400] Attesting tile: 20
[0m[0;31m[T0:kernel  @     115083] Attestation complete: 20, 15362368 cycles
[0m[0;31m[T0:kernel  @     115086] Attesting tile: 21
[0m[0;31m[T0:kernel  @     122769] Attestation complete: 21, 15362331 cycles
[0m[0;31m[T0:kernel  @     122772] Attesting tile: 22
[0m[0;31m[T0:kernel  @     130455] Attestation complete: 22, 15363051 cycles
[0m[0;31m[T0:kernel  @     130458] Attesting tile: 23
[0m[0;31m[T0:kernel  @     138142] Attestation complete: 23, 15362250 cycles
[0m[0;31m[T0:kernel  @     138144] Attesting tile: 24
[0m[0;31m[T0:kernel  @     145828] Attestation complete: 24, 15362201 cycles
[0m[0;31m[T0:kernel  @     145830] Attesting tile: 25
[0m[0;31m[T0:kernel  @     153514] Attestation complete: 25, 15362346 cycles
[0m[0;31m[T0:kernel  @     153517] Attesting tile: 26
[0m[0;31m[T0:kernel  @     158611] Attestation complete: 26, 10183020 cycles
[0m[0;31m[T0:kernel  @     158676] Kernel is ready!
[0m[0;32m[T1:root    @     158954] Boot modules:
[0m[0;32m[T1:root    @     158961]   Mod[addr: G[Tile26+0x30000000], size: 0x3ce, name: boot.xml]
[0m[0;32m[T1:root    @     158965]   Mod[addr: G[Tile26+0x30001000], size: 0x747a0, name: root]
[0m[0;32m[T1:root    @     158968]   Mod[addr: G[Tile26+0x30076000], size: 0x56390, name: m3fs]
[0m[0;32m[T1:root    @     158972]   Mod[addr: G[Tile26+0x300cd000], size: 0x45bd8, name: pipes]
[0m[0;32m[T1:root    @     158975]   Mod[addr: G[Tile26+0x30113000], size: 0x7fc90, name: pager]
[0m[0;32m[T1:root    @     158976] Available tiles:
[0m[0;32m[T1:root    @     158982]   Tile01: COMP_EMEM RISCV (empty) 0 KiB memory
[0m[0;32m[T1:root    @     158986]   Tile02: COMP_EMEM RISCV (empty) 0 KiB memory
[0m[0;32m[T1:root    @     158989]   Tile03: COMP_EMEM RISCV (empty) 0 KiB memory
[0m[0;32m[T1:root    @     158992]   Tile04: COMP_EMEM RISCV (empty) 0 KiB memory
[0m[0;32m[T1:root    @     158995]   Tile05: COMP_EMEM RISCV (empty) 0 KiB memory
[0m[0;32m[T1:root    @     158999]   Tile06: COMP_EMEM RISCV (empty) 0 KiB memory
[0m[0;32m[T1:root    @     159002]   Tile07: COMP_EMEM RISCV (empty) 0 KiB memory
[0m[0;32m[T1:root    @     159005]   Tile08: COMP_EMEM RISCV (empty) 0 KiB memory
[0m[0;32m[T1:root    @     159008]   Tile09: COMP_EMEM RISCV (empty) 0 KiB memory
[0m[0;32m[T1:root    @     159012]   Tile10: COMP_EMEM RISCV (empty) 0 KiB memory
[0m[0;32m[T1:root    @     159015]   Tile11: COMP_EMEM RISCV (empty) 0 KiB memory
[0m[0;32m[T1:root    @     159018]   Tile12: COMP_EMEM RISCV (empty) 0 KiB memory
[0m[0;32m[T1:root    @     159021]   Tile13: COMP_EMEM RISCV (empty) 0 KiB memory
[0m[0;32m[T1:root    @     159023]   Tile14: COMP_EMEM RISCV (empty) 0 KiB memory
[0m[0;32m[T1:root    @     159027]   Tile15: COMP_EMEM RISCV (empty) 0 KiB memory
[0m[0;32m[T1:root    @     159030]   Tile16: COMP_IMEM ACCEL_INDIR (empty) 4096 KiB memory
[0m[0;32m[T1:root    @     159033]   Tile17: COMP_IMEM ACCEL_INDIR (empty) 4096 KiB memory
[0m[0;32m[T1:root    @     159038]   Tile18: COMP_IMEM ACCEL_INDIR (empty) 4096 KiB memory
[0m[0;32m[T1:root    @     159041]   Tile19: COMP_IMEM ACCEL_INDIR (empty) 4096 KiB memory
[0m[0;32m[T1:root    @     159044]   Tile20: COMP_IMEM ACCEL_COPY (empty) 4096 KiB memory
[0m[0;32m[T1:root    @     159047]   Tile21: COMP_IMEM ACCEL_COPY (empty) 4096 KiB memory
[0m[0;32m[T1:root    @     159051]   Tile22: COMP_IMEM ACCEL_COPY (empty) 4096 KiB memory
[0m[0;32m[T1:root    @     159054]   Tile23: COMP_IMEM ACCEL_COPY (empty) 4096 KiB memory
[0m[0;32m[T1:root    @     159057]   Tile24: COMP_IMEM ACCEL_ROT13 (empty) 4096 KiB memory
[0m[0;32m[T1:root    @     159060]   Tile25: COMP_IMEM SERIAL_DEV (empty) 0 KiB memory
[0m[0;32m[T1:root    @     159062] Available memory:
[0m[0;32m[T1:root    @     159067]   MemMod[sel: 35, res: true, addr: G[Tile26+0x0], size: 1264 MiB]
[0m[0;32m[T1:root    @     159072]   MemMod[sel: 36, res: false, addr: G[Tile26+0x53600000], size: 959 MiB]
[0m[0;32m[T1:root    @     159074] Parsed Config [
[0m[0;32m[T1:root    @     159076]   root [
[0m[0;32m[T1:root    @     159081]     Domain on core [
[0m[0;32m[T1:root    @     159084]       m3fs mem 268435456 [
[0m[0;32m[T1:root    @     159086]         Daemon,
[0m[0;32m[T1:root    @     159090]         PhysMem[addr=0x0, size=0x40000 KiB, perm=R | W | X | RW | RWX],
[0m[0;32m[T1:root    @     159094]         Service[lname='m3fs', gname='m3fs'],
[0m[0;32m[T1:root    @     159096]       ]
[0m[0;32m[T1:root    @     159098]     ]
[0m[0;32m[T1:root    @     159100]     Domain on core [
[0m[0;32m[T1:root    @     159102]       pipes [
[0m[0;32m[T1:root    @     159104]         Daemon,
[0m[0;32m[T1:root    @     159107]         Service[lname='pipes', gname='pipes'],
[0m[0;32m[T1:root    @     159109]       ]
[0m[0;32m[T1:root    @     159110]     ]
[0m[0;32m[T1:root    @     159112]     Domain on core [
[0m[0;32m[T1:root    @     159114]       pager 268435456 [
[0m[0;32m[T1:root    @     159118]         PhysMem[addr=0x0, size=0x40000 KiB, perm=R],
[0m[0;32m[T1:root    @     159121]         SessCreator[service='pipes', count=None],
[0m[0;32m[T1:root    @     159124]         Session[lname='m3fs', gname='m3fs', arg='', dep=true],
[0m[0;32m[T1:root    @     159128]         Tile[type=core, count=1, optional=false],
[0m[0;32m[T1:root    @     159130]         Domain on core [
[0m[0;32m[T1:root    @     159135]           /bin/imgproc -m dir -n 1 -r 8 /large.txt [
[0m[0;32m[T1:root    @     159138]             Session[lname='pipes', gname='pipes', arg='', dep=true],
[0m[0;32m[T1:root    @     159141]             Mount[fs='m3fs', path='/'],
[0m[0;32m[T1:root    @     159145]             Tile[type=copy, count=3, optional=false],
[0m[0;32m[T1:root    @     159147]           ]
[0m[0;32m[T1:root    @     159148]         ]
[0m[0;32m[T1:root    @     159150]       ]
[0m[0;32m[T1:root    @     159152]     ]
[0m[0;32m[T1:root    @     159153]   ]
[0m[0;32m[T1:root    @     159154] ]
[0m[0;32m[T1:root    @     159155] 
[0m[0;32m[T1:root    @     159745] Starting boot module 'm3fs' on tile2 with arguments ["mem", "268435456"]
[0m[0;32m[T1:root    @     160005] Starting boot module 'pipes' on tile3 with arguments []
[0m[0;32m[T1:root    @     160244] pipes: reg_serv(srv_sel=59, sgate_sel=64, name=pipes, sessions=32)
[0m[0;32m[T1:root    @     160250] Creating service 1:pipes
[0m[0;32m[T1:root    @     160572] m3fs: reg_serv(srv_sel=51, sgate_sel=55, name=m3fs, sessions=32)
[0m[0;32m[T1:root    @     160577] Creating service 2:m3fs
[0m[0;32m[T1:root    @     160645] Creating service 1:pipes
[0m[0;32m[T1:root    @     160659] Starting boot module 'pager' on tile4 with arguments ["268435456"]
[0m[0;35m[T4:pager   @     160929] Boot modules:
[0m[0;35m[T4:pager   @     160937]   Mod[addr: G[Tile26+0x80600000], size: 0x21d, name: boot.xml]
[0m[0;35m[T4:pager   @     160938] Available tiles:
[0m[0;35m[T4:pager   @     160944]   Tile04: COMP_EMEM RISCV (empty) 0 KiB memory
[0m[0;35m[T4:pager   @     160948]   Tile20: COMP_IMEM ACCEL_COPY (empty) 4096 KiB memory
[0m[0;35m[T4:pager   @     160951]   Tile21: COMP_IMEM ACCEL_COPY (empty) 4096 KiB memory
[0m[0;35m[T4:pager   @     160954]   Tile22: COMP_IMEM ACCEL_COPY (empty) 4096 KiB memory
[0m[0;35m[T4:pager   @     160957] Available memory:
[0m[0;35m[T4:pager   @     160962]   MemMod[sel: 10, res: false, addr: G[Tile26+0x71800000], size: 119 MiB]
[0m[0;35m[T4:pager   @     160964] Services:
[0m[0;35m[T4:pager   @     160966]   Service[name=pipes, sessions=32]
[0m[0;35m[T4:pager   @     160969] Creating service 1:pipes
[0m[0;32m[T1:root    @     160978] pager: open_sess(dst_sel=78, name=m3fs)
[0m[0;35m[T4:pager   @     161524] Starting boot module '/bin/imgproc' on tile5 with arguments ["-m", "dir", "-n", "1", "-r", "8", "/large.txt"]
[0m[0;35m[T4:pager   @     161882] /bin/imgproc: open_sess(dst_sel=101, name=pipes)
[0m[0;36m[T5:imgproc @     161933] Creating Activity FFT0
[0m[0;36m[T5:imgproc @     161995] Creating Activity MUL0
[0m[0;36m[T5:imgproc @     162045] Creating Activity IFFT0
[0m[0;36m[T5:imgproc @     162081] Connecting input and output...
[0m[0;36m[T5:imgproc @     162109] Starting chain...
[0m[0;35m[T4:pager   @     162554] /bin/imgproc: close_sess(sel=101)
[0m[0;35m[T4:pager   @     162565] /bin/imgproc: open_sess(dst_sel=147, name=pipes)
[0m[0;36m[T5:imgproc @     162589] Creating Activity FFT0
[0m[0;36m[T5:imgproc @     162628] Creating Activity MUL0
[0m[0;36m[T5:imgproc @     162660] Creating Activity IFFT0
[0m[0;36m[T5:imgproc @     162711] Connecting input and output...
[0m[0;36m[T5:imgproc @     162736] Starting chain...
[0m[0;35m[T4:pager   @     163155] /bin/imgproc: close_sess(sel=147)
[0m[0;35m[T4:pager   @     163162] /bin/imgproc: open_sess(dst_sel=191, name=pipes)
[0m[0;36m[T5:imgproc @     163185] Creating Activity FFT0
[0m[0;36m[T5:imgproc @     163228] Creating Activity MUL0
[0m[0;36m[T5:imgproc @     163282] Creating Activity IFFT0
[0m[0;36m[T5:imgproc @     163317] Connecting input and output...
[0m[0;36m[T5:imgproc @     163341] Starting chain...
[0m[0;35m[T4:pager   @     163760] /bin/imgproc: close_sess(sel=191)
[0m[0;35m[T4:pager   @     163767] /bin/imgproc: open_sess(dst_sel=235, name=pipes)
[0m[0;36m[T5:imgproc @     163788] Creating Activity FFT0
[0m[0;36m[T5:imgproc @     163829] Creating Activity MUL0
[0m[0;36m[T5:imgproc @     163863] Creating Activity IFFT0
[0m[0;36m[T5:imgproc @     163897] Connecting input and output...
[0m[0;36m[T5:imgproc @     163921] Starting chain...
[0m[0;35m[T4:pager   @     164339] /bin/imgproc: close_sess(sel=235)
[0m[0;35m[T4:pager   @     164346] /bin/imgproc: open_sess(dst_sel=279, name=pipes)
[0m[0;36m[T5:imgproc @     164368] Creating Activity FFT0
[0m[0;36m[T5:imgproc @     164407] Creating Activity MUL0
[0m[0;36m[T5:imgproc @     164442] Creating Activity IFFT0
[0m[0;36m[T5:imgproc @     164475] Connecting input and output...
[0m[0;36m[T5:imgproc @     164499] Starting chain...
[0m[0;35m[T4:pager   @     164914] /bin/imgproc: close_sess(sel=279)
[0m[0;35m[T4:pager   @     164920] /bin/imgproc: open_sess(dst_sel=323, name=pipes)
[0m[0;36m[T5:imgproc @     164941] Creating Activity FFT0
[0m[0;36m[T5:imgproc @     164979] Creating Activity MUL0
[0m[0;36m[T5:imgproc @     165013] Creating Activity IFFT0
[0m[0;36m[T5:imgproc @     165061] Connecting input and output...
[0m[0;36m[T5:imgproc @     165085] Starting chain...
[0m[0;35m[T4:pager   @     165501] /bin/imgproc: close_sess(sel=323)
[0m[0;35m[T4:pager   @     165508] /bin/imgproc: open_sess(dst_sel=367, name=pipes)
[0m[0;36m[T5:imgproc @     165529] Creating Activity FFT0
[0m[0;36m[T5:imgproc @     165569] Creating Activity MUL0
[0m[0;36m[T5:imgproc @     165605] Creating Activity IFFT0
[0m[0;36m[T5:imgproc @     165659] Connecting input and output...
[0m[0;36m[T5:imgproc @     165684] Starting chain...
[0m[0;35m[T4:pager   @     166105] /bin/imgproc: close_sess(sel=367)
[0m[0;35m[T4:pager   @     166112] /bin/imgproc: open_sess(dst_sel=411, name=pipes)
[0m[0;36m[T5:imgproc @     166133] Creating Activity FFT0
[0m[0;36m[T5:imgproc @     166173] Creating Activity MUL0
[0m[0;36m[T5:imgproc @     166208] Creating Activity IFFT0
[0m[0;36m[T5:imgproc @     166257] Connecting input and output...
[0m[0;36m[T5:imgproc @     166281] Starting chain...
[0m[0;35m[T4:pager   @     166699] /bin/imgproc: close_sess(sel=411)
[0m[0;35m[T4:pager   @     166705] /bin/imgproc: open_sess(dst_sel=455, name=pipes)
[0m[0;36m[T5:imgproc @     166727] Creating Activity FFT0
[0m[0;36m[T5:imgproc @     166767] Creating Activity MUL0
[0m[0;36m[T5:imgproc @     166802] Creating Activity IFFT0
[0m[0;36m[T5:imgproc @     166851] Connecting input and output...
[0m[0;36m[T5:imgproc @     166875] Starting chain...
[0m[0;35m[T4:pager   @     167292] /bin/imgproc: close_sess(sel=455)
[0m! src/apps/bench/imgproc/imgproc.cc:105  PERF "imgproc-dir (1 chains)": 673948 cycles (+/- 2384 cycles with 8 runs)
[0;32m[T1:root    @     167524] Sending SHUTDOWN to service 2:m3fs
[0m[0;32m[T1:root    @     167535] Sending SHUTDOWN to service 1:pipes
[0m[0;32m[T1:root    @     167541] m3fs: unreg_serv(sel=51)
[0m[0;32m[T1:root    @     167543] Removing service 2:m3fs
[0m[0;32m[T1:root    @     167555] pipes: unreg_serv(sel=59)
[0m[0;32m[T1:root    @     167557] Removing service 1:pipes
[0m[0;32m[T1:root    @     167662] All childs gone. Exiting.
[0m[0;31m[T0:kernel  @     167706] Shutting down
[0mExiting @ tick 167710312000 because m5_exit instruction encountered
stty: 'standard input': Inappropriate ioctl for device
