/scratch/harshanavkis/ironbus/M3/run/imgproc_non_secure-500/boot-all.xml validates
gem5 Simulator System.  http://gem5.org
gem5 is copyrighted software; use the --copyright option for details.

gem5 version 21.0.0.0
gem5 compiled Sep 17 2026 15:54:59
gem5 started Sep 17 2026 17:16:54
gem5 executing on amy, pid 2935999
command line: platform/gem5/build/RISCV/gem5.opt --outdir=/scratch/harshanavkis/ironbus/M3/run/imgproc_non_secure-500 --debug-file=gem5.log --debug-flags=Tcu /scratch/harshanavkis/ironbus/M3/config/accels.py --cpu-type DerivO3CPU --isa riscv --cmd 'build/gem5-riscv-release/bin/kernel -f build/gem5-riscv-release/bench.img,build/gem5-riscv-release/bin/tilemux,build/gem5-riscv-release/bin/tilemux,build/gem5-riscv-release/bin/tilemux,build/gem5-riscv-release/bin/tilemux,build/gem5-riscv-release/bin/tilemux,build/gem5-riscv-release/bin/tilemux,build/gem5-riscv-release/bin/tilemux,build/gem5-riscv-release/bin/tilemux,build/gem5-riscv-release/bin/tilemux,build/gem5-riscv-release/bin/tilemux,build/gem5-riscv-release/bin/tilemux,build/gem5-riscv-release/bin/tilemux,build/gem5-riscv-release/bin/tilemux,build/gem5-riscv-release/bin/tilemux,build/gem5-riscv-release/bin/tilemux,' --mods /scratch/harshanavkis/ironbus/M3/run/imgproc_non_secure-500/boot.xml,build/gem5-riscv-release/bin/root,build/gem5-riscv-release/bin/m3fs,build/gem5-riscv-release/bin/pipes,build/gem5-riscv-release/bin/pager --cpu-clock=2GHz --sys-clock=2GHz --encr-latency=0 --par-pipe=1 --int-transfer-latency=500 --rng-latency=0 --sign-latency=0 --sign-ver-latency=0

info: Standard input is not a terminal, disabling listeners.
T00: build/gem5-riscv-release/bin/kernel -f build/gem5-riscv-release/bench.img
     Core =DerivO3CPU riscv @ 2GHz
     TCU  =eps:192, bufsz:2048 B, blocksz:64 B, count:16, tlb:128
     L1i$ =32 KiB (2-way assoc, 4 cycles)
     L1d$ =32 KiB (2-way assoc, 4 cycles)
     L2$  =256 KiB (8-way assoc, 12 cycles)
     Comp =Core -> TCU -> L1$ -> L2$

T01: build/gem5-riscv-release/bin/tilemux
     Core =DerivO3CPU riscv @ 2GHz
     TCU  =eps:192, bufsz:2048 B, blocksz:64 B, count:16, tlb:128
     L1i$ =32 KiB (2-way assoc, 4 cycles)
     L1d$ =32 KiB (2-way assoc, 4 cycles)
     L2$  =256 KiB (8-way assoc, 12 cycles)
     Comp =Core -> TCU -> L1$ -> L2$

T02: build/gem5-riscv-release/bin/tilemux
     Core =DerivO3CPU riscv @ 2GHz
     TCU  =eps:192, bufsz:2048 B, blocksz:64 B, count:16, tlb:128
     L1i$ =32 KiB (2-way assoc, 4 cycles)
     L1d$ =32 KiB (2-way assoc, 4 cycles)
     L2$  =256 KiB (8-way assoc, 12 cycles)
     Comp =Core -> TCU -> L1$ -> L2$

T03: build/gem5-riscv-release/bin/tilemux
     Core =DerivO3CPU riscv @ 2GHz
     TCU  =eps:192, bufsz:2048 B, blocksz:64 B, count:16, tlb:128
     L1i$ =32 KiB (2-way assoc, 4 cycles)
     L1d$ =32 KiB (2-way assoc, 4 cycles)
     L2$  =256 KiB (8-way assoc, 12 cycles)
     Comp =Core -> TCU -> L1$ -> L2$

T04: build/gem5-riscv-release/bin/tilemux
     Core =DerivO3CPU riscv @ 2GHz
     TCU  =eps:192, bufsz:2048 B, blocksz:64 B, count:16, tlb:128
     L1i$ =32 KiB (2-way assoc, 4 cycles)
     L1d$ =32 KiB (2-way assoc, 4 cycles)
     L2$  =256 KiB (8-way assoc, 12 cycles)
     Comp =Core -> TCU -> L1$ -> L2$

T05: build/gem5-riscv-release/bin/tilemux
     Core =DerivO3CPU riscv @ 2GHz
     TCU  =eps:192, bufsz:2048 B, blocksz:64 B, count:16, tlb:128
     L1i$ =32 KiB (2-way assoc, 4 cycles)
     L1d$ =32 KiB (2-way assoc, 4 cycles)
     L2$  =256 KiB (8-way assoc, 12 cycles)
     Comp =Core -> TCU -> L1$ -> L2$

T06: build/gem5-riscv-release/bin/tilemux
     Core =DerivO3CPU riscv @ 2GHz
     TCU  =eps:192, bufsz:2048 B, blocksz:64 B, count:16, tlb:128
     L1i$ =32 KiB (2-way assoc, 4 cycles)
     L1d$ =32 KiB (2-way assoc, 4 cycles)
     L2$  =256 KiB (8-way assoc, 12 cycles)
     Comp =Core -> TCU -> L1$ -> L2$

T07: build/gem5-riscv-release/bin/tilemux
     Core =DerivO3CPU riscv @ 2GHz
     TCU  =eps:192, bufsz:2048 B, blocksz:64 B, count:16, tlb:128
     L1i$ =32 KiB (2-way assoc, 4 cycles)
     L1d$ =32 KiB (2-way assoc, 4 cycles)
     L2$  =256 KiB (8-way assoc, 12 cycles)
     Comp =Core -> TCU -> L1$ -> L2$

T08: build/gem5-riscv-release/bin/tilemux
     Core =DerivO3CPU riscv @ 2GHz
     TCU  =eps:192, bufsz:2048 B, blocksz:64 B, count:16, tlb:128
     L1i$ =32 KiB (2-way assoc, 4 cycles)
     L1d$ =32 KiB (2-way assoc, 4 cycles)
     L2$  =256 KiB (8-way assoc, 12 cycles)
     Comp =Core -> TCU -> L1$ -> L2$

T09: build/gem5-riscv-release/bin/tilemux
     Core =DerivO3CPU riscv @ 2GHz
     TCU  =eps:192, bufsz:2048 B, blocksz:64 B, count:16, tlb:128
     L1i$ =32 KiB (2-way assoc, 4 cycles)
     L1d$ =32 KiB (2-way assoc, 4 cycles)
     L2$  =256 KiB (8-way assoc, 12 cycles)
     Comp =Core -> TCU -> L1$ -> L2$

T10: build/gem5-riscv-release/bin/tilemux
     Core =DerivO3CPU riscv @ 2GHz
     TCU  =eps:192, bufsz:2048 B, blocksz:64 B, count:16, tlb:128
     L1i$ =32 KiB (2-way assoc, 4 cycles)
     L1d$ =32 KiB (2-way assoc, 4 cycles)
     L2$  =256 KiB (8-way assoc, 12 cycles)
     Comp =Core -> TCU -> L1$ -> L2$

T11: build/gem5-riscv-release/bin/tilemux
     Core =DerivO3CPU riscv @ 2GHz
     TCU  =eps:192, bufsz:2048 B, blocksz:64 B, count:16, tlb:128
     L1i$ =32 KiB (2-way assoc, 4 cycles)
     L1d$ =32 KiB (2-way assoc, 4 cycles)
     L2$  =256 KiB (8-way assoc, 12 cycles)
     Comp =Core -> TCU -> L1$ -> L2$

T12: build/gem5-riscv-release/bin/tilemux
     Core =DerivO3CPU riscv @ 2GHz
     TCU  =eps:192, bufsz:2048 B, blocksz:64 B, count:16, tlb:128
     L1i$ =32 KiB (2-way assoc, 4 cycles)
     L1d$ =32 KiB (2-way assoc, 4 cycles)
     L2$  =256 KiB (8-way assoc, 12 cycles)
     Comp =Core -> TCU -> L1$ -> L2$

T13: build/gem5-riscv-release/bin/tilemux
     Core =DerivO3CPU riscv @ 2GHz
     TCU  =eps:192, bufsz:2048 B, blocksz:64 B, count:16, tlb:128
     L1i$ =32 KiB (2-way assoc, 4 cycles)
     L1d$ =32 KiB (2-way assoc, 4 cycles)
     L2$  =256 KiB (8-way assoc, 12 cycles)
     Comp =Core -> TCU -> L1$ -> L2$

T14: build/gem5-riscv-release/bin/tilemux
     Core =DerivO3CPU riscv @ 2GHz
     TCU  =eps:192, bufsz:2048 B, blocksz:64 B, count:16, tlb:128
     L1i$ =32 KiB (2-way assoc, 4 cycles)
     L1d$ =32 KiB (2-way assoc, 4 cycles)
     L2$  =256 KiB (8-way assoc, 12 cycles)
     Comp =Core -> TCU -> L1$ -> L2$

T15: build/gem5-riscv-release/bin/tilemux
     Core =DerivO3CPU riscv @ 2GHz
     TCU  =eps:192, bufsz:2048 B, blocksz:64 B, count:16, tlb:128
     L1i$ =32 KiB (2-way assoc, 4 cycles)
     L1d$ =32 KiB (2-way assoc, 4 cycles)
     L2$  =256 KiB (8-way assoc, 12 cycles)
     Comp =Core -> TCU -> L1$ -> L2$

T16: indir accelerator @ 1GHz
     TCU  =eps:192, bufsz:2048 B, blocksz:2048 B, count:16, tlb:0
     imem =4096 KiB
     Comp =Core -> TCU -> SPM

T17: indir accelerator @ 1GHz
     TCU  =eps:192, bufsz:2048 B, blocksz:2048 B, count:16, tlb:0
     imem =4096 KiB
     Comp =Core -> TCU -> SPM

T18: indir accelerator @ 1GHz
     TCU  =eps:192, bufsz:2048 B, blocksz:2048 B, count:16, tlb:0
     imem =4096 KiB
     Comp =Core -> TCU -> SPM

T19: indir accelerator @ 1GHz
     TCU  =eps:192, bufsz:2048 B, blocksz:2048 B, count:16, tlb:0
     imem =4096 KiB
     Comp =Core -> TCU -> SPM

T20: copy accelerator @ 1GHz
     TCU  =eps:192, bufsz:2048 B, blocksz:2048 B, count:16, tlb:0
     imem =4096 KiB
     Comp =Core -> TCU -> SPM

T21: copy accelerator @ 1GHz
     TCU  =eps:192, bufsz:2048 B, blocksz:2048 B, count:16, tlb:0
     imem =4096 KiB
     Comp =Core -> TCU -> SPM

T22: copy accelerator @ 1GHz
     TCU  =eps:192, bufsz:2048 B, blocksz:2048 B, count:16, tlb:0
     imem =4096 KiB
     Comp =Core -> TCU -> SPM

T23: copy accelerator @ 1GHz
     TCU  =eps:192, bufsz:2048 B, blocksz:2048 B, count:16, tlb:0
     imem =4096 KiB
     Comp =Core -> TCU -> SPM

T24: rot13 accelerator @ 1GHz
     TCU  =eps:192, bufsz:2048 B, blocksz:2048 B, count:16, tlb:0
     imem =4096 KiB
     Comp =Core -> TCU -> SPM

T25: SerialInput
     TCU  =eps:192, bufsz:2048 B, blocksz:2048 B, count:16, tlb:0
     Comp =TCU -> SerialInput

T26: build/gem5-riscv-release/bench.img x 1
     TCU  =eps:192, bufsz:2048 B, blocksz:2048 B, count:16, tlb:0
     imem =3145728 KiB
     Comp =TCU -> DRAM

Global frequency set at 1000000000000 ticks per second
warn: No dot file generated. Please install pydot to generate the dot file and pdf.
warn: DRAM device capacity (49152 Mbytes) does not match the address range assigned (4096 Mbytes)
warn: Sockets disabled, not accepting terminal connections
warn: Sockets disabled, not accepting gdb connections
warn: CoherentXBar T16.xbar has no snooping ports attached!
warn: CoherentXBar T17.xbar has no snooping ports attached!
warn: CoherentXBar T18.xbar has no snooping ports attached!
warn: CoherentXBar T19.xbar has no snooping ports attached!
warn: CoherentXBar T20.xbar has no snooping ports attached!
warn: CoherentXBar T21.xbar has no snooping ports attached!
warn: CoherentXBar T22.xbar has no snooping ports attached!
warn: CoherentXBar T23.xbar has no snooping ports attached!
warn: CoherentXBar T24.xbar has no snooping ports attached!
warn: CoherentXBar T25.xbar has no snooping ports attached!
warn: CoherentXBar T26.xbar has no snooping ports attached!
info: Loaded 'boot.xml' to 0x9a00000030000000 .. 0x9a000000300003ce
info: Loaded 'root' to 0x9a00000030001000 .. 0x9a00000030075758
info: Loaded 'm3fs' to 0x9a00000030076000 .. 0x9a000000300cc348
info: Loaded 'pipes' to 0x9a000000300cd000 .. 0x9a00000030112ba0
info: Loaded 'pager' to 0x9a00000030113000 .. 0x9a00000030192c48
info: Entering event queue @ 0.  Starting simulation...
warn: T0,PMP-EP65535: invalid EP
warn: T15,PMP-EP65535: invalid EP
warn: T14,PMP-EP65535: invalid EP
warn: T13,PMP-EP65535: invalid EP
warn: T12,PMP-EP65535: invalid EP
warn: T11,PMP-EP65535: invalid EP
warn: T10,PMP-EP65535: invalid EP
warn: T9,PMP-EP65535: invalid EP
warn: T8,PMP-EP65535: invalid EP
warn: T7,PMP-EP65535: invalid EP
warn: T6,PMP-EP65535: invalid EP
warn: T5,PMP-EP65535: invalid EP
warn: T4,PMP-EP65535: invalid EP
warn: T3,PMP-EP65535: invalid EP
warn: T2,PMP-EP65535: invalid EP
warn: T1,PMP-EP65535: invalid EP
warn: T15,PMP-EP65535: invalid EP
warn: T13,PMP-EP65535: invalid EP
warn: T12,PMP-EP65535: invalid EP
warn: T14,PMP-EP65535: invalid EP
warn: T10,PMP-EP65535: invalid EP
warn: T3,PMP-EP65535: invalid EP
warn: T11,PMP-EP65535: invalid EP
warn: T4,PMP-EP65535: invalid EP
warn: T9,PMP-EP65535: invalid EP
warn: T0,PMP-EP65535: invalid EP
warn: T6,PMP-EP65535: invalid EP
warn: T8,PMP-EP65535: invalid EP
warn: T2,PMP-EP65535: invalid EP
warn: T7,PMP-EP65535: invalid EP
warn: T5,PMP-EP65535: invalid EP
warn: T1,PMP-EP65535: invalid EP
[0;31m[T0:kernel  @        138] Entered raw mode; Quit via Ctrl+]
[0mwarn: T15,PMP-EP65535: invalid EP
warn: T15,PMP-EP65535: invalid EP
warn: T15,PMP-EP65535: invalid EP
warn: T15,PMP-EP65535: invalid EP
warn: T13,PMP-EP65535: invalid EP
warn: T13,PMP-EP65535: invalid EP
warn: T13,PMP-EP65535: invalid EP
warn: T14,PMP-EP65535: invalid EP
warn: T14,PMP-EP65535: invalid EP
warn: T14,PMP-EP65535: invalid EP
warn: T13,PMP-EP65535: invalid EP
warn: T10,PMP-EP65535: invalid EP
warn: T10,PMP-EP65535: invalid EP
warn: T10,PMP-EP65535: invalid EP
warn: T3,PMP-EP65535: invalid EP
warn: T3,PMP-EP65535: invalid EP
warn: T3,PMP-EP65535: invalid EP
warn: T14,PMP-EP65535: invalid EP
warn: T11,PMP-EP65535: invalid EP
warn: T11,PMP-EP65535: invalid EP
warn: T11,PMP-EP65535: invalid EP
warn: T10,PMP-EP65535: invalid EP
warn: T3,PMP-EP65535: invalid EP
warn: T8,PMP-EP65535: invalid EP
warn: T8,PMP-EP65535: invalid EP
warn: T8,PMP-EP65535: invalid EP
warn: T4,PMP-EP65535: invalid EP
warn: T4,PMP-EP65535: invalid EP
warn: T4,PMP-EP65535: invalid EP
warn: T9,PMP-EP65535: invalid EP
warn: T9,PMP-EP65535: invalid EP
warn: T9,PMP-EP65535: invalid EP
warn: T5,PMP-EP65535: invalid EP
warn: T5,PMP-EP65535: invalid EP
warn: T5,PMP-EP65535: invalid EP
warn: T11,PMP-EP65535: invalid EP
warn: T12,PMP-EP65535: invalid EP
warn: T12,PMP-EP65535: invalid EP
warn: T12,PMP-EP65535: invalid EP
warn: T6,PMP-EP65535: invalid EP
warn: T6,PMP-EP65535: invalid EP
warn: T6,PMP-EP65535: invalid EP
warn: T7,PMP-EP65535: invalid EP
warn: T7,PMP-EP65535: invalid EP
warn: T7,PMP-EP65535: invalid EP
warn: T2,PMP-EP65535: invalid EP
warn: T2,PMP-EP65535: invalid EP
warn: T2,PMP-EP65535: invalid EP
warn: T1,PMP-EP65535: invalid EP
warn: T1,PMP-EP65535: invalid EP
warn: T1,PMP-EP65535: invalid EP
warn: T8,PMP-EP65535: invalid EP
warn: T4,PMP-EP65535: invalid EP
warn: T9,PMP-EP65535: invalid EP
warn: T5,PMP-EP65535: invalid EP
warn: T12,PMP-EP65535: invalid EP
warn: T6,PMP-EP65535: invalid EP
warn: T7,PMP-EP65535: invalid EP
warn: T2,PMP-EP65535: invalid EP
warn: T1,PMP-EP65535: invalid EP
[0;31m[T0:kernel  @        262] Attesting tile: 1
[0m[0;31m[T0:kernel  @       5380] Attestation complete: 1, 10223241 cycles
[0m[0;31m[T0:kernel  @       5384] Attesting tile: 2
[0m[0;31m[T0:kernel  @      10486] Attestation complete: 2, 10198373 cycles
[0m[0;31m[T0:kernel  @      10489] Attesting tile: 3
[0m[0;31m[T0:kernel  @      15590] Attestation complete: 3, 10197000 cycles
[0m[0;31m[T0:kernel  @      15594] Attesting tile: 4
[0m[0;31m[T0:kernel  @      20694] Attestation complete: 4, 10196655 cycles
[0m[0;31m[T0:kernel  @      20698] Attesting tile: 5
[0m[0;31m[T0:kernel  @      25798] Attestation complete: 5, 10195569 cycles
[0m[0;31m[T0:kernel  @      25801] Attesting tile: 6
[0m[0;31m[T0:kernel  @      30901] Attestation complete: 6, 10196352 cycles
[0m[0;31m[T0:kernel  @      30905] Attesting tile: 7
[0m[0;31m[T0:kernel  @      36005] Attestation complete: 7, 10196308 cycles
[0m[0;31m[T0:kernel  @      36008] Attesting tile: 8
[0m[0;31m[T0:kernel  @      41109] Attestation complete: 8, 10195742 cycles
[0m[0;31m[T0:kernel  @      41112] Attesting tile: 9
[0m[0;31m[T0:kernel  @      46213] Attestation complete: 9, 10197164 cycles
[0m[0;31m[T0:kernel  @      46216] Attesting tile: 10
[0m[0;31m[T0:kernel  @      51316] Attestation complete: 10, 10195876 cycles
[0m[0;31m[T0:kernel  @      51320] Attesting tile: 11
[0m[0;31m[T0:kernel  @      56420] Attestation complete: 11, 10196499 cycles
[0m[0;31m[T0:kernel  @      56423] Attesting tile: 12
[0m[0;31m[T0:kernel  @      61523] Attestation complete: 12, 10195610 cycles
[0m[0;31m[T0:kernel  @      61527] Attesting tile: 13
[0m[0;31m[T0:kernel  @      66627] Attestation complete: 13, 10195427 cycles
[0m[0;31m[T0:kernel  @      66630] Attesting tile: 14
[0m[0;31m[T0:kernel  @      71730] Attestation complete: 14, 10196237 cycles
[0m[0;31m[T0:kernel  @      71734] Attesting tile: 15
[0m[0;31m[T0:kernel  @      76834] Attestation complete: 15, 10196065 cycles
[0m[0;31m[T0:kernel  @      76837] Attesting tile: 16
[0m[0;31m[T0:kernel  @      84527] Attestation complete: 16, 15376189 cycles
[0m[0;31m[T0:kernel  @      84531] Attesting tile: 17
[0m[0;31m[T0:kernel  @      92222] Attestation complete: 17, 15376829 cycles
[0m[0;31m[T0:kernel  @      92225] Attesting tile: 18
[0m[0;31m[T0:kernel  @      99915] Attestation complete: 18, 15375471 cycles
[0m[0;31m[T0:kernel  @      99919] Attesting tile: 19
[0m[0;31m[T0:kernel  @     107609] Attestation complete: 19, 15376306 cycles
[0m[0;31m[T0:kernel  @     107613] Attesting tile: 20
[0m[0;31m[T0:kernel  @     115302] Attestation complete: 20, 15375371 cycles
[0m[0;31m[T0:kernel  @     115306] Attesting tile: 21
[0m[0;31m[T0:kernel  @     122996] Attestation complete: 21, 15375109 cycles
[0m[0;31m[T0:kernel  @     122999] Attesting tile: 22
[0m[0;31m[T0:kernel  @     130689] Attestation complete: 22, 15374973 cycles
[0m[0;31m[T0:kernel  @     130692] Attesting tile: 23
[0m[0;31m[T0:kernel  @     138382] Attestation complete: 23, 15376247 cycles
[0m[0;31m[T0:kernel  @     138386] Attesting tile: 24
[0m[0;31m[T0:kernel  @     146076] Attestation complete: 24, 15375955 cycles
[0m[0;31m[T0:kernel  @     146080] Attesting tile: 25
[0m[0;31m[T0:kernel  @     153770] Attestation complete: 25, 15376259 cycles
[0m[0;31m[T0:kernel  @     153776] Attesting tile: 26
[0m[0;31m[T0:kernel  @     158876] Attestation complete: 26, 10195094 cycles
[0m[0;31m[T0:kernel  @     159081] Kernel is ready!
[0m[0;32m[T1:root    @     159616] Boot modules:
[0m[0;32m[T1:root    @     159630]   Mod[addr: G[Tile26+0x30000000], size: 0x3ce, name: boot.xml]
[0m[0;32m[T1:root    @     159634]   Mod[addr: G[Tile26+0x30001000], size: 0x74758, name: root]
[0m[0;32m[T1:root    @     159638]   Mod[addr: G[Tile26+0x30076000], size: 0x56348, name: m3fs]
[0m[0;32m[T1:root    @     159641]   Mod[addr: G[Tile26+0x300cd000], size: 0x45ba0, name: pipes]
[0m[0;32m[T1:root    @     159645]   Mod[addr: G[Tile26+0x30113000], size: 0x7fc48, name: pager]
[0m[0;32m[T1:root    @     159646] Available tiles:
[0m[0;32m[T1:root    @     159657]   Tile01: COMP_EMEM RISCV (empty) 0 KiB memory
[0m[0;32m[T1:root    @     159662]   Tile02: COMP_EMEM RISCV (empty) 0 KiB memory
[0m[0;32m[T1:root    @     159665]   Tile03: COMP_EMEM RISCV (empty) 0 KiB memory
[0m[0;32m[T1:root    @     159668]   Tile04: COMP_EMEM RISCV (empty) 0 KiB memory
[0m[0;32m[T1:root    @     159671]   Tile05: COMP_EMEM RISCV (empty) 0 KiB memory
[0m[0;32m[T1:root    @     159675]   Tile06: COMP_EMEM RISCV (empty) 0 KiB memory
[0m[0;32m[T1:root    @     159678]   Tile07: COMP_EMEM RISCV (empty) 0 KiB memory
[0m[0;32m[T1:root    @     159681]   Tile08: COMP_EMEM RISCV (empty) 0 KiB memory
[0m[0;32m[T1:root    @     159684]   Tile09: COMP_EMEM RISCV (empty) 0 KiB memory
[0m[0;32m[T1:root    @     159688]   Tile10: COMP_EMEM RISCV (empty) 0 KiB memory
[0m[0;32m[T1:root    @     159691]   Tile11: COMP_EMEM RISCV (empty) 0 KiB memory
[0m[0;32m[T1:root    @     159694]   Tile12: COMP_EMEM RISCV (empty) 0 KiB memory
[0m[0;32m[T1:root    @     159696]   Tile13: COMP_EMEM RISCV (empty) 0 KiB memory
[0m[0;32m[T1:root    @     159699]   Tile14: COMP_EMEM RISCV (empty) 0 KiB memory
[0m[0;32m[T1:root    @     159702]   Tile15: COMP_EMEM RISCV (empty) 0 KiB memory
[0m[0;32m[T1:root    @     159705]   Tile16: COMP_IMEM ACCEL_INDIR (empty) 4096 KiB memory
[0m[0;32m[T1:root    @     159709]   Tile17: COMP_IMEM ACCEL_INDIR (empty) 4096 KiB memory
[0m[0;32m[T1:root    @     159714]   Tile18: COMP_IMEM ACCEL_INDIR (empty) 4096 KiB memory
[0m[0;32m[T1:root    @     159717]   Tile19: COMP_IMEM ACCEL_INDIR (empty) 4096 KiB memory
[0m[0;32m[T1:root    @     159720]   Tile20: COMP_IMEM ACCEL_COPY (empty) 4096 KiB memory
[0m[0;32m[T1:root    @     159723]   Tile21: COMP_IMEM ACCEL_COPY (empty) 4096 KiB memory
[0m[0;32m[T1:root    @     159727]   Tile22: COMP_IMEM ACCEL_COPY (empty) 4096 KiB memory
[0m[0;32m[T1:root    @     159730]   Tile23: COMP_IMEM ACCEL_COPY (empty) 4096 KiB memory
[0m[0;32m[T1:root    @     159733]   Tile24: COMP_IMEM ACCEL_ROT13 (empty) 4096 KiB memory
[0m[0;32m[T1:root    @     159736]   Tile25: COMP_IMEM SERIAL_DEV (empty) 0 KiB memory
[0m[0;32m[T1:root    @     159739] Available memory:
[0m[0;32m[T1:root    @     159748]   MemMod[sel: 35, res: true, addr: G[Tile26+0x0], size: 1264 MiB]
[0m[0;32m[T1:root    @     159752]   MemMod[sel: 36, res: false, addr: G[Tile26+0x53600000], size: 959 MiB]
[0m[0;32m[T1:root    @     159756] Parsed Config [
[0m[0;32m[T1:root    @     159759]   root [
[0m[0;32m[T1:root    @     159769]     Domain on core [
[0m[0;32m[T1:root    @     159772]       m3fs mem 268435456 [
[0m[0;32m[T1:root    @     159774]         Daemon,
[0m[0;32m[T1:root    @     159781]         PhysMem[addr=0x0, size=0x40000 KiB, perm=R | W | X | RW | RWX],
[0m[0;32m[T1:root    @     159785]         Service[lname='m3fs', gname='m3fs'],
[0m[0;32m[T1:root    @     159788]       ]
[0m[0;32m[T1:root    @     159790]     ]
[0m[0;32m[T1:root    @     159792]     Domain on core [
[0m[0;32m[T1:root    @     159794]       pipes [
[0m[0;32m[T1:root    @     159796]         Daemon,
[0m[0;32m[T1:root    @     159798]         Service[lname='pipes', gname='pipes'],
[0m[0;32m[T1:root    @     159800]       ]
[0m[0;32m[T1:root    @     159802]     ]
[0m[0;32m[T1:root    @     159804]     Domain on core [
[0m[0;32m[T1:root    @     159806]       pager 268435456 [
[0m[0;32m[T1:root    @     159809]         PhysMem[addr=0x0, size=0x40000 KiB, perm=R],
[0m[0;32m[T1:root    @     159813]         SessCreator[service='pipes', count=None],
[0m[0;32m[T1:root    @     159817]         Session[lname='m3fs', gname='m3fs', arg='', dep=true],
[0m[0;32m[T1:root    @     159821]         Tile[type=core, count=1, optional=false],
[0m[0;32m[T1:root    @     159823]         Domain on core [
[0m[0;32m[T1:root    @     159828]           /bin/imgproc -m dir -n 1 -r 8 /large.txt [
[0m[0;32m[T1:root    @     159831]             Session[lname='pipes', gname='pipes', arg='', dep=true],
[0m[0;32m[T1:root    @     159834]             Mount[fs='m3fs', path='/'],
[0m[0;32m[T1:root    @     159838]             Tile[type=copy, count=3, optional=false],
[0m[0;32m[T1:root    @     159840]           ]
[0m[0;32m[T1:root    @     159841]         ]
[0m[0;32m[T1:root    @     159843]       ]
[0m[0;32m[T1:root    @     159845]     ]
[0m[0;32m[T1:root    @     159846]   ]
[0m[0;32m[T1:root    @     159847] ]
[0m[0;32m[T1:root    @     159848] 
[0m[0;32m[T1:root    @     160727] Starting boot module 'm3fs' on tile2 with arguments ["mem", "268435456"]
[0m[0;32m[T1:root    @     161150] Starting boot module 'pipes' on tile3 with arguments []
[0m[0;32m[T1:root    @     161523] pipes: reg_serv(srv_sel=59, sgate_sel=64, name=pipes, sessions=32)
[0m[0;32m[T1:root    @     161532] Creating service 1:pipes
[0m[0;32m[T1:root    @     162042] m3fs: reg_serv(srv_sel=51, sgate_sel=55, name=m3fs, sessions=32)
[0m[0;32m[T1:root    @     162047] Creating service 2:m3fs
[0m[0;32m[T1:root    @     162173] Creating service 1:pipes
[0m[0;32m[T1:root    @     162197] Starting boot module 'pager' on tile4 with arguments ["268435456"]
[0m[0;35m[T4:pager   @     162644] Boot modules:
[0m[0;35m[T4:pager   @     162661]   Mod[addr: G[Tile26+0x80600000], size: 0x21d, name: boot.xml]
[0m[0;35m[T4:pager   @     162663] Available tiles:
[0m[0;35m[T4:pager   @     162674]   Tile04: COMP_EMEM RISCV (empty) 0 KiB memory
[0m[0;35m[T4:pager   @     162679]   Tile20: COMP_IMEM ACCEL_COPY (empty) 4096 KiB memory
[0m[0;35m[T4:pager   @     162683]   Tile21: COMP_IMEM ACCEL_COPY (empty) 4096 KiB memory
[0m[0;35m[T4:pager   @     162686]   Tile22: COMP_IMEM ACCEL_COPY (empty) 4096 KiB memory
[0m[0;35m[T4:pager   @     162690] Available memory:
[0m[0;35m[T4:pager   @     162699]   MemMod[sel: 10, res: false, addr: G[Tile26+0x71800000], size: 119 MiB]
[0m[0;35m[T4:pager   @     162701] Services:
[0m[0;35m[T4:pager   @     162706]   Service[name=pipes, sessions=32]
[0m[0;35m[T4:pager   @     162712] Creating service 1:pipes
[0m[0;32m[T1:root    @     162733] pager: open_sess(dst_sel=78, name=m3fs)
[0m[0;35m[T4:pager   @     163802] Starting boot module '/bin/imgproc' on tile5 with arguments ["-m", "dir", "-n", "1", "-r", "8", "/large.txt"]
[0m[0;35m[T4:pager   @     164474] /bin/imgproc: open_sess(dst_sel=101, name=pipes)
[0m[0;36m[T5:imgproc @     164577] Creating Activity FFT0
[0m[0;36m[T5:imgproc @     164707] Creating Activity MUL0
[0m[0;36m[T5:imgproc @     164793] Creating Activity IFFT0
[0m[0;36m[T5:imgproc @     164855] Connecting input and output...
[0m[0;36m[T5:imgproc @     164913] Starting chain...
[0m[0;35m[T4:pager   @     166300] /bin/imgproc: close_sess(sel=101)
[0m[0;35m[T4:pager   @     166322] /bin/imgproc: open_sess(dst_sel=147, name=pipes)
[0m[0;36m[T5:imgproc @     166356] Creating Activity FFT0
[0m[0;36m[T5:imgproc @     166418] Creating Activity MUL0
[0m[0;36m[T5:imgproc @     166473] Creating Activity IFFT0
[0m[0;36m[T5:imgproc @     166562] Connecting input and output...
[0m[0;36m[T5:imgproc @     166609] Starting chain...
[0m[0;35m[T4:pager   @     167924] /bin/imgproc: close_sess(sel=147)
[0m[0;35m[T4:pager   @     167935] /bin/imgproc: open_sess(dst_sel=191, name=pipes)
[0m[0;36m[T5:imgproc @     167965] Creating Activity FFT0
[0m[0;36m[T5:imgproc @     168036] Creating Activity MUL0
[0m[0;36m[T5:imgproc @     168136] Creating Activity IFFT0
[0m[0;36m[T5:imgproc @     168192] Connecting input and output...
[0m[0;36m[T5:imgproc @     168240] Starting chain...
[0m[0;35m[T4:pager   @     169553] /bin/imgproc: close_sess(sel=191)
[0m[0;35m[T4:pager   @     169563] /bin/imgproc: open_sess(dst_sel=235, name=pipes)
[0m[0;36m[T5:imgproc @     169591] Creating Activity FFT0
[0m[0;36m[T5:imgproc @     169662] Creating Activity MUL0
[0m[0;36m[T5:imgproc @     169718] Creating Activity IFFT0
[0m[0;36m[T5:imgproc @     169776] Connecting input and output...
[0m[0;36m[T5:imgproc @     169822] Starting chain...
[0m[0;35m[T4:pager   @     171130] /bin/imgproc: close_sess(sel=235)
[0m[0;35m[T4:pager   @     171140] /bin/imgproc: open_sess(dst_sel=279, name=pipes)
[0m[0;36m[T5:imgproc @     171168] Creating Activity FFT0
[0m[0;36m[T5:imgproc @     171233] Creating Activity MUL0
[0m[0;36m[T5:imgproc @     171293] Creating Activity IFFT0
[0m[0;36m[T5:imgproc @     171348] Connecting input and output...
[0m[0;36m[T5:imgproc @     171393] Starting chain...
[0m[0;35m[T4:pager   @     172700] /bin/imgproc: close_sess(sel=279)
[0m[0;35m[T4:pager   @     172709] /bin/imgproc: open_sess(dst_sel=323, name=pipes)
[0m[0;36m[T5:imgproc @     172736] Creating Activity FFT0
[0m[0;36m[T5:imgproc @     172798] Creating Activity MUL0
[0m[0;36m[T5:imgproc @     172855] Creating Activity IFFT0
[0m[0;36m[T5:imgproc @     172939] Connecting input and output...
[0m[0;36m[T5:imgproc @     172985] Starting chain...
[0m[0;35m[T4:pager   @     174292] /bin/imgproc: close_sess(sel=323)
[0m[0;35m[T4:pager   @     174301] /bin/imgproc: open_sess(dst_sel=367, name=pipes)
[0m[0;36m[T5:imgproc @     174330] Creating Activity FFT0
[0m[0;36m[T5:imgproc @     174398] Creating Activity MUL0
[0m[0;36m[T5:imgproc @     174462] Creating Activity IFFT0
[0m[0;36m[T5:imgproc @     174557] Connecting input and output...
[0m[0;36m[T5:imgproc @     174608] Starting chain...
[0m[0;35m[T4:pager   @     175933] /bin/imgproc: close_sess(sel=367)
[0m[0;35m[T4:pager   @     175943] /bin/imgproc: open_sess(dst_sel=411, name=pipes)
[0m[0;36m[T5:imgproc @     175972] Creating Activity FFT0
[0m[0;36m[T5:imgproc @     176040] Creating Activity MUL0
[0m[0;36m[T5:imgproc @     176101] Creating Activity IFFT0
[0m[0;36m[T5:imgproc @     176184] Connecting input and output...
[0m[0;36m[T5:imgproc @     176232] Starting chain...
[0m[0;35m[T4:pager   @     177543] /bin/imgproc: close_sess(sel=411)
[0m[0;35m[T4:pager   @     177553] /bin/imgproc: open_sess(dst_sel=455, name=pipes)
[0m[0;36m[T5:imgproc @     177581] Creating Activity FFT0
[0m[0;36m[T5:imgproc @     177650] Creating Activity MUL0
[0m[0;36m[T5:imgproc @     177710] Creating Activity IFFT0
[0m[0;36m[T5:imgproc @     177794] Connecting input and output...
[0m[0;36m[T5:imgproc @     177842] Starting chain...
[0m[0;35m[T4:pager   @     179150] /bin/imgproc: close_sess(sel=455)
[0m! src/apps/bench/imgproc/imgproc.cc:105  PERF "imgproc-dir (1 chains)": 2350845 cycles (+/- 7581 cycles with 8 runs)
[0;32m[T1:root    @     179636] Sending SHUTDOWN to service 2:m3fs
[0m[0;32m[T1:root    @     179662] Sending SHUTDOWN to service 1:pipes
[0m[0;32m[T1:root    @     179674] m3fs: unreg_serv(sel=51)
[0m[0;32m[T1:root    @     179679] Removing service 2:m3fs
[0m[0;32m[T1:root    @     179699] pipes: unreg_serv(sel=59)
[0m[0;32m[T1:root    @     179701] Removing service 1:pipes
[0m[0;32m[T1:root    @     179934] All childs gone. Exiting.
[0m[0;31m[T0:kernel  @     180026] Shutting down
[0mExiting @ tick 180037181500 because m5_exit instruction encountered
stty: 'standard input': Inappropriate ioctl for device
