Building for gem5-riscv-release...
ninja: no work to do.
run/boot-all.xml validates
gem5 Simulator System.  http://gem5.org
gem5 is copyrighted software; use the --copyright option for details.

gem5 version 21.0.0.0
gem5 compiled Mar 16 2023 08:07:07
gem5 started Apr 11 2023 17:19:49
gem5 executing on graham, pid 1036523
command line: platform/gem5/build/RISCV/gem5.opt --outdir=run --debug-file=gem5.log --debug-flags=Tcu /scratch/harshanavkis/sec-acc/M3/config/accels.py --cpu-type DerivO3CPU --isa riscv --cmd 'build/gem5-riscv-release/bin/kernel -f build/gem5-riscv-release/bench.img,build/gem5-riscv-release/bin/tilemux,build/gem5-riscv-release/bin/tilemux,build/gem5-riscv-release/bin/tilemux,build/gem5-riscv-release/bin/tilemux,build/gem5-riscv-release/bin/tilemux,build/gem5-riscv-release/bin/tilemux,build/gem5-riscv-release/bin/tilemux,build/gem5-riscv-release/bin/tilemux,build/gem5-riscv-release/bin/tilemux,build/gem5-riscv-release/bin/tilemux,build/gem5-riscv-release/bin/tilemux,build/gem5-riscv-release/bin/tilemux,build/gem5-riscv-release/bin/tilemux,build/gem5-riscv-release/bin/tilemux,build/gem5-riscv-release/bin/tilemux,' --mods run/boot.xml,build/gem5-riscv-release/bin/root,build/gem5-riscv-release/bin/m3fs,build/gem5-riscv-release/bin/pipes,build/gem5-riscv-release/bin/pager --cpu-clock=3GHz --sys-clock=1GHz --encr-latency=0 --par-pipe=1 --int-transfer-latency=250 --rng-latency=0 --sign-latency=0 --sign-ver-latency=0

T00: build/gem5-riscv-release/bin/kernel -f build/gem5-riscv-release/bench.img
     Core =DerivO3CPU riscv @ 3GHz
     TCU  =eps:192, bufsz:2048 B, blocksz:64 B, count:4, tlb:128
     L1i$ =32 KiB (2-way assoc, 4 cycles)
     L1d$ =32 KiB (2-way assoc, 4 cycles)
     L2$  =256 KiB (8-way assoc, 12 cycles)
     Comp =Core -> TCU -> L1$ -> L2$

T01: build/gem5-riscv-release/bin/tilemux
     Core =DerivO3CPU riscv @ 3GHz
     TCU  =eps:192, bufsz:2048 B, blocksz:64 B, count:4, tlb:128
     L1i$ =32 KiB (2-way assoc, 4 cycles)
     L1d$ =32 KiB (2-way assoc, 4 cycles)
     L2$  =256 KiB (8-way assoc, 12 cycles)
     Comp =Core -> TCU -> L1$ -> L2$

T02: build/gem5-riscv-release/bin/tilemux
     Core =DerivO3CPU riscv @ 3GHz
     TCU  =eps:192, bufsz:2048 B, blocksz:64 B, count:4, tlb:128
     L1i$ =32 KiB (2-way assoc, 4 cycles)
     L1d$ =32 KiB (2-way assoc, 4 cycles)
     L2$  =256 KiB (8-way assoc, 12 cycles)
     Comp =Core -> TCU -> L1$ -> L2$

T03: build/gem5-riscv-release/bin/tilemux
     Core =DerivO3CPU riscv @ 3GHz
     TCU  =eps:192, bufsz:2048 B, blocksz:64 B, count:4, tlb:128
     L1i$ =32 KiB (2-way assoc, 4 cycles)
     L1d$ =32 KiB (2-way assoc, 4 cycles)
     L2$  =256 KiB (8-way assoc, 12 cycles)
     Comp =Core -> TCU -> L1$ -> L2$

T04: build/gem5-riscv-release/bin/tilemux
     Core =DerivO3CPU riscv @ 3GHz
     TCU  =eps:192, bufsz:2048 B, blocksz:64 B, count:4, tlb:128
     L1i$ =32 KiB (2-way assoc, 4 cycles)
     L1d$ =32 KiB (2-way assoc, 4 cycles)
     L2$  =256 KiB (8-way assoc, 12 cycles)
     Comp =Core -> TCU -> L1$ -> L2$

T05: build/gem5-riscv-release/bin/tilemux
     Core =DerivO3CPU riscv @ 3GHz
     TCU  =eps:192, bufsz:2048 B, blocksz:64 B, count:4, tlb:128
     L1i$ =32 KiB (2-way assoc, 4 cycles)
     L1d$ =32 KiB (2-way assoc, 4 cycles)
     L2$  =256 KiB (8-way assoc, 12 cycles)
     Comp =Core -> TCU -> L1$ -> L2$

T06: build/gem5-riscv-release/bin/tilemux
     Core =DerivO3CPU riscv @ 3GHz
     TCU  =eps:192, bufsz:2048 B, blocksz:64 B, count:4, tlb:128
     L1i$ =32 KiB (2-way assoc, 4 cycles)
     L1d$ =32 KiB (2-way assoc, 4 cycles)
     L2$  =256 KiB (8-way assoc, 12 cycles)
     Comp =Core -> TCU -> L1$ -> L2$

T07: build/gem5-riscv-release/bin/tilemux
     Core =DerivO3CPU riscv @ 3GHz
     TCU  =eps:192, bufsz:2048 B, blocksz:64 B, count:4, tlb:128
     L1i$ =32 KiB (2-way assoc, 4 cycles)
     L1d$ =32 KiB (2-way assoc, 4 cycles)
     L2$  =256 KiB (8-way assoc, 12 cycles)
     Comp =Core -> TCU -> L1$ -> L2$

T08: build/gem5-riscv-release/bin/tilemux
     Core =DerivO3CPU riscv @ 3GHz
     TCU  =eps:192, bufsz:2048 B, blocksz:64 B, count:4, tlb:128
     L1i$ =32 KiB (2-way assoc, 4 cycles)
     L1d$ =32 KiB (2-way assoc, 4 cycles)
     L2$  =256 KiB (8-way assoc, 12 cycles)
     Comp =Core -> TCU -> L1$ -> L2$

T09: build/gem5-riscv-release/bin/tilemux
     Core =DerivO3CPU riscv @ 3GHz
     TCU  =eps:192, bufsz:2048 B, blocksz:64 B, count:4, tlb:128
     L1i$ =32 KiB (2-way assoc, 4 cycles)
     L1d$ =32 KiB (2-way assoc, 4 cycles)
     L2$  =256 KiB (8-way assoc, 12 cycles)
     Comp =Core -> TCU -> L1$ -> L2$

T10: build/gem5-riscv-release/bin/tilemux
     Core =DerivO3CPU riscv @ 3GHz
     TCU  =eps:192, bufsz:2048 B, blocksz:64 B, count:4, tlb:128
     L1i$ =32 KiB (2-way assoc, 4 cycles)
     L1d$ =32 KiB (2-way assoc, 4 cycles)
     L2$  =256 KiB (8-way assoc, 12 cycles)
     Comp =Core -> TCU -> L1$ -> L2$

T11: build/gem5-riscv-release/bin/tilemux
     Core =DerivO3CPU riscv @ 3GHz
     TCU  =eps:192, bufsz:2048 B, blocksz:64 B, count:4, tlb:128
     L1i$ =32 KiB (2-way assoc, 4 cycles)
     L1d$ =32 KiB (2-way assoc, 4 cycles)
     L2$  =256 KiB (8-way assoc, 12 cycles)
     Comp =Core -> TCU -> L1$ -> L2$

T12: build/gem5-riscv-release/bin/tilemux
     Core =DerivO3CPU riscv @ 3GHz
     TCU  =eps:192, bufsz:2048 B, blocksz:64 B, count:4, tlb:128
     L1i$ =32 KiB (2-way assoc, 4 cycles)
     L1d$ =32 KiB (2-way assoc, 4 cycles)
     L2$  =256 KiB (8-way assoc, 12 cycles)
     Comp =Core -> TCU -> L1$ -> L2$

T13: build/gem5-riscv-release/bin/tilemux
     Core =DerivO3CPU riscv @ 3GHz
     TCU  =eps:192, bufsz:2048 B, blocksz:64 B, count:4, tlb:128
     L1i$ =32 KiB (2-way assoc, 4 cycles)
     L1d$ =32 KiB (2-way assoc, 4 cycles)
     L2$  =256 KiB (8-way assoc, 12 cycles)
     Comp =Core -> TCU -> L1$ -> L2$

T14: build/gem5-riscv-release/bin/tilemux
     Core =DerivO3CPU riscv @ 3GHz
     TCU  =eps:192, bufsz:2048 B, blocksz:64 B, count:4, tlb:128
     L1i$ =32 KiB (2-way assoc, 4 cycles)
     L1d$ =32 KiB (2-way assoc, 4 cycles)
     L2$  =256 KiB (8-way assoc, 12 cycles)
     Comp =Core -> TCU -> L1$ -> L2$

T15: build/gem5-riscv-release/bin/tilemux
     Core =DerivO3CPU riscv @ 3GHz
     TCU  =eps:192, bufsz:2048 B, blocksz:64 B, count:4, tlb:128
     L1i$ =32 KiB (2-way assoc, 4 cycles)
     L1d$ =32 KiB (2-way assoc, 4 cycles)
     L2$  =256 KiB (8-way assoc, 12 cycles)
     Comp =Core -> TCU -> L1$ -> L2$

T16: indir accelerator @ 1GHz
     TCU  =eps:192, bufsz:2048 B, blocksz:2048 B, count:4, tlb:0
     imem =4096 KiB
     Comp =Core -> TCU -> SPM

T17: indir accelerator @ 1GHz
     TCU  =eps:192, bufsz:2048 B, blocksz:2048 B, count:4, tlb:0
     imem =4096 KiB
     Comp =Core -> TCU -> SPM

T18: indir accelerator @ 1GHz
     TCU  =eps:192, bufsz:2048 B, blocksz:2048 B, count:4, tlb:0
     imem =4096 KiB
     Comp =Core -> TCU -> SPM

T19: indir accelerator @ 1GHz
     TCU  =eps:192, bufsz:2048 B, blocksz:2048 B, count:4, tlb:0
     imem =4096 KiB
     Comp =Core -> TCU -> SPM

T20: copy accelerator @ 1GHz
     TCU  =eps:192, bufsz:2048 B, blocksz:2048 B, count:4, tlb:0
     imem =4096 KiB
     Comp =Core -> TCU -> SPM

T21: copy accelerator @ 1GHz
     TCU  =eps:192, bufsz:2048 B, blocksz:2048 B, count:4, tlb:0
     imem =4096 KiB
     Comp =Core -> TCU -> SPM

T22: copy accelerator @ 1GHz
     TCU  =eps:192, bufsz:2048 B, blocksz:2048 B, count:4, tlb:0
     imem =4096 KiB
     Comp =Core -> TCU -> SPM

T23: copy accelerator @ 1GHz
     TCU  =eps:192, bufsz:2048 B, blocksz:2048 B, count:4, tlb:0
     imem =4096 KiB
     Comp =Core -> TCU -> SPM

T24: rot13 accelerator @ 1GHz
     TCU  =eps:192, bufsz:2048 B, blocksz:2048 B, count:4, tlb:0
     imem =4096 KiB
     Comp =Core -> TCU -> SPM

T25: SerialInput
     TCU  =eps:192, bufsz:2048 B, blocksz:2048 B, count:4, tlb:0
     Comp =TCU -> SerialInput

T26: build/gem5-riscv-release/bench.img x 1
     TCU  =eps:192, bufsz:2048 B, blocksz:2048 B, count:8, tlb:0
     imem =3145728 KiB
     Comp =TCU -> DRAM

Global frequency set at 1000000000000 ticks per second
warn: No dot file generated. Please install pydot to generate the dot file and pdf.
Gem5 Terminal started; Quit via Ctrl+]
warn: DRAM device capacity (49152 Mbytes) does not match the address range assigned (4096 Mbytes)
platform.com_1.device: Listening for connections on port 3456
0: T00.remote_gdb: listening for remote gdb on port 7000
0: T01.remote_gdb: listening for remote gdb on port 7001
0: T02.remote_gdb: listening for remote gdb on port 7002
0: T03.remote_gdb: listening for remote gdb on port 7003
0: T04.remote_gdb: listening for remote gdb on port 7004
0: T05.remote_gdb: listening for remote gdb on port 7005
0: T06.remote_gdb: listening for remote gdb on port 7006
0: T07.remote_gdb: listening for remote gdb on port 7007
0: T08.remote_gdb: listening for remote gdb on port 7008
0: T09.remote_gdb: listening for remote gdb on port 7009
0: T10.remote_gdb: listening for remote gdb on port 7010
0: T11.remote_gdb: listening for remote gdb on port 7011
0: T12.remote_gdb: listening for remote gdb on port 7012
0: T13.remote_gdb: listening for remote gdb on port 7013
0: T14.remote_gdb: listening for remote gdb on port 7014
0: T15.remote_gdb: listening for remote gdb on port 7015
warn: CoherentXBar T16.xbar has no snooping ports attached!
warn: CoherentXBar T17.xbar has no snooping ports attached!
warn: CoherentXBar T18.xbar has no snooping ports attached!
warn: CoherentXBar T19.xbar has no snooping ports attached!
warn: CoherentXBar T20.xbar has no snooping ports attached!
warn: CoherentXBar T21.xbar has no snooping ports attached!
warn: CoherentXBar T22.xbar has no snooping ports attached!
warn: CoherentXBar T23.xbar has no snooping ports attached!
warn: CoherentXBar T24.xbar has no snooping ports attached!
warn: CoherentXBar T25.xbar has no snooping ports attached!
warn: CoherentXBar T26.xbar has no snooping ports attached!
info: Loaded 'boot.xml' to 0x9a00000030000000 .. 0x9a000000300003ce
info: Loaded 'root' to 0x9a00000030001000 .. 0x9a000000300756a0
info: Loaded 'm3fs' to 0x9a00000030076000 .. 0x9a000000300cc2f8
info: Loaded 'pipes' to 0x9a000000300cd000 .. 0x9a00000030112b58
info: Loaded 'pager' to 0x9a00000030113000 .. 0x9a00000030191c00
info: Entering event queue @ 0.  Starting simulation...
warn: T0,PMP-EP65535: invalid EP
warn: T15,PMP-EP65535: invalid EP
warn: T14,PMP-EP65535: invalid EP
warn: T13,PMP-EP65535: invalid EP
warn: T12,PMP-EP65535: invalid EP
warn: T11,PMP-EP65535: invalid EP
warn: T10,PMP-EP65535: invalid EP
warn: T9,PMP-EP65535: invalid EP
warn: T8,PMP-EP65535: invalid EP
warn: T7,PMP-EP65535: invalid EP
warn: T6,PMP-EP65535: invalid EP
warn: T5,PMP-EP65535: invalid EP
warn: T4,PMP-EP65535: invalid EP
warn: T3,PMP-EP65535: invalid EP
warn: T2,PMP-EP65535: invalid EP
warn: T1,PMP-EP65535: invalid EP
warn: T7,PMP-EP65535: invalid EP
warn: T14,PMP-EP65535: invalid EP
warn: T11,PMP-EP65535: invalid EP
warn: T5,PMP-EP65535: invalid EP
warn: T13,PMP-EP65535: invalid EP
warn: T8,PMP-EP65535: invalid EP
warn: T15,PMP-EP65535: invalid EP
warn: T9,PMP-EP65535: invalid EP
warn: T12,PMP-EP65535: invalid EP
warn: T6,PMP-EP65535: invalid EP
warn: T1,PMP-EP65535: invalid EP
warn: T4,PMP-EP65535: invalid EP
warn: T10,PMP-EP65535: invalid EP
warn: T2,PMP-EP65535: invalid EP
warn: T3,PMP-EP65535: invalid EP
warn: T0,PMP-EP65535: invalid EP
[0;31m[T0:kernel  @        189] Entered raw mode; Quit via Ctrl+]
[0mwarn: T14,PMP-EP65535: invalid EP
warn: T14,PMP-EP65535: invalid EP
warn: T14,PMP-EP65535: invalid EP
warn: T7,PMP-EP65535: invalid EP
warn: T7,PMP-EP65535: invalid EP
warn: T7,PMP-EP65535: invalid EP
warn: T11,PMP-EP65535: invalid EP
warn: T11,PMP-EP65535: invalid EP
warn: T11,PMP-EP65535: invalid EP
warn: T14,PMP-EP65535: invalid EP
warn: T5,PMP-EP65535: invalid EP
warn: T5,PMP-EP65535: invalid EP
warn: T5,PMP-EP65535: invalid EP
warn: T13,PMP-EP65535: invalid EP
warn: T13,PMP-EP65535: invalid EP
warn: T13,PMP-EP65535: invalid EP
warn: T9,PMP-EP65535: invalid EP
warn: T9,PMP-EP65535: invalid EP
warn: T9,PMP-EP65535: invalid EP
warn: T7,PMP-EP65535: invalid EP
warn: T11,PMP-EP65535: invalid EP
warn: T15,PMP-EP65535: invalid EP
warn: T15,PMP-EP65535: invalid EP
warn: T15,PMP-EP65535: invalid EP
warn: T5,PMP-EP65535: invalid EP
warn: T10,PMP-EP65535: invalid EP
warn: T10,PMP-EP65535: invalid EP
warn: T10,PMP-EP65535: invalid EP
warn: T2,PMP-EP65535: invalid EP
warn: T2,PMP-EP65535: invalid EP
warn: T2,PMP-EP65535: invalid EP
warn: T13,PMP-EP65535: invalid EP
warn: T8,PMP-EP65535: invalid EP
warn: T8,PMP-EP65535: invalid EP
warn: T8,PMP-EP65535: invalid EP
warn: T6,PMP-EP65535: invalid EP
warn: T6,PMP-EP65535: invalid EP
warn: T6,PMP-EP65535: invalid EP
warn: T9,PMP-EP65535: invalid EP
warn: T4,PMP-EP65535: invalid EP
warn: T4,PMP-EP65535: invalid EP
warn: T4,PMP-EP65535: invalid EP
warn: T3,PMP-EP65535: invalid EP
warn: T3,PMP-EP65535: invalid EP
warn: T3,PMP-EP65535: invalid EP
warn: T12,PMP-EP65535: invalid EP
warn: T12,PMP-EP65535: invalid EP
warn: T12,PMP-EP65535: invalid EP
warn: T15,PMP-EP65535: invalid EP
warn: T1,PMP-EP65535: invalid EP
warn: T1,PMP-EP65535: invalid EP
warn: T1,PMP-EP65535: invalid EP
warn: T10,PMP-EP65535: invalid EP
warn: T2,PMP-EP65535: invalid EP
warn: T8,PMP-EP65535: invalid EP
warn: T6,PMP-EP65535: invalid EP
warn: T4,PMP-EP65535: invalid EP
warn: T3,PMP-EP65535: invalid EP
warn: T12,PMP-EP65535: invalid EP
warn: T1,PMP-EP65535: invalid EP
[0;31m[T0:kernel  @        758] Attesting tile: 1
[0m[0;31m[T0:kernel  @       1671] Attestation complete: 1, 2727884 cycles
[0m[0;31m[T0:kernel  @       2093] Attesting tile: 2
[0m[0;31m[T0:kernel  @       2996] Attestation complete: 2, 2705358 cycles
[0m[0;31m[T0:kernel  @       3417] Attesting tile: 3
[0m[0;31m[T0:kernel  @       4319] Attestation complete: 3, 2705001 cycles
[0m[0;31m[T0:kernel  @       4740] Attesting tile: 4
[0m[0;31m[T0:kernel  @       5642] Attestation complete: 4, 2704852 cycles
[0m[0;31m[T0:kernel  @       6063] Attesting tile: 5
[0m[0;31m[T0:kernel  @       6966] Attestation complete: 5, 2704672 cycles
[0m[0;31m[T0:kernel  @       7386] Attesting tile: 6
[0m[0;31m[T0:kernel  @       8288] Attestation complete: 6, 2704674 cycles
[0m[0;31m[T0:kernel  @       8709] Attesting tile: 7
[0m[0;31m[T0:kernel  @       9611] Attestation complete: 7, 2704597 cycles
[0m[0;31m[T0:kernel  @      10032] Attesting tile: 8
[0m[0;31m[T0:kernel  @      10934] Attestation complete: 8, 2704660 cycles
[0m[0;31m[T0:kernel  @      11355] Attesting tile: 9
[0m[0;31m[T0:kernel  @      12257] Attestation complete: 9, 2704699 cycles
[0m[0;31m[T0:kernel  @      12678] Attesting tile: 10
[0m[0;31m[T0:kernel  @      13580] Attestation complete: 10, 2704661 cycles
[0m[0;31m[T0:kernel  @      14001] Attesting tile: 11
[0m[0;31m[T0:kernel  @      14903] Attestation complete: 11, 2704639 cycles
[0m[0;31m[T0:kernel  @      15323] Attesting tile: 12
[0m[0;31m[T0:kernel  @      16225] Attestation complete: 12, 2704594 cycles
[0m[0;31m[T0:kernel  @      16646] Attesting tile: 13
[0m[0;31m[T0:kernel  @      17548] Attestation complete: 13, 2704648 cycles
[0m[0;31m[T0:kernel  @      17969] Attesting tile: 14
[0m[0;31m[T0:kernel  @      18871] Attestation complete: 14, 2704572 cycles
[0m[0;31m[T0:kernel  @      19292] Attesting tile: 15
[0m[0;31m[T0:kernel  @      20194] Attestation complete: 15, 2704556 cycles
[0m[0;31m[T0:kernel  @      20614] Attesting tile: 16
[0m[0;31m[T0:kernel  @      22160] Attestation complete: 16, 4637040 cycles
[0m[0;31m[T0:kernel  @      22581] Attesting tile: 17
[0m[0;31m[T0:kernel  @      24126] Attestation complete: 17, 4635151 cycles
[0m[0;31m[T0:kernel  @      24546] Attesting tile: 18
[0m[0;31m[T0:kernel  @      26091] Attestation complete: 18, 4635099 cycles
[0m[0;31m[T0:kernel  @      26512] Attesting tile: 19
[0m[0;31m[T0:kernel  @      28057] Attestation complete: 19, 4635062 cycles
[0m[0;31m[T0:kernel  @      28478] Attesting tile: 20
[0m[0;31m[T0:kernel  @      30023] Attestation complete: 20, 4635062 cycles
[0m[0;31m[T0:kernel  @      30444] Attesting tile: 21
[0m[0;31m[T0:kernel  @      31989] Attestation complete: 21, 4635079 cycles
[0m[0;31m[T0:kernel  @      32410] Attesting tile: 22
[0m[0;31m[T0:kernel  @      33954] Attestation complete: 22, 4635128 cycles
[0m[0;31m[T0:kernel  @      34376] Attesting tile: 23
[0m[0;31m[T0:kernel  @      35921] Attestation complete: 23, 4635101 cycles
[0m[0;31m[T0:kernel  @      36341] Attesting tile: 24
[0m[0;31m[T0:kernel  @      37886] Attestation complete: 24, 4635079 cycles
[0m[0;31m[T0:kernel  @      38307] Attesting tile: 25
[0m[0;31m[T0:kernel  @      39852] Attestation complete: 25, 4635060 cycles
[0m[0;31m[T0:kernel  @      39856] Attesting tile: 26
[0m[0;31m[T0:kernel  @      41403] Attestation complete: 26, 4644150 cycles
[0m[0;31m[T0:kernel  @      41405] Attesting tile: 26
[0m[0;31m[T0:kernel  @      42953] Attestation complete: 26, 4643097 cycles
[0m[0;31m[T0:kernel  @      42955] Attesting tile: 26
[0m[0;31m[T0:kernel  @      44504] Attestation complete: 26, 4646605 cycles
[0m[0;31m[T0:kernel  @      44505] Attesting tile: 26
[0m[0;31m[T0:kernel  @      46053] Attestation complete: 26, 4642631 cycles
[0m[0;31m[T0:kernel  @      46160] Kernel is ready!
[0m[0;32m[T1:root    @      46612] Boot modules:
[0m[0;32m[T1:root    @      46625]   Mod[addr: G[Tile26+0x30000000], size: 0x3ce, name: boot.xml]
[0m[0;32m[T1:root    @      46628]   Mod[addr: G[Tile26+0x30001000], size: 0x746a0, name: root]
[0m[0;32m[T1:root    @      46630]   Mod[addr: G[Tile26+0x30076000], size: 0x562f8, name: m3fs]
[0m[0;32m[T1:root    @      46632]   Mod[addr: G[Tile26+0x300cd000], size: 0x45b58, name: pipes]
[0m[0;32m[T1:root    @      46635]   Mod[addr: G[Tile26+0x30113000], size: 0x7ec00, name: pager]
[0m[0;32m[T1:root    @      46636] Available tiles:
[0m[0;32m[T1:root    @      46646]   Tile01: COMP_EMEM RISCV (empty) 0 KiB memory
[0m[0;32m[T1:root    @      46650]   Tile02: COMP_EMEM RISCV (empty) 0 KiB memory
[0m[0;32m[T1:root    @      46652]   Tile03: COMP_EMEM RISCV (empty) 0 KiB memory
[0m[0;32m[T1:root    @      46654]   Tile04: COMP_EMEM RISCV (empty) 0 KiB memory
[0m[0;32m[T1:root    @      46656]   Tile05: COMP_EMEM RISCV (empty) 0 KiB memory
[0m[0;32m[T1:root    @      46659]   Tile06: COMP_EMEM RISCV (empty) 0 KiB memory
[0m[0;32m[T1:root    @      46661]   Tile07: COMP_EMEM RISCV (empty) 0 KiB memory
[0m[0;32m[T1:root    @      46663]   Tile08: COMP_EMEM RISCV (empty) 0 KiB memory
[0m[0;32m[T1:root    @      46665]   Tile09: COMP_EMEM RISCV (empty) 0 KiB memory
[0m[0;32m[T1:root    @      46667]   Tile10: COMP_EMEM RISCV (empty) 0 KiB memory
[0m[0;32m[T1:root    @      46669]   Tile11: COMP_EMEM RISCV (empty) 0 KiB memory
[0m[0;32m[T1:root    @      46671]   Tile12: COMP_EMEM RISCV (empty) 0 KiB memory
[0m[0;32m[T1:root    @      46673]   Tile13: COMP_EMEM RISCV (empty) 0 KiB memory
[0m[0;32m[T1:root    @      46675]   Tile14: COMP_EMEM RISCV (empty) 0 KiB memory
[0m[0;32m[T1:root    @      46677]   Tile15: COMP_EMEM RISCV (empty) 0 KiB memory
[0m[0;32m[T1:root    @      46680]   Tile16: COMP_IMEM ACCEL_INDIR (empty) 4096 KiB memory
[0m[0;32m[T1:root    @      46682]   Tile17: COMP_IMEM ACCEL_INDIR (empty) 4096 KiB memory
[0m[0;32m[T1:root    @      46687]   Tile18: COMP_IMEM ACCEL_INDIR (empty) 4096 KiB memory
[0m[0;32m[T1:root    @      46689]   Tile19: COMP_IMEM ACCEL_INDIR (empty) 4096 KiB memory
[0m[0;32m[T1:root    @      46691]   Tile20: COMP_IMEM ACCEL_COPY (empty) 4096 KiB memory
[0m[0;32m[T1:root    @      46693]   Tile21: COMP_IMEM ACCEL_COPY (empty) 4096 KiB memory
[0m[0;32m[T1:root    @      46695]   Tile22: COMP_IMEM ACCEL_COPY (empty) 4096 KiB memory
[0m[0;32m[T1:root    @      46697]   Tile23: COMP_IMEM ACCEL_COPY (empty) 4096 KiB memory
[0m[0;32m[T1:root    @      46700]   Tile24: COMP_IMEM ACCEL_ROT13 (empty) 4096 KiB memory
[0m[0;32m[T1:root    @      46702]   Tile25: COMP_IMEM SERIAL_DEV (empty) 0 KiB memory
[0m[0;32m[T1:root    @      46705] Available memory:
[0m[0;32m[T1:root    @      46713]   MemMod[sel: 35, res: true, addr: G[Tile26+0x0], size: 1264 MiB]
[0m[0;32m[T1:root    @      46716]   MemMod[sel: 36, res: false, addr: G[Tile26+0x53600000], size: 959 MiB]
[0m[0;32m[T1:root    @      46719] Parsed Config [
[0m[0;32m[T1:root    @      46723]   root [
[0m[0;32m[T1:root    @      46732]     Domain on core [
[0m[0;32m[T1:root    @      46734]       m3fs mem 268435456 [
[0m[0;32m[T1:root    @      46735]         Daemon,
[0m[0;32m[T1:root    @      46741]         PhysMem[addr=0x0, size=0x40000 KiB, perm=R | W | X | RW | RWX],
[0m[0;32m[T1:root    @      46745]         Service[lname='m3fs', gname='m3fs'],
[0m[0;32m[T1:root    @      46747]       ]
[0m[0;32m[T1:root    @      46749]     ]
[0m[0;32m[T1:root    @      46750]     Domain on core [
[0m[0;32m[T1:root    @      46751]       pipes [
[0m[0;32m[T1:root    @      46753]         Daemon,
[0m[0;32m[T1:root    @      46755]         Service[lname='pipes', gname='pipes'],
[0m[0;32m[T1:root    @      46756]       ]
[0m[0;32m[T1:root    @      46757]     ]
[0m[0;32m[T1:root    @      46758]     Domain on core [
[0m[0;32m[T1:root    @      46760]       pager 268435456 [
[0m[0;32m[T1:root    @      46762]         PhysMem[addr=0x0, size=0x40000 KiB, perm=R],
[0m[0;32m[T1:root    @      46765]         SessCreator[service='pipes', count=None],
[0m[0;32m[T1:root    @      46769]         Session[lname='m3fs', gname='m3fs', arg='', dep=true],
[0m[0;32m[T1:root    @      46772]         Tile[type=core, count=1, optional=false],
[0m[0;32m[T1:root    @      46774]         Domain on core [
[0m[0;32m[T1:root    @      46777]           /bin/imgproc -m dir -n 1 -r 8 /large.txt [
[0m[0;32m[T1:root    @      46779]             Session[lname='pipes', gname='pipes', arg='', dep=true],
[0m[0;32m[T1:root    @      46782]             Mount[fs='m3fs', path='/'],
[0m[0;32m[T1:root    @      46784]             Tile[type=copy, count=3, optional=false],
[0m[0;32m[T1:root    @      46785]           ]
[0m[0;32m[T1:root    @      46786]         ]
[0m[0;32m[T1:root    @      46788]       ]
[0m[0;32m[T1:root    @      46789]     ]
[0m[0;32m[T1:root    @      46790]   ]
[0m[0;32m[T1:root    @      46790] ]
[0m[0;32m[T1:root    @      46791] 
[0m[0;32m[T1:root    @      47659] Starting boot module 'm3fs' on tile2 with arguments ["mem", "268435456"]
[0m[0;32m[T1:root    @      47978] Starting boot module 'pipes' on tile3 with arguments []
[0m[0;32m[T1:root    @      48251] pipes: reg_serv(srv_sel=59, sgate_sel=64, name=pipes, sessions=32)
[0m[0;32m[T1:root    @      48257] Creating service 1:pipes
[0m[0;32m[T1:root    @      48702] m3fs: reg_serv(srv_sel=51, sgate_sel=55, name=m3fs, sessions=32)
[0m[0;32m[T1:root    @      48706] Creating service 2:m3fs
[0m[0;32m[T1:root    @      48801] Creating service 1:pipes
[0m[0;32m[T1:root    @      48813] Starting boot module 'pager' on tile4 with arguments ["268435456"]
[0m[0;35m[T4:pager   @      49162] Boot modules:
[0m[0;35m[T4:pager   @      49176]   Mod[addr: G[Tile26+0x80600000], size: 0x21d, name: boot.xml]
[0m[0;35m[T4:pager   @      49178] Available tiles:
[0m[0;35m[T4:pager   @      49188]   Tile04: COMP_EMEM RISCV (empty) 0 KiB memory
[0m[0;35m[T4:pager   @      49192]   Tile20: COMP_IMEM ACCEL_COPY (empty) 4096 KiB memory
[0m[0;35m[T4:pager   @      49195]   Tile21: COMP_IMEM ACCEL_COPY (empty) 4096 KiB memory
[0m[0;35m[T4:pager   @      49197]   Tile22: COMP_IMEM ACCEL_COPY (empty) 4096 KiB memory
[0m[0;35m[T4:pager   @      49200] Available memory:
[0m[0;35m[T4:pager   @      49207]   MemMod[sel: 10, res: false, addr: G[Tile26+0x71800000], size: 119 MiB]
[0m[0;35m[T4:pager   @      49210] Services:
[0m[0;35m[T4:pager   @      49212]   Service[name=pipes, sessions=32]
[0m[0;35m[T4:pager   @      49217] Creating service 1:pipes
[0m[0;32m[T1:root    @      49235] pager: open_sess(dst_sel=78, name=m3fs)
[0m[0;35m[T4:pager   @      50157] Starting boot module '/bin/imgproc' on tile5 with arguments ["-m", "dir", "-n", "1", "-r", "8", "/large.txt"]
[0m[0;35m[T4:pager   @      50676] /bin/imgproc: open_sess(dst_sel=101, name=pipes)
[0m[0;36m[T5:imgproc @      50761] Creating Activity FFT0
[0m[0;36m[T5:imgproc @      50864] Creating Activity MUL0
[0m[0;36m[T5:imgproc @      50924] Creating Activity IFFT0
[0m[0;36m[T5:imgproc @      50961] Connecting input and output...
[0m[0;36m[T5:imgproc @      50999] Starting chain...
[0m[0;35m[T4:pager   @      51959] /bin/imgproc: close_sess(sel=101)
[0m[0;35m[T4:pager   @      51978] /bin/imgproc: open_sess(dst_sel=147, name=pipes)
[0m[0;36m[T5:imgproc @      52000] Creating Activity FFT0
[0mwarn: PowerState: More than one power state change request encountered within the same simulation tick
[0;36m[T5:imgproc @      52033] Creating Activity MUL0
[0m[0;36m[T5:imgproc @      52064] Creating Activity IFFT0
[0m[0;36m[T5:imgproc @      52126] Connecting input and output...
[0m[0;36m[T5:imgproc @      52150] Starting chain...
[0m[0;35m[T4:pager   @      53040] /bin/imgproc: close_sess(sel=147)
[0m[0;35m[T4:pager   @      53047] /bin/imgproc: open_sess(dst_sel=191, name=pipes)
[0m[0;36m[T5:imgproc @      53065] Creating Activity FFT0
[0m[0;36m[T5:imgproc @      53110] Creating Activity MUL0
[0m[0;36m[T5:imgproc @      53178] Creating Activity IFFT0
[0m[0;36m[T5:imgproc @      53208] Connecting input and output...
[0m[0;36m[T5:imgproc @      53234] Starting chain...
[0m[0;35m[T4:pager   @      54119] /bin/imgproc: close_sess(sel=191)
[0m[0;35m[T4:pager   @      54125] /bin/imgproc: open_sess(dst_sel=235, name=pipes)
[0m[0;36m[T5:imgproc @      54143] Creating Activity FFT0
[0m[0;36m[T5:imgproc @      54184] Creating Activity MUL0
[0m[0;36m[T5:imgproc @      54215] Creating Activity IFFT0
[0m[0;36m[T5:imgproc @      54246] Connecting input and output...
[0m[0;36m[T5:imgproc @      54270] Starting chain...
[0m[0;35m[T4:pager   @      55145] /bin/imgproc: close_sess(sel=235)
[0m[0;35m[T4:pager   @      55151] /bin/imgproc: open_sess(dst_sel=279, name=pipes)
[0m[0;36m[T5:imgproc @      55167] Creating Activity FFT0
[0m[0;36m[T5:imgproc @      55209] Creating Activity MUL0
[0m[0;36m[T5:imgproc @      55244] Creating Activity IFFT0
[0m[0;36m[T5:imgproc @      55273] Connecting input and output...
[0m[0;36m[T5:imgproc @      55296] Starting chain...
[0m[0;35m[T4:pager   @      56170] /bin/imgproc: close_sess(sel=279)
[0m[0;35m[T4:pager   @      56175] /bin/imgproc: open_sess(dst_sel=323, name=pipes)
[0m[0;36m[T5:imgproc @      56193] Creating Activity FFT0
[0m[0;36m[T5:imgproc @      56230] Creating Activity MUL0
[0m[0;36m[T5:imgproc @      56261] Creating Activity IFFT0
[0m[0;36m[T5:imgproc @      56321] Connecting input and output...
[0m[0;36m[T5:imgproc @      56345] Starting chain...
[0m[0;35m[T4:pager   @      57221] /bin/imgproc: close_sess(sel=323)
[0m[0;35m[T4:pager   @      57227] /bin/imgproc: open_sess(dst_sel=367, name=pipes)
[0m[0;36m[T5:imgproc @      57245] Creating Activity FFT0
[0m[0;36m[T5:imgproc @      57284] Creating Activity MUL0
[0m[0;36m[T5:imgproc @      57319] Creating Activity IFFT0
[0m[0;36m[T5:imgproc @      57386] Connecting input and output...
[0m[0;36m[T5:imgproc @      57410] Starting chain...
[0m[0;35m[T4:pager   @      58294] /bin/imgproc: close_sess(sel=367)
[0m[0;35m[T4:pager   @      58301] /bin/imgproc: open_sess(dst_sel=411, name=pipes)
[0m[0;36m[T5:imgproc @      58318] Creating Activity FFT0
[0m[0;36m[T5:imgproc @      58362] Creating Activity MUL0
[0m[0;36m[T5:imgproc @      58396] Creating Activity IFFT0
[0m[0;36m[T5:imgproc @      58454] Connecting input and output...
[0m[0;36m[T5:imgproc @      58479] Starting chain...
[0m[0;35m[T4:pager   @      59359] /bin/imgproc: close_sess(sel=411)
[0m[0;35m[T4:pager   @      59365] /bin/imgproc: open_sess(dst_sel=455, name=pipes)
[0m[0;36m[T5:imgproc @      59382] Creating Activity FFT0
[0m[0;36m[T5:imgproc @      59422] Creating Activity MUL0
[0m[0;36m[T5:imgproc @      59457] Creating Activity IFFT0
[0m[0;36m[T5:imgproc @      59517] Connecting input and output...
[0m[0;36m[T5:imgproc @      59542] Starting chain...
[0m[0;35m[T4:pager   @      60423] /bin/imgproc: close_sess(sel=455)
[0m! src/apps/bench/imgproc/imgproc.cc:105  PERF "imgproc-dir (1 chains)": 2417833 cycles (+/- 11519 cycles with 8 runs)
[0;32m[T1:root    @      60817] Sending SHUTDOWN to service 2:m3fs
[0m[0;32m[T1:root    @      60838] Sending SHUTDOWN to service 1:pipes
[0m[0;32m[T1:root    @      60847] m3fs: unreg_serv(sel=51)
[0m[0;32m[T1:root    @      60851] Removing service 2:m3fs
[0m[0;32m[T1:root    @      60863] pipes: unreg_serv(sel=59)
[0m[0;32m[T1:root    @      60864] Removing service 1:pipes
[0m[0;32m[T1:root    @      61043] All childs gone. Exiting.
[0m[0;31m[T0:kernel  @      61117] Shutting down
[0mExiting @ tick 61128264213 because m5_exit instruction encountered
