/scratch/harshanavkis/ironbus/M3/run/imgproc_secure-500/boot-all.xml validates
gem5 Simulator System.  http://gem5.org
gem5 is copyrighted software; use the --copyright option for details.

gem5 version 21.0.0.0
gem5 compiled Sep 17 2026 15:54:59
gem5 started Sep 17 2026 17:16:54
gem5 executing on amy, pid 2936000
command line: platform/gem5/build/RISCV/gem5.opt --outdir=/scratch/harshanavkis/ironbus/M3/run/imgproc_secure-500 --debug-file=gem5.log --debug-flags=Tcu /scratch/harshanavkis/ironbus/M3/config/accels.py --cpu-type DerivO3CPU --isa riscv --cmd 'build/gem5-riscv-release/bin/kernel -f build/gem5-riscv-release/bench.img,build/gem5-riscv-release/bin/tilemux,build/gem5-riscv-release/bin/tilemux,build/gem5-riscv-release/bin/tilemux,build/gem5-riscv-release/bin/tilemux,build/gem5-riscv-release/bin/tilemux,build/gem5-riscv-release/bin/tilemux,build/gem5-riscv-release/bin/tilemux,build/gem5-riscv-release/bin/tilemux,build/gem5-riscv-release/bin/tilemux,build/gem5-riscv-release/bin/tilemux,build/gem5-riscv-release/bin/tilemux,build/gem5-riscv-release/bin/tilemux,build/gem5-riscv-release/bin/tilemux,build/gem5-riscv-release/bin/tilemux,build/gem5-riscv-release/bin/tilemux,' --mods /scratch/harshanavkis/ironbus/M3/run/imgproc_secure-500/boot.xml,build/gem5-riscv-release/bin/root,build/gem5-riscv-release/bin/m3fs,build/gem5-riscv-release/bin/pipes,build/gem5-riscv-release/bin/pager --cpu-clock=2GHz --sys-clock=2GHz --encr-latency=15 --par-pipe=1 --int-transfer-latency=500 --rng-latency=0 --sign-latency=0 --sign-ver-latency=0

info: Standard input is not a terminal, disabling listeners.
T00: build/gem5-riscv-release/bin/kernel -f build/gem5-riscv-release/bench.img
     Core =DerivO3CPU riscv @ 2GHz
     TCU  =eps:192, bufsz:2048 B, blocksz:64 B, count:16, tlb:128
     L1i$ =32 KiB (2-way assoc, 4 cycles)
     L1d$ =32 KiB (2-way assoc, 4 cycles)
     L2$  =256 KiB (8-way assoc, 12 cycles)
     Comp =Core -> TCU -> L1$ -> L2$

T01: build/gem5-riscv-release/bin/tilemux
     Core =DerivO3CPU riscv @ 2GHz
     TCU  =eps:192, bufsz:2048 B, blocksz:64 B, count:16, tlb:128
     L1i$ =32 KiB (2-way assoc, 4 cycles)
     L1d$ =32 KiB (2-way assoc, 4 cycles)
     L2$  =256 KiB (8-way assoc, 12 cycles)
     Comp =Core -> TCU -> L1$ -> L2$

T02: build/gem5-riscv-release/bin/tilemux
     Core =DerivO3CPU riscv @ 2GHz
     TCU  =eps:192, bufsz:2048 B, blocksz:64 B, count:16, tlb:128
     L1i$ =32 KiB (2-way assoc, 4 cycles)
     L1d$ =32 KiB (2-way assoc, 4 cycles)
     L2$  =256 KiB (8-way assoc, 12 cycles)
     Comp =Core -> TCU -> L1$ -> L2$

T03: build/gem5-riscv-release/bin/tilemux
     Core =DerivO3CPU riscv @ 2GHz
     TCU  =eps:192, bufsz:2048 B, blocksz:64 B, count:16, tlb:128
     L1i$ =32 KiB (2-way assoc, 4 cycles)
     L1d$ =32 KiB (2-way assoc, 4 cycles)
     L2$  =256 KiB (8-way assoc, 12 cycles)
     Comp =Core -> TCU -> L1$ -> L2$

T04: build/gem5-riscv-release/bin/tilemux
     Core =DerivO3CPU riscv @ 2GHz
     TCU  =eps:192, bufsz:2048 B, blocksz:64 B, count:16, tlb:128
     L1i$ =32 KiB (2-way assoc, 4 cycles)
     L1d$ =32 KiB (2-way assoc, 4 cycles)
     L2$  =256 KiB (8-way assoc, 12 cycles)
     Comp =Core -> TCU -> L1$ -> L2$

T05: build/gem5-riscv-release/bin/tilemux
     Core =DerivO3CPU riscv @ 2GHz
     TCU  =eps:192, bufsz:2048 B, blocksz:64 B, count:16, tlb:128
     L1i$ =32 KiB (2-way assoc, 4 cycles)
     L1d$ =32 KiB (2-way assoc, 4 cycles)
     L2$  =256 KiB (8-way assoc, 12 cycles)
     Comp =Core -> TCU -> L1$ -> L2$

T06: build/gem5-riscv-release/bin/tilemux
     Core =DerivO3CPU riscv @ 2GHz
     TCU  =eps:192, bufsz:2048 B, blocksz:64 B, count:16, tlb:128
     L1i$ =32 KiB (2-way assoc, 4 cycles)
     L1d$ =32 KiB (2-way assoc, 4 cycles)
     L2$  =256 KiB (8-way assoc, 12 cycles)
     Comp =Core -> TCU -> L1$ -> L2$

T07: build/gem5-riscv-release/bin/tilemux
     Core =DerivO3CPU riscv @ 2GHz
     TCU  =eps:192, bufsz:2048 B, blocksz:64 B, count:16, tlb:128
     L1i$ =32 KiB (2-way assoc, 4 cycles)
     L1d$ =32 KiB (2-way assoc, 4 cycles)
     L2$  =256 KiB (8-way assoc, 12 cycles)
     Comp =Core -> TCU -> L1$ -> L2$

T08: build/gem5-riscv-release/bin/tilemux
     Core =DerivO3CPU riscv @ 2GHz
     TCU  =eps:192, bufsz:2048 B, blocksz:64 B, count:16, tlb:128
     L1i$ =32 KiB (2-way assoc, 4 cycles)
     L1d$ =32 KiB (2-way assoc, 4 cycles)
     L2$  =256 KiB (8-way assoc, 12 cycles)
     Comp =Core -> TCU -> L1$ -> L2$

T09: build/gem5-riscv-release/bin/tilemux
     Core =DerivO3CPU riscv @ 2GHz
     TCU  =eps:192, bufsz:2048 B, blocksz:64 B, count:16, tlb:128
     L1i$ =32 KiB (2-way assoc, 4 cycles)
     L1d$ =32 KiB (2-way assoc, 4 cycles)
     L2$  =256 KiB (8-way assoc, 12 cycles)
     Comp =Core -> TCU -> L1$ -> L2$

T10: build/gem5-riscv-release/bin/tilemux
     Core =DerivO3CPU riscv @ 2GHz
     TCU  =eps:192, bufsz:2048 B, blocksz:64 B, count:16, tlb:128
     L1i$ =32 KiB (2-way assoc, 4 cycles)
     L1d$ =32 KiB (2-way assoc, 4 cycles)
     L2$  =256 KiB (8-way assoc, 12 cycles)
     Comp =Core -> TCU -> L1$ -> L2$

T11: build/gem5-riscv-release/bin/tilemux
     Core =DerivO3CPU riscv @ 2GHz
     TCU  =eps:192, bufsz:2048 B, blocksz:64 B, count:16, tlb:128
     L1i$ =32 KiB (2-way assoc, 4 cycles)
     L1d$ =32 KiB (2-way assoc, 4 cycles)
     L2$  =256 KiB (8-way assoc, 12 cycles)
     Comp =Core -> TCU -> L1$ -> L2$

T12: build/gem5-riscv-release/bin/tilemux
     Core =DerivO3CPU riscv @ 2GHz
     TCU  =eps:192, bufsz:2048 B, blocksz:64 B, count:16, tlb:128
     L1i$ =32 KiB (2-way assoc, 4 cycles)
     L1d$ =32 KiB (2-way assoc, 4 cycles)
     L2$  =256 KiB (8-way assoc, 12 cycles)
     Comp =Core -> TCU -> L1$ -> L2$

T13: build/gem5-riscv-release/bin/tilemux
     Core =DerivO3CPU riscv @ 2GHz
     TCU  =eps:192, bufsz:2048 B, blocksz:64 B, count:16, tlb:128
     L1i$ =32 KiB (2-way assoc, 4 cycles)
     L1d$ =32 KiB (2-way assoc, 4 cycles)
     L2$  =256 KiB (8-way assoc, 12 cycles)
     Comp =Core -> TCU -> L1$ -> L2$

T14: build/gem5-riscv-release/bin/tilemux
     Core =DerivO3CPU riscv @ 2GHz
     TCU  =eps:192, bufsz:2048 B, blocksz:64 B, count:16, tlb:128
     L1i$ =32 KiB (2-way assoc, 4 cycles)
     L1d$ =32 KiB (2-way assoc, 4 cycles)
     L2$  =256 KiB (8-way assoc, 12 cycles)
     Comp =Core -> TCU -> L1$ -> L2$

T15: build/gem5-riscv-release/bin/tilemux
     Core =DerivO3CPU riscv @ 2GHz
     TCU  =eps:192, bufsz:2048 B, blocksz:64 B, count:16, tlb:128
     L1i$ =32 KiB (2-way assoc, 4 cycles)
     L1d$ =32 KiB (2-way assoc, 4 cycles)
     L2$  =256 KiB (8-way assoc, 12 cycles)
     Comp =Core -> TCU -> L1$ -> L2$

T16: indir accelerator @ 1GHz
     TCU  =eps:192, bufsz:2048 B, blocksz:2048 B, count:16, tlb:0
     imem =4096 KiB
     Comp =Core -> TCU -> SPM

T17: indir accelerator @ 1GHz
     TCU  =eps:192, bufsz:2048 B, blocksz:2048 B, count:16, tlb:0
     imem =4096 KiB
     Comp =Core -> TCU -> SPM

T18: indir accelerator @ 1GHz
     TCU  =eps:192, bufsz:2048 B, blocksz:2048 B, count:16, tlb:0
     imem =4096 KiB
     Comp =Core -> TCU -> SPM

T19: indir accelerator @ 1GHz
     TCU  =eps:192, bufsz:2048 B, blocksz:2048 B, count:16, tlb:0
     imem =4096 KiB
     Comp =Core -> TCU -> SPM

T20: copy accelerator @ 1GHz
     TCU  =eps:192, bufsz:2048 B, blocksz:2048 B, count:16, tlb:0
     imem =4096 KiB
     Comp =Core -> TCU -> SPM

T21: copy accelerator @ 1GHz
     TCU  =eps:192, bufsz:2048 B, blocksz:2048 B, count:16, tlb:0
     imem =4096 KiB
     Comp =Core -> TCU -> SPM

T22: copy accelerator @ 1GHz
     TCU  =eps:192, bufsz:2048 B, blocksz:2048 B, count:16, tlb:0
     imem =4096 KiB
     Comp =Core -> TCU -> SPM

T23: copy accelerator @ 1GHz
     TCU  =eps:192, bufsz:2048 B, blocksz:2048 B, count:16, tlb:0
     imem =4096 KiB
     Comp =Core -> TCU -> SPM

T24: rot13 accelerator @ 1GHz
     TCU  =eps:192, bufsz:2048 B, blocksz:2048 B, count:16, tlb:0
     imem =4096 KiB
     Comp =Core -> TCU -> SPM

T25: SerialInput
     TCU  =eps:192, bufsz:2048 B, blocksz:2048 B, count:16, tlb:0
     Comp =TCU -> SerialInput

T26: build/gem5-riscv-release/bench.img x 1
     TCU  =eps:192, bufsz:2048 B, blocksz:2048 B, count:16, tlb:0
     imem =3145728 KiB
     Comp =TCU -> DRAM

Global frequency set at 1000000000000 ticks per second
warn: No dot file generated. Please install pydot to generate the dot file and pdf.
warn: DRAM device capacity (49152 Mbytes) does not match the address range assigned (4096 Mbytes)
warn: Sockets disabled, not accepting terminal connections
warn: Sockets disabled, not accepting gdb connections
warn: CoherentXBar T16.xbar has no snooping ports attached!
warn: CoherentXBar T17.xbar has no snooping ports attached!
warn: CoherentXBar T18.xbar has no snooping ports attached!
warn: CoherentXBar T19.xbar has no snooping ports attached!
warn: CoherentXBar T20.xbar has no snooping ports attached!
warn: CoherentXBar T21.xbar has no snooping ports attached!
warn: CoherentXBar T22.xbar has no snooping ports attached!
warn: CoherentXBar T23.xbar has no snooping ports attached!
warn: CoherentXBar T24.xbar has no snooping ports attached!
warn: CoherentXBar T25.xbar has no snooping ports attached!
warn: CoherentXBar T26.xbar has no snooping ports attached!
info: Loaded 'boot.xml' to 0x9a00000030000000 .. 0x9a000000300003ce
info: Loaded 'root' to 0x9a00000030001000 .. 0x9a00000030075758
info: Loaded 'm3fs' to 0x9a00000030076000 .. 0x9a000000300cc348
info: Loaded 'pipes' to 0x9a000000300cd000 .. 0x9a00000030112ba0
info: Loaded 'pager' to 0x9a00000030113000 .. 0x9a00000030192c48
info: Entering event queue @ 0.  Starting simulation...
warn: T0,PMP-EP65535: invalid EP
warn: T15,PMP-EP65535: invalid EP
warn: T14,PMP-EP65535: invalid EP
warn: T13,PMP-EP65535: invalid EP
warn: T12,PMP-EP65535: invalid EP
warn: T11,PMP-EP65535: invalid EP
warn: T10,PMP-EP65535: invalid EP
warn: T9,PMP-EP65535: invalid EP
warn: T8,PMP-EP65535: invalid EP
warn: T7,PMP-EP65535: invalid EP
warn: T6,PMP-EP65535: invalid EP
warn: T5,PMP-EP65535: invalid EP
warn: T4,PMP-EP65535: invalid EP
warn: T3,PMP-EP65535: invalid EP
warn: T2,PMP-EP65535: invalid EP
warn: T1,PMP-EP65535: invalid EP
warn: T15,PMP-EP65535: invalid EP
warn: T13,PMP-EP65535: invalid EP
warn: T12,PMP-EP65535: invalid EP
warn: T14,PMP-EP65535: invalid EP
warn: T10,PMP-EP65535: invalid EP
warn: T3,PMP-EP65535: invalid EP
warn: T11,PMP-EP65535: invalid EP
warn: T4,PMP-EP65535: invalid EP
warn: T9,PMP-EP65535: invalid EP
warn: T0,PMP-EP65535: invalid EP
warn: T6,PMP-EP65535: invalid EP
warn: T8,PMP-EP65535: invalid EP
warn: T2,PMP-EP65535: invalid EP
warn: T7,PMP-EP65535: invalid EP
warn: T5,PMP-EP65535: invalid EP
warn: T1,PMP-EP65535: invalid EP
[0;31m[T0:kernel  @        138] Entered raw mode; Quit via Ctrl+]
[0mwarn: T15,PMP-EP65535: invalid EP
warn: T15,PMP-EP65535: invalid EP
warn: T15,PMP-EP65535: invalid EP
warn: T15,PMP-EP65535: invalid EP
warn: T13,PMP-EP65535: invalid EP
warn: T13,PMP-EP65535: invalid EP
warn: T13,PMP-EP65535: invalid EP
warn: T14,PMP-EP65535: invalid EP
warn: T14,PMP-EP65535: invalid EP
warn: T14,PMP-EP65535: invalid EP
warn: T13,PMP-EP65535: invalid EP
warn: T10,PMP-EP65535: invalid EP
warn: T10,PMP-EP65535: invalid EP
warn: T10,PMP-EP65535: invalid EP
warn: T3,PMP-EP65535: invalid EP
warn: T3,PMP-EP65535: invalid EP
warn: T3,PMP-EP65535: invalid EP
warn: T14,PMP-EP65535: invalid EP
warn: T11,PMP-EP65535: invalid EP
warn: T11,PMP-EP65535: invalid EP
warn: T11,PMP-EP65535: invalid EP
warn: T10,PMP-EP65535: invalid EP
warn: T3,PMP-EP65535: invalid EP
warn: T8,PMP-EP65535: invalid EP
warn: T8,PMP-EP65535: invalid EP
warn: T8,PMP-EP65535: invalid EP
warn: T4,PMP-EP65535: invalid EP
warn: T4,PMP-EP65535: invalid EP
warn: T4,PMP-EP65535: invalid EP
warn: T9,PMP-EP65535: invalid EP
warn: T9,PMP-EP65535: invalid EP
warn: T9,PMP-EP65535: invalid EP
warn: T5,PMP-EP65535: invalid EP
warn: T5,PMP-EP65535: invalid EP
warn: T5,PMP-EP65535: invalid EP
warn: T11,PMP-EP65535: invalid EP
warn: T12,PMP-EP65535: invalid EP
warn: T12,PMP-EP65535: invalid EP
warn: T12,PMP-EP65535: invalid EP
warn: T6,PMP-EP65535: invalid EP
warn: T6,PMP-EP65535: invalid EP
warn: T6,PMP-EP65535: invalid EP
warn: T7,PMP-EP65535: invalid EP
warn: T7,PMP-EP65535: invalid EP
warn: T7,PMP-EP65535: invalid EP
warn: T2,PMP-EP65535: invalid EP
warn: T2,PMP-EP65535: invalid EP
warn: T2,PMP-EP65535: invalid EP
warn: T1,PMP-EP65535: invalid EP
warn: T1,PMP-EP65535: invalid EP
warn: T1,PMP-EP65535: invalid EP
warn: T8,PMP-EP65535: invalid EP
warn: T4,PMP-EP65535: invalid EP
warn: T9,PMP-EP65535: invalid EP
warn: T5,PMP-EP65535: invalid EP
warn: T12,PMP-EP65535: invalid EP
warn: T6,PMP-EP65535: invalid EP
warn: T7,PMP-EP65535: invalid EP
warn: T2,PMP-EP65535: invalid EP
warn: T1,PMP-EP65535: invalid EP
[0;31m[T0:kernel  @        262] Attesting tile: 1
[0m[0;31m[T0:kernel  @       5380] Attestation complete: 1, 10223273 cycles
[0m[0;31m[T0:kernel  @       5384] Attesting tile: 2
[0m[0;31m[T0:kernel  @      10486] Attestation complete: 2, 10198405 cycles
[0m[0;31m[T0:kernel  @      10490] Attesting tile: 3
[0m[0;31m[T0:kernel  @      15590] Attestation complete: 3, 10196968 cycles
[0m[0;31m[T0:kernel  @      15594] Attesting tile: 4
[0m[0;31m[T0:kernel  @      20695] Attestation complete: 4, 10197162 cycles
[0m[0;31m[T0:kernel  @      20698] Attesting tile: 5
[0m[0;31m[T0:kernel  @      25798] Attestation complete: 5, 10196180 cycles
[0m[0;31m[T0:kernel  @      25802] Attesting tile: 6
[0m[0;31m[T0:kernel  @      30902] Attestation complete: 6, 10195307 cycles
[0m[0;31m[T0:kernel  @      30905] Attesting tile: 7
[0m[0;31m[T0:kernel  @      36005] Attestation complete: 7, 10196829 cycles
[0m[0;31m[T0:kernel  @      36009] Attesting tile: 8
[0m[0;31m[T0:kernel  @      41109] Attestation complete: 8, 10195761 cycles
[0m[0;31m[T0:kernel  @      41112] Attesting tile: 9
[0m[0;31m[T0:kernel  @      46213] Attestation complete: 9, 10196605 cycles
[0m[0;31m[T0:kernel  @      46216] Attesting tile: 10
[0m[0;31m[T0:kernel  @      51316] Attestation complete: 10, 10195940 cycles
[0m[0;31m[T0:kernel  @      51320] Attesting tile: 11
[0m[0;31m[T0:kernel  @      56420] Attestation complete: 11, 10196563 cycles
[0m[0;31m[T0:kernel  @      56424] Attesting tile: 12
[0m[0;31m[T0:kernel  @      61524] Attestation complete: 12, 10195674 cycles
[0m[0;31m[T0:kernel  @      61527] Attesting tile: 13
[0m[0;31m[T0:kernel  @      66627] Attestation complete: 13, 10195873 cycles
[0m[0;31m[T0:kernel  @      66631] Attesting tile: 14
[0m[0;31m[T0:kernel  @      71730] Attestation complete: 14, 10195194 cycles
[0m[0;31m[T0:kernel  @      71734] Attesting tile: 15
[0m[0;31m[T0:kernel  @      76834] Attestation complete: 15, 10197108 cycles
[0m[0;31m[T0:kernel  @      76838] Attesting tile: 16
[0m[0;31m[T0:kernel  @      84528] Attestation complete: 16, 15376859 cycles
[0m[0;31m[T0:kernel  @      84532] Attesting tile: 17
[0m[0;31m[T0:kernel  @      92223] Attestation complete: 17, 15376847 cycles
[0m[0;31m[T0:kernel  @      92226] Attesting tile: 18
[0m[0;31m[T0:kernel  @      99917] Attestation complete: 18, 15377227 cycles
[0m[0;31m[T0:kernel  @      99921] Attesting tile: 19
[0m[0;31m[T0:kernel  @     107611] Attestation complete: 19, 15375804 cycles
[0m[0;31m[T0:kernel  @     107614] Attesting tile: 20
[0m[0;31m[T0:kernel  @     115304] Attestation complete: 20, 15375467 cycles
[0m[0;31m[T0:kernel  @     115308] Attesting tile: 21
[0m[0;31m[T0:kernel  @     122997] Attestation complete: 21, 15374821 cycles
[0m[0;31m[T0:kernel  @     123001] Attesting tile: 22
[0m[0;31m[T0:kernel  @     130691] Attestation complete: 22, 15376303 cycles
[0m[0;31m[T0:kernel  @     130695] Attesting tile: 23
[0m[0;31m[T0:kernel  @     138385] Attestation complete: 23, 15376027 cycles
[0m[0;31m[T0:kernel  @     138388] Attesting tile: 24
[0m[0;31m[T0:kernel  @     146078] Attestation complete: 24, 15374893 cycles
[0m[0;31m[T0:kernel  @     146081] Attesting tile: 25
[0m[0;31m[T0:kernel  @     153772] Attestation complete: 25, 15376373 cycles
[0m[0;31m[T0:kernel  @     153778] Attesting tile: 26
[0m[0;31m[T0:kernel  @     158877] Attestation complete: 26, 10194742 cycles
[0m[0;31m[T0:kernel  @     159091] Kernel is ready!
[0m[0;32m[T1:root    @     159652] Boot modules:
[0m[0;32m[T1:root    @     159667]   Mod[addr: G[Tile26+0x30000000], size: 0x3ce, name: boot.xml]
[0m[0;32m[T1:root    @     159671]   Mod[addr: G[Tile26+0x30001000], size: 0x74758, name: root]
[0m[0;32m[T1:root    @     159675]   Mod[addr: G[Tile26+0x30076000], size: 0x56348, name: m3fs]
[0m[0;32m[T1:root    @     159678]   Mod[addr: G[Tile26+0x300cd000], size: 0x45ba0, name: pipes]
[0m[0;32m[T1:root    @     159681]   Mod[addr: G[Tile26+0x30113000], size: 0x7fc48, name: pager]
[0m[0;32m[T1:root    @     159683] Available tiles:
[0m[0;32m[T1:root    @     159693]   Tile01: COMP_EMEM RISCV (empty) 0 KiB memory
[0m[0;32m[T1:root    @     159698]   Tile02: COMP_EMEM RISCV (empty) 0 KiB memory
[0m[0;32m[T1:root    @     159702]   Tile03: COMP_EMEM RISCV (empty) 0 KiB memory
[0m[0;32m[T1:root    @     159705]   Tile04: COMP_EMEM RISCV (empty) 0 KiB memory
[0m[0;32m[T1:root    @     159708]   Tile05: COMP_EMEM RISCV (empty) 0 KiB memory
[0m[0;32m[T1:root    @     159711]   Tile06: COMP_EMEM RISCV (empty) 0 KiB memory
[0m[0;32m[T1:root    @     159714]   Tile07: COMP_EMEM RISCV (empty) 0 KiB memory
[0m[0;32m[T1:root    @     159717]   Tile08: COMP_EMEM RISCV (empty) 0 KiB memory
[0m[0;32m[T1:root    @     159720]   Tile09: COMP_EMEM RISCV (empty) 0 KiB memory
[0m[0;32m[T1:root    @     159724]   Tile10: COMP_EMEM RISCV (empty) 0 KiB memory
[0m[0;32m[T1:root    @     159727]   Tile11: COMP_EMEM RISCV (empty) 0 KiB memory
[0m[0;32m[T1:root    @     159730]   Tile12: COMP_EMEM RISCV (empty) 0 KiB memory
[0m[0;32m[T1:root    @     159733]   Tile13: COMP_EMEM RISCV (empty) 0 KiB memory
[0m[0;32m[T1:root    @     159735]   Tile14: COMP_EMEM RISCV (empty) 0 KiB memory
[0m[0;32m[T1:root    @     159739]   Tile15: COMP_EMEM RISCV (empty) 0 KiB memory
[0m[0;32m[T1:root    @     159742]   Tile16: COMP_IMEM ACCEL_INDIR (empty) 4096 KiB memory
[0m[0;32m[T1:root    @     159745]   Tile17: COMP_IMEM ACCEL_INDIR (empty) 4096 KiB memory
[0m[0;32m[T1:root    @     159751]   Tile18: COMP_IMEM ACCEL_INDIR (empty) 4096 KiB memory
[0m[0;32m[T1:root    @     159754]   Tile19: COMP_IMEM ACCEL_INDIR (empty) 4096 KiB memory
[0m[0;32m[T1:root    @     159757]   Tile20: COMP_IMEM ACCEL_COPY (empty) 4096 KiB memory
[0m[0;32m[T1:root    @     159760]   Tile21: COMP_IMEM ACCEL_COPY (empty) 4096 KiB memory
[0m[0;32m[T1:root    @     159763]   Tile22: COMP_IMEM ACCEL_COPY (empty) 4096 KiB memory
[0m[0;32m[T1:root    @     159766]   Tile23: COMP_IMEM ACCEL_COPY (empty) 4096 KiB memory
[0m[0;32m[T1:root    @     159769]   Tile24: COMP_IMEM ACCEL_ROT13 (empty) 4096 KiB memory
[0m[0;32m[T1:root    @     159772]   Tile25: COMP_IMEM SERIAL_DEV (empty) 0 KiB memory
[0m[0;32m[T1:root    @     159776] Available memory:
[0m[0;32m[T1:root    @     159785]   MemMod[sel: 35, res: true, addr: G[Tile26+0x0], size: 1264 MiB]
[0m[0;32m[T1:root    @     159789]   MemMod[sel: 36, res: false, addr: G[Tile26+0x53600000], size: 959 MiB]
[0m[0;32m[T1:root    @     159793] Parsed Config [
[0m[0;32m[T1:root    @     159796]   root [
[0m[0;32m[T1:root    @     159807]     Domain on core [
[0m[0;32m[T1:root    @     159809]       m3fs mem 268435456 [
[0m[0;32m[T1:root    @     159811]         Daemon,
[0m[0;32m[T1:root    @     159818]         PhysMem[addr=0x0, size=0x40000 KiB, perm=R | W | X | RW | RWX],
[0m[0;32m[T1:root    @     159823]         Service[lname='m3fs', gname='m3fs'],
[0m[0;32m[T1:root    @     159825]       ]
[0m[0;32m[T1:root    @     159827]     ]
[0m[0;32m[T1:root    @     159829]     Domain on core [
[0m[0;32m[T1:root    @     159831]       pipes [
[0m[0;32m[T1:root    @     159833]         Daemon,
[0m[0;32m[T1:root    @     159836]         Service[lname='pipes', gname='pipes'],
[0m[0;32m[T1:root    @     159838]       ]
[0m[0;32m[T1:root    @     159839]     ]
[0m[0;32m[T1:root    @     159841]     Domain on core [
[0m[0;32m[T1:root    @     159844]       pager 268435456 [
[0m[0;32m[T1:root    @     159847]         PhysMem[addr=0x0, size=0x40000 KiB, perm=R],
[0m[0;32m[T1:root    @     159850]         SessCreator[service='pipes', count=None],
[0m[0;32m[T1:root    @     159855]         Session[lname='m3fs', gname='m3fs', arg='', dep=true],
[0m[0;32m[T1:root    @     159859]         Tile[type=core, count=1, optional=false],
[0m[0;32m[T1:root    @     159861]         Domain on core [
[0m[0;32m[T1:root    @     159865]           /bin/imgproc -m dir -n 1 -r 8 /large.txt [
[0m[0;32m[T1:root    @     159869]             Session[lname='pipes', gname='pipes', arg='', dep=true],
[0m[0;32m[T1:root    @     159872]             Mount[fs='m3fs', path='/'],
[0m[0;32m[T1:root    @     159875]             Tile[type=copy, count=3, optional=false],
[0m[0;32m[T1:root    @     159877]           ]
[0m[0;32m[T1:root    @     159879]         ]
[0m[0;32m[T1:root    @     159881]       ]
[0m[0;32m[T1:root    @     159882]     ]
[0m[0;32m[T1:root    @     159884]   ]
[0m[0;32m[T1:root    @     159885] ]
[0m[0;32m[T1:root    @     159886] 
[0m[0;32m[T1:root    @     160803] Starting boot module 'm3fs' on tile2 with arguments ["mem", "268435456"]
[0m[0;32m[T1:root    @     161241] Starting boot module 'pipes' on tile3 with arguments []
[0m[0;32m[T1:root    @     161626] pipes: reg_serv(srv_sel=59, sgate_sel=64, name=pipes, sessions=32)
[0m[0;32m[T1:root    @     161634] Creating service 1:pipes
[0m[0;32m[T1:root    @     162154] m3fs: reg_serv(srv_sel=51, sgate_sel=55, name=m3fs, sessions=32)
[0m[0;32m[T1:root    @     162159] Creating service 2:m3fs
[0m[0;32m[T1:root    @     162290] Creating service 1:pipes
[0m[0;32m[T1:root    @     162315] Starting boot module 'pager' on tile4 with arguments ["268435456"]
[0m[0;35m[T4:pager   @     162776] Boot modules:
[0m[0;35m[T4:pager   @     162793]   Mod[addr: G[Tile26+0x80600000], size: 0x21d, name: boot.xml]
[0m[0;35m[T4:pager   @     162796] Available tiles:
[0m[0;35m[T4:pager   @     162806]   Tile04: COMP_EMEM RISCV (empty) 0 KiB memory
[0m[0;35m[T4:pager   @     162812]   Tile20: COMP_IMEM ACCEL_COPY (empty) 4096 KiB memory
[0m[0;35m[T4:pager   @     162816]   Tile21: COMP_IMEM ACCEL_COPY (empty) 4096 KiB memory
[0m[0;35m[T4:pager   @     162819]   Tile22: COMP_IMEM ACCEL_COPY (empty) 4096 KiB memory
[0m[0;35m[T4:pager   @     162823] Available memory:
[0m[0;35m[T4:pager   @     162832]   MemMod[sel: 10, res: false, addr: G[Tile26+0x71800000], size: 119 MiB]
[0m[0;35m[T4:pager   @     162834] Services:
[0m[0;35m[T4:pager   @     162838]   Service[name=pipes, sessions=32]
[0m[0;35m[T4:pager   @     162844] Creating service 1:pipes
[0m[0;32m[T1:root    @     162866] pager: open_sess(dst_sel=78, name=m3fs)
[0m[0;35m[T4:pager   @     163971] Starting boot module '/bin/imgproc' on tile5 with arguments ["-m", "dir", "-n", "1", "-r", "8", "/large.txt"]
[0m[0;35m[T4:pager   @     164668] /bin/imgproc: open_sess(dst_sel=101, name=pipes)
[0m[0;36m[T5:imgproc @     164775] Creating Activity FFT0
[0m[0;36m[T5:imgproc @     164909] Creating Activity MUL0
[0m[0;36m[T5:imgproc @     164998] Creating Activity IFFT0
[0m[0;36m[T5:imgproc @     165062] Connecting input and output...
[0m[0;36m[T5:imgproc @     165122] Starting chain...
[0m[0;35m[T4:pager   @     166671] /bin/imgproc: close_sess(sel=101)
[0m[0;35m[T4:pager   @     166694] /bin/imgproc: open_sess(dst_sel=147, name=pipes)
[0m[0;36m[T5:imgproc @     166728] Creating Activity FFT0
[0m[0;36m[T5:imgproc @     166793] Creating Activity MUL0
[0m[0;36m[T5:imgproc @     166849] Creating Activity IFFT0
[0m[0;36m[T5:imgproc @     166940] Connecting input and output...
[0m[0;36m[T5:imgproc @     166988] Starting chain...
[0m[0;35m[T4:pager   @     168460] /bin/imgproc: close_sess(sel=147)
[0m[0;35m[T4:pager   @     168472] /bin/imgproc: open_sess(dst_sel=191, name=pipes)
[0m[0;36m[T5:imgproc @     168502] Creating Activity FFT0
[0m[0;36m[T5:imgproc @     168576] Creating Activity MUL0
[0m[0;36m[T5:imgproc @     168673] Creating Activity IFFT0
[0m[0;36m[T5:imgproc @     168731] Connecting input and output...
[0m[0;36m[T5:imgproc @     168779] Starting chain...
[0m[0;35m[T4:pager   @     170253] /bin/imgproc: close_sess(sel=191)
[0m[0;35m[T4:pager   @     170262] /bin/imgproc: open_sess(dst_sel=235, name=pipes)
[0m[0;36m[T5:imgproc @     170292] Creating Activity FFT0
[0mwarn: PowerState: More than one power state change request encountered within the same simulation tick
[0;36m[T5:imgproc @     170364] Creating Activity MUL0
[0m[0;36m[T5:imgproc @     170421] Creating Activity IFFT0
[0m[0;36m[T5:imgproc @     170480] Connecting input and output...
[0m[0;36m[T5:imgproc @     170528] Starting chain...
[0m[0;35m[T4:pager   @     171993] /bin/imgproc: close_sess(sel=235)
[0m[0;35m[T4:pager   @     172002] /bin/imgproc: open_sess(dst_sel=279, name=pipes)
[0m[0;36m[T5:imgproc @     172030] Creating Activity FFT0
[0mwarn: PowerState: More than one power state change request encountered within the same simulation tick
[0;36m[T5:imgproc @     172097] Creating Activity MUL0
[0m[0;36m[T5:imgproc @     172159] Creating Activity IFFT0
[0m[0;36m[T5:imgproc @     172216] Connecting input and output...
[0m[0;36m[T5:imgproc @     172263] Starting chain...
[0m[0;35m[T4:pager   @     173722] /bin/imgproc: close_sess(sel=279)
[0m[0;35m[T4:pager   @     173731] /bin/imgproc: open_sess(dst_sel=323, name=pipes)
[0m[0;36m[T5:imgproc @     173759] Creating Activity FFT0
[0m[0;36m[T5:imgproc @     173823] Creating Activity MUL0
[0m[0;36m[T5:imgproc @     173881] Creating Activity IFFT0
[0m[0;36m[T5:imgproc @     173969] Connecting input and output...
[0m[0;36m[T5:imgproc @     174017] Starting chain...
[0m[0;35m[T4:pager   @     175480] /bin/imgproc: close_sess(sel=323)
[0m[0;35m[T4:pager   @     175489] /bin/imgproc: open_sess(dst_sel=367, name=pipes)
[0m[0;36m[T5:imgproc @     175518] Creating Activity FFT0
[0m[0;36m[T5:imgproc @     175587] Creating Activity MUL0
[0m[0;36m[T5:imgproc @     175652] Creating Activity IFFT0
[0m[0;36m[T5:imgproc @     175752] Connecting input and output...
[0m[0;36m[T5:imgproc @     175803] Starting chain...
[0m[0;35m[T4:pager   @     177283] /bin/imgproc: close_sess(sel=367)
[0m[0;35m[T4:pager   @     177293] /bin/imgproc: open_sess(dst_sel=411, name=pipes)
[0m[0;36m[T5:imgproc @     177323] Creating Activity FFT0
[0m[0;36m[T5:imgproc @     177392] Creating Activity MUL0
[0m[0;36m[T5:imgproc @     177455] Creating Activity IFFT0
[0m[0;36m[T5:imgproc @     177541] Connecting input and output...
[0m[0;36m[T5:imgproc @     177591] Starting chain...
[0m[0;35m[T4:pager   @     179059] /bin/imgproc: close_sess(sel=411)
[0m[0;35m[T4:pager   @     179069] /bin/imgproc: open_sess(dst_sel=455, name=pipes)
[0m[0;36m[T5:imgproc @     179098] Creating Activity FFT0
[0m[0;36m[T5:imgproc @     179168] Creating Activity MUL0
[0m[0;36m[T5:imgproc @     179230] Creating Activity IFFT0
[0m[0;36m[T5:imgproc @     179317] Connecting input and output...
[0m[0;36m[T5:imgproc @     179367] Starting chain...
[0m[0;35m[T4:pager   @     180831] /bin/imgproc: close_sess(sel=455)
[0m! src/apps/bench/imgproc/imgproc.cc:105  PERF "imgproc-dir (1 chains)": 2655538 cycles (+/- 7403 cycles with 8 runs)
[0;32m[T1:root    @     181338] Sending SHUTDOWN to service 2:m3fs
[0m[0;32m[T1:root    @     181365] Sending SHUTDOWN to service 1:pipes
[0m[0;32m[T1:root    @     181378] m3fs: unreg_serv(sel=51)
[0m[0;32m[T1:root    @     181383] Removing service 2:m3fs
[0m[0;32m[T1:root    @     181404] pipes: unreg_serv(sel=59)
[0m[0;32m[T1:root    @     181406] Removing service 1:pipes
[0m[0;32m[T1:root    @     181648] All childs gone. Exiting.
[0m[0;31m[T0:kernel  @     181745] Shutting down
[0mExiting @ tick 181756992500 because m5_exit instruction encountered
stty: 'standard input': Inappropriate ioctl for device
