Building for gem5-riscv-release...
ninja: no work to do.
run/boot-all.xml validates
gem5 Simulator System.  http://gem5.org
gem5 is copyrighted software; use the --copyright option for details.

gem5 version 21.0.0.0
gem5 compiled Nov 18 2022 15:35:07
gem5 started Nov 18 2022 20:23:04
gem5 executing on graham, pid 1448018
command line: platform/gem5/build/RISCV/gem5.opt --outdir=run --debug-file=gem5.log --debug-flags=Tcu /scratch/harshanavkis/sec-acc/M3/config/accels.py --cpu-type DerivO3CPU --isa riscv --cmd 'build/gem5-riscv-release/bin/kernel -f build/gem5-riscv-release/bench.img,build/gem5-riscv-release/bin/tilemux,build/gem5-riscv-release/bin/tilemux,build/gem5-riscv-release/bin/tilemux,build/gem5-riscv-release/bin/tilemux,build/gem5-riscv-release/bin/tilemux,build/gem5-riscv-release/bin/tilemux,build/gem5-riscv-release/bin/tilemux,build/gem5-riscv-release/bin/tilemux,build/gem5-riscv-release/bin/tilemux,build/gem5-riscv-release/bin/tilemux,build/gem5-riscv-release/bin/tilemux,build/gem5-riscv-release/bin/tilemux,build/gem5-riscv-release/bin/tilemux,build/gem5-riscv-release/bin/tilemux,build/gem5-riscv-release/bin/tilemux,' --mods run/boot.xml,build/gem5-riscv-release/bin/root,build/gem5-riscv-release/bin/m3fs,build/gem5-riscv-release/bin/pipes,build/gem5-riscv-release/bin/pager --cpu-clock=2GHz --sys-clock=2GHz --encr-latency=0 --par-pipe=1 --int-transfer-latency=1500 --rng-latency=0 --sign-latency=0 --sign-ver-latency=0

T00: build/gem5-riscv-release/bin/kernel -f build/gem5-riscv-release/bench.img
     Core =DerivO3CPU riscv @ 2GHz
     TCU  =eps:192, bufsz:2048 B, blocksz:64 B, count:4, tlb:128
     L1i$ =32 KiB (2-way assoc, 4 cycles)
     L1d$ =32 KiB (2-way assoc, 4 cycles)
     L2$  =256 KiB (8-way assoc, 12 cycles)
     Comp =Core -> TCU -> L1$ -> L2$

T01: build/gem5-riscv-release/bin/tilemux
     Core =DerivO3CPU riscv @ 2GHz
     TCU  =eps:192, bufsz:2048 B, blocksz:64 B, count:4, tlb:128
     L1i$ =32 KiB (2-way assoc, 4 cycles)
     L1d$ =32 KiB (2-way assoc, 4 cycles)
     L2$  =256 KiB (8-way assoc, 12 cycles)
     Comp =Core -> TCU -> L1$ -> L2$

T02: build/gem5-riscv-release/bin/tilemux
     Core =DerivO3CPU riscv @ 2GHz
     TCU  =eps:192, bufsz:2048 B, blocksz:64 B, count:4, tlb:128
     L1i$ =32 KiB (2-way assoc, 4 cycles)
     L1d$ =32 KiB (2-way assoc, 4 cycles)
     L2$  =256 KiB (8-way assoc, 12 cycles)
     Comp =Core -> TCU -> L1$ -> L2$

T03: build/gem5-riscv-release/bin/tilemux
     Core =DerivO3CPU riscv @ 2GHz
     TCU  =eps:192, bufsz:2048 B, blocksz:64 B, count:4, tlb:128
     L1i$ =32 KiB (2-way assoc, 4 cycles)
     L1d$ =32 KiB (2-way assoc, 4 cycles)
     L2$  =256 KiB (8-way assoc, 12 cycles)
     Comp =Core -> TCU -> L1$ -> L2$

T04: build/gem5-riscv-release/bin/tilemux
     Core =DerivO3CPU riscv @ 2GHz
     TCU  =eps:192, bufsz:2048 B, blocksz:64 B, count:4, tlb:128
     L1i$ =32 KiB (2-way assoc, 4 cycles)
     L1d$ =32 KiB (2-way assoc, 4 cycles)
     L2$  =256 KiB (8-way assoc, 12 cycles)
     Comp =Core -> TCU -> L1$ -> L2$

T05: build/gem5-riscv-release/bin/tilemux
     Core =DerivO3CPU riscv @ 2GHz
     TCU  =eps:192, bufsz:2048 B, blocksz:64 B, count:4, tlb:128
     L1i$ =32 KiB (2-way assoc, 4 cycles)
     L1d$ =32 KiB (2-way assoc, 4 cycles)
     L2$  =256 KiB (8-way assoc, 12 cycles)
     Comp =Core -> TCU -> L1$ -> L2$

T06: build/gem5-riscv-release/bin/tilemux
     Core =DerivO3CPU riscv @ 2GHz
     TCU  =eps:192, bufsz:2048 B, blocksz:64 B, count:4, tlb:128
     L1i$ =32 KiB (2-way assoc, 4 cycles)
     L1d$ =32 KiB (2-way assoc, 4 cycles)
     L2$  =256 KiB (8-way assoc, 12 cycles)
     Comp =Core -> TCU -> L1$ -> L2$

T07: build/gem5-riscv-release/bin/tilemux
     Core =DerivO3CPU riscv @ 2GHz
     TCU  =eps:192, bufsz:2048 B, blocksz:64 B, count:4, tlb:128
     L1i$ =32 KiB (2-way assoc, 4 cycles)
     L1d$ =32 KiB (2-way assoc, 4 cycles)
     L2$  =256 KiB (8-way assoc, 12 cycles)
     Comp =Core -> TCU -> L1$ -> L2$

T08: build/gem5-riscv-release/bin/tilemux
     Core =DerivO3CPU riscv @ 2GHz
     TCU  =eps:192, bufsz:2048 B, blocksz:64 B, count:4, tlb:128
     L1i$ =32 KiB (2-way assoc, 4 cycles)
     L1d$ =32 KiB (2-way assoc, 4 cycles)
     L2$  =256 KiB (8-way assoc, 12 cycles)
     Comp =Core -> TCU -> L1$ -> L2$

T09: build/gem5-riscv-release/bin/tilemux
     Core =DerivO3CPU riscv @ 2GHz
     TCU  =eps:192, bufsz:2048 B, blocksz:64 B, count:4, tlb:128
     L1i$ =32 KiB (2-way assoc, 4 cycles)
     L1d$ =32 KiB (2-way assoc, 4 cycles)
     L2$  =256 KiB (8-way assoc, 12 cycles)
     Comp =Core -> TCU -> L1$ -> L2$

T10: build/gem5-riscv-release/bin/tilemux
     Core =DerivO3CPU riscv @ 2GHz
     TCU  =eps:192, bufsz:2048 B, blocksz:64 B, count:4, tlb:128
     L1i$ =32 KiB (2-way assoc, 4 cycles)
     L1d$ =32 KiB (2-way assoc, 4 cycles)
     L2$  =256 KiB (8-way assoc, 12 cycles)
     Comp =Core -> TCU -> L1$ -> L2$

T11: build/gem5-riscv-release/bin/tilemux
     Core =DerivO3CPU riscv @ 2GHz
     TCU  =eps:192, bufsz:2048 B, blocksz:64 B, count:4, tlb:128
     L1i$ =32 KiB (2-way assoc, 4 cycles)
     L1d$ =32 KiB (2-way assoc, 4 cycles)
     L2$  =256 KiB (8-way assoc, 12 cycles)
     Comp =Core -> TCU -> L1$ -> L2$

T12: build/gem5-riscv-release/bin/tilemux
     Core =DerivO3CPU riscv @ 2GHz
     TCU  =eps:192, bufsz:2048 B, blocksz:64 B, count:4, tlb:128
     L1i$ =32 KiB (2-way assoc, 4 cycles)
     L1d$ =32 KiB (2-way assoc, 4 cycles)
     L2$  =256 KiB (8-way assoc, 12 cycles)
     Comp =Core -> TCU -> L1$ -> L2$

T13: build/gem5-riscv-release/bin/tilemux
     Core =DerivO3CPU riscv @ 2GHz
     TCU  =eps:192, bufsz:2048 B, blocksz:64 B, count:4, tlb:128
     L1i$ =32 KiB (2-way assoc, 4 cycles)
     L1d$ =32 KiB (2-way assoc, 4 cycles)
     L2$  =256 KiB (8-way assoc, 12 cycles)
     Comp =Core -> TCU -> L1$ -> L2$

T14: build/gem5-riscv-release/bin/tilemux
     Core =DerivO3CPU riscv @ 2GHz
     TCU  =eps:192, bufsz:2048 B, blocksz:64 B, count:4, tlb:128
     L1i$ =32 KiB (2-way assoc, 4 cycles)
     L1d$ =32 KiB (2-way assoc, 4 cycles)
     L2$  =256 KiB (8-way assoc, 12 cycles)
     Comp =Core -> TCU -> L1$ -> L2$

T15: build/gem5-riscv-release/bin/tilemux
     Core =DerivO3CPU riscv @ 2GHz
     TCU  =eps:192, bufsz:2048 B, blocksz:64 B, count:4, tlb:128
     L1i$ =32 KiB (2-way assoc, 4 cycles)
     L1d$ =32 KiB (2-way assoc, 4 cycles)
     L2$  =256 KiB (8-way assoc, 12 cycles)
     Comp =Core -> TCU -> L1$ -> L2$

T16: indir accelerator @ 1GHz
     TCU  =eps:192, bufsz:2048 B, blocksz:2048 B, count:4, tlb:0
     imem =4096 KiB
     Comp =Core -> TCU -> SPM

T17: indir accelerator @ 1GHz
     TCU  =eps:192, bufsz:2048 B, blocksz:2048 B, count:4, tlb:0
     imem =4096 KiB
     Comp =Core -> TCU -> SPM

T18: indir accelerator @ 1GHz
     TCU  =eps:192, bufsz:2048 B, blocksz:2048 B, count:4, tlb:0
     imem =4096 KiB
     Comp =Core -> TCU -> SPM

T19: indir accelerator @ 1GHz
     TCU  =eps:192, bufsz:2048 B, blocksz:2048 B, count:4, tlb:0
     imem =4096 KiB
     Comp =Core -> TCU -> SPM

T20: copy accelerator @ 1GHz
     TCU  =eps:192, bufsz:2048 B, blocksz:2048 B, count:4, tlb:0
     imem =4096 KiB
     Comp =Core -> TCU -> SPM

T21: copy accelerator @ 1GHz
     TCU  =eps:192, bufsz:2048 B, blocksz:2048 B, count:4, tlb:0
     imem =4096 KiB
     Comp =Core -> TCU -> SPM

T22: copy accelerator @ 1GHz
     TCU  =eps:192, bufsz:2048 B, blocksz:2048 B, count:4, tlb:0
     imem =4096 KiB
     Comp =Core -> TCU -> SPM

T23: copy accelerator @ 1GHz
     TCU  =eps:192, bufsz:2048 B, blocksz:2048 B, count:4, tlb:0
     imem =4096 KiB
     Comp =Core -> TCU -> SPM

T24: rot13 accelerator @ 1GHz
     TCU  =eps:192, bufsz:2048 B, blocksz:2048 B, count:4, tlb:0
     imem =4096 KiB
     Comp =Core -> TCU -> SPM

T25: SerialInput
     TCU  =eps:192, bufsz:2048 B, blocksz:2048 B, count:4, tlb:0
     Comp =TCU -> SerialInput

T26: build/gem5-riscv-release/bench.img x 1
     TCU  =eps:192, bufsz:2048 B, blocksz:2048 B, count:8, tlb:0
     imem =3145728 KiB
     Comp =TCU -> DRAM

Global frequency set at 1000000000000 ticks per second
warn: No dot file generated. Please install pydot to generate the dot file and pdf.
Gem5 Terminal started; Quit via Ctrl+]
warn: DRAM device capacity (49152 Mbytes) does not match the address range assigned (4096 Mbytes)
platform.com_1.device: Listening for connections on port 3456
0: T00.remote_gdb: listening for remote gdb on port 7000
0: T01.remote_gdb: listening for remote gdb on port 7001
0: T02.remote_gdb: listening for remote gdb on port 7002
0: T03.remote_gdb: listening for remote gdb on port 7003
0: T04.remote_gdb: listening for remote gdb on port 7004
0: T05.remote_gdb: listening for remote gdb on port 7005
0: T06.remote_gdb: listening for remote gdb on port 7006
0: T07.remote_gdb: listening for remote gdb on port 7007
0: T08.remote_gdb: listening for remote gdb on port 7008
0: T09.remote_gdb: listening for remote gdb on port 7009
0: T10.remote_gdb: listening for remote gdb on port 7010
0: T11.remote_gdb: listening for remote gdb on port 7011
0: T12.remote_gdb: listening for remote gdb on port 7012
0: T13.remote_gdb: listening for remote gdb on port 7013
0: T14.remote_gdb: listening for remote gdb on port 7014
0: T15.remote_gdb: listening for remote gdb on port 7015
warn: CoherentXBar T16.xbar has no snooping ports attached!
warn: CoherentXBar T17.xbar has no snooping ports attached!
warn: CoherentXBar T18.xbar has no snooping ports attached!
warn: CoherentXBar T19.xbar has no snooping ports attached!
warn: CoherentXBar T20.xbar has no snooping ports attached!
warn: CoherentXBar T21.xbar has no snooping ports attached!
warn: CoherentXBar T22.xbar has no snooping ports attached!
warn: CoherentXBar T23.xbar has no snooping ports attached!
warn: CoherentXBar T24.xbar has no snooping ports attached!
warn: CoherentXBar T25.xbar has no snooping ports attached!
warn: CoherentXBar T26.xbar has no snooping ports attached!
info: Loaded 'boot.xml' to 0x9a00000030000000 .. 0x9a000000300003ce
info: Loaded 'root' to 0x9a00000030001000 .. 0x9a000000300756e0
info: Loaded 'm3fs' to 0x9a00000030076000 .. 0x9a000000300cc340
info: Loaded 'pipes' to 0x9a000000300cd000 .. 0x9a00000030112b98
info: Loaded 'pager' to 0x9a00000030113000 .. 0x9a00000030191b98
info: Entering event queue @ 0.  Starting simulation...
warn: T0,PMP-EP65535: invalid EP
warn: T15,PMP-EP65535: invalid EP
warn: T14,PMP-EP65535: invalid EP
warn: T13,PMP-EP65535: invalid EP
warn: T12,PMP-EP65535: invalid EP
warn: T11,PMP-EP65535: invalid EP
warn: T10,PMP-EP65535: invalid EP
warn: T9,PMP-EP65535: invalid EP
warn: T8,PMP-EP65535: invalid EP
warn: T7,PMP-EP65535: invalid EP
warn: T6,PMP-EP65535: invalid EP
warn: T5,PMP-EP65535: invalid EP
warn: T4,PMP-EP65535: invalid EP
warn: T3,PMP-EP65535: invalid EP
warn: T2,PMP-EP65535: invalid EP
warn: T1,PMP-EP65535: invalid EP
warn: T11,PMP-EP65535: invalid EP
warn: T13,PMP-EP65535: invalid EP
warn: T7,PMP-EP65535: invalid EP
warn: T1,PMP-EP65535: invalid EP
warn: T10,PMP-EP65535: invalid EP
warn: T8,PMP-EP65535: invalid EP
warn: T15,PMP-EP65535: invalid EP
warn: T12,PMP-EP65535: invalid EP
warn: T6,PMP-EP65535: invalid EP
warn: T5,PMP-EP65535: invalid EP
warn: T3,PMP-EP65535: invalid EP
warn: T9,PMP-EP65535: invalid EP
warn: T2,PMP-EP65535: invalid EP
warn: T4,PMP-EP65535: invalid EP
warn: T14,PMP-EP65535: invalid EP
warn: T0,PMP-EP65535: invalid EP
[0;31m[T0:kernel  @        258] Entered raw mode; Quit via Ctrl+]
[0mwarn: T8,PMP-EP3: invalid EP
warn: T3,PMP-EP3: invalid EP
warn: T10,PMP-EP3: invalid EP
warn: T15,PMP-EP3: invalid EP
warn: T13,PMP-EP3: invalid EP
warn: T11,PMP-EP3: invalid EP
warn: T9,PMP-EP3: invalid EP
warn: T1,PMP-EP3: invalid EP
warn: T12,PMP-EP3: invalid EP
warn: T14,PMP-EP3: invalid EP
warn: T6,PMP-EP3: invalid EP
warn: T5,PMP-EP3: invalid EP
warn: T2,PMP-EP3: invalid EP
warn: T4,PMP-EP3: invalid EP
warn: T7,PMP-EP3: invalid EP
warn: T8,PMP-EP65535: invalid EP
warn: T8,PMP-EP65535: invalid EP
warn: T8,PMP-EP65535: invalid EP
warn: T3,PMP-EP65535: invalid EP
warn: T3,PMP-EP65535: invalid EP
warn: T3,PMP-EP65535: invalid EP
warn: T10,PMP-EP65535: invalid EP
warn: T10,PMP-EP65535: invalid EP
warn: T10,PMP-EP65535: invalid EP
warn: T15,PMP-EP65535: invalid EP
warn: T15,PMP-EP65535: invalid EP
warn: T15,PMP-EP65535: invalid EP
warn: T13,PMP-EP65535: invalid EP
warn: T13,PMP-EP65535: invalid EP
warn: T13,PMP-EP65535: invalid EP
warn: T11,PMP-EP65535: invalid EP
warn: T11,PMP-EP65535: invalid EP
warn: T11,PMP-EP65535: invalid EP
warn: T8,PMP-EP65535: invalid EP
warn: T9,PMP-EP65535: invalid EP
warn: T9,PMP-EP65535: invalid EP
warn: T9,PMP-EP65535: invalid EP
warn: T1,PMP-EP65535: invalid EP
warn: T1,PMP-EP65535: invalid EP
warn: T1,PMP-EP65535: invalid EP
warn: T12,PMP-EP65535: invalid EP
warn: T12,PMP-EP65535: invalid EP
warn: T12,PMP-EP65535: invalid EP
warn: T14,PMP-EP65535: invalid EP
warn: T14,PMP-EP65535: invalid EP
warn: T14,PMP-EP65535: invalid EP
warn: T6,PMP-EP65535: invalid EP
warn: T6,PMP-EP65535: invalid EP
warn: T6,PMP-EP65535: invalid EP
warn: T5,PMP-EP65535: invalid EP
warn: T5,PMP-EP65535: invalid EP
warn: T5,PMP-EP65535: invalid EP
warn: T3,PMP-EP65535: invalid EP
warn: T2,PMP-EP65535: invalid EP
warn: T2,PMP-EP65535: invalid EP
warn: T2,PMP-EP65535: invalid EP
warn: T4,PMP-EP65535: invalid EP
warn: T4,PMP-EP65535: invalid EP
warn: T4,PMP-EP65535: invalid EP
warn: T7,PMP-EP65535: invalid EP
warn: T7,PMP-EP65535: invalid EP
warn: T7,PMP-EP65535: invalid EP
warn: T10,PMP-EP65535: invalid EP
warn: T15,PMP-EP65535: invalid EP
warn: T13,PMP-EP65535: invalid EP
warn: T11,PMP-EP65535: invalid EP
warn: T9,PMP-EP65535: invalid EP
warn: T1,PMP-EP65535: invalid EP
warn: T12,PMP-EP65535: invalid EP
warn: T14,PMP-EP65535: invalid EP
warn: T6,PMP-EP65535: invalid EP
warn: T5,PMP-EP65535: invalid EP
warn: T2,PMP-EP65535: invalid EP
warn: T4,PMP-EP65535: invalid EP
warn: T7,PMP-EP65535: invalid EP
[0;31m[T0:kernel  @       1118] Attesting tile: 1
[0m[0;31m[T0:kernel  @       2510] Attestation complete: 1, 2762903 cycles
[0m[0;31m[T0:kernel  @       3146] Attesting tile: 2
[0m[0;31m[T0:kernel  @       4512] Attestation complete: 2, 2726610 cycles
[0m[0;31m[T0:kernel  @       5146] Attesting tile: 3
[0m[0;31m[T0:kernel  @       6512] Attestation complete: 3, 2726013 cycles
[0m[0;31m[T0:kernel  @       7145] Attesting tile: 4
[0m[0;31m[T0:kernel  @       8511] Attestation complete: 4, 2725768 cycles
[0m[0;31m[T0:kernel  @       9146] Attesting tile: 5
[0m[0;31m[T0:kernel  @      10511] Attestation complete: 5, 2725687 cycles
[0m[0;31m[T0:kernel  @      11145] Attesting tile: 6
[0m[0;31m[T0:kernel  @      12510] Attestation complete: 6, 2725652 cycles
[0m[0;31m[T0:kernel  @      13146] Attesting tile: 7
[0m[0;31m[T0:kernel  @      14511] Attestation complete: 7, 2725663 cycles
[0m[0;31m[T0:kernel  @      15148] Attesting tile: 8
[0m[0;31m[T0:kernel  @      16513] Attestation complete: 8, 2725634 cycles
[0m[0;31m[T0:kernel  @      17148] Attesting tile: 9
[0m[0;31m[T0:kernel  @      18513] Attestation complete: 9, 2725696 cycles
[0m[0;31m[T0:kernel  @      19146] Attesting tile: 10
[0m[0;31m[T0:kernel  @      20511] Attestation complete: 10, 2725647 cycles
[0m[0;31m[T0:kernel  @      21146] Attesting tile: 11
[0m[0;31m[T0:kernel  @      22511] Attestation complete: 11, 2725701 cycles
[0m[0;31m[T0:kernel  @      23148] Attesting tile: 12
[0m[0;31m[T0:kernel  @      24512] Attestation complete: 12, 2725647 cycles
[0m[0;31m[T0:kernel  @      25147] Attesting tile: 13
[0m[0;31m[T0:kernel  @      26512] Attestation complete: 13, 2725669 cycles
[0m[0;31m[T0:kernel  @      27146] Attesting tile: 14
[0m[0;31m[T0:kernel  @      28511] Attestation complete: 14, 2725686 cycles
[0m[0;31m[T0:kernel  @      29145] Attesting tile: 15
[0m[0;31m[T0:kernel  @      30510] Attestation complete: 15, 2725675 cycles
[0m[0;31m[T0:kernel  @      31144] Attesting tile: 16
[0m[0;31m[T0:kernel  @      32993] Attestation complete: 16, 3694443 cycles
[0m[0;31m[T0:kernel  @      33630] Attesting tile: 17
[0m[0;31m[T0:kernel  @      35478] Attestation complete: 17, 3690943 cycles
[0m[0;31m[T0:kernel  @      36113] Attesting tile: 18
[0m[0;31m[T0:kernel  @      37960] Attestation complete: 18, 3690920 cycles
[0m[0;31m[T0:kernel  @      38596] Attesting tile: 19
[0m[0;31m[T0:kernel  @      40444] Attestation complete: 19, 3690902 cycles
[0m[0;31m[T0:kernel  @      41082] Attesting tile: 20
[0m[0;31m[T0:kernel  @      42930] Attestation complete: 20, 3690939 cycles
[0m[0;31m[T0:kernel  @      43565] Attesting tile: 21
[0m[0;31m[T0:kernel  @      45412] Attestation complete: 21, 3690980 cycles
[0m[0;31m[T0:kernel  @      46048] Attesting tile: 22
[0m[0;31m[T0:kernel  @      47895] Attestation complete: 22, 3690938 cycles
[0m[0;31m[T0:kernel  @      48534] Attesting tile: 23
[0m[0;31m[T0:kernel  @      50382] Attestation complete: 23, 3690926 cycles
[0m[0;31m[T0:kernel  @      51018] Attesting tile: 24
[0m[0;31m[T0:kernel  @      52865] Attestation complete: 24, 3690944 cycles
[0m[0;31m[T0:kernel  @      53501] Attesting tile: 25
[0m[0;31m[T0:kernel  @      55349] Attestation complete: 25, 3690961 cycles
[0m[0;31m[T0:kernel  @      55356] Attesting tile: 26
[0m[0;31m[T0:kernel  @      56725] Attestation complete: 26, 2734520 cycles
[0m[0;31m[T0:kernel  @      56728] Attesting tile: 26
[0m[0;31m[T0:kernel  @      58097] Attestation complete: 26, 2733096 cycles
[0m[0;31m[T0:kernel  @      58100] Attesting tile: 26
[0m[0;31m[T0:kernel  @      59468] Attestation complete: 26, 2733732 cycles
[0m[0;31m[T0:kernel  @      59471] Attesting tile: 26
[0m[0;31m[T0:kernel  @      60842] Attestation complete: 26, 2737078 cycles
[0m[0;31m[T0:kernel  @      61347] Kernel is ready!
[0m[0;32m[T1:root    @      62466] Boot modules:
[0m[0;32m[T1:root    @      62495]   Mod[addr: G[Tile26+0x30000000], size: 0x3ce, name: boot.xml]
[0m[0;32m[T1:root    @      62501]   Mod[addr: G[Tile26+0x30001000], size: 0x746e0, name: root]
[0m[0;32m[T1:root    @      62505]   Mod[addr: G[Tile26+0x30076000], size: 0x56340, name: m3fs]
[0m[0;32m[T1:root    @      62509]   Mod[addr: G[Tile26+0x300cd000], size: 0x45b98, name: pipes]
[0m[0;32m[T1:root    @      62512]   Mod[addr: G[Tile26+0x30113000], size: 0x7eb98, name: pager]
[0m[0;32m[T1:root    @      62515] Available tiles:
[0m[0;32m[T1:root    @      62537]   Tile01: COMP_EMEM RISCV (empty) 0 KiB memory
[0m[0;32m[T1:root    @      62545]   Tile02: COMP_EMEM RISCV (empty) 0 KiB memory
[0m[0;32m[T1:root    @      62548]   Tile03: COMP_EMEM RISCV (empty) 0 KiB memory
[0m[0;32m[T1:root    @      62551]   Tile04: COMP_EMEM RISCV (empty) 0 KiB memory
[0m[0;32m[T1:root    @      62555]   Tile05: COMP_EMEM RISCV (empty) 0 KiB memory
[0m[0;32m[T1:root    @      62558]   Tile06: COMP_EMEM RISCV (empty) 0 KiB memory
[0m[0;32m[T1:root    @      62562]   Tile07: COMP_EMEM RISCV (empty) 0 KiB memory
[0m[0;32m[T1:root    @      62565]   Tile08: COMP_EMEM RISCV (empty) 0 KiB memory
[0m[0;32m[T1:root    @      62569]   Tile09: COMP_EMEM RISCV (empty) 0 KiB memory
[0m[0;32m[T1:root    @      62572]   Tile10: COMP_EMEM RISCV (empty) 0 KiB memory
[0m[0;32m[T1:root    @      62576]   Tile11: COMP_EMEM RISCV (empty) 0 KiB memory
[0m[0;32m[T1:root    @      62579]   Tile12: COMP_EMEM RISCV (empty) 0 KiB memory
[0m[0;32m[T1:root    @      62582]   Tile13: COMP_EMEM RISCV (empty) 0 KiB memory
[0m[0;32m[T1:root    @      62585]   Tile14: COMP_EMEM RISCV (empty) 0 KiB memory
[0m[0;32m[T1:root    @      62588]   Tile15: COMP_EMEM RISCV (empty) 0 KiB memory
[0m[0;32m[T1:root    @      62592]   Tile16: COMP_IMEM ACCEL_INDIR (empty) 4096 KiB memory
[0m[0;32m[T1:root    @      62595]   Tile17: COMP_IMEM ACCEL_INDIR (empty) 4096 KiB memory
[0m[0;32m[T1:root    @      62604]   Tile18: COMP_IMEM ACCEL_INDIR (empty) 4096 KiB memory
[0m[0;32m[T1:root    @      62607]   Tile19: COMP_IMEM ACCEL_INDIR (empty) 4096 KiB memory
[0m[0;32m[T1:root    @      62610]   Tile20: COMP_IMEM ACCEL_COPY (empty) 4096 KiB memory
[0m[0;32m[T1:root    @      62614]   Tile21: COMP_IMEM ACCEL_COPY (empty) 4096 KiB memory
[0m[0;32m[T1:root    @      62617]   Tile22: COMP_IMEM ACCEL_COPY (empty) 4096 KiB memory
[0m[0;32m[T1:root    @      62620]   Tile23: COMP_IMEM ACCEL_COPY (empty) 4096 KiB memory
[0m[0;32m[T1:root    @      62624]   Tile24: COMP_IMEM ACCEL_ROT13 (empty) 4096 KiB memory
[0m[0;32m[T1:root    @      62627]   Tile25: COMP_IMEM SERIAL_DEV (empty) 0 KiB memory
[0m[0;32m[T1:root    @      62636] Available memory:
[0m[0;32m[T1:root    @      62651]   MemMod[sel: 35, res: true, addr: G[Tile26+0x0], size: 1264 MiB]
[0m[0;32m[T1:root    @      62657]   MemMod[sel: 36, res: false, addr: G[Tile26+0x53600000], size: 959 MiB]
[0m[0;32m[T1:root    @      62664] Parsed Config [
[0m[0;32m[T1:root    @      62673]   root [
[0m[0;32m[T1:root    @      62697]     Domain on core [
[0m[0;32m[T1:root    @      62700]       m3fs mem 268435456 [
[0m[0;32m[T1:root    @      62703]         Daemon,
[0m[0;32m[T1:root    @      62714]         PhysMem[addr=0x0, size=0x40000 KiB, perm=R | W | X | RW | RWX],
[0m[0;32m[T1:root    @      62721]         Service[lname='m3fs', gname='m3fs'],
[0m[0;32m[T1:root    @      62725]       ]
[0m[0;32m[T1:root    @      62728]     ]
[0m[0;32m[T1:root    @      62730]     Domain on core [
[0m[0;32m[T1:root    @      62732]       pipes [
[0m[0;32m[T1:root    @      62734]         Daemon,
[0m[0;32m[T1:root    @      62737]         Service[lname='pipes', gname='pipes'],
[0m[0;32m[T1:root    @      62739]       ]
[0m[0;32m[T1:root    @      62741]     ]
[0m[0;32m[T1:root    @      62743]     Domain on core [
[0m[0;32m[T1:root    @      62746]       pager 268435456 [
[0m[0;32m[T1:root    @      62749]         PhysMem[addr=0x0, size=0x40000 KiB, perm=R],
[0m[0;32m[T1:root    @      62757]         SessCreator[service='pipes', count=None],
[0m[0;32m[T1:root    @      62764]         Session[lname='m3fs', gname='m3fs', arg='', dep=true],
[0m[0;32m[T1:root    @      62770]         Tile[type=core, count=1, optional=false],
[0m[0;32m[T1:root    @      62773]         Domain on core [
[0m[0;32m[T1:root    @      62778]           /bin/imgproc -m dir -n 1 -r 8 /large.txt [
[0m[0;32m[T1:root    @      62782]             Session[lname='pipes', gname='pipes', arg='', dep=true],
[0m[0;32m[T1:root    @      62786]             Mount[fs='m3fs', path='/'],
[0m[0;32m[T1:root    @      62789]             Tile[type=copy, count=3, optional=false],
[0m[0;32m[T1:root    @      62791]           ]
[0m[0;32m[T1:root    @      62793]         ]
[0m[0;32m[T1:root    @      62795]       ]
[0m[0;32m[T1:root    @      62797]     ]
[0m[0;32m[T1:root    @      62799]   ]
[0m[0;32m[T1:root    @      62800] ]
[0m[0;32m[T1:root    @      62801] 
[0m[0;32m[T1:root    @      64672] Starting boot module 'm3fs' on tile2 with arguments ["mem", "268435456"]
[0m[0;32m[T1:root    @      65460] Starting boot module 'pipes' on tile3 with arguments []
[0m[0;32m[T1:root    @      66158] pipes: reg_serv(srv_sel=59, sgate_sel=64, name=pipes, sessions=32)
[0m[0;32m[T1:root    @      66175] Creating service 1:pipes
[0m[0;32m[T1:root    @      67152] m3fs: reg_serv(srv_sel=51, sgate_sel=55, name=m3fs, sessions=32)
[0m[0;32m[T1:root    @      67159] Creating service 2:m3fs
[0m[0;32m[T1:root    @      67424] Creating service 1:pipes
[0m[0;32m[T1:root    @      67465] Starting boot module 'pager' on tile4 with arguments ["268435456"]
[0m[0;35m[T4:pager   @      68304] Boot modules:
[0m[0;35m[T4:pager   @      68337]   Mod[addr: G[Tile26+0x80600000], size: 0x21d, name: boot.xml]
[0m[0;35m[T4:pager   @      68342] Available tiles:
[0m[0;35m[T4:pager   @      68363]   Tile04: COMP_EMEM RISCV (empty) 0 KiB memory
[0m[0;35m[T4:pager   @      68371]   Tile20: COMP_IMEM ACCEL_COPY (empty) 4096 KiB memory
[0m[0;35m[T4:pager   @      68375]   Tile21: COMP_IMEM ACCEL_COPY (empty) 4096 KiB memory
[0m[0;35m[T4:pager   @      68378]   Tile22: COMP_IMEM ACCEL_COPY (empty) 4096 KiB memory
[0m[0;35m[T4:pager   @      68384] Available memory:
[0m[0;35m[T4:pager   @      68401]   MemMod[sel: 10, res: false, addr: G[Tile26+0x71800000], size: 119 MiB]
[0m[0;35m[T4:pager   @      68406] Services:
[0m[0;35m[T4:pager   @      68413]   Service[name=pipes, sessions=32]
[0m[0;35m[T4:pager   @      68426] Creating service 1:pipes
[0m[0;32m[T1:root    @      68477] pager: open_sess(dst_sel=78, name=m3fs)
[0m[0;35m[T4:pager   @      70843] Starting boot module '/bin/imgproc' on tile5 with arguments ["-m", "dir", "-n", "1", "-r", "8", "/large.txt"]
[0m[0;35m[T4:pager   @      72208] /bin/imgproc: open_sess(dst_sel=101, name=pipes)
[0m[0;36m[T5:imgproc @      72431] Creating Activity FFT0
[0m[0;36m[T5:imgproc @      72713] Creating Activity MUL0
[0m[0;36m[T5:imgproc @      72889] Creating Activity IFFT0
[0m[0;36m[T5:imgproc @      73007] Connecting input and output...
[0m[0;36m[T5:imgproc @      73141] Starting chain...
[0m[0;35m[T4:pager   @      77117] /bin/imgproc: close_sess(sel=101)
[0m[0;35m[T4:pager   @      77162] /bin/imgproc: open_sess(dst_sel=147, name=pipes)
[0m[0;36m[T5:imgproc @      77215] Creating Activity FFT0
[0m[0;36m[T5:imgproc @      77323] Creating Activity MUL0
[0m[0;36m[T5:imgproc @      77430] Creating Activity IFFT0
[0m[0;36m[T5:imgproc @      77605] Connecting input and output...
[0m[0;36m[T5:imgproc @      77704] Starting chain...
[0m[0;35m[T4:pager   @      81505] /bin/imgproc: close_sess(sel=147)
[0m[0;35m[T4:pager   @      81521] /bin/imgproc: open_sess(dst_sel=191, name=pipes)
[0m[0;36m[T5:imgproc @      81564] Creating Activity FFT0
[0m[0;36m[T5:imgproc @      81695] Creating Activity MUL0
[0m[0;36m[T5:imgproc @      81893] Creating Activity IFFT0
[0m[0;36m[T5:imgproc @      81996] Connecting input and output...
[0m[0;36m[T5:imgproc @      82096] Starting chain...
[0m[0;35m[T4:pager   @      85888] /bin/imgproc: close_sess(sel=191)
[0m[0;35m[T4:pager   @      85903] /bin/imgproc: open_sess(dst_sel=235, name=pipes)
[0m[0;36m[T5:imgproc @      85945] Creating Activity FFT0
[0m[0;36m[T5:imgproc @      86073] Creating Activity MUL0
[0m[0;36m[T5:imgproc @      86176] Creating Activity IFFT0
[0m[0;36m[T5:imgproc @      86282] Connecting input and output...
[0m[0;36m[T5:imgproc @      86375] Starting chain...
[0m[0;35m[T4:pager   @      90157] /bin/imgproc: close_sess(sel=235)
[0m[0;35m[T4:pager   @      90171] /bin/imgproc: open_sess(dst_sel=279, name=pipes)
[0m[0;36m[T5:imgproc @      90210] Creating Activity FFT0
[0m[0;36m[T5:imgproc @      90338] Creating Activity MUL0
[0m[0;36m[T5:imgproc @      90454] Creating Activity IFFT0
[0m[0;36m[T5:imgproc @      90558] Connecting input and output...
[0m[0;36m[T5:imgproc @      90650] Starting chain...
[0m[0;35m[T4:pager   @      94420] /bin/imgproc: close_sess(sel=279)
[0m[0;35m[T4:pager   @      94434] /bin/imgproc: open_sess(dst_sel=323, name=pipes)
[0m[0;36m[T5:imgproc @      94476] Creating Activity FFT0
[0m[0;36m[T5:imgproc @      94591] Creating Activity MUL0
[0m[0;36m[T5:imgproc @      94697] Creating Activity IFFT0
[0m[0;36m[T5:imgproc @      94870] Connecting input and output...
[0m[0;36m[T5:imgproc @      94973] Starting chain...
[0m[0;35m[T4:pager   @      98752] /bin/imgproc: close_sess(sel=323)
[0m[0;35m[T4:pager   @      98766] /bin/imgproc: open_sess(dst_sel=367, name=pipes)
[0m[0;36m[T5:imgproc @      98808] Creating Activity FFT0
[0m[0;36m[T5:imgproc @      98934] Creating Activity MUL0
[0m[0;36m[T5:imgproc @      99045] Creating Activity IFFT0
[0m[0;36m[T5:imgproc @      99233] Connecting input and output...
[0m[0;36m[T5:imgproc @      99330] Starting chain...
[0m[0;35m[T4:pager   @     103136] /bin/imgproc: close_sess(sel=367)
[0m[0;35m[T4:pager   @     103151] /bin/imgproc: open_sess(dst_sel=411, name=pipes)
[0m[0;36m[T5:imgproc @     103193] Creating Activity FFT0
[0m[0;36m[T5:imgproc @     103323] Creating Activity MUL0
[0m[0;36m[T5:imgproc @     103438] Creating Activity IFFT0
[0m[0;36m[T5:imgproc @     103600] Connecting input and output...
[0m[0;36m[T5:imgproc @     103697] Starting chain...
[0m[0;35m[T4:pager   @     107481] /bin/imgproc: close_sess(sel=411)
[0m[0;35m[T4:pager   @     107495] /bin/imgproc: open_sess(dst_sel=455, name=pipes)
[0m[0;36m[T5:imgproc @     107537] Creating Activity FFT0
[0m[0;36m[T5:imgproc @     107663] Creating Activity MUL0
[0m[0;36m[T5:imgproc @     107779] Creating Activity IFFT0
[0m[0;36m[T5:imgproc @     107947] Connecting input and output...
[0m[0;36m[T5:imgproc @     108048] Starting chain...
[0m[0;35m[T4:pager   @     111837] /bin/imgproc: close_sess(sel=455)
[0m! src/apps/bench/imgproc/imgproc.cc:105  PERF "imgproc-dir (1 chains)": 7067409 cycles (+/- 14411 cycles with 8 runs)
[0;32m[T1:root    @     112891] Sending SHUTDOWN to service 2:m3fs
[0m[0;32m[T1:root    @     112957] Sending SHUTDOWN to service 1:pipes
[0m[0;32m[T1:root    @     112983] m3fs: unreg_serv(sel=51)
[0m[0;32m[T1:root    @     112994] Removing service 2:m3fs
[0m[0;32m[T1:root    @     113034] pipes: unreg_serv(sel=59)
[0m[0;32m[T1:root    @     113037] Removing service 1:pipes
[0m[0;32m[T1:root    @     113546] All childs gone. Exiting.
[0m[0;31m[T0:kernel  @     113740] Shutting down
[0mExiting @ tick 113763512000 because m5_exit instruction encountered
