Building for gem5-riscv-release...
ninja: no work to do.
run/boot-all.xml validates
warn: <orphan SpuSystem>.etherlink already has parent (Previously declared as <orphan SpuSystem>.etherlink).
	Note: etherlink is not a parameter of SpuSystem
gem5 Simulator System.  http://gem5.org
gem5 is copyrighted software; use the --copyright option for details.

gem5 version 21.0.0.0
gem5 compiled Aug 24 2022 14:36:49
gem5 started Aug 27 2022 12:04:07
gem5 executing on graham, pid 1175662
command line: platform/gem5/build/RISCV/gem5.opt --outdir=run --debug-file=gem5.log --debug-flags=Tcu config/default.py --cpu-type DerivO3CPU --isa riscv --cmd 'build/gem5-riscv-release/bin/kernel -f build/gem5-riscv-release/bench.img,build/gem5-riscv-release/bin/tilemux,build/gem5-riscv-release/bin/tilemux,build/gem5-riscv-release/bin/tilemux,build/gem5-riscv-release/bin/tilemux,build/gem5-riscv-release/bin/tilemux,build/gem5-riscv-release/bin/tilemux,build/gem5-riscv-release/bin/tilemux,build/gem5-riscv-release/bin/tilemux,build/gem5-riscv-release/bin/tilemux,build/gem5-riscv-release/bin/tilemux,build/gem5-riscv-release/bin/tilemux,build/gem5-riscv-release/bin/tilemux,build/gem5-riscv-release/bin/tilemux,build/gem5-riscv-release/bin/tilemux,build/gem5-riscv-release/bin/tilemux,' --mods run/boot.xml,build/gem5-riscv-release/bin/root,build/gem5-riscv-release/bin/m3fs,build/gem5-riscv-release/bin/pager --cpu-clock=1GHz --sys-clock=1GHz --encr-latency=0 --par-pipe=1 --int-transfer-latency=0 --rng-latency=0 --sign-latency=0 --sign-ver-latency=0

T00: build/gem5-riscv-release/bin/kernel -f build/gem5-riscv-release/bench.img
     Core =DerivO3CPU riscv @ 1GHz
     TCU  =eps:192, bufsz:2048 B, blocksz:64 B, count:4, tlb:128
     L1i$ =32 KiB (2-way assoc, 4 cycles)
     L1d$ =32 KiB (2-way assoc, 4 cycles)
     L2$  =256 KiB (8-way assoc, 12 cycles)
     Comp =Core -> TCU -> L1$ -> L2$

T01: build/gem5-riscv-release/bin/tilemux
     Core =DerivO3CPU riscv @ 1GHz
     TCU  =eps:192, bufsz:2048 B, blocksz:64 B, count:4, tlb:128
     L1i$ =32 KiB (2-way assoc, 4 cycles)
     L1d$ =32 KiB (2-way assoc, 4 cycles)
     L2$  =256 KiB (8-way assoc, 12 cycles)
     Comp =Core -> TCU -> L1$ -> L2$

T02: build/gem5-riscv-release/bin/tilemux
     Core =DerivO3CPU riscv @ 1GHz
     TCU  =eps:192, bufsz:2048 B, blocksz:64 B, count:4, tlb:128
     L1i$ =32 KiB (2-way assoc, 4 cycles)
     L1d$ =32 KiB (2-way assoc, 4 cycles)
     L2$  =256 KiB (8-way assoc, 12 cycles)
     Comp =Core -> TCU -> L1$ -> L2$

T03: build/gem5-riscv-release/bin/tilemux
     Core =DerivO3CPU riscv @ 1GHz
     TCU  =eps:192, bufsz:2048 B, blocksz:64 B, count:4, tlb:128
     L1i$ =32 KiB (2-way assoc, 4 cycles)
     L1d$ =32 KiB (2-way assoc, 4 cycles)
     L2$  =256 KiB (8-way assoc, 12 cycles)
     Comp =Core -> TCU -> L1$ -> L2$

T04: build/gem5-riscv-release/bin/tilemux
     Core =DerivO3CPU riscv @ 1GHz
     TCU  =eps:192, bufsz:2048 B, blocksz:64 B, count:4, tlb:128
     L1i$ =32 KiB (2-way assoc, 4 cycles)
     L1d$ =32 KiB (2-way assoc, 4 cycles)
     L2$  =256 KiB (8-way assoc, 12 cycles)
     Comp =Core -> TCU -> L1$ -> L2$

T05: build/gem5-riscv-release/bin/tilemux
     Core =DerivO3CPU riscv @ 1GHz
     TCU  =eps:192, bufsz:2048 B, blocksz:64 B, count:4, tlb:128
     L1i$ =32 KiB (2-way assoc, 4 cycles)
     L1d$ =32 KiB (2-way assoc, 4 cycles)
     L2$  =256 KiB (8-way assoc, 12 cycles)
     Comp =Core -> TCU -> L1$ -> L2$

T06: build/gem5-riscv-release/bin/tilemux
     Core =DerivO3CPU riscv @ 1GHz
     TCU  =eps:192, bufsz:2048 B, blocksz:64 B, count:4, tlb:128
     L1i$ =32 KiB (2-way assoc, 4 cycles)
     L1d$ =32 KiB (2-way assoc, 4 cycles)
     L2$  =256 KiB (8-way assoc, 12 cycles)
     Comp =Core -> TCU -> L1$ -> L2$

T07: build/gem5-riscv-release/bin/tilemux
     Core =DerivO3CPU riscv @ 1GHz
     TCU  =eps:192, bufsz:2048 B, blocksz:64 B, count:4, tlb:128
     L1i$ =32 KiB (2-way assoc, 4 cycles)
     L1d$ =32 KiB (2-way assoc, 4 cycles)
     L2$  =256 KiB (8-way assoc, 12 cycles)
     Comp =Core -> TCU -> L1$ -> L2$

T08: build/gem5-riscv-release/bin/tilemux
     Core =DerivO3CPU riscv @ 1GHz
     TCU  =eps:192, bufsz:2048 B, blocksz:64 B, count:4, tlb:128
     L1i$ =32 KiB (2-way assoc, 4 cycles)
     L1d$ =32 KiB (2-way assoc, 4 cycles)
     L2$  =256 KiB (8-way assoc, 12 cycles)
     Comp =Core -> TCU -> L1$ -> L2$

T09: build/gem5-riscv-release/bin/tilemux
     Core =DerivO3CPU riscv @ 1GHz
     TCU  =eps:192, bufsz:2048 B, blocksz:64 B, count:4, tlb:128
     L1i$ =32 KiB (2-way assoc, 4 cycles)
     L1d$ =32 KiB (2-way assoc, 4 cycles)
     L2$  =256 KiB (8-way assoc, 12 cycles)
     Comp =Core -> TCU -> L1$ -> L2$

T10: build/gem5-riscv-release/bin/tilemux
     Core =DerivO3CPU riscv @ 1GHz
     TCU  =eps:192, bufsz:2048 B, blocksz:64 B, count:4, tlb:128
     L1i$ =32 KiB (2-way assoc, 4 cycles)
     L1d$ =32 KiB (2-way assoc, 4 cycles)
     L2$  =256 KiB (8-way assoc, 12 cycles)
     Comp =Core -> TCU -> L1$ -> L2$

T11: build/gem5-riscv-release/bin/tilemux
     Core =DerivO3CPU riscv @ 1GHz
     TCU  =eps:192, bufsz:2048 B, blocksz:64 B, count:4, tlb:128
     L1i$ =32 KiB (2-way assoc, 4 cycles)
     L1d$ =32 KiB (2-way assoc, 4 cycles)
     L2$  =256 KiB (8-way assoc, 12 cycles)
     Comp =Core -> TCU -> L1$ -> L2$

T12: build/gem5-riscv-release/bin/tilemux
     Core =DerivO3CPU riscv @ 1GHz
     TCU  =eps:192, bufsz:2048 B, blocksz:2048 B, count:4, tlb:0
     imem =32768 KiB
     Comp =Core -> TCU -> SPM

T13: build/gem5-riscv-release/bin/tilemux
     Core =DerivO3CPU riscv @ 1GHz
     TCU  =eps:192, bufsz:2048 B, blocksz:2048 B, count:4, tlb:0
     imem =32768 KiB
     Comp =Core -> TCU -> SPM

T14: build/gem5-riscv-release/bin/tilemux
     Core =DerivO3CPU riscv @ 1GHz
     TCU  =eps:192, bufsz:2048 B, blocksz:2048 B, count:4, tlb:0
     imem =32768 KiB
     Comp =Core -> TCU -> SPM

T15: build/gem5-riscv-release/bin/tilemux
     Core =DerivO3CPU riscv @ 1GHz
     TCU  =eps:192, bufsz:2048 B, blocksz:2048 B, count:4, tlb:0
     imem =32768 KiB
     Comp =Core -> TCU -> SPM

T16: IGbE_e1000
     TCU  =eps:192, bufsz:2048 B, blocksz:2048 B, count:4, tlb:0
     Comp =TCU -> Proxy -> NIC

T17: IGbE_e1000
     TCU  =eps:192, bufsz:2048 B, blocksz:2048 B, count:4, tlb:0
     Comp =TCU -> Proxy -> NIC

T18: rot13 accelerator @ 1GHz
     TCU  =eps:192, bufsz:2048 B, blocksz:2048 B, count:4, tlb:0
     imem =2048 KiB
     Comp =Core -> TCU -> SPM

T19: rot13 accelerator @ 1GHz
     TCU  =eps:192, bufsz:2048 B, blocksz:2048 B, count:4, tlb:0
     imem =2048 KiB
     Comp =Core -> TCU -> SPM

T20: build/gem5-riscv-release/bin/tilemux
     Core =DerivO3CPU riscv @ 1GHz
     TCU  =eps:192, bufsz:2048 B, blocksz:2048 B, count:4, tlb:0
     imem =32768 KiB
     Comp =Core -> TCU -> SPM

T21: SerialInput
     TCU  =eps:192, bufsz:2048 B, blocksz:2048 B, count:4, tlb:0
     Comp =TCU -> SerialInput

T22: build/gem5-riscv-release/bench.img x 1
     TCU  =eps:192, bufsz:2048 B, blocksz:2048 B, count:8, tlb:0
     imem =3145728 KiB
     Comp =TCU -> DRAM

Global frequency set at 1000000000000 ticks per second
warn: No dot file generated. Please install pydot to generate the dot file and pdf.
Gem5 Terminal started; Quit via Ctrl+]
warn: DRAM device capacity (49152 Mbytes) does not match the address range assigned (4096 Mbytes)
platform.com_1.device: Listening for connections on port 3456
0: T00.remote_gdb: listening for remote gdb on port 7000
0: T01.remote_gdb: listening for remote gdb on port 7001
0: T02.remote_gdb: listening for remote gdb on port 7002
0: T03.remote_gdb: listening for remote gdb on port 7003
0: T04.remote_gdb: listening for remote gdb on port 7004
0: T05.remote_gdb: listening for remote gdb on port 7005
0: T06.remote_gdb: listening for remote gdb on port 7006
0: T07.remote_gdb: listening for remote gdb on port 7007
0: T08.remote_gdb: listening for remote gdb on port 7008
0: T09.remote_gdb: listening for remote gdb on port 7009
0: T10.remote_gdb: listening for remote gdb on port 7010
0: T11.remote_gdb: listening for remote gdb on port 7011
0: T12.remote_gdb: listening for remote gdb on port 7012
0: T13.remote_gdb: listening for remote gdb on port 7013
0: T14.remote_gdb: listening for remote gdb on port 7014
0: T15.remote_gdb: listening for remote gdb on port 7015
warn: CoherentXBar T16.xbar has no snooping ports attached!
warn: CoherentXBar T17.xbar has no snooping ports attached!
warn: CoherentXBar T18.xbar has no snooping ports attached!
warn: CoherentXBar T19.xbar has no snooping ports attached!
0: T20.remote_gdb: listening for remote gdb on port 7016
warn: CoherentXBar T21.xbar has no snooping ports attached!
warn: CoherentXBar T22.xbar has no snooping ports attached!
info: Loaded 'boot.xml' to 0x9600000030000000 .. 0x9600000030000319
info: Loaded 'root' to 0x9600000030001000 .. 0x9600000030075580
info: Loaded 'm3fs' to 0x9600000030076000 .. 0x96000000300cc328
info: Loaded 'pager' to 0x96000000300cd000 .. 0x960000003014ba38
info: Entering event queue @ 0.  Starting simulation...
warn: T20.spm: address out-of-range: 0
warn: T0,PMP-EP65535: invalid EP
warn: T11,PMP-EP65535: invalid EP
warn: T10,PMP-EP65535: invalid EP
warn: T9,PMP-EP65535: invalid EP
warn: T7,PMP-EP65535: invalid EP
warn: T8,PMP-EP65535: invalid EP
warn: T6,PMP-EP65535: invalid EP
warn: T5,PMP-EP65535: invalid EP
warn: T4,PMP-EP65535: invalid EP
warn: T3,PMP-EP65535: invalid EP
warn: T2,PMP-EP65535: invalid EP
warn: T1,PMP-EP65535: invalid EP
warn: T11,PMP-EP65535: invalid EP
warn: T8,PMP-EP65535: invalid EP
warn: T9,PMP-EP65535: invalid EP
warn: T7,PMP-EP65535: invalid EP
warn: T10,PMP-EP65535: invalid EP
warn: T5,PMP-EP65535: invalid EP
warn: T6,PMP-EP65535: invalid EP
warn: T1,PMP-EP65535: invalid EP
warn: T2,PMP-EP65535: invalid EP
warn: T4,PMP-EP65535: invalid EP
warn: T3,PMP-EP65535: invalid EP
warn: T0,PMP-EP65535: invalid EP
[0;31m[T0:kernel  @        147] Entered raw mode; Quit via Ctrl+]
[0mwarn: T11,PMP-EP3: invalid EP
warn: T8,PMP-EP3: invalid EP
warn: T9,PMP-EP3: invalid EP
warn: T7,PMP-EP3: invalid EP
warn: T11,PMP-EP65535: invalid EP
warn: T11,PMP-EP65535: invalid EP
warn: T11,PMP-EP65535: invalid EP
warn: T10,PMP-EP3: invalid EP
warn: T2,PMP-EP3: invalid EP
warn: T3,PMP-EP3: invalid EP
warn: T8,PMP-EP65535: invalid EP
warn: T8,PMP-EP65535: invalid EP
warn: T8,PMP-EP65535: invalid EP
warn: T7,PMP-EP65535: invalid EP
warn: T7,PMP-EP65535: invalid EP
warn: T7,PMP-EP65535: invalid EP
warn: T11,PMP-EP65535: invalid EP
warn: T9,PMP-EP65535: invalid EP
warn: T9,PMP-EP65535: invalid EP
warn: T4,PMP-EP3: invalid EP
warn: T9,PMP-EP65535: invalid EP
warn: T5,PMP-EP3: invalid EP
warn: T1,PMP-EP3: invalid EP
warn: T6,PMP-EP3: invalid EP
warn: T8,PMP-EP65535: invalid EP
warn: T7,PMP-EP65535: invalid EP
warn: T9,PMP-EP65535: invalid EP
warn: T10,PMP-EP65535: invalid EP
warn: T10,PMP-EP65535: invalid EP
warn: T10,PMP-EP65535: invalid EP
warn: T2,PMP-EP65535: invalid EP
warn: T2,PMP-EP65535: invalid EP
warn: T2,PMP-EP65535: invalid EP
warn: T3,PMP-EP65535: invalid EP
warn: T3,PMP-EP65535: invalid EP
warn: T3,PMP-EP65535: invalid EP
warn: T4,PMP-EP65535: invalid EP
warn: T4,PMP-EP65535: invalid EP
warn: T4,PMP-EP65535: invalid EP
warn: T2,PMP-EP65535: invalid EP
warn: T10,PMP-EP65535: invalid EP
warn: T3,PMP-EP65535: invalid EP
warn: T5,PMP-EP65535: invalid EP
warn: T5,PMP-EP65535: invalid EP
warn: T5,PMP-EP65535: invalid EP
warn: T1,PMP-EP65535: invalid EP
warn: T1,PMP-EP65535: invalid EP
warn: T1,PMP-EP65535: invalid EP
warn: T6,PMP-EP65535: invalid EP
warn: T6,PMP-EP65535: invalid EP
warn: T6,PMP-EP65535: invalid EP
warn: T4,PMP-EP65535: invalid EP
warn: T5,PMP-EP65535: invalid EP
warn: T1,PMP-EP65535: invalid EP
warn: T6,PMP-EP65535: invalid EP
[0;31m[T0:kernel  @        266] generate random nonce ok
[0m[0;31m[T0:kernel  @        281] Generated nonce: [32, 32, 32, 32, 32, 32, 32, 32, 32, 32, 32, 32, 32, 32, 32, 32]
[0m[0;31m[T0:kernel  @        304] Generated ecdsa sign: [32, 32, 32, 32, 32, 32, 32, 32, 32, 32, 32, 32, 32, 32, 32, 32, 32, 32, 32, 32, 32, 32, 32, 32, 32, 32, 32, 32, 32, 32,[0m
[0;31m[T0:kernel  @        325]  32, 32, 32, 32, 32, 32, 32, 32, 32, 32, 32, 32, 32, 32, 32, 32, 32, 32, 32, 32, 32, 32, 32, 32, 32, 32, 32, 32, 32, 32, 32, 32, 32, 32]
[0m[0;31m[T0:kernel  @        336] ECDSA signature verification successful!
[0m[0;31m[T0:kernel  @        340] Attesting tile: 1
[0m[0;31m[T0:kernel  @        347] generate random nonce ok
[0m[0;31m[T0:kernel  @        360] Generated nonce: [32, 32, 32, 32, 32, 32, 32, 32, 32, 32, 32, 32, 32, 32, 32, 32]
[0m[0;31m[T0:kernel  @        383] Generated ecdsa sign: [32, 32, 32, 32, 32, 32, 32, 32, 32, 32, 32, 32, 32, 32, 32, 32, 32, 32, 32, 32, 32, 32, 32, 32, 32, 32, 32, 32, 32, 32,[0m
[0;31m[T0:kernel  @        405]  32, 32, 32, 32, 32, 32, 32, 32, 32, 32, 32, 32, 32, 32, 32, 32, 32, 32, 32, 32, 32, 32, 32, 32, 32, 32, 32, 32, 32, 32, 32, 32, 32, 32]
[0m[0;31m[T0:kernel  @        414] ECDSA signature verification successful!
[0m[0;31m[T0:kernel  @        418] Attesting tile: 2
[0m[0;31m[T0:kernel  @        424] generate random nonce ok
[0m[0;31m[T0:kernel  @        437] Generated nonce: [32, 32, 32, 32, 32, 32, 32, 32, 32, 32, 32, 32, 32, 32, 32, 32]
[0m[0;31m[T0:kernel  @        459] Generated ecdsa sign: [32, 32, 32, 32, 32, 32, 32, 32, 32, 32, 32, 32, 32, 32, 32, 32, 32, 32, 32, 32, 32, 32, 32, 32, 32, 32, 32, 32, 32, 32,[0m
[0;31m[T0:kernel  @        481]  32, 32, 32, 32, 32, 32, 32, 32, 32, 32, 32, 32, 32, 32, 32, 32, 32, 32, 32, 32, 32, 32, 32, 32, 32, 32, 32, 32, 32, 32, 32, 32, 32, 32]
[0m[0;31m[T0:kernel  @        490] ECDSA signature verification successful!
[0m[0;31m[T0:kernel  @        494] Attesting tile: 3
[0m[0;31m[T0:kernel  @        500] generate random nonce ok
[0m[0;31m[T0:kernel  @        512] Generated nonce: [32, 32, 32, 32, 32, 32, 32, 32, 32, 32, 32, 32, 32, 32, 32, 32]
[0m[0;31m[T0:kernel  @        534] Generated ecdsa sign: [32, 32, 32, 32, 32, 32, 32, 32, 32, 32, 32, 32, 32, 32, 32, 32, 32, 32, 32, 32, 32, 32, 32, 32, 32, 32, 32, 32, 32, 32,[0m
[0;31m[T0:kernel  @        556]  32, 32, 32, 32, 32, 32, 32, 32, 32, 32, 32, 32, 32, 32, 32, 32, 32, 32, 32, 32, 32, 32, 32, 32, 32, 32, 32, 32, 32, 32, 32, 32, 32, 32]
[0m[0;31m[T0:kernel  @        565] ECDSA signature verification successful!
[0m[0;31m[T0:kernel  @        569] Attesting tile: 4
[0m[0;31m[T0:kernel  @        574] generate random nonce ok
[0m[0;31m[T0:kernel  @        587] Generated nonce: [32, 32, 32, 32, 32, 32, 32, 32, 32, 32, 32, 32, 32, 32, 32, 32]
[0m[0;31m[T0:kernel  @        609] Generated ecdsa sign: [32, 32, 32, 32, 32, 32, 32, 32, 32, 32, 32, 32, 32, 32, 32, 32, 32, 32, 32, 32, 32, 32, 32, 32, 32, 32, 32, 32, 32, 32,[0m
[0;31m[T0:kernel  @        631]  32, 32, 32, 32, 32, 32, 32, 32, 32, 32, 32, 32, 32, 32, 32, 32, 32, 32, 32, 32, 32, 32, 32, 32, 32, 32, 32, 32, 32, 32, 32, 32, 32, 32]
[0m[0;31m[T0:kernel  @        639] ECDSA signature verification successful!
[0m[0;31m[T0:kernel  @        643] Attesting tile: 5
[0m[0;31m[T0:kernel  @        649] generate random nonce ok
[0m[0;31m[T0:kernel  @        661] Generated nonce: [32, 32, 32, 32, 32, 32, 32, 32, 32, 32, 32, 32, 32, 32, 32, 32]
[0m[0;31m[T0:kernel  @        683] Generated ecdsa sign: [32, 32, 32, 32, 32, 32, 32, 32, 32, 32, 32, 32, 32, 32, 32, 32, 32, 32, 32, 32, 32, 32, 32, 32, 32, 32, 32, 32, 32, 32,[0m
[0;31m[T0:kernel  @        705]  32, 32, 32, 32, 32, 32, 32, 32, 32, 32, 32, 32, 32, 32, 32, 32, 32, 32, 32, 32, 32, 32, 32, 32, 32, 32, 32, 32, 32, 32, 32, 32, 32, 32]
[0m[0;31m[T0:kernel  @        714] ECDSA signature verification successful!
[0m[0;31m[T0:kernel  @        717] Attesting tile: 6
[0m[0;31m[T0:kernel  @        723] generate random nonce ok
[0m[0;31m[T0:kernel  @        735] Generated nonce: [32, 32, 32, 32, 32, 32, 32, 32, 32, 32, 32, 32, 32, 32, 32, 32]
[0m[0;31m[T0:kernel  @        757] Generated ecdsa sign: [32, 32, 32, 32, 32, 32, 32, 32, 32, 32, 32, 32, 32, 32, 32, 32, 32, 32, 32, 32, 32, 32, 32, 32, 32, 32, 32, 32, 32, 32,[0m
[0;31m[T0:kernel  @        779]  32, 32, 32, 32, 32, 32, 32, 32, 32, 32, 32, 32, 32, 32, 32, 32, 32, 32, 32, 32, 32, 32, 32, 32, 32, 32, 32, 32, 32, 32, 32, 32, 32, 32]
[0m[0;31m[T0:kernel  @        788] ECDSA signature verification successful!
[0m[0;31m[T0:kernel  @        791] Attesting tile: 7
[0m[0;31m[T0:kernel  @        797] generate random nonce ok
[0m[0;31m[T0:kernel  @        809] Generated nonce: [32, 32, 32, 32, 32, 32, 32, 32, 32, 32, 32, 32, 32, 32, 32, 32]
[0m[0;31m[T0:kernel  @        831] Generated ecdsa sign: [32, 32, 32, 32, 32, 32, 32, 32, 32, 32, 32, 32, 32, 32, 32, 32, 32, 32, 32, 32, 32, 32, 32, 32, 32, 32, 32, 32, 32, 32,[0m
[0;31m[T0:kernel  @        853]  32, 32, 32, 32, 32, 32, 32, 32, 32, 32, 32, 32, 32, 32, 32, 32, 32, 32, 32, 32, 32, 32, 32, 32, 32, 32, 32, 32, 32, 32, 32, 32, 32, 32]
[0m[0;31m[T0:kernel  @        862] ECDSA signature verification successful!
[0m[0;31m[T0:kernel  @        866] Attesting tile: 8
[0m[0;31m[T0:kernel  @        871] generate random nonce ok
[0m[0;31m[T0:kernel  @        884] Generated nonce: [32, 32, 32, 32, 32, 32, 32, 32, 32, 32, 32, 32, 32, 32, 32, 32]
[0m[0;31m[T0:kernel  @        906] Generated ecdsa sign: [32, 32, 32, 32, 32, 32, 32, 32, 32, 32, 32, 32, 32, 32, 32, 32, 32, 32, 32, 32, 32, 32, 32, 32, 32, 32, 32, 32, 32, 32,[0m
[0;31m[T0:kernel  @        927]  32, 32, 32, 32, 32, 32, 32, 32, 32, 32, 32, 32, 32, 32, 32, 32, 32, 32, 32, 32, 32, 32, 32, 32, 32, 32, 32, 32, 32, 32, 32, 32, 32, 32]
[0m[0;31m[T0:kernel  @        936] ECDSA signature verification successful!
[0m[0;31m[T0:kernel  @        940] Attesting tile: 9
[0m[0;31m[T0:kernel  @        945] generate random nonce ok
[0m[0;31m[T0:kernel  @        958] Generated nonce: [32, 32, 32, 32, 32, 32, 32, 32, 32, 32, 32, 32, 32, 32, 32, 32]
[0m[0;31m[T0:kernel  @        980] Generated ecdsa sign: [32, 32, 32, 32, 32, 32, 32, 32, 32, 32, 32, 32, 32, 32, 32, 32, 32, 32, 32, 32, 32, 32, 32, 32, 32, 32, 32, 32, 32, 32,[0m
[0;31m[T0:kernel  @       1002]  32, 32, 32, 32, 32, 32, 32, 32, 32, 32, 32, 32, 32, 32, 32, 32, 32, 32, 32, 32, 32, 32, 32, 32, 32, 32, 32, 32, 32, 32, 32, 32, 32, 32]
[0m[0;31m[T0:kernel  @       1010] ECDSA signature verification successful!
[0m[0;31m[T0:kernel  @       1014] Attesting tile: 10
[0m[0;31m[T0:kernel  @       1019] generate random nonce ok
[0m[0;31m[T0:kernel  @       1031] Generated nonce: [32, 32, 32, 32, 32, 32, 32, 32, 32, 32, 32, 32, 32, 32, 32, 32]
[0m[0;31m[T0:kernel  @       1053] Generated ecdsa sign: [32, 32, 32, 32, 32, 32, 32, 32, 32, 32, 32, 32, 32, 32, 32, 32, 32, 32, 32, 32, 32, 32, 32, 32, 32, 32, 32, 32, 32, 32,[0m
[0;31m[T0:kernel  @       1075]  32, 32, 32, 32, 32, 32, 32, 32, 32, 32, 32, 32, 32, 32, 32, 32, 32, 32, 32, 32, 32, 32, 32, 32, 32, 32, 32, 32, 32, 32, 32, 32, 32, 32]
[0m[0;31m[T0:kernel  @       1084] ECDSA signature verification successful!
[0m[0;31m[T0:kernel  @       1087] Attesting tile: 11
[0m[0;31m[T0:kernel  @       1092] generate random nonce ok
[0m[0;31m[T0:kernel  @       1105] Generated nonce: [32, 32, 32, 32, 32, 32, 32, 32, 32, 32, 32, 32, 32, 32, 32, 32]
[0m[0;31m[T0:kernel  @       1127] Generated ecdsa sign: [32, 32, 32, 32, 32, 32, 32, 32, 32, 32, 32, 32, 32, 32, 32, 32, 32, 32, 32, 32, 32, 32, 32, 32, 32, 32, 32, 32, 32, 32,[0m
[0;31m[T0:kernel  @       1148]  32, 32, 32, 32, 32, 32, 32, 32, 32, 32, 32, 32, 32, 32, 32, 32, 32, 32, 32, 32, 32, 32, 32, 32, 32, 32, 32, 32, 32, 32, 32, 32, 32, 32]
[0m[0;31m[T0:kernel  @       1157] ECDSA signature verification successful!
[0m[0;31m[T0:kernel  @       1160] Attesting tile: 12
[0m[0;31m[T0:kernel  @       1165] generate random nonce ok
[0m[0;31m[T0:kernel  @       1178] Generated nonce: [32, 32, 32, 32, 32, 32, 32, 32, 32, 32, 32, 32, 32, 32, 32, 32]
[0m[0;31m[T0:kernel  @       1200] Generated ecdsa sign: [32, 32, 32, 32, 32, 32, 32, 32, 32, 32, 32, 32, 32, 32, 32, 32, 32, 32, 32, 32, 32, 32, 32, 32, 32, 32, 32, 32, 32, 32,[0m
[0;31m[T0:kernel  @       1221]  32, 32, 32, 32, 32, 32, 32, 32, 32, 32, 32, 32, 32, 32, 32, 32, 32, 32, 32, 32, 32, 32, 32, 32, 32, 32, 32, 32, 32, 32, 32, 32, 32, 32]
[0m[0;31m[T0:kernel  @       1230] ECDSA signature verification successful!
[0m[0;31m[T0:kernel  @       1233] Attesting tile: 13
[0m[0;31m[T0:kernel  @       1239] generate random nonce ok
[0m[0;31m[T0:kernel  @       1251] Generated nonce: [32, 32, 32, 32, 32, 32, 32, 32, 32, 32, 32, 32, 32, 32, 32, 32]
[0m[0;31m[T0:kernel  @       1273] Generated ecdsa sign: [32, 32, 32, 32, 32, 32, 32, 32, 32, 32, 32, 32, 32, 32, 32, 32, 32, 32, 32, 32, 32, 32, 32, 32, 32, 32, 32, 32, 32, 32,[0m
[0;31m[T0:kernel  @       1294]  32, 32, 32, 32, 32, 32, 32, 32, 32, 32, 32, 32, 32, 32, 32, 32, 32, 32, 32, 32, 32, 32, 32, 32, 32, 32, 32, 32, 32, 32, 32, 32, 32, 32]
[0m[0;31m[T0:kernel  @       1303] ECDSA signature verification successful!
[0m[0;31m[T0:kernel  @       1307] Attesting tile: 14
[0m[0;31m[T0:kernel  @       1312] generate random nonce ok
[0m[0;31m[T0:kernel  @       1324] Generated nonce: [32, 32, 32, 32, 32, 32, 32, 32, 32, 32, 32, 32, 32, 32, 32, 32]
[0m[0;31m[T0:kernel  @       1346] Generated ecdsa sign: [32, 32, 32, 32, 32, 32, 32, 32, 32, 32, 32, 32, 32, 32, 32, 32, 32, 32, 32, 32, 32, 32, 32, 32, 32, 32, 32, 32, 32, 32,[0m
[0;31m[T0:kernel  @       1367]  32, 32, 32, 32, 32, 32, 32, 32, 32, 32, 32, 32, 32, 32, 32, 32, 32, 32, 32, 32, 32, 32, 32, 32, 32, 32, 32, 32, 32, 32, 32, 32, 32, 32]
[0m[0;31m[T0:kernel  @       1376] ECDSA signature verification successful!
[0m[0;31m[T0:kernel  @       1380] Attesting tile: 15
[0m[0;31m[T0:kernel  @       1385] generate random nonce ok
[0m[0;31m[T0:kernel  @       1397] Generated nonce: [32, 32, 32, 32, 32, 32, 32, 32, 32, 32, 32, 32, 32, 32, 32, 32]
[0m[0;31m[T0:kernel  @       1419] Generated ecdsa sign: [32, 32, 32, 32, 32, 32, 32, 32, 32, 32, 32, 32, 32, 32, 32, 32, 32, 32, 32, 32, 32, 32, 32, 32, 32, 32, 32, 32, 32, 32,[0m
[0;31m[T0:kernel  @       1440]  32, 32, 32, 32, 32, 32, 32, 32, 32, 32, 32, 32, 32, 32, 32, 32, 32, 32, 32, 32, 32, 32, 32, 32, 32, 32, 32, 32, 32, 32, 32, 32, 32, 32]
[0m[0;31m[T0:kernel  @       1449] ECDSA signature verification successful!
[0m[0;31m[T0:kernel  @       1453] Attesting tile: 16
[0m[0;31m[T0:kernel  @       1458] generate random nonce ok
[0m[0;31m[T0:kernel  @       1470] Generated nonce: [32, 32, 32, 32, 32, 32, 32, 32, 32, 32, 32, 32, 32, 32, 32, 32]
[0m[0;31m[T0:kernel  @       1492] Generated ecdsa sign: [32, 32, 32, 32, 32, 32, 32, 32, 32, 32, 32, 32, 32, 32, 32, 32, 32, 32, 32, 32, 32, 32, 32, 32, 32, 32, 32, 32, 32, 32,[0m
[0;31m[T0:kernel  @       1514]  32, 32, 32, 32, 32, 32, 32, 32, 32, 32, 32, 32, 32, 32, 32, 32, 32, 32, 32, 32, 32, 32, 32, 32, 32, 32, 32, 32, 32, 32, 32, 32, 32, 32]
[0m[0;31m[T0:kernel  @       1522] ECDSA signature verification successful!
[0m[0;31m[T0:kernel  @       1526] Attesting tile: 17
[0m[0;31m[T0:kernel  @       1531] generate random nonce ok
[0m[0;31m[T0:kernel  @       1543] Generated nonce: [32, 32, 32, 32, 32, 32, 32, 32, 32, 32, 32, 32, 32, 32, 32, 32]
[0m[0;31m[T0:kernel  @       1565] Generated ecdsa sign: [32, 32, 32, 32, 32, 32, 32, 32, 32, 32, 32, 32, 32, 32, 32, 32, 32, 32, 32, 32, 32, 32, 32, 32, 32, 32, 32, 32, 32, 32,[0m
[0;31m[T0:kernel  @       1587]  32, 32, 32, 32, 32, 32, 32, 32, 32, 32, 32, 32, 32, 32, 32, 32, 32, 32, 32, 32, 32, 32, 32, 32, 32, 32, 32, 32, 32, 32, 32, 32, 32, 32]
[0m[0;31m[T0:kernel  @       1595] ECDSA signature verification successful!
[0m[0;31m[T0:kernel  @       1599] Attesting tile: 18
[0m[0;31m[T0:kernel  @       1604] generate random nonce ok
[0m[0;31m[T0:kernel  @       1617] Generated nonce: [32, 32, 32, 32, 32, 32, 32, 32, 32, 32, 32, 32, 32, 32, 32, 32]
[0m[0;31m[T0:kernel  @       1638] Generated ecdsa sign: [32, 32, 32, 32, 32, 32, 32, 32, 32, 32, 32, 32, 32, 32, 32, 32, 32, 32, 32, 32, 32, 32, 32, 32, 32, 32, 32, 32, 32, 32,[0m
[0;31m[T0:kernel  @       1660]  32, 32, 32, 32, 32, 32, 32, 32, 32, 32, 32, 32, 32, 32, 32, 32, 32, 32, 32, 32, 32, 32, 32, 32, 32, 32, 32, 32, 32, 32, 32, 32, 32, 32]
[0m[0;31m[T0:kernel  @       1669] ECDSA signature verification successful!
[0m[0;31m[T0:kernel  @       1672] Attesting tile: 19
[0m[0;31m[T0:kernel  @       1677] generate random nonce ok
[0m[0;31m[T0:kernel  @       1690] Generated nonce: [32, 32, 32, 32, 32, 32, 32, 32, 32, 32, 32, 32, 32, 32, 32, 32]
[0m[0;31m[T0:kernel  @       1712] Generated ecdsa sign: [32, 32, 32, 32, 32, 32, 32, 32, 32, 32, 32, 32, 32, 32, 32, 32, 32, 32, 32, 32, 32, 32, 32, 32, 32, 32, 32, 32, 32, 32,[0m
[0;31m[T0:kernel  @       1733]  32, 32, 32, 32, 32, 32, 32, 32, 32, 32, 32, 32, 32, 32, 32, 32, 32, 32, 32, 32, 32, 32, 32, 32, 32, 32, 32, 32, 32, 32, 32, 32, 32, 32]
[0m[0;31m[T0:kernel  @       1742] ECDSA signature verification successful!
[0m[0;31m[T0:kernel  @       1745] Attesting tile: 20
[0m[0;31m[T0:kernel  @       1750] generate random nonce ok
[0m[0;31m[T0:kernel  @       1763] Generated nonce: [32, 32, 32, 32, 32, 32, 32, 32, 32, 32, 32, 32, 32, 32, 32, 32]
[0m[0;31m[T0:kernel  @       1785] Generated ecdsa sign: [32, 32, 32, 32, 32, 32, 32, 32, 32, 32, 32, 32, 32, 32, 32, 32, 32, 32, 32, 32, 32, 32, 32, 32, 32, 32, 32, 32, 32, 32,[0m
[0;31m[T0:kernel  @       1806]  32, 32, 32, 32, 32, 32, 32, 32, 32, 32, 32, 32, 32, 32, 32, 32, 32, 32, 32, 32, 32, 32, 32, 32, 32, 32, 32, 32, 32, 32, 32, 32, 32, 32]
[0m[0;31m[T0:kernel  @       1815] ECDSA signature verification successful!
[0m[0;31m[T0:kernel  @       1818] Attesting tile: 21
[0m[0;31m[T0:kernel  @       1902] Kernel is ready!
[0m[0;32m[T1:root    @       2338] Boot modules:
[0m[0;32m[T1:root    @       2350]   Mod[addr: G[Tile22+0x30000000], size: 0x319, name: boot.xml]
[0m[0;32m[T1:root    @       2358]   Mod[addr: G[Tile22+0x30001000], size: 0x74580, name: root]
[0m[0;32m[T1:root    @       2365]   Mod[addr: G[Tile22+0x30076000], size: 0x56328, name: m3fs]
[0m[0;32m[T1:root    @       2372]   Mod[addr: G[Tile22+0x300cd000], size: 0x7ea38, name: pager]
[0m[0;32m[T1:root    @       2376] Available tiles:
[0m[0;32m[T1:root    @       2385]   Tile01: COMP_EMEM RISCV (empty) 0 KiB memory
[0m[0;32m[T1:root    @       2393]   Tile02: COMP_EMEM RISCV (empty) 0 KiB memory
[0m[0;32m[T1:root    @       2400]   Tile03: COMP_EMEM RISCV (empty) 0 KiB memory
[0m[0;32m[T1:root    @       2406]   Tile04: COMP_EMEM RISCV (empty) 0 KiB memory
[0m[0;32m[T1:root    @       2413]   Tile05: COMP_EMEM RISCV (empty) 0 KiB memory
[0m[0;32m[T1:root    @       2421]   Tile06: COMP_EMEM RISCV (empty) 0 KiB memory
[0m[0;32m[T1:root    @       2428]   Tile07: COMP_EMEM RISCV (empty) 0 KiB memory
[0m[0;32m[T1:root    @       2435]   Tile08: COMP_EMEM RISCV (empty) 0 KiB memory
[0m[0;32m[T1:root    @       2442]   Tile09: COMP_EMEM RISCV (empty) 0 KiB memory
[0m[0;32m[T1:root    @       2449]   Tile10: COMP_EMEM RISCV (empty) 0 KiB memory
[0m[0;32m[T1:root    @       2456]   Tile11: COMP_EMEM RISCV (empty) 0 KiB memory
[0m[0;32m[T1:root    @       2462]   Tile12: COMP_IMEM RISCV (empty) 32768 KiB memory
[0m[0;32m[T1:root    @       2469]   Tile13: COMP_IMEM RISCV (empty) 32768 KiB memory
[0m[0;32m[T1:root    @       2475]   Tile14: COMP_IMEM RISCV (empty) 32768 KiB memory
[0m[0;32m[T1:root    @       2485]   Tile15: COMP_IMEM RISCV (empty) 32768 KiB memory
[0m[0;32m[T1:root    @       2491]   Tile16: COMP_IMEM NIC_DEV (empty) 0 KiB memory
[0m[0;32m[T1:root    @       2498]   Tile17: COMP_IMEM NIC_DEV (empty) 0 KiB memory
[0m[0;32m[T1:root    @       2506]   Tile18: COMP_IMEM ACCEL_ROT13 (empty) 2048 KiB memory
[0m[0;32m[T1:root    @       2513]   Tile19: COMP_IMEM ACCEL_ROT13 (empty) 2048 KiB memory
[0m[0;32m[T1:root    @       2519]   Tile20: COMP_IMEM RISCV KECACC 32768 KiB memory
[0m[0;32m[T1:root    @       2526]   Tile21: COMP_IMEM SERIAL_DEV (empty) 0 KiB memory
[0m[0;32m[T1:root    @       2534] Available memory:
[0m[0;32m[T1:root    @       2544]   MemMod[sel: 30, res: true, addr: G[Tile22+0x0], size: 1200 MiB]
[0m[0;32m[T1:root    @       2553]   MemMod[sel: 31, res: false, addr: G[Tile22+0x4f600000], size: 959 MiB]
[0m[0;32m[T1:root    @       2557] Parsed Config [
[0m[0;32m[T1:root    @       2562]   root [
[0m[0;32m[T1:root    @       2570]     Domain on core [
[0m[0;32m[T1:root    @       2576]       m3fs mem 268435456 [
[0m[0;32m[T1:root    @       2581]         Daemon,
[0m[0;32m[T1:root    @       2590]         PhysMem[addr=0x0, size=0x40000 KiB, perm=R | W | X | RW | RWX],
[0m[0;32m[T1:root    @       2597]         Service[lname='m3fs', gname='m3fs'],
[0m[0;32m[T1:root    @       2601]       ]
[0m[0;32m[T1:root    @       2605]     ]
[0m[0;32m[T1:root    @       2610]     Domain on core [
[0m[0;32m[T1:root    @       2615]       pager 268435456 [
[0m[0;32m[T1:root    @       2622]         PhysMem[addr=0x0, size=0x40000 KiB, perm=R],
[0m[0;32m[T1:root    @       2630]         Session[lname='m3fs', gname='m3fs', arg='', dep=true],
[0m[0;32m[T1:root    @       2637]         Tile[type=boom|core, count=1, optional=false],
[0m[0;32m[T1:root    @       2642]         Domain on boom|core [
[0m[0;32m[T1:root    @       2647]           /bin/ipc [
[0m[0;32m[T1:root    @       2653]             TimeSlice[1000000000 ns],
[0m[0;32m[T1:root    @       2660]             Mount[fs='m3fs', path='/'],
[0m[0;32m[T1:root    @       2667]             Tile[type=boom|core, count=1, optional=false],
[0m[0;32m[T1:root    @       2672]           ]
[0m[0;32m[T1:root    @       2676]         ]
[0m[0;32m[T1:root    @       2680]       ]
[0m[0;32m[T1:root    @       2683]     ]
[0m[0;32m[T1:root    @       2687]   ]
[0m[0;32m[T1:root    @       2689] ]
[0m[0;32m[T1:root    @       2692] 
[0m[0;32m[T1:root    @       3394] Starting boot module 'm3fs' on tile2 with arguments ["mem", "268435456"]
[0m[0;32m[T1:root    @       4394] m3fs: reg_serv(srv_sel=46, sgate_sel=50, name=m3fs, sessions=32)
[0m[0;32m[T1:root    @       4404] Creating service 1:m3fs
[0m[0;32m[T1:root    @       4526] Starting boot module 'pager' on tile3 with arguments ["268435456"]
[0m[0;34m[T3:pager   @       4995] Boot modules:
[0m[0;34m[T3:pager   @       5006]   Mod[addr: G[Tile22+0x77601000], size: 0x1fb, name: boot.xml]
[0m[0;34m[T3:pager   @       5009] Available tiles:
[0m[0;34m[T3:pager   @       5018]   Tile03: COMP_EMEM RISCV (empty) 0 KiB memory
[0m[0;34m[T3:pager   @       5026]   Tile04: COMP_EMEM RISCV (empty) 0 KiB memory
[0m[0;34m[T3:pager   @       5030] Available memory:
[0m[0;34m[T3:pager   @       5041]   MemMod[sel: 8, res: false, addr: G[Tile22+0x63800000], size: 159 MiB]
[0m[0;32m[T1:root    @       5057] pager: open_sess(dst_sel=59, name=m3fs)
[0m[0;32m[T1:root    @       5921] pager: Ok(8:ALLOC_TILE) failed: NotFound
[0m[0;34m[T3:pager   @       6176] Starting boot module '/bin/ipc' on tile5 with arguments []
[0mRunning test suite bipc::run ...

Testing "pingpong_remote" in src/apps/bench/ipc/src/../../rustbenchs/src/bipc.rs:
! src/apps/bench/ipc/src/../../rustbenchs/src/bipc.rs:83  PERF "remote pingpong with (1 * u64) msgs": 249 cycles (+/- 0 cycles with 1000 runs)


Bitch: [1;32mAll tests successful![0;m
[0;32m[T1:root    @       8055] Sending SHUTDOWN to service 1:m3fs
[0m[0;32m[T1:root    @       8081] m3fs: unreg_serv(sel=46)
[0m[0;32m[T1:root    @       8087] Removing service 1:m3fs
[0m[0;32m[T1:root    @       8203] All childs gone. Exiting.
[0m[0;31m[T0:kernel  @       8270] Shutting down
[0mExiting @ tick 8276430000 because m5_exit instruction encountered
