/scratch/harshanavkis/ironbus/M3/run/p2p_dma_non_secure_64_xbar32-0/boot-all.xml validates
warn: <orphan SpuSystem>.etherlink already has parent (Previously declared as <orphan SpuSystem>.etherlink).
	Note: etherlink is not a parameter of SpuSystem
gem5 Simulator System.  http://gem5.org
gem5 is copyrighted software; use the --copyright option for details.

gem5 version 21.0.0.0
gem5 compiled Sep 17 2026 15:54:59
gem5 started Sep 17 2026 18:31:55
gem5 executing on amy, pid 3001061
command line: platform/gem5/build/RISCV/gem5.opt --outdir=/scratch/harshanavkis/ironbus/M3/run/p2p_dma_non_secure_64_xbar32-0 --debug-file=gem5.log --debug-flags=Tcu config/default.py --cpu-type DerivO3CPU --isa riscv --cmd 'build/gem5-riscv-release/bin/kernel -f build/gem5-riscv-release/bench.img,build/gem5-riscv-release/bin/tilemux,build/gem5-riscv-release/bin/tilemux,build/gem5-riscv-release/bin/tilemux,build/gem5-riscv-release/bin/tilemux,build/gem5-riscv-release/bin/tilemux,build/gem5-riscv-release/bin/tilemux,build/gem5-riscv-release/bin/tilemux,build/gem5-riscv-release/bin/tilemux,build/gem5-riscv-release/bin/tilemux,build/gem5-riscv-release/bin/tilemux,build/gem5-riscv-release/bin/tilemux,build/gem5-riscv-release/bin/tilemux,build/gem5-riscv-release/bin/tilemux,build/gem5-riscv-release/bin/tilemux,build/gem5-riscv-release/bin/tilemux,' --mods /scratch/harshanavkis/ironbus/M3/run/p2p_dma_non_secure_64_xbar32-0/boot.xml,build/gem5-riscv-release/bin/root,build/gem5-riscv-release/bin/m3fs,build/gem5-riscv-release/bin/pager --cpu-clock=2GHz --sys-clock=2GHz --encr-latency=0 --par-pipe=1 --int-transfer-latency=0 --rng-latency=0 --sign-latency=0 --sign-ver-latency=0

info: Standard input is not a terminal, disabling listeners.
T00: build/gem5-riscv-release/bin/kernel -f build/gem5-riscv-release/bench.img
     Core =DerivO3CPU riscv @ 2GHz
     TCU  =eps:192, bufsz:2048 B, blocksz:64 B, count:64, tlb:128
     L1i$ =32 KiB (2-way assoc, 4 cycles)
     L1d$ =32 KiB (2-way assoc, 4 cycles)
     L2$  =256 KiB (8-way assoc, 12 cycles)
     Comp =Core -> TCU -> L1$ -> L2$

T01: build/gem5-riscv-release/bin/tilemux
     Core =DerivO3CPU riscv @ 2GHz
     TCU  =eps:192, bufsz:2048 B, blocksz:64 B, count:64, tlb:128
     L1i$ =32 KiB (2-way assoc, 4 cycles)
     L1d$ =32 KiB (2-way assoc, 4 cycles)
     L2$  =256 KiB (8-way assoc, 12 cycles)
     Comp =Core -> TCU -> L1$ -> L2$

T02: build/gem5-riscv-release/bin/tilemux
     Core =DerivO3CPU riscv @ 2GHz
     TCU  =eps:192, bufsz:2048 B, blocksz:64 B, count:64, tlb:128
     L1i$ =32 KiB (2-way assoc, 4 cycles)
     L1d$ =32 KiB (2-way assoc, 4 cycles)
     L2$  =256 KiB (8-way assoc, 12 cycles)
     Comp =Core -> TCU -> L1$ -> L2$

T03: build/gem5-riscv-release/bin/tilemux
     Core =DerivO3CPU riscv @ 2GHz
     TCU  =eps:192, bufsz:2048 B, blocksz:64 B, count:64, tlb:128
     L1i$ =32 KiB (2-way assoc, 4 cycles)
     L1d$ =32 KiB (2-way assoc, 4 cycles)
     L2$  =256 KiB (8-way assoc, 12 cycles)
     Comp =Core -> TCU -> L1$ -> L2$

T04: build/gem5-riscv-release/bin/tilemux
     Core =DerivO3CPU riscv @ 2GHz
     TCU  =eps:192, bufsz:2048 B, blocksz:64 B, count:64, tlb:128
     L1i$ =32 KiB (2-way assoc, 4 cycles)
     L1d$ =32 KiB (2-way assoc, 4 cycles)
     L2$  =256 KiB (8-way assoc, 12 cycles)
     Comp =Core -> TCU -> L1$ -> L2$

T05: build/gem5-riscv-release/bin/tilemux
     Core =DerivO3CPU riscv @ 2GHz
     TCU  =eps:192, bufsz:2048 B, blocksz:64 B, count:64, tlb:128
     L1i$ =32 KiB (2-way assoc, 4 cycles)
     L1d$ =32 KiB (2-way assoc, 4 cycles)
     L2$  =256 KiB (8-way assoc, 12 cycles)
     Comp =Core -> TCU -> L1$ -> L2$

T06: build/gem5-riscv-release/bin/tilemux
     Core =DerivO3CPU riscv @ 2GHz
     TCU  =eps:192, bufsz:2048 B, blocksz:64 B, count:64, tlb:128
     L1i$ =32 KiB (2-way assoc, 4 cycles)
     L1d$ =32 KiB (2-way assoc, 4 cycles)
     L2$  =256 KiB (8-way assoc, 12 cycles)
     Comp =Core -> TCU -> L1$ -> L2$

T07: build/gem5-riscv-release/bin/tilemux
     Core =DerivO3CPU riscv @ 2GHz
     TCU  =eps:192, bufsz:2048 B, blocksz:64 B, count:64, tlb:128
     L1i$ =32 KiB (2-way assoc, 4 cycles)
     L1d$ =32 KiB (2-way assoc, 4 cycles)
     L2$  =256 KiB (8-way assoc, 12 cycles)
     Comp =Core -> TCU -> L1$ -> L2$

T08: build/gem5-riscv-release/bin/tilemux
     Core =DerivO3CPU riscv @ 2GHz
     TCU  =eps:192, bufsz:2048 B, blocksz:64 B, count:64, tlb:128
     L1i$ =32 KiB (2-way assoc, 4 cycles)
     L1d$ =32 KiB (2-way assoc, 4 cycles)
     L2$  =256 KiB (8-way assoc, 12 cycles)
     Comp =Core -> TCU -> L1$ -> L2$

T09: build/gem5-riscv-release/bin/tilemux
     Core =DerivO3CPU riscv @ 2GHz
     TCU  =eps:192, bufsz:2048 B, blocksz:64 B, count:64, tlb:128
     L1i$ =32 KiB (2-way assoc, 4 cycles)
     L1d$ =32 KiB (2-way assoc, 4 cycles)
     L2$  =256 KiB (8-way assoc, 12 cycles)
     Comp =Core -> TCU -> L1$ -> L2$

T10: build/gem5-riscv-release/bin/tilemux
     Core =DerivO3CPU riscv @ 2GHz
     TCU  =eps:192, bufsz:2048 B, blocksz:64 B, count:64, tlb:128
     L1i$ =32 KiB (2-way assoc, 4 cycles)
     L1d$ =32 KiB (2-way assoc, 4 cycles)
     L2$  =256 KiB (8-way assoc, 12 cycles)
     Comp =Core -> TCU -> L1$ -> L2$

T11: build/gem5-riscv-release/bin/tilemux
     Core =DerivO3CPU riscv @ 2GHz
     TCU  =eps:192, bufsz:2048 B, blocksz:64 B, count:64, tlb:128
     L1i$ =32 KiB (2-way assoc, 4 cycles)
     L1d$ =32 KiB (2-way assoc, 4 cycles)
     L2$  =256 KiB (8-way assoc, 12 cycles)
     Comp =Core -> TCU -> L1$ -> L2$

T12: build/gem5-riscv-release/bin/tilemux
     Core =DerivO3CPU riscv @ 2GHz
     TCU  =eps:192, bufsz:2048 B, blocksz:2048 B, count:64, tlb:0
     imem =32768 KiB
     Comp =Core -> TCU -> SPM

T13: build/gem5-riscv-release/bin/tilemux
     Core =DerivO3CPU riscv @ 2GHz
     TCU  =eps:192, bufsz:2048 B, blocksz:2048 B, count:64, tlb:0
     imem =32768 KiB
     Comp =Core -> TCU -> SPM

T14: build/gem5-riscv-release/bin/tilemux
     Core =DerivO3CPU riscv @ 2GHz
     TCU  =eps:192, bufsz:2048 B, blocksz:2048 B, count:64, tlb:0
     imem =32768 KiB
     Comp =Core -> TCU -> SPM

T15: build/gem5-riscv-release/bin/tilemux
     Core =DerivO3CPU riscv @ 2GHz
     TCU  =eps:192, bufsz:2048 B, blocksz:2048 B, count:64, tlb:0
     imem =32768 KiB
     Comp =Core -> TCU -> SPM

T16: IGbE_e1000
     TCU  =eps:192, bufsz:2048 B, blocksz:2048 B, count:64, tlb:0
     Comp =TCU -> Proxy -> NIC

T17: IGbE_e1000
     TCU  =eps:192, bufsz:2048 B, blocksz:2048 B, count:64, tlb:0
     Comp =TCU -> Proxy -> NIC

T18: rot13 accelerator @ 2GHz
     TCU  =eps:192, bufsz:2048 B, blocksz:2048 B, count:64, tlb:0
     imem =2048 KiB
     Comp =Core -> TCU -> SPM

T19: rot13 accelerator @ 2GHz
     TCU  =eps:192, bufsz:2048 B, blocksz:2048 B, count:64, tlb:0
     imem =2048 KiB
     Comp =Core -> TCU -> SPM

T20: build/gem5-riscv-release/bin/tilemux
     Core =DerivO3CPU riscv @ 2GHz
     TCU  =eps:192, bufsz:2048 B, blocksz:2048 B, count:64, tlb:0
     imem =32768 KiB
     Comp =Core -> TCU -> SPM

T21: SerialInput
     TCU  =eps:192, bufsz:2048 B, blocksz:2048 B, count:64, tlb:0
     Comp =TCU -> SerialInput

T22: build/gem5-riscv-release/bench.img x 1
     TCU  =eps:192, bufsz:2048 B, blocksz:2048 B, count:64, tlb:0
     imem =3145728 KiB
     Comp =TCU -> DRAM

Global frequency set at 1000000000000 ticks per second
warn: No dot file generated. Please install pydot to generate the dot file and pdf.
warn: DRAM device capacity (49152 Mbytes) does not match the address range assigned (4096 Mbytes)
warn: Sockets disabled, not accepting terminal connections
warn: Sockets disabled, not accepting gdb connections
warn: CoherentXBar T16.xbar has no snooping ports attached!
warn: CoherentXBar T17.xbar has no snooping ports attached!
warn: CoherentXBar T18.xbar has no snooping ports attached!
warn: CoherentXBar T19.xbar has no snooping ports attached!
warn: CoherentXBar T21.xbar has no snooping ports attached!
warn: CoherentXBar T22.xbar has no snooping ports attached!
info: Loaded 'boot.xml' to 0x9600000030000000 .. 0x9600000030000320
info: Loaded 'root' to 0x9600000030001000 .. 0x9600000030075758
info: Loaded 'm3fs' to 0x9600000030076000 .. 0x96000000300cc348
info: Loaded 'pager' to 0x96000000300cd000 .. 0x960000003014cc48
info: Entering event queue @ 0.  Starting simulation...
warn: T20.spm: address out-of-range: 0
warn: T0,PMP-EP65535: invalid EP
warn: T11,PMP-EP65535: invalid EP
warn: T10,PMP-EP65535: invalid EP
warn: T9,PMP-EP65535: invalid EP
warn: T8,PMP-EP65535: invalid EP
warn: T7,PMP-EP65535: invalid EP
warn: T6,PMP-EP65535: invalid EP
warn: T5,PMP-EP65535: invalid EP
warn: T4,PMP-EP65535: invalid EP
warn: T3,PMP-EP65535: invalid EP
warn: T2,PMP-EP65535: invalid EP
warn: T1,PMP-EP65535: invalid EP
warn: T11,PMP-EP65535: invalid EP
warn: T10,PMP-EP65535: invalid EP
warn: T9,PMP-EP65535: invalid EP
warn: T8,PMP-EP65535: invalid EP
warn: T0,PMP-EP65535: invalid EP
warn: T7,PMP-EP65535: invalid EP
warn: T6,PMP-EP65535: invalid EP
warn: T5,PMP-EP65535: invalid EP
warn: T4,PMP-EP65535: invalid EP
warn: T1,PMP-EP65535: invalid EP
warn: T2,PMP-EP65535: invalid EP
warn: T3,PMP-EP65535: invalid EP
[0;31m[T0:kernel  @         49] Entered raw mode; Quit via Ctrl+]
[0mwarn: T11,PMP-EP65535: invalid EP
warn: T11,PMP-EP65535: invalid EP
warn: T11,PMP-EP65535: invalid EP
warn: T10,PMP-EP65535: invalid EP
warn: T10,PMP-EP65535: invalid EP
warn: T10,PMP-EP65535: invalid EP
warn: T11,PMP-EP65535: invalid EP
warn: T9,PMP-EP65535: invalid EP
warn: T9,PMP-EP65535: invalid EP
warn: T9,PMP-EP65535: invalid EP
warn: T10,PMP-EP65535: invalid EP
warn: T8,PMP-EP65535: invalid EP
warn: T8,PMP-EP65535: invalid EP
warn: T8,PMP-EP65535: invalid EP
warn: T9,PMP-EP65535: invalid EP
warn: T8,PMP-EP65535: invalid EP
warn: T7,PMP-EP65535: invalid EP
warn: T7,PMP-EP65535: invalid EP
warn: T7,PMP-EP65535: invalid EP
warn: T7,PMP-EP65535: invalid EP
warn: T6,PMP-EP65535: invalid EP
warn: T6,PMP-EP65535: invalid EP
warn: T6,PMP-EP65535: invalid EP
warn: T5,PMP-EP65535: invalid EP
warn: T5,PMP-EP65535: invalid EP
warn: T5,PMP-EP65535: invalid EP
warn: T6,PMP-EP65535: invalid EP
warn: T5,PMP-EP65535: invalid EP
warn: T4,PMP-EP65535: invalid EP
warn: T4,PMP-EP65535: invalid EP
warn: T4,PMP-EP65535: invalid EP
warn: T4,PMP-EP65535: invalid EP
warn: T1,PMP-EP65535: invalid EP
warn: T1,PMP-EP65535: invalid EP
warn: T1,PMP-EP65535: invalid EP
warn: T2,PMP-EP65535: invalid EP
warn: T2,PMP-EP65535: invalid EP
warn: T2,PMP-EP65535: invalid EP
warn: T1,PMP-EP65535: invalid EP
warn: T3,PMP-EP65535: invalid EP
warn: T3,PMP-EP65535: invalid EP
warn: T3,PMP-EP65535: invalid EP
warn: T2,PMP-EP65535: invalid EP
warn: T3,PMP-EP65535: invalid EP
[0;31m[T0:kernel  @        102] Attesting tile: 1
[0m[0;31m[T0:kernel  @       5202] Attestation complete: 1, 10192517 cycles
[0m[0;31m[T0:kernel  @       5205] Attesting tile: 2
[0m[0;31m[T0:kernel  @      10301] Attestation complete: 2, 10185654 cycles
[0m[0;31m[T0:kernel  @      10304] Attesting tile: 3
[0m[0;31m[T0:kernel  @      15398] Attestation complete: 3, 10183869 cycles
[0m[0;31m[T0:kernel  @      15401] Attesting tile: 4
[0m[0;31m[T0:kernel  @      20495] Attestation complete: 4, 10184178 cycles
[0m[0;31m[T0:kernel  @      20498] Attesting tile: 5
[0m[0;31m[T0:kernel  @      25592] Attestation complete: 5, 10183186 cycles
[0m[0;31m[T0:kernel  @      25595] Attesting tile: 6
[0m[0;31m[T0:kernel  @      30688] Attestation complete: 6, 10183053 cycles
[0m[0;31m[T0:kernel  @      30691] Attesting tile: 7
[0m[0;31m[T0:kernel  @      35785] Attestation complete: 7, 10183240 cycles
[0m[0;31m[T0:kernel  @      35788] Attesting tile: 8
[0m[0;31m[T0:kernel  @      40882] Attestation complete: 8, 10183047 cycles
[0m[0;31m[T0:kernel  @      40884] Attesting tile: 9
[0m[0;31m[T0:kernel  @      45978] Attestation complete: 9, 10183005 cycles
[0m[0;31m[T0:kernel  @      45981] Attesting tile: 10
[0m[0;31m[T0:kernel  @      51075] Attestation complete: 10, 10183383 cycles
[0m[0;31m[T0:kernel  @      51078] Attesting tile: 11
[0m[0;31m[T0:kernel  @      56171] Attestation complete: 11, 10182926 cycles
[0m[0;31m[T0:kernel  @      56174] Attesting tile: 12
[0m[0;31m[T0:kernel  @      61268] Attestation complete: 12, 10182948 cycles
[0m[0;31m[T0:kernel  @      61271] Attesting tile: 13
[0m[0;31m[T0:kernel  @      66364] Attestation complete: 13, 10182975 cycles
[0m[0;31m[T0:kernel  @      66367] Attesting tile: 14
[0m[0;31m[T0:kernel  @      71461] Attestation complete: 14, 10183349 cycles
[0m[0;31m[T0:kernel  @      71464] Attesting tile: 15
[0m[0;31m[T0:kernel  @      76558] Attestation complete: 15, 10182900 cycles
[0m[0;31m[T0:kernel  @      76561] Attesting tile: 16
[0m[0;31m[T0:kernel  @      81654] Attestation complete: 16, 10183396 cycles
[0m[0;31m[T0:kernel  @      81657] Attesting tile: 17
[0m[0;31m[T0:kernel  @      86751] Attestation complete: 17, 10182656 cycles
[0m[0;31m[T0:kernel  @      86754] Attesting tile: 18
[0m[0;31m[T0:kernel  @      91847] Attestation complete: 18, 10182977 cycles
[0m[0;31m[T0:kernel  @      91850] Attesting tile: 19
[0m[0;31m[T0:kernel  @      96944] Attestation complete: 19, 10182738 cycles
[0m[0;31m[T0:kernel  @      96947] Attesting tile: 20
[0m[0;31m[T0:kernel  @     102040] Attestation complete: 20, 10182615 cycles
[0m[0;31m[T0:kernel  @     102043] Attesting tile: 21
[0m[0;31m[T0:kernel  @     107137] Attestation complete: 21, 10183260 cycles
[0m[0;31m[T0:kernel  @     107140] Attesting tile: 22
[0m[0;31m[T0:kernel  @     112234] Attestation complete: 22, 10182848 cycles
[0m[0;31m[T0:kernel  @     112277] Kernel is ready!
[0m[0;32m[T1:root    @     112514] Boot modules:
[0m[0;32m[T1:root    @     112520]   Mod[addr: G[Tile22+0x30000000], size: 0x320, name: boot.xml]
[0m[0;32m[T1:root    @     112524]   Mod[addr: G[Tile22+0x30001000], size: 0x74758, name: root]
[0m[0;32m[T1:root    @     112527]   Mod[addr: G[Tile22+0x30076000], size: 0x56348, name: m3fs]
[0m[0;32m[T1:root    @     112531]   Mod[addr: G[Tile22+0x300cd000], size: 0x7fc48, name: pager]
[0m[0;32m[T1:root    @     112532] Available tiles:
[0m[0;32m[T1:root    @     112537]   Tile01: COMP_EMEM RISCV (empty) 0 KiB memory
[0m[0;32m[T1:root    @     112540]   Tile02: COMP_EMEM RISCV (empty) 0 KiB memory
[0m[0;32m[T1:root    @     112544]   Tile03: COMP_EMEM RISCV (empty) 0 KiB memory
[0m[0;32m[T1:root    @     112547]   Tile04: COMP_EMEM RISCV (empty) 0 KiB memory
[0m[0;32m[T1:root    @     112550]   Tile05: COMP_EMEM RISCV (empty) 0 KiB memory
[0m[0;32m[T1:root    @     112554]   Tile06: COMP_EMEM RISCV (empty) 0 KiB memory
[0m[0;32m[T1:root    @     112557]   Tile07: COMP_EMEM RISCV (empty) 0 KiB memory
[0m[0;32m[T1:root    @     112560]   Tile08: COMP_EMEM RISCV (empty) 0 KiB memory
[0m[0;32m[T1:root    @     112563]   Tile09: COMP_EMEM RISCV (empty) 0 KiB memory
[0m[0;32m[T1:root    @     112567]   Tile10: COMP_EMEM RISCV (empty) 0 KiB memory
[0m[0;32m[T1:root    @     112570]   Tile11: COMP_EMEM RISCV (empty) 0 KiB memory
[0m[0;32m[T1:root    @     112573]   Tile12: COMP_IMEM RISCV (empty) 32768 KiB memory
[0m[0;32m[T1:root    @     112576]   Tile13: COMP_IMEM RISCV (empty) 32768 KiB memory
[0m[0;32m[T1:root    @     112579]   Tile14: COMP_IMEM RISCV (empty) 32768 KiB memory
[0m[0;32m[T1:root    @     112583]   Tile15: COMP_IMEM RISCV (empty) 32768 KiB memory
[0m[0;32m[T1:root    @     112586]   Tile16: COMP_IMEM NIC_DEV (empty) 0 KiB memory
[0m[0;32m[T1:root    @     112589]   Tile17: COMP_IMEM NIC_DEV (empty) 0 KiB memory
[0m[0;32m[T1:root    @     112593]   Tile18: COMP_IMEM ACCEL_ROT13 (empty) 2048 KiB memory
[0m[0;32m[T1:root    @     112596]   Tile19: COMP_IMEM ACCEL_ROT13 (empty) 2048 KiB memory
[0m[0;32m[T1:root    @     112600]   Tile20: COMP_IMEM RISCV KECACC 32768 KiB memory
[0m[0;32m[T1:root    @     112603]   Tile21: COMP_IMEM SERIAL_DEV (empty) 0 KiB memory
[0m[0;32m[T1:root    @     112607] Available memory:
[0m[0;32m[T1:root    @     112611]   MemMod[sel: 30, res: true, addr: G[Tile22+0x0], size: 1200 MiB]
[0m[0;32m[T1:root    @     112616]   MemMod[sel: 31, res: false, addr: G[Tile22+0x4f600000], size: 959 MiB]
[0m[0;32m[T1:root    @     112618] Parsed Config [
[0m[0;32m[T1:root    @     112620]   root [
[0m[0;32m[T1:root    @     112624]     Domain on core [
[0m[0;32m[T1:root    @     112627]       m3fs mem 268435456 [
[0m[0;32m[T1:root    @     112629]         Daemon,
[0m[0;32m[T1:root    @     112633]         PhysMem[addr=0x0, size=0x40000 KiB, perm=R | W | X | RW | RWX],
[0m[0;32m[T1:root    @     112637]         Service[lname='m3fs', gname='m3fs'],
[0m[0;32m[T1:root    @     112639]       ]
[0m[0;32m[T1:root    @     112641]     ]
[0m[0;32m[T1:root    @     112643]     Domain on core [
[0m[0;32m[T1:root    @     112645]       pager 268435456 [
[0m[0;32m[T1:root    @     112648]         PhysMem[addr=0x0, size=0x40000 KiB, perm=R],
[0m[0;32m[T1:root    @     112652]         Session[lname='m3fs', gname='m3fs', arg='', dep=true],
[0m[0;32m[T1:root    @     112655]         Tile[type=imem+riscv, count=2, optional=false],
[0m[0;32m[T1:root    @     112658]         Domain on imem+riscv [
[0m[0;32m[T1:root    @     112660]           /bin/bp2pspm [
[0m[0;32m[T1:root    @     112663]             TimeSlice[1000000000 ns],
[0m[0;32m[T1:root    @     112666]             Mount[fs='m3fs', path='/'],
[0m[0;32m[T1:root    @     112669]             Tile[type=imem+riscv, count=2, optional=false],
[0m[0;32m[T1:root    @     112671]           ]
[0m[0;32m[T1:root    @     112673]         ]
[0m[0;32m[T1:root    @     112675]       ]
[0m[0;32m[T1:root    @     112677]     ]
[0m[0;32m[T1:root    @     112678]   ]
[0m[0;32m[T1:root    @     112679] ]
[0m[0;32m[T1:root    @     112680] 
[0m[0;32m[T1:root    @     113101] Starting boot module 'm3fs' on tile2 with arguments ["mem", "268435456"]
[0m[0;32m[T1:root    @     113666] m3fs: reg_serv(srv_sel=46, sgate_sel=50, name=m3fs, sessions=32)
[0m[0;32m[T1:root    @     113671] Creating service 1:m3fs
[0m[0;32m[T1:root    @     113733] Starting boot module 'pager' on tile3 with arguments ["268435456"]
[0m[0;34m[T3:pager   @     113985] Boot modules:
[0m[0;34m[T3:pager   @     113991]   Mod[addr: G[Tile22+0x77601000], size: 0x202, name: boot.xml]
[0m[0;34m[T3:pager   @     113993] Available tiles:
[0m[0;34m[T3:pager   @     113998]   Tile03: COMP_EMEM RISCV (empty) 0 KiB memory
[0m[0;34m[T3:pager   @     114002]   Tile12: COMP_IMEM RISCV (empty) 32768 KiB memory
[0m[0;34m[T3:pager   @     114005]   Tile13: COMP_IMEM RISCV (empty) 32768 KiB memory
[0m[0;34m[T3:pager   @     114007] Available memory:
[0m[0;34m[T3:pager   @     114013]   MemMod[sel: 9, res: false, addr: G[Tile22+0x63800000], size: 159 MiB]
[0m[0;32m[T1:root    @     114021] pager: open_sess(dst_sel=59, name=m3fs)
[0m[0;34m[T3:pager   @     114494] Starting boot module '/bin/bp2pspm' on tile14 with arguments []
[0mRunning test suite run ...

Testing "p2p" in src/apps/bench/bp2pspm/src/bp2pspm.rs:
childactivity.rs: /bin/bp2pspm
peer buffer at 0x10827000
! src/apps/bench/bp2pspm/src/bp2pspm.rs:29  PERF "read 2 MiB with 4K cmd": 115201 cycles (+/- 0 cycles with 5 runs)
! src/apps/bench/bp2pspm/src/bp2pspm.rs:29  PERF "read 2 MiB with 64K cmd": 69601 cycles (+/- 0 cycles with 5 runs)
! src/apps/bench/bp2pspm/src/bp2pspm.rs:29  PERF "read 2 MiB with 256K cmd": 67321 cycles (+/- 0 cycles with 5 runs)
! src/apps/bench/bp2pspm/src/bp2pspm.rs:29  PERF "read 2 MiB with 1M cmd": 66751 cycles (+/- 0 cycles with 5 runs)
! src/apps/bench/bp2pspm/src/bp2pspm.rs:44  PERF "write 2 MiB with 4K cmd": 123372 cycles (+/- 0 cycles with 5 runs)
! src/apps/bench/bp2pspm/src/bp2pspm.rs:44  PERF "write 2 MiB with 64K cmd": 70091 cycles (+/- 0 cycles with 5 runs)
! src/apps/bench/bp2pspm/src/bp2pspm.rs:44  PERF "write 2 MiB with 256K cmd": 67427 cycles (+/- 1 cycles with 5 runs)
! src/apps/bench/bp2pspm/src/bp2pspm.rs:44  PERF "write 2 MiB with 1M cmd": 66761 cycles (+/- 0 cycles with 5 runs)


[0;32m[T1:root    @     117228] Sending SHUTDOWN to service 1:m3fs
[0m[0;32m[T1:root    @     117241] m3fs: unreg_serv(sel=46)
[0m[0;32m[T1:root    @     117244] Removing service 1:m3fs
[0m[0;32m[T1:root    @     117306] All childs gone. Exiting.
[0m[0;31m[T0:kernel  @     117339] Shutting down
[0mExiting @ tick 117341329000 because m5_exit instruction encountered
stty: 'standard input': Inappropriate ioctl for device
