/scratch/harshanavkis/ironbus/M3/run/p2p_dma_secure_64_eng4_xbar8-500/boot-all.xml validates
warn: <orphan SpuSystem>.etherlink already has parent (Previously declared as <orphan SpuSystem>.etherlink).
	Note: etherlink is not a parameter of SpuSystem
gem5 Simulator System.  http://gem5.org
gem5 is copyrighted software; use the --copyright option for details.

gem5 version 21.0.0.0
gem5 compiled Sep 17 2026 15:54:59
gem5 started Sep 17 2026 18:31:55
gem5 executing on amy, pid 3001128
command line: platform/gem5/build/RISCV/gem5.opt --outdir=/scratch/harshanavkis/ironbus/M3/run/p2p_dma_secure_64_eng4_xbar8-500 --debug-file=gem5.log --debug-flags=Tcu config/default.py --cpu-type DerivO3CPU --isa riscv --cmd 'build/gem5-riscv-release/bin/kernel -f build/gem5-riscv-release/bench.img,build/gem5-riscv-release/bin/tilemux,build/gem5-riscv-release/bin/tilemux,build/gem5-riscv-release/bin/tilemux,build/gem5-riscv-release/bin/tilemux,build/gem5-riscv-release/bin/tilemux,build/gem5-riscv-release/bin/tilemux,build/gem5-riscv-release/bin/tilemux,build/gem5-riscv-release/bin/tilemux,build/gem5-riscv-release/bin/tilemux,build/gem5-riscv-release/bin/tilemux,build/gem5-riscv-release/bin/tilemux,build/gem5-riscv-release/bin/tilemux,build/gem5-riscv-release/bin/tilemux,build/gem5-riscv-release/bin/tilemux,build/gem5-riscv-release/bin/tilemux,' --mods /scratch/harshanavkis/ironbus/M3/run/p2p_dma_secure_64_eng4_xbar8-500/boot.xml,build/gem5-riscv-release/bin/root,build/gem5-riscv-release/bin/m3fs,build/gem5-riscv-release/bin/pager --cpu-clock=2GHz --sys-clock=2GHz --encr-latency=15 --par-pipe=1 --int-transfer-latency=500 --rng-latency=0 --sign-latency=0 --sign-ver-latency=0

info: Standard input is not a terminal, disabling listeners.
T00: build/gem5-riscv-release/bin/kernel -f build/gem5-riscv-release/bench.img
     Core =DerivO3CPU riscv @ 2GHz
     TCU  =eps:192, bufsz:2048 B, blocksz:64 B, count:64, tlb:128
     L1i$ =32 KiB (2-way assoc, 4 cycles)
     L1d$ =32 KiB (2-way assoc, 4 cycles)
     L2$  =256 KiB (8-way assoc, 12 cycles)
     Comp =Core -> TCU -> L1$ -> L2$

T01: build/gem5-riscv-release/bin/tilemux
     Core =DerivO3CPU riscv @ 2GHz
     TCU  =eps:192, bufsz:2048 B, blocksz:64 B, count:64, tlb:128
     L1i$ =32 KiB (2-way assoc, 4 cycles)
     L1d$ =32 KiB (2-way assoc, 4 cycles)
     L2$  =256 KiB (8-way assoc, 12 cycles)
     Comp =Core -> TCU -> L1$ -> L2$

T02: build/gem5-riscv-release/bin/tilemux
     Core =DerivO3CPU riscv @ 2GHz
     TCU  =eps:192, bufsz:2048 B, blocksz:64 B, count:64, tlb:128
     L1i$ =32 KiB (2-way assoc, 4 cycles)
     L1d$ =32 KiB (2-way assoc, 4 cycles)
     L2$  =256 KiB (8-way assoc, 12 cycles)
     Comp =Core -> TCU -> L1$ -> L2$

T03: build/gem5-riscv-release/bin/tilemux
     Core =DerivO3CPU riscv @ 2GHz
     TCU  =eps:192, bufsz:2048 B, blocksz:64 B, count:64, tlb:128
     L1i$ =32 KiB (2-way assoc, 4 cycles)
     L1d$ =32 KiB (2-way assoc, 4 cycles)
     L2$  =256 KiB (8-way assoc, 12 cycles)
     Comp =Core -> TCU -> L1$ -> L2$

T04: build/gem5-riscv-release/bin/tilemux
     Core =DerivO3CPU riscv @ 2GHz
     TCU  =eps:192, bufsz:2048 B, blocksz:64 B, count:64, tlb:128
     L1i$ =32 KiB (2-way assoc, 4 cycles)
     L1d$ =32 KiB (2-way assoc, 4 cycles)
     L2$  =256 KiB (8-way assoc, 12 cycles)
     Comp =Core -> TCU -> L1$ -> L2$

T05: build/gem5-riscv-release/bin/tilemux
     Core =DerivO3CPU riscv @ 2GHz
     TCU  =eps:192, bufsz:2048 B, blocksz:64 B, count:64, tlb:128
     L1i$ =32 KiB (2-way assoc, 4 cycles)
     L1d$ =32 KiB (2-way assoc, 4 cycles)
     L2$  =256 KiB (8-way assoc, 12 cycles)
     Comp =Core -> TCU -> L1$ -> L2$

T06: build/gem5-riscv-release/bin/tilemux
     Core =DerivO3CPU riscv @ 2GHz
     TCU  =eps:192, bufsz:2048 B, blocksz:64 B, count:64, tlb:128
     L1i$ =32 KiB (2-way assoc, 4 cycles)
     L1d$ =32 KiB (2-way assoc, 4 cycles)
     L2$  =256 KiB (8-way assoc, 12 cycles)
     Comp =Core -> TCU -> L1$ -> L2$

T07: build/gem5-riscv-release/bin/tilemux
     Core =DerivO3CPU riscv @ 2GHz
     TCU  =eps:192, bufsz:2048 B, blocksz:64 B, count:64, tlb:128
     L1i$ =32 KiB (2-way assoc, 4 cycles)
     L1d$ =32 KiB (2-way assoc, 4 cycles)
     L2$  =256 KiB (8-way assoc, 12 cycles)
     Comp =Core -> TCU -> L1$ -> L2$

T08: build/gem5-riscv-release/bin/tilemux
     Core =DerivO3CPU riscv @ 2GHz
     TCU  =eps:192, bufsz:2048 B, blocksz:64 B, count:64, tlb:128
     L1i$ =32 KiB (2-way assoc, 4 cycles)
     L1d$ =32 KiB (2-way assoc, 4 cycles)
     L2$  =256 KiB (8-way assoc, 12 cycles)
     Comp =Core -> TCU -> L1$ -> L2$

T09: build/gem5-riscv-release/bin/tilemux
     Core =DerivO3CPU riscv @ 2GHz
     TCU  =eps:192, bufsz:2048 B, blocksz:64 B, count:64, tlb:128
     L1i$ =32 KiB (2-way assoc, 4 cycles)
     L1d$ =32 KiB (2-way assoc, 4 cycles)
     L2$  =256 KiB (8-way assoc, 12 cycles)
     Comp =Core -> TCU -> L1$ -> L2$

T10: build/gem5-riscv-release/bin/tilemux
     Core =DerivO3CPU riscv @ 2GHz
     TCU  =eps:192, bufsz:2048 B, blocksz:64 B, count:64, tlb:128
     L1i$ =32 KiB (2-way assoc, 4 cycles)
     L1d$ =32 KiB (2-way assoc, 4 cycles)
     L2$  =256 KiB (8-way assoc, 12 cycles)
     Comp =Core -> TCU -> L1$ -> L2$

T11: build/gem5-riscv-release/bin/tilemux
     Core =DerivO3CPU riscv @ 2GHz
     TCU  =eps:192, bufsz:2048 B, blocksz:64 B, count:64, tlb:128
     L1i$ =32 KiB (2-way assoc, 4 cycles)
     L1d$ =32 KiB (2-way assoc, 4 cycles)
     L2$  =256 KiB (8-way assoc, 12 cycles)
     Comp =Core -> TCU -> L1$ -> L2$

T12: build/gem5-riscv-release/bin/tilemux
     Core =DerivO3CPU riscv @ 2GHz
     TCU  =eps:192, bufsz:2048 B, blocksz:2048 B, count:64, tlb:0
     imem =32768 KiB
     Comp =Core -> TCU -> SPM

T13: build/gem5-riscv-release/bin/tilemux
     Core =DerivO3CPU riscv @ 2GHz
     TCU  =eps:192, bufsz:2048 B, blocksz:2048 B, count:64, tlb:0
     imem =32768 KiB
     Comp =Core -> TCU -> SPM

T14: build/gem5-riscv-release/bin/tilemux
     Core =DerivO3CPU riscv @ 2GHz
     TCU  =eps:192, bufsz:2048 B, blocksz:2048 B, count:64, tlb:0
     imem =32768 KiB
     Comp =Core -> TCU -> SPM

T15: build/gem5-riscv-release/bin/tilemux
     Core =DerivO3CPU riscv @ 2GHz
     TCU  =eps:192, bufsz:2048 B, blocksz:2048 B, count:64, tlb:0
     imem =32768 KiB
     Comp =Core -> TCU -> SPM

T16: IGbE_e1000
     TCU  =eps:192, bufsz:2048 B, blocksz:2048 B, count:64, tlb:0
     Comp =TCU -> Proxy -> NIC

T17: IGbE_e1000
     TCU  =eps:192, bufsz:2048 B, blocksz:2048 B, count:64, tlb:0
     Comp =TCU -> Proxy -> NIC

T18: rot13 accelerator @ 2GHz
     TCU  =eps:192, bufsz:2048 B, blocksz:2048 B, count:64, tlb:0
     imem =2048 KiB
     Comp =Core -> TCU -> SPM

T19: rot13 accelerator @ 2GHz
     TCU  =eps:192, bufsz:2048 B, blocksz:2048 B, count:64, tlb:0
     imem =2048 KiB
     Comp =Core -> TCU -> SPM

T20: build/gem5-riscv-release/bin/tilemux
     Core =DerivO3CPU riscv @ 2GHz
     TCU  =eps:192, bufsz:2048 B, blocksz:2048 B, count:64, tlb:0
     imem =32768 KiB
     Comp =Core -> TCU -> SPM

T21: SerialInput
     TCU  =eps:192, bufsz:2048 B, blocksz:2048 B, count:64, tlb:0
     Comp =TCU -> SerialInput

T22: build/gem5-riscv-release/bench.img x 1
     TCU  =eps:192, bufsz:2048 B, blocksz:2048 B, count:64, tlb:0
     imem =3145728 KiB
     Comp =TCU -> DRAM

Global frequency set at 1000000000000 ticks per second
warn: No dot file generated. Please install pydot to generate the dot file and pdf.
warn: DRAM device capacity (49152 Mbytes) does not match the address range assigned (4096 Mbytes)
warn: Sockets disabled, not accepting terminal connections
warn: Sockets disabled, not accepting gdb connections
warn: CoherentXBar T16.xbar has no snooping ports attached!
warn: CoherentXBar T17.xbar has no snooping ports attached!
warn: CoherentXBar T18.xbar has no snooping ports attached!
warn: CoherentXBar T19.xbar has no snooping ports attached!
warn: CoherentXBar T21.xbar has no snooping ports attached!
warn: CoherentXBar T22.xbar has no snooping ports attached!
info: Loaded 'boot.xml' to 0x9600000030000000 .. 0x9600000030000320
info: Loaded 'root' to 0x9600000030001000 .. 0x9600000030075758
info: Loaded 'm3fs' to 0x9600000030076000 .. 0x96000000300cc348
info: Loaded 'pager' to 0x96000000300cd000 .. 0x960000003014cc48
info: Entering event queue @ 0.  Starting simulation...
warn: T20.spm: address out-of-range: 0
warn: T0,PMP-EP65535: invalid EP
warn: T11,PMP-EP65535: invalid EP
warn: T10,PMP-EP65535: invalid EP
warn: T9,PMP-EP65535: invalid EP
warn: T8,PMP-EP65535: invalid EP
warn: T7,PMP-EP65535: invalid EP
warn: T6,PMP-EP65535: invalid EP
warn: T5,PMP-EP65535: invalid EP
warn: T4,PMP-EP65535: invalid EP
warn: T3,PMP-EP65535: invalid EP
warn: T2,PMP-EP65535: invalid EP
warn: T1,PMP-EP65535: invalid EP
warn: T11,PMP-EP65535: invalid EP
warn: T10,PMP-EP65535: invalid EP
warn: T9,PMP-EP65535: invalid EP
warn: T8,PMP-EP65535: invalid EP
warn: T5,PMP-EP65535: invalid EP
warn: T3,PMP-EP65535: invalid EP
warn: T0,PMP-EP65535: invalid EP
warn: T4,PMP-EP65535: invalid EP
warn: T2,PMP-EP65535: invalid EP
warn: T7,PMP-EP65535: invalid EP
warn: T1,PMP-EP65535: invalid EP
warn: T6,PMP-EP65535: invalid EP
[0;31m[T0:kernel  @         95] Entered raw mode; Quit via Ctrl+]
[0mwarn: T10,PMP-EP65535: invalid EP
warn: T10,PMP-EP65535: invalid EP
warn: T10,PMP-EP65535: invalid EP
warn: T11,PMP-EP65535: invalid EP
warn: T11,PMP-EP65535: invalid EP
warn: T11,PMP-EP65535: invalid EP
warn: T10,PMP-EP65535: invalid EP
warn: T11,PMP-EP65535: invalid EP
warn: T8,PMP-EP65535: invalid EP
warn: T8,PMP-EP65535: invalid EP
warn: T8,PMP-EP65535: invalid EP
warn: T9,PMP-EP65535: invalid EP
warn: T9,PMP-EP65535: invalid EP
warn: T9,PMP-EP65535: invalid EP
warn: T4,PMP-EP65535: invalid EP
warn: T4,PMP-EP65535: invalid EP
warn: T4,PMP-EP65535: invalid EP
warn: T5,PMP-EP65535: invalid EP
warn: T5,PMP-EP65535: invalid EP
warn: T5,PMP-EP65535: invalid EP
warn: T8,PMP-EP65535: invalid EP
warn: T9,PMP-EP65535: invalid EP
warn: T7,PMP-EP65535: invalid EP
warn: T7,PMP-EP65535: invalid EP
warn: T7,PMP-EP65535: invalid EP
warn: T4,PMP-EP65535: invalid EP
warn: T5,PMP-EP65535: invalid EP
warn: T3,PMP-EP65535: invalid EP
warn: T3,PMP-EP65535: invalid EP
warn: T3,PMP-EP65535: invalid EP
warn: T6,PMP-EP65535: invalid EP
warn: T6,PMP-EP65535: invalid EP
warn: T6,PMP-EP65535: invalid EP
warn: T1,PMP-EP65535: invalid EP
warn: T1,PMP-EP65535: invalid EP
warn: T1,PMP-EP65535: invalid EP
warn: T2,PMP-EP65535: invalid EP
warn: T2,PMP-EP65535: invalid EP
warn: T2,PMP-EP65535: invalid EP
warn: T7,PMP-EP65535: invalid EP
warn: T3,PMP-EP65535: invalid EP
warn: T6,PMP-EP65535: invalid EP
warn: T1,PMP-EP65535: invalid EP
warn: T2,PMP-EP65535: invalid EP
[0;31m[T0:kernel  @        194] Attesting tile: 1
[0m[0;31m[T0:kernel  @       5312] Attestation complete: 1, 10223377 cycles
[0m[0;31m[T0:kernel  @       5316] Attesting tile: 2
[0m[0;31m[T0:kernel  @      10418] Attestation complete: 2, 10197890 cycles
[0m[0;31m[T0:kernel  @      10421] Attesting tile: 3
[0m[0;31m[T0:kernel  @      15522] Attestation complete: 3, 10196780 cycles
[0m[0;31m[T0:kernel  @      15525] Attesting tile: 4
[0m[0;31m[T0:kernel  @      20626] Attestation complete: 4, 10196913 cycles
[0m[0;31m[T0:kernel  @      20629] Attesting tile: 5
[0m[0;31m[T0:kernel  @      25729] Attestation complete: 5, 10195648 cycles
[0m[0;31m[T0:kernel  @      25733] Attesting tile: 6
[0m[0;31m[T0:kernel  @      30833] Attestation complete: 6, 10196511 cycles
[0m[0;31m[T0:kernel  @      30837] Attesting tile: 7
[0m[0;31m[T0:kernel  @      35937] Attestation complete: 7, 10196082 cycles
[0m[0;31m[T0:kernel  @      35940] Attesting tile: 8
[0m[0;31m[T0:kernel  @      41040] Attestation complete: 8, 10195526 cycles
[0m[0;31m[T0:kernel  @      41044] Attesting tile: 9
[0m[0;31m[T0:kernel  @      46144] Attestation complete: 9, 10195803 cycles
[0m[0;31m[T0:kernel  @      46147] Attesting tile: 10
[0m[0;31m[T0:kernel  @      51248] Attestation complete: 10, 10196582 cycles
[0m[0;31m[T0:kernel  @      51251] Attesting tile: 11
[0m[0;31m[T0:kernel  @      56351] Attestation complete: 11, 10195873 cycles
[0m[0;31m[T0:kernel  @      56355] Attesting tile: 12
[0m[0;31m[T0:kernel  @      61454] Attestation complete: 12, 10195348 cycles
[0m[0;31m[T0:kernel  @      61458] Attesting tile: 13
[0m[0;31m[T0:kernel  @      66558] Attestation complete: 13, 10195682 cycles
[0m[0;31m[T0:kernel  @      66561] Attesting tile: 14
[0m[0;31m[T0:kernel  @      71662] Attestation complete: 14, 10196460 cycles
[0m[0;31m[T0:kernel  @      71665] Attesting tile: 15
[0m[0;31m[T0:kernel  @      76765] Attestation complete: 15, 10195874 cycles
[0m[0;31m[T0:kernel  @      76768] Attesting tile: 16
[0m[0;31m[T0:kernel  @      81868] Attestation complete: 16, 10195464 cycles
[0m[0;31m[T0:kernel  @      81872] Attesting tile: 17
[0m[0;31m[T0:kernel  @      86971] Attestation complete: 17, 10194408 cycles
[0m[0;31m[T0:kernel  @      86974] Attesting tile: 18
[0m[0;31m[T0:kernel  @      92074] Attestation complete: 18, 10195777 cycles
[0m[0;31m[T0:kernel  @      92078] Attesting tile: 19
[0m[0;31m[T0:kernel  @      97177] Attestation complete: 19, 10194701 cycles
[0m[0;31m[T0:kernel  @      97181] Attesting tile: 20
[0m[0;31m[T0:kernel  @     102280] Attestation complete: 20, 10194888 cycles
[0m[0;31m[T0:kernel  @     102284] Attesting tile: 21
[0m[0;31m[T0:kernel  @     107383] Attestation complete: 21, 10194360 cycles
[0m[0;31m[T0:kernel  @     107389] Attesting tile: 22
[0m[0;31m[T0:kernel  @     112489] Attestation complete: 22, 10195796 cycles
[0m[0;31m[T0:kernel  @     112653] Kernel is ready!
[0m[0;32m[T1:root    @     113202] Boot modules:
[0m[0;32m[T1:root    @     113218]   Mod[addr: G[Tile22+0x30000000], size: 0x320, name: boot.xml]
[0m[0;32m[T1:root    @     113222]   Mod[addr: G[Tile22+0x30001000], size: 0x74758, name: root]
[0m[0;32m[T1:root    @     113225]   Mod[addr: G[Tile22+0x30076000], size: 0x56348, name: m3fs]
[0m[0;32m[T1:root    @     113229]   Mod[addr: G[Tile22+0x300cd000], size: 0x7fc48, name: pager]
[0m[0;32m[T1:root    @     113231] Available tiles:
[0m[0;32m[T1:root    @     113241]   Tile01: COMP_EMEM RISCV (empty) 0 KiB memory
[0m[0;32m[T1:root    @     113246]   Tile02: COMP_EMEM RISCV (empty) 0 KiB memory
[0m[0;32m[T1:root    @     113249]   Tile03: COMP_EMEM RISCV (empty) 0 KiB memory
[0m[0;32m[T1:root    @     113252]   Tile04: COMP_EMEM RISCV (empty) 0 KiB memory
[0m[0;32m[T1:root    @     113256]   Tile05: COMP_EMEM RISCV (empty) 0 KiB memory
[0m[0;32m[T1:root    @     113259]   Tile06: COMP_EMEM RISCV (empty) 0 KiB memory
[0m[0;32m[T1:root    @     113262]   Tile07: COMP_EMEM RISCV (empty) 0 KiB memory
[0m[0;32m[T1:root    @     113266]   Tile08: COMP_EMEM RISCV (empty) 0 KiB memory
[0m[0;32m[T1:root    @     113269]   Tile09: COMP_EMEM RISCV (empty) 0 KiB memory
[0m[0;32m[T1:root    @     113273]   Tile10: COMP_EMEM RISCV (empty) 0 KiB memory
[0m[0;32m[T1:root    @     113276]   Tile11: COMP_EMEM RISCV (empty) 0 KiB memory
[0m[0;32m[T1:root    @     113279]   Tile12: COMP_IMEM RISCV (empty) 32768 KiB memory
[0m[0;32m[T1:root    @     113282]   Tile13: COMP_IMEM RISCV (empty) 32768 KiB memory
[0m[0;32m[T1:root    @     113285]   Tile14: COMP_IMEM RISCV (empty) 32768 KiB memory
[0m[0;32m[T1:root    @     113290]   Tile15: COMP_IMEM RISCV (empty) 32768 KiB memory
[0m[0;32m[T1:root    @     113293]   Tile16: COMP_IMEM NIC_DEV (empty) 0 KiB memory
[0m[0;32m[T1:root    @     113296]   Tile17: COMP_IMEM NIC_DEV (empty) 0 KiB memory
[0m[0;32m[T1:root    @     113301]   Tile18: COMP_IMEM ACCEL_ROT13 (empty) 2048 KiB memory
[0m[0;32m[T1:root    @     113304]   Tile19: COMP_IMEM ACCEL_ROT13 (empty) 2048 KiB memory
[0m[0;32m[T1:root    @     113307]   Tile20: COMP_IMEM RISCV KECACC 32768 KiB memory
[0m[0;32m[T1:root    @     113310]   Tile21: COMP_IMEM SERIAL_DEV (empty) 0 KiB memory
[0m[0;32m[T1:root    @     113317] Available memory:
[0m[0;32m[T1:root    @     113326]   MemMod[sel: 30, res: true, addr: G[Tile22+0x0], size: 1200 MiB]
[0m[0;32m[T1:root    @     113330]   MemMod[sel: 31, res: false, addr: G[Tile22+0x4f600000], size: 959 MiB]
[0m[0;32m[T1:root    @     113334] Parsed Config [
[0m[0;32m[T1:root    @     113338]   root [
[0m[0;32m[T1:root    @     113348]     Domain on core [
[0m[0;32m[T1:root    @     113351]       m3fs mem 268435456 [
[0m[0;32m[T1:root    @     113353]         Daemon,
[0m[0;32m[T1:root    @     113360]         PhysMem[addr=0x0, size=0x40000 KiB, perm=R | W | X | RW | RWX],
[0m[0;32m[T1:root    @     113364]         Service[lname='m3fs', gname='m3fs'],
[0m[0;32m[T1:root    @     113367]       ]
[0m[0;32m[T1:root    @     113369]     ]
[0m[0;32m[T1:root    @     113371]     Domain on core [
[0m[0;32m[T1:root    @     113373]       pager 268435456 [
[0m[0;32m[T1:root    @     113377]         PhysMem[addr=0x0, size=0x40000 KiB, perm=R],
[0m[0;32m[T1:root    @     113381]         Session[lname='m3fs', gname='m3fs', arg='', dep=true],
[0m[0;32m[T1:root    @     113386]         Tile[type=imem+riscv, count=2, optional=false],
[0m[0;32m[T1:root    @     113388]         Domain on imem+riscv [
[0m[0;32m[T1:root    @     113391]           /bin/bp2pspm [
[0m[0;32m[T1:root    @     113394]             TimeSlice[1000000000 ns],
[0m[0;32m[T1:root    @     113398]             Mount[fs='m3fs', path='/'],
[0m[0;32m[T1:root    @     113401]             Tile[type=imem+riscv, count=2, optional=false],
[0m[0;32m[T1:root    @     113403]           ]
[0m[0;32m[T1:root    @     113405]         ]
[0m[0;32m[T1:root    @     113407]       ]
[0m[0;32m[T1:root    @     113408]     ]
[0m[0;32m[T1:root    @     113410]   ]
[0m[0;32m[T1:root    @     113411] ]
[0m[0;32m[T1:root    @     113412] 
[0m[0;32m[T1:root    @     114323] Starting boot module 'm3fs' on tile2 with arguments ["mem", "268435456"]
[0m[0;32m[T1:root    @     115333] m3fs: reg_serv(srv_sel=46, sgate_sel=50, name=m3fs, sessions=32)
[0m[0;32m[T1:root    @     115342] Creating service 1:m3fs
[0m[0;32m[T1:root    @     115461] Starting boot module 'pager' on tile3 with arguments ["268435456"]
[0m[0;34m[T3:pager   @     115919] Boot modules:
[0m[0;34m[T3:pager   @     115935]   Mod[addr: G[Tile22+0x77601000], size: 0x202, name: boot.xml]
[0m[0;34m[T3:pager   @     115938] Available tiles:
[0m[0;34m[T3:pager   @     115948]   Tile03: COMP_EMEM RISCV (empty) 0 KiB memory
[0m[0;34m[T3:pager   @     115954]   Tile12: COMP_IMEM RISCV (empty) 32768 KiB memory
[0m[0;34m[T3:pager   @     115957]   Tile13: COMP_IMEM RISCV (empty) 32768 KiB memory
[0m[0;34m[T3:pager   @     115961] Available memory:
[0m[0;34m[T3:pager   @     115971]   MemMod[sel: 9, res: false, addr: G[Tile22+0x63800000], size: 159 MiB]
[0m[0;32m[T1:root    @     115992] pager: open_sess(dst_sel=59, name=m3fs)
[0m[0;34m[T3:pager   @     117004] Starting boot module '/bin/bp2pspm' on tile14 with arguments []
[0mRunning test suite run ...

Testing "p2p" in src/apps/bench/bp2pspm/src/bp2pspm.rs:
childactivity.rs: /bin/bp2pspm
peer buffer at 0x10827000
! src/apps/bench/bp2pspm/src/bp2pspm.rs:29  PERF "read 2 MiB with 4K cmd": 823297 cycles (+/- 0 cycles with 5 runs)
! src/apps/bench/bp2pspm/src/bp2pspm.rs:29  PERF "read 2 MiB with 64K cmd": 298177 cycles (+/- 0 cycles with 5 runs)
! src/apps/bench/bp2pspm/src/bp2pspm.rs:29  PERF "read 2 MiB with 256K cmd": 271921 cycles (+/- 0 cycles with 5 runs)
! src/apps/bench/bp2pspm/src/bp2pspm.rs:29  PERF "read 2 MiB with 1M cmd": 265357 cycles (+/- 0 cycles with 5 runs)
! src/apps/bench/bp2pspm/src/bp2pspm.rs:44  PERF "write 2 MiB with 4K cmd": 831468 cycles (+/- 0 cycles with 5 runs)
! src/apps/bench/bp2pspm/src/bp2pspm.rs:44  PERF "write 2 MiB with 64K cmd": 298667 cycles (+/- 0 cycles with 5 runs)
! src/apps/bench/bp2pspm/src/bp2pspm.rs:44  PERF "write 2 MiB with 256K cmd": 272027 cycles (+/- 1 cycles with 5 runs)
! src/apps/bench/bp2pspm/src/bp2pspm.rs:44  PERF "write 2 MiB with 1M cmd": 265367 cycles (+/- 0 cycles with 5 runs)


[0;32m[T1:root    @     129822] Sending SHUTDOWN to service 1:m3fs
[0m[0;32m[T1:root    @     129853] m3fs: unreg_serv(sel=46)
[0m[0;32m[T1:root    @     129858] Removing service 1:m3fs
[0m[0;32m[T1:root    @     130016] All childs gone. Exiting.
[0m[0;31m[T0:kernel  @     130084] Shutting down
[0mExiting @ tick 130088458500 because m5_exit instruction encountered
stty: 'standard input': Inappropriate ioctl for device
