/scratch/harshanavkis/ironbus/M3/run/p2p_dma_secure_64_eng2_xbar64-500/boot-all.xml validates
warn: <orphan SpuSystem>.etherlink already has parent (Previously declared as <orphan SpuSystem>.etherlink).
	Note: etherlink is not a parameter of SpuSystem
gem5 Simulator System.  http://gem5.org
gem5 is copyrighted software; use the --copyright option for details.

gem5 version 21.0.0.0
gem5 compiled Sep 17 2026 15:54:59
gem5 started Sep 17 2026 18:31:55
gem5 executing on amy, pid 3001126
command line: platform/gem5/build/RISCV/gem5.opt --outdir=/scratch/harshanavkis/ironbus/M3/run/p2p_dma_secure_64_eng2_xbar64-500 --debug-file=gem5.log --debug-flags=Tcu config/default.py --cpu-type DerivO3CPU --isa riscv --cmd 'build/gem5-riscv-release/bin/kernel -f build/gem5-riscv-release/bench.img,build/gem5-riscv-release/bin/tilemux,build/gem5-riscv-release/bin/tilemux,build/gem5-riscv-release/bin/tilemux,build/gem5-riscv-release/bin/tilemux,build/gem5-riscv-release/bin/tilemux,build/gem5-riscv-release/bin/tilemux,build/gem5-riscv-release/bin/tilemux,build/gem5-riscv-release/bin/tilemux,build/gem5-riscv-release/bin/tilemux,build/gem5-riscv-release/bin/tilemux,build/gem5-riscv-release/bin/tilemux,build/gem5-riscv-release/bin/tilemux,build/gem5-riscv-release/bin/tilemux,build/gem5-riscv-release/bin/tilemux,build/gem5-riscv-release/bin/tilemux,' --mods /scratch/harshanavkis/ironbus/M3/run/p2p_dma_secure_64_eng2_xbar64-500/boot.xml,build/gem5-riscv-release/bin/root,build/gem5-riscv-release/bin/m3fs,build/gem5-riscv-release/bin/pager --cpu-clock=2GHz --sys-clock=2GHz --encr-latency=15 --par-pipe=1 --int-transfer-latency=500 --rng-latency=0 --sign-latency=0 --sign-ver-latency=0

info: Standard input is not a terminal, disabling listeners.
T00: build/gem5-riscv-release/bin/kernel -f build/gem5-riscv-release/bench.img
     Core =DerivO3CPU riscv @ 2GHz
     TCU  =eps:192, bufsz:2048 B, blocksz:64 B, count:64, tlb:128
     L1i$ =32 KiB (2-way assoc, 4 cycles)
     L1d$ =32 KiB (2-way assoc, 4 cycles)
     L2$  =256 KiB (8-way assoc, 12 cycles)
     Comp =Core -> TCU -> L1$ -> L2$

T01: build/gem5-riscv-release/bin/tilemux
     Core =DerivO3CPU riscv @ 2GHz
     TCU  =eps:192, bufsz:2048 B, blocksz:64 B, count:64, tlb:128
     L1i$ =32 KiB (2-way assoc, 4 cycles)
     L1d$ =32 KiB (2-way assoc, 4 cycles)
     L2$  =256 KiB (8-way assoc, 12 cycles)
     Comp =Core -> TCU -> L1$ -> L2$

T02: build/gem5-riscv-release/bin/tilemux
     Core =DerivO3CPU riscv @ 2GHz
     TCU  =eps:192, bufsz:2048 B, blocksz:64 B, count:64, tlb:128
     L1i$ =32 KiB (2-way assoc, 4 cycles)
     L1d$ =32 KiB (2-way assoc, 4 cycles)
     L2$  =256 KiB (8-way assoc, 12 cycles)
     Comp =Core -> TCU -> L1$ -> L2$

T03: build/gem5-riscv-release/bin/tilemux
     Core =DerivO3CPU riscv @ 2GHz
     TCU  =eps:192, bufsz:2048 B, blocksz:64 B, count:64, tlb:128
     L1i$ =32 KiB (2-way assoc, 4 cycles)
     L1d$ =32 KiB (2-way assoc, 4 cycles)
     L2$  =256 KiB (8-way assoc, 12 cycles)
     Comp =Core -> TCU -> L1$ -> L2$

T04: build/gem5-riscv-release/bin/tilemux
     Core =DerivO3CPU riscv @ 2GHz
     TCU  =eps:192, bufsz:2048 B, blocksz:64 B, count:64, tlb:128
     L1i$ =32 KiB (2-way assoc, 4 cycles)
     L1d$ =32 KiB (2-way assoc, 4 cycles)
     L2$  =256 KiB (8-way assoc, 12 cycles)
     Comp =Core -> TCU -> L1$ -> L2$

T05: build/gem5-riscv-release/bin/tilemux
     Core =DerivO3CPU riscv @ 2GHz
     TCU  =eps:192, bufsz:2048 B, blocksz:64 B, count:64, tlb:128
     L1i$ =32 KiB (2-way assoc, 4 cycles)
     L1d$ =32 KiB (2-way assoc, 4 cycles)
     L2$  =256 KiB (8-way assoc, 12 cycles)
     Comp =Core -> TCU -> L1$ -> L2$

T06: build/gem5-riscv-release/bin/tilemux
     Core =DerivO3CPU riscv @ 2GHz
     TCU  =eps:192, bufsz:2048 B, blocksz:64 B, count:64, tlb:128
     L1i$ =32 KiB (2-way assoc, 4 cycles)
     L1d$ =32 KiB (2-way assoc, 4 cycles)
     L2$  =256 KiB (8-way assoc, 12 cycles)
     Comp =Core -> TCU -> L1$ -> L2$

T07: build/gem5-riscv-release/bin/tilemux
     Core =DerivO3CPU riscv @ 2GHz
     TCU  =eps:192, bufsz:2048 B, blocksz:64 B, count:64, tlb:128
     L1i$ =32 KiB (2-way assoc, 4 cycles)
     L1d$ =32 KiB (2-way assoc, 4 cycles)
     L2$  =256 KiB (8-way assoc, 12 cycles)
     Comp =Core -> TCU -> L1$ -> L2$

T08: build/gem5-riscv-release/bin/tilemux
     Core =DerivO3CPU riscv @ 2GHz
     TCU  =eps:192, bufsz:2048 B, blocksz:64 B, count:64, tlb:128
     L1i$ =32 KiB (2-way assoc, 4 cycles)
     L1d$ =32 KiB (2-way assoc, 4 cycles)
     L2$  =256 KiB (8-way assoc, 12 cycles)
     Comp =Core -> TCU -> L1$ -> L2$

T09: build/gem5-riscv-release/bin/tilemux
     Core =DerivO3CPU riscv @ 2GHz
     TCU  =eps:192, bufsz:2048 B, blocksz:64 B, count:64, tlb:128
     L1i$ =32 KiB (2-way assoc, 4 cycles)
     L1d$ =32 KiB (2-way assoc, 4 cycles)
     L2$  =256 KiB (8-way assoc, 12 cycles)
     Comp =Core -> TCU -> L1$ -> L2$

T10: build/gem5-riscv-release/bin/tilemux
     Core =DerivO3CPU riscv @ 2GHz
     TCU  =eps:192, bufsz:2048 B, blocksz:64 B, count:64, tlb:128
     L1i$ =32 KiB (2-way assoc, 4 cycles)
     L1d$ =32 KiB (2-way assoc, 4 cycles)
     L2$  =256 KiB (8-way assoc, 12 cycles)
     Comp =Core -> TCU -> L1$ -> L2$

T11: build/gem5-riscv-release/bin/tilemux
     Core =DerivO3CPU riscv @ 2GHz
     TCU  =eps:192, bufsz:2048 B, blocksz:64 B, count:64, tlb:128
     L1i$ =32 KiB (2-way assoc, 4 cycles)
     L1d$ =32 KiB (2-way assoc, 4 cycles)
     L2$  =256 KiB (8-way assoc, 12 cycles)
     Comp =Core -> TCU -> L1$ -> L2$

T12: build/gem5-riscv-release/bin/tilemux
     Core =DerivO3CPU riscv @ 2GHz
     TCU  =eps:192, bufsz:2048 B, blocksz:2048 B, count:64, tlb:0
     imem =32768 KiB
     Comp =Core -> TCU -> SPM

T13: build/gem5-riscv-release/bin/tilemux
     Core =DerivO3CPU riscv @ 2GHz
     TCU  =eps:192, bufsz:2048 B, blocksz:2048 B, count:64, tlb:0
     imem =32768 KiB
     Comp =Core -> TCU -> SPM

T14: build/gem5-riscv-release/bin/tilemux
     Core =DerivO3CPU riscv @ 2GHz
     TCU  =eps:192, bufsz:2048 B, blocksz:2048 B, count:64, tlb:0
     imem =32768 KiB
     Comp =Core -> TCU -> SPM

T15: build/gem5-riscv-release/bin/tilemux
     Core =DerivO3CPU riscv @ 2GHz
     TCU  =eps:192, bufsz:2048 B, blocksz:2048 B, count:64, tlb:0
     imem =32768 KiB
     Comp =Core -> TCU -> SPM

T16: IGbE_e1000
     TCU  =eps:192, bufsz:2048 B, blocksz:2048 B, count:64, tlb:0
     Comp =TCU -> Proxy -> NIC

T17: IGbE_e1000
     TCU  =eps:192, bufsz:2048 B, blocksz:2048 B, count:64, tlb:0
     Comp =TCU -> Proxy -> NIC

T18: rot13 accelerator @ 2GHz
     TCU  =eps:192, bufsz:2048 B, blocksz:2048 B, count:64, tlb:0
     imem =2048 KiB
     Comp =Core -> TCU -> SPM

T19: rot13 accelerator @ 2GHz
     TCU  =eps:192, bufsz:2048 B, blocksz:2048 B, count:64, tlb:0
     imem =2048 KiB
     Comp =Core -> TCU -> SPM

T20: build/gem5-riscv-release/bin/tilemux
     Core =DerivO3CPU riscv @ 2GHz
     TCU  =eps:192, bufsz:2048 B, blocksz:2048 B, count:64, tlb:0
     imem =32768 KiB
     Comp =Core -> TCU -> SPM

T21: SerialInput
     TCU  =eps:192, bufsz:2048 B, blocksz:2048 B, count:64, tlb:0
     Comp =TCU -> SerialInput

T22: build/gem5-riscv-release/bench.img x 1
     TCU  =eps:192, bufsz:2048 B, blocksz:2048 B, count:64, tlb:0
     imem =3145728 KiB
     Comp =TCU -> DRAM

Global frequency set at 1000000000000 ticks per second
warn: No dot file generated. Please install pydot to generate the dot file and pdf.
warn: DRAM device capacity (49152 Mbytes) does not match the address range assigned (4096 Mbytes)
warn: Sockets disabled, not accepting terminal connections
warn: Sockets disabled, not accepting gdb connections
warn: CoherentXBar T16.xbar has no snooping ports attached!
warn: CoherentXBar T17.xbar has no snooping ports attached!
warn: CoherentXBar T18.xbar has no snooping ports attached!
warn: CoherentXBar T19.xbar has no snooping ports attached!
warn: CoherentXBar T21.xbar has no snooping ports attached!
warn: CoherentXBar T22.xbar has no snooping ports attached!
info: Loaded 'boot.xml' to 0x9600000030000000 .. 0x9600000030000320
info: Loaded 'root' to 0x9600000030001000 .. 0x9600000030075758
info: Loaded 'm3fs' to 0x9600000030076000 .. 0x96000000300cc348
info: Loaded 'pager' to 0x96000000300cd000 .. 0x960000003014cc48
info: Entering event queue @ 0.  Starting simulation...
warn: T20.spm: address out-of-range: 0
warn: T0,PMP-EP65535: invalid EP
warn: T11,PMP-EP65535: invalid EP
warn: T10,PMP-EP65535: invalid EP
warn: T9,PMP-EP65535: invalid EP
warn: T8,PMP-EP65535: invalid EP
warn: T7,PMP-EP65535: invalid EP
warn: T6,PMP-EP65535: invalid EP
warn: T5,PMP-EP65535: invalid EP
warn: T4,PMP-EP65535: invalid EP
warn: T3,PMP-EP65535: invalid EP
warn: T2,PMP-EP65535: invalid EP
warn: T1,PMP-EP65535: invalid EP
warn: T11,PMP-EP65535: invalid EP
warn: T10,PMP-EP65535: invalid EP
warn: T9,PMP-EP65535: invalid EP
warn: T8,PMP-EP65535: invalid EP
warn: T5,PMP-EP65535: invalid EP
warn: T3,PMP-EP65535: invalid EP
warn: T0,PMP-EP65535: invalid EP
warn: T4,PMP-EP65535: invalid EP
warn: T2,PMP-EP65535: invalid EP
warn: T7,PMP-EP65535: invalid EP
warn: T1,PMP-EP65535: invalid EP
warn: T6,PMP-EP65535: invalid EP
[0;31m[T0:kernel  @         95] Entered raw mode; Quit via Ctrl+]
[0mwarn: T10,PMP-EP65535: invalid EP
warn: T10,PMP-EP65535: invalid EP
warn: T10,PMP-EP65535: invalid EP
warn: T10,PMP-EP65535: invalid EP
warn: T11,PMP-EP65535: invalid EP
warn: T11,PMP-EP65535: invalid EP
warn: T11,PMP-EP65535: invalid EP
warn: T9,PMP-EP65535: invalid EP
warn: T9,PMP-EP65535: invalid EP
warn: T9,PMP-EP65535: invalid EP
warn: T11,PMP-EP65535: invalid EP
warn: T8,PMP-EP65535: invalid EP
warn: T8,PMP-EP65535: invalid EP
warn: T8,PMP-EP65535: invalid EP
warn: T5,PMP-EP65535: invalid EP
warn: T5,PMP-EP65535: invalid EP
warn: T5,PMP-EP65535: invalid EP
warn: T9,PMP-EP65535: invalid EP
warn: T3,PMP-EP65535: invalid EP
warn: T3,PMP-EP65535: invalid EP
warn: T3,PMP-EP65535: invalid EP
warn: T2,PMP-EP65535: invalid EP
warn: T2,PMP-EP65535: invalid EP
warn: T2,PMP-EP65535: invalid EP
warn: T4,PMP-EP65535: invalid EP
warn: T4,PMP-EP65535: invalid EP
warn: T4,PMP-EP65535: invalid EP
warn: T7,PMP-EP65535: invalid EP
warn: T7,PMP-EP65535: invalid EP
warn: T7,PMP-EP65535: invalid EP
warn: T6,PMP-EP65535: invalid EP
warn: T6,PMP-EP65535: invalid EP
warn: T6,PMP-EP65535: invalid EP
warn: T8,PMP-EP65535: invalid EP
warn: T5,PMP-EP65535: invalid EP
warn: T1,PMP-EP65535: invalid EP
warn: T1,PMP-EP65535: invalid EP
warn: T1,PMP-EP65535: invalid EP
warn: T3,PMP-EP65535: invalid EP
warn: T2,PMP-EP65535: invalid EP
warn: T4,PMP-EP65535: invalid EP
warn: T7,PMP-EP65535: invalid EP
warn: T6,PMP-EP65535: invalid EP
warn: T1,PMP-EP65535: invalid EP
[0;31m[T0:kernel  @        191] Attesting tile: 1
[0m[0;31m[T0:kernel  @       5309] Attestation complete: 1, 10224679 cycles
[0m[0;31m[T0:kernel  @       5313] Attesting tile: 2
[0m[0;31m[T0:kernel  @      10414] Attestation complete: 2, 10197786 cycles
[0m[0;31m[T0:kernel  @      10418] Attesting tile: 3
[0m[0;31m[T0:kernel  @      15519] Attestation complete: 3, 10197230 cycles
[0m[0;31m[T0:kernel  @      15522] Attesting tile: 4
[0m[0;31m[T0:kernel  @      20622] Attestation complete: 4, 10196414 cycles
[0m[0;31m[T0:kernel  @      20626] Attesting tile: 5
[0m[0;31m[T0:kernel  @      25726] Attestation complete: 5, 10196020 cycles
[0m[0;31m[T0:kernel  @      25729] Attesting tile: 6
[0m[0;31m[T0:kernel  @      30830] Attestation complete: 6, 10197639 cycles
[0m[0;31m[T0:kernel  @      30834] Attesting tile: 7
[0m[0;31m[T0:kernel  @      35934] Attestation complete: 7, 10195075 cycles
[0m[0;31m[T0:kernel  @      35937] Attesting tile: 8
[0m[0;31m[T0:kernel  @      41037] Attestation complete: 8, 10196098 cycles
[0m[0;31m[T0:kernel  @      41041] Attesting tile: 9
[0m[0;31m[T0:kernel  @      46141] Attestation complete: 9, 10195755 cycles
[0m[0;31m[T0:kernel  @      46144] Attesting tile: 10
[0m[0;31m[T0:kernel  @      51245] Attestation complete: 10, 10197191 cycles
[0m[0;31m[T0:kernel  @      51248] Attesting tile: 11
[0m[0;31m[T0:kernel  @      56349] Attestation complete: 11, 10196820 cycles
[0m[0;31m[T0:kernel  @      56352] Attesting tile: 12
[0m[0;31m[T0:kernel  @      61452] Attestation complete: 12, 10195415 cycles
[0m[0;31m[T0:kernel  @      61455] Attesting tile: 13
[0m[0;31m[T0:kernel  @      66555] Attestation complete: 13, 10195615 cycles
[0m[0;31m[T0:kernel  @      66559] Attesting tile: 14
[0m[0;31m[T0:kernel  @      71659] Attestation complete: 14, 10195934 cycles
[0m[0;31m[T0:kernel  @      71662] Attesting tile: 15
[0m[0;31m[T0:kernel  @      76763] Attestation complete: 15, 10196231 cycles
[0m[0;31m[T0:kernel  @      76766] Attesting tile: 16
[0m[0;31m[T0:kernel  @      81866] Attestation complete: 16, 10196330 cycles
[0m[0;31m[T0:kernel  @      81870] Attesting tile: 17
[0m[0;31m[T0:kernel  @      86969] Attestation complete: 17, 10194961 cycles
[0m[0;31m[T0:kernel  @      86973] Attesting tile: 18
[0m[0;31m[T0:kernel  @      92072] Attestation complete: 18, 10194694 cycles
[0m[0;31m[T0:kernel  @      92076] Attesting tile: 19
[0m[0;31m[T0:kernel  @      97175] Attestation complete: 19, 10194038 cycles
[0m[0;31m[T0:kernel  @      97178] Attesting tile: 20
[0m[0;31m[T0:kernel  @     102277] Attestation complete: 20, 10194355 cycles
[0m[0;31m[T0:kernel  @     102281] Attesting tile: 21
[0m[0;31m[T0:kernel  @     107380] Attestation complete: 21, 10194534 cycles
[0m[0;31m[T0:kernel  @     107386] Attesting tile: 22
[0m[0;31m[T0:kernel  @     112486] Attestation complete: 22, 10195906 cycles
[0m[0;31m[T0:kernel  @     112652] Kernel is ready!
[0m[0;32m[T1:root    @     113201] Boot modules:
[0m[0;32m[T1:root    @     113216]   Mod[addr: G[Tile22+0x30000000], size: 0x320, name: boot.xml]
[0m[0;32m[T1:root    @     113220]   Mod[addr: G[Tile22+0x30001000], size: 0x74758, name: root]
[0m[0;32m[T1:root    @     113224]   Mod[addr: G[Tile22+0x30076000], size: 0x56348, name: m3fs]
[0m[0;32m[T1:root    @     113227]   Mod[addr: G[Tile22+0x300cd000], size: 0x7fc48, name: pager]
[0m[0;32m[T1:root    @     113229] Available tiles:
[0m[0;32m[T1:root    @     113240]   Tile01: COMP_EMEM RISCV (empty) 0 KiB memory
[0m[0;32m[T1:root    @     113245]   Tile02: COMP_EMEM RISCV (empty) 0 KiB memory
[0m[0;32m[T1:root    @     113248]   Tile03: COMP_EMEM RISCV (empty) 0 KiB memory
[0m[0;32m[T1:root    @     113251]   Tile04: COMP_EMEM RISCV (empty) 0 KiB memory
[0m[0;32m[T1:root    @     113254]   Tile05: COMP_EMEM RISCV (empty) 0 KiB memory
[0m[0;32m[T1:root    @     113258]   Tile06: COMP_EMEM RISCV (empty) 0 KiB memory
[0m[0;32m[T1:root    @     113261]   Tile07: COMP_EMEM RISCV (empty) 0 KiB memory
[0m[0;32m[T1:root    @     113265]   Tile08: COMP_EMEM RISCV (empty) 0 KiB memory
[0m[0;32m[T1:root    @     113268]   Tile09: COMP_EMEM RISCV (empty) 0 KiB memory
[0m[0;32m[T1:root    @     113272]   Tile10: COMP_EMEM RISCV (empty) 0 KiB memory
[0m[0;32m[T1:root    @     113274]   Tile11: COMP_EMEM RISCV (empty) 0 KiB memory
[0m[0;32m[T1:root    @     113278]   Tile12: COMP_IMEM RISCV (empty) 32768 KiB memory
[0m[0;32m[T1:root    @     113281]   Tile13: COMP_IMEM RISCV (empty) 32768 KiB memory
[0m[0;32m[T1:root    @     113283]   Tile14: COMP_IMEM RISCV (empty) 32768 KiB memory
[0m[0;32m[T1:root    @     113289]   Tile15: COMP_IMEM RISCV (empty) 32768 KiB memory
[0m[0;32m[T1:root    @     113292]   Tile16: COMP_IMEM NIC_DEV (empty) 0 KiB memory
[0m[0;32m[T1:root    @     113295]   Tile17: COMP_IMEM NIC_DEV (empty) 0 KiB memory
[0m[0;32m[T1:root    @     113299]   Tile18: COMP_IMEM ACCEL_ROT13 (empty) 2048 KiB memory
[0m[0;32m[T1:root    @     113303]   Tile19: COMP_IMEM ACCEL_ROT13 (empty) 2048 KiB memory
[0m[0;32m[T1:root    @     113306]   Tile20: COMP_IMEM RISCV KECACC 32768 KiB memory
[0m[0;32m[T1:root    @     113309]   Tile21: COMP_IMEM SERIAL_DEV (empty) 0 KiB memory
[0m[0;32m[T1:root    @     113316] Available memory:
[0m[0;32m[T1:root    @     113324]   MemMod[sel: 30, res: true, addr: G[Tile22+0x0], size: 1200 MiB]
[0m[0;32m[T1:root    @     113329]   MemMod[sel: 31, res: false, addr: G[Tile22+0x4f600000], size: 959 MiB]
[0m[0;32m[T1:root    @     113333] Parsed Config [
[0m[0;32m[T1:root    @     113337]   root [
[0m[0;32m[T1:root    @     113347]     Domain on core [
[0m[0;32m[T1:root    @     113349]       m3fs mem 268435456 [
[0m[0;32m[T1:root    @     113351]         Daemon,
[0m[0;32m[T1:root    @     113358]         PhysMem[addr=0x0, size=0x40000 KiB, perm=R | W | X | RW | RWX],
[0m[0;32m[T1:root    @     113363]         Service[lname='m3fs', gname='m3fs'],
[0m[0;32m[T1:root    @     113366]       ]
[0m[0;32m[T1:root    @     113368]     ]
[0m[0;32m[T1:root    @     113370]     Domain on core [
[0m[0;32m[T1:root    @     113372]       pager 268435456 [
[0m[0;32m[T1:root    @     113375]         PhysMem[addr=0x0, size=0x40000 KiB, perm=R],
[0m[0;32m[T1:root    @     113380]         Session[lname='m3fs', gname='m3fs', arg='', dep=true],
[0m[0;32m[T1:root    @     113384]         Tile[type=imem+riscv, count=2, optional=false],
[0m[0;32m[T1:root    @     113387]         Domain on imem+riscv [
[0m[0;32m[T1:root    @     113389]           /bin/bp2pspm [
[0m[0;32m[T1:root    @     113392]             TimeSlice[1000000000 ns],
[0m[0;32m[T1:root    @     113396]             Mount[fs='m3fs', path='/'],
[0m[0;32m[T1:root    @     113400]             Tile[type=imem+riscv, count=2, optional=false],
[0m[0;32m[T1:root    @     113402]           ]
[0m[0;32m[T1:root    @     113403]         ]
[0m[0;32m[T1:root    @     113405]       ]
[0m[0;32m[T1:root    @     113407]     ]
[0m[0;32m[T1:root    @     113408]   ]
[0m[0;32m[T1:root    @     113409] ]
[0m[0;32m[T1:root    @     113410] 
[0m[0;32m[T1:root    @     114318] Starting boot module 'm3fs' on tile2 with arguments ["mem", "268435456"]
[0m[0;32m[T1:root    @     115324] m3fs: reg_serv(srv_sel=46, sgate_sel=50, name=m3fs, sessions=32)
[0m[0;32m[T1:root    @     115333] Creating service 1:m3fs
[0m[0;32m[T1:root    @     115453] Starting boot module 'pager' on tile3 with arguments ["268435456"]
[0m[0;34m[T3:pager   @     115915] Boot modules:
[0m[0;34m[T3:pager   @     115931]   Mod[addr: G[Tile22+0x77601000], size: 0x202, name: boot.xml]
[0m[0;34m[T3:pager   @     115934] Available tiles:
[0m[0;34m[T3:pager   @     115944]   Tile03: COMP_EMEM RISCV (empty) 0 KiB memory
[0m[0;34m[T3:pager   @     115950]   Tile12: COMP_IMEM RISCV (empty) 32768 KiB memory
[0m[0;34m[T3:pager   @     115953]   Tile13: COMP_IMEM RISCV (empty) 32768 KiB memory
[0m[0;34m[T3:pager   @     115957] Available memory:
[0m[0;34m[T3:pager   @     115967]   MemMod[sel: 9, res: false, addr: G[Tile22+0x63800000], size: 159 MiB]
[0m[0;32m[T1:root    @     115989] pager: open_sess(dst_sel=59, name=m3fs)
[0m[0;34m[T3:pager   @     117003] Starting boot module '/bin/bp2pspm' on tile14 with arguments []
[0mRunning test suite run ...

Testing "p2p" in src/apps/bench/bp2pspm/src/bp2pspm.rs:
childactivity.rs: /bin/bp2pspm
peer buffer at 0x10827000
! src/apps/bench/bp2pspm/src/bp2pspm.rs:29  PERF "read 2 MiB with 4K cmd": 724993 cycles (+/- 0 cycles with 5 runs)
! src/apps/bench/bp2pspm/src/bp2pspm.rs:29  PERF "read 2 MiB with 64K cmd": 107713 cycles (+/- 0 cycles with 5 runs)
! src/apps/bench/bp2pspm/src/bp2pspm.rs:29  PERF "read 2 MiB with 256K cmd": 77881 cycles (+/- 0 cycles with 5 runs)
! src/apps/bench/bp2pspm/src/bp2pspm.rs:29  PERF "read 2 MiB with 1M cmd": 69391 cycles (+/- 0 cycles with 5 runs)
! src/apps/bench/bp2pspm/src/bp2pspm.rs:44  PERF "write 2 MiB with 4K cmd": 733164 cycles (+/- 0 cycles with 5 runs)
! src/apps/bench/bp2pspm/src/bp2pspm.rs:44  PERF "write 2 MiB with 64K cmd": 112299 cycles (+/- 0 cycles with 5 runs)
! src/apps/bench/bp2pspm/src/bp2pspm.rs:44  PERF "write 2 MiB with 256K cmd": 77979 cycles (+/- 1 cycles with 5 runs)
! src/apps/bench/bp2pspm/src/bp2pspm.rs:44  PERF "write 2 MiB with 1M cmd": 69399 cycles (+/- 0 cycles with 5 runs)


warn: PowerState: More than one power state change request encountered within the same simulation tick
[0;32m[T1:root    @     125630] Sending SHUTDOWN to service 1:m3fs
[0m[0;32m[T1:root    @     125661] m3fs: unreg_serv(sel=46)
[0m[0;32m[T1:root    @     125666] Removing service 1:m3fs
[0m[0;32m[T1:root    @     125825] All childs gone. Exiting.
[0m[0;31m[T0:kernel  @     125893] Shutting down
[0mExiting @ tick 125897001500 because m5_exit instruction encountered
stty: 'standard input': Inappropriate ioctl for device
