/scratch/harshanavkis/ironbus/M3/run/p2p_dma_secure_8-500/boot-all.xml validates
warn: <orphan SpuSystem>.etherlink already has parent (Previously declared as <orphan SpuSystem>.etherlink).
	Note: etherlink is not a parameter of SpuSystem
gem5 Simulator System.  http://gem5.org
gem5 is copyrighted software; use the --copyright option for details.

gem5 version 21.0.0.0
gem5 compiled Sep 17 2026 15:54:59
gem5 started Sep 17 2026 18:05:56
gem5 executing on amy, pid 2979366
command line: platform/gem5/build/RISCV/gem5.opt --outdir=/scratch/harshanavkis/ironbus/M3/run/p2p_dma_secure_8-500 --debug-file=gem5.log --debug-flags=Tcu config/default.py --cpu-type DerivO3CPU --isa riscv --cmd 'build/gem5-riscv-release/bin/kernel -f build/gem5-riscv-release/bench.img,build/gem5-riscv-release/bin/tilemux,build/gem5-riscv-release/bin/tilemux,build/gem5-riscv-release/bin/tilemux,build/gem5-riscv-release/bin/tilemux,build/gem5-riscv-release/bin/tilemux,build/gem5-riscv-release/bin/tilemux,build/gem5-riscv-release/bin/tilemux,build/gem5-riscv-release/bin/tilemux,build/gem5-riscv-release/bin/tilemux,build/gem5-riscv-release/bin/tilemux,build/gem5-riscv-release/bin/tilemux,build/gem5-riscv-release/bin/tilemux,build/gem5-riscv-release/bin/tilemux,build/gem5-riscv-release/bin/tilemux,build/gem5-riscv-release/bin/tilemux,' --mods /scratch/harshanavkis/ironbus/M3/run/p2p_dma_secure_8-500/boot.xml,build/gem5-riscv-release/bin/root,build/gem5-riscv-release/bin/m3fs,build/gem5-riscv-release/bin/pager --cpu-clock=2GHz --sys-clock=2GHz --encr-latency=15 --par-pipe=1 --int-transfer-latency=500 --rng-latency=0 --sign-latency=0 --sign-ver-latency=0

info: Standard input is not a terminal, disabling listeners.
T00: build/gem5-riscv-release/bin/kernel -f build/gem5-riscv-release/bench.img
     Core =DerivO3CPU riscv @ 2GHz
     TCU  =eps:192, bufsz:2048 B, blocksz:64 B, count:8, tlb:128
     L1i$ =32 KiB (2-way assoc, 4 cycles)
     L1d$ =32 KiB (2-way assoc, 4 cycles)
     L2$  =256 KiB (8-way assoc, 12 cycles)
     Comp =Core -> TCU -> L1$ -> L2$

T01: build/gem5-riscv-release/bin/tilemux
     Core =DerivO3CPU riscv @ 2GHz
     TCU  =eps:192, bufsz:2048 B, blocksz:64 B, count:8, tlb:128
     L1i$ =32 KiB (2-way assoc, 4 cycles)
     L1d$ =32 KiB (2-way assoc, 4 cycles)
     L2$  =256 KiB (8-way assoc, 12 cycles)
     Comp =Core -> TCU -> L1$ -> L2$

T02: build/gem5-riscv-release/bin/tilemux
     Core =DerivO3CPU riscv @ 2GHz
     TCU  =eps:192, bufsz:2048 B, blocksz:64 B, count:8, tlb:128
     L1i$ =32 KiB (2-way assoc, 4 cycles)
     L1d$ =32 KiB (2-way assoc, 4 cycles)
     L2$  =256 KiB (8-way assoc, 12 cycles)
     Comp =Core -> TCU -> L1$ -> L2$

T03: build/gem5-riscv-release/bin/tilemux
     Core =DerivO3CPU riscv @ 2GHz
     TCU  =eps:192, bufsz:2048 B, blocksz:64 B, count:8, tlb:128
     L1i$ =32 KiB (2-way assoc, 4 cycles)
     L1d$ =32 KiB (2-way assoc, 4 cycles)
     L2$  =256 KiB (8-way assoc, 12 cycles)
     Comp =Core -> TCU -> L1$ -> L2$

T04: build/gem5-riscv-release/bin/tilemux
     Core =DerivO3CPU riscv @ 2GHz
     TCU  =eps:192, bufsz:2048 B, blocksz:64 B, count:8, tlb:128
     L1i$ =32 KiB (2-way assoc, 4 cycles)
     L1d$ =32 KiB (2-way assoc, 4 cycles)
     L2$  =256 KiB (8-way assoc, 12 cycles)
     Comp =Core -> TCU -> L1$ -> L2$

T05: build/gem5-riscv-release/bin/tilemux
     Core =DerivO3CPU riscv @ 2GHz
     TCU  =eps:192, bufsz:2048 B, blocksz:64 B, count:8, tlb:128
     L1i$ =32 KiB (2-way assoc, 4 cycles)
     L1d$ =32 KiB (2-way assoc, 4 cycles)
     L2$  =256 KiB (8-way assoc, 12 cycles)
     Comp =Core -> TCU -> L1$ -> L2$

T06: build/gem5-riscv-release/bin/tilemux
     Core =DerivO3CPU riscv @ 2GHz
     TCU  =eps:192, bufsz:2048 B, blocksz:64 B, count:8, tlb:128
     L1i$ =32 KiB (2-way assoc, 4 cycles)
     L1d$ =32 KiB (2-way assoc, 4 cycles)
     L2$  =256 KiB (8-way assoc, 12 cycles)
     Comp =Core -> TCU -> L1$ -> L2$

T07: build/gem5-riscv-release/bin/tilemux
     Core =DerivO3CPU riscv @ 2GHz
     TCU  =eps:192, bufsz:2048 B, blocksz:64 B, count:8, tlb:128
     L1i$ =32 KiB (2-way assoc, 4 cycles)
     L1d$ =32 KiB (2-way assoc, 4 cycles)
     L2$  =256 KiB (8-way assoc, 12 cycles)
     Comp =Core -> TCU -> L1$ -> L2$

T08: build/gem5-riscv-release/bin/tilemux
     Core =DerivO3CPU riscv @ 2GHz
     TCU  =eps:192, bufsz:2048 B, blocksz:64 B, count:8, tlb:128
     L1i$ =32 KiB (2-way assoc, 4 cycles)
     L1d$ =32 KiB (2-way assoc, 4 cycles)
     L2$  =256 KiB (8-way assoc, 12 cycles)
     Comp =Core -> TCU -> L1$ -> L2$

T09: build/gem5-riscv-release/bin/tilemux
     Core =DerivO3CPU riscv @ 2GHz
     TCU  =eps:192, bufsz:2048 B, blocksz:64 B, count:8, tlb:128
     L1i$ =32 KiB (2-way assoc, 4 cycles)
     L1d$ =32 KiB (2-way assoc, 4 cycles)
     L2$  =256 KiB (8-way assoc, 12 cycles)
     Comp =Core -> TCU -> L1$ -> L2$

T10: build/gem5-riscv-release/bin/tilemux
     Core =DerivO3CPU riscv @ 2GHz
     TCU  =eps:192, bufsz:2048 B, blocksz:64 B, count:8, tlb:128
     L1i$ =32 KiB (2-way assoc, 4 cycles)
     L1d$ =32 KiB (2-way assoc, 4 cycles)
     L2$  =256 KiB (8-way assoc, 12 cycles)
     Comp =Core -> TCU -> L1$ -> L2$

T11: build/gem5-riscv-release/bin/tilemux
     Core =DerivO3CPU riscv @ 2GHz
     TCU  =eps:192, bufsz:2048 B, blocksz:64 B, count:8, tlb:128
     L1i$ =32 KiB (2-way assoc, 4 cycles)
     L1d$ =32 KiB (2-way assoc, 4 cycles)
     L2$  =256 KiB (8-way assoc, 12 cycles)
     Comp =Core -> TCU -> L1$ -> L2$

T12: build/gem5-riscv-release/bin/tilemux
     Core =DerivO3CPU riscv @ 2GHz
     TCU  =eps:192, bufsz:2048 B, blocksz:2048 B, count:8, tlb:0
     imem =32768 KiB
     Comp =Core -> TCU -> SPM

T13: build/gem5-riscv-release/bin/tilemux
     Core =DerivO3CPU riscv @ 2GHz
     TCU  =eps:192, bufsz:2048 B, blocksz:2048 B, count:8, tlb:0
     imem =32768 KiB
     Comp =Core -> TCU -> SPM

T14: build/gem5-riscv-release/bin/tilemux
     Core =DerivO3CPU riscv @ 2GHz
     TCU  =eps:192, bufsz:2048 B, blocksz:2048 B, count:8, tlb:0
     imem =32768 KiB
     Comp =Core -> TCU -> SPM

T15: build/gem5-riscv-release/bin/tilemux
     Core =DerivO3CPU riscv @ 2GHz
     TCU  =eps:192, bufsz:2048 B, blocksz:2048 B, count:8, tlb:0
     imem =32768 KiB
     Comp =Core -> TCU -> SPM

T16: IGbE_e1000
     TCU  =eps:192, bufsz:2048 B, blocksz:2048 B, count:8, tlb:0
     Comp =TCU -> Proxy -> NIC

T17: IGbE_e1000
     TCU  =eps:192, bufsz:2048 B, blocksz:2048 B, count:8, tlb:0
     Comp =TCU -> Proxy -> NIC

T18: rot13 accelerator @ 2GHz
     TCU  =eps:192, bufsz:2048 B, blocksz:2048 B, count:8, tlb:0
     imem =2048 KiB
     Comp =Core -> TCU -> SPM

T19: rot13 accelerator @ 2GHz
     TCU  =eps:192, bufsz:2048 B, blocksz:2048 B, count:8, tlb:0
     imem =2048 KiB
     Comp =Core -> TCU -> SPM

T20: build/gem5-riscv-release/bin/tilemux
     Core =DerivO3CPU riscv @ 2GHz
     TCU  =eps:192, bufsz:2048 B, blocksz:2048 B, count:8, tlb:0
     imem =32768 KiB
     Comp =Core -> TCU -> SPM

T21: SerialInput
     TCU  =eps:192, bufsz:2048 B, blocksz:2048 B, count:8, tlb:0
     Comp =TCU -> SerialInput

T22: build/gem5-riscv-release/bench.img x 1
     TCU  =eps:192, bufsz:2048 B, blocksz:2048 B, count:8, tlb:0
     imem =3145728 KiB
     Comp =TCU -> DRAM

Global frequency set at 1000000000000 ticks per second
warn: No dot file generated. Please install pydot to generate the dot file and pdf.
warn: DRAM device capacity (49152 Mbytes) does not match the address range assigned (4096 Mbytes)
warn: Sockets disabled, not accepting terminal connections
warn: Sockets disabled, not accepting gdb connections
warn: CoherentXBar T16.xbar has no snooping ports attached!
warn: CoherentXBar T17.xbar has no snooping ports attached!
warn: CoherentXBar T18.xbar has no snooping ports attached!
warn: CoherentXBar T19.xbar has no snooping ports attached!
warn: CoherentXBar T21.xbar has no snooping ports attached!
warn: CoherentXBar T22.xbar has no snooping ports attached!
info: Loaded 'boot.xml' to 0x9600000030000000 .. 0x9600000030000320
info: Loaded 'root' to 0x9600000030001000 .. 0x9600000030075758
info: Loaded 'm3fs' to 0x9600000030076000 .. 0x96000000300cc348
info: Loaded 'pager' to 0x96000000300cd000 .. 0x960000003014cc48
info: Entering event queue @ 0.  Starting simulation...
warn: T20.spm: address out-of-range: 0
warn: T0,PMP-EP65535: invalid EP
warn: T11,PMP-EP65535: invalid EP
warn: T10,PMP-EP65535: invalid EP
warn: T9,PMP-EP65535: invalid EP
warn: T7,PMP-EP65535: invalid EP
warn: T6,PMP-EP65535: invalid EP
warn: T8,PMP-EP65535: invalid EP
warn: T5,PMP-EP65535: invalid EP
warn: T4,PMP-EP65535: invalid EP
warn: T3,PMP-EP65535: invalid EP
warn: T2,PMP-EP65535: invalid EP
warn: T1,PMP-EP65535: invalid EP
warn: T11,PMP-EP65535: invalid EP
warn: T10,PMP-EP65535: invalid EP
warn: T7,PMP-EP65535: invalid EP
warn: T4,PMP-EP65535: invalid EP
warn: T3,PMP-EP65535: invalid EP
warn: T6,PMP-EP65535: invalid EP
warn: T2,PMP-EP65535: invalid EP
warn: T1,PMP-EP65535: invalid EP
warn: T8,PMP-EP65535: invalid EP
warn: T9,PMP-EP65535: invalid EP
warn: T5,PMP-EP65535: invalid EP
warn: T0,PMP-EP65535: invalid EP
[0;31m[T0:kernel  @        142] Entered raw mode; Quit via Ctrl+]
[0mwarn: T11,PMP-EP65535: invalid EP
warn: T11,PMP-EP65535: invalid EP
warn: T11,PMP-EP65535: invalid EP
warn: T7,PMP-EP65535: invalid EP
warn: T7,PMP-EP65535: invalid EP
warn: T7,PMP-EP65535: invalid EP
warn: T10,PMP-EP65535: invalid EP
warn: T10,PMP-EP65535: invalid EP
warn: T10,PMP-EP65535: invalid EP
warn: T11,PMP-EP65535: invalid EP
warn: T8,PMP-EP65535: invalid EP
warn: T8,PMP-EP65535: invalid EP
warn: T8,PMP-EP65535: invalid EP
warn: T7,PMP-EP65535: invalid EP
warn: T4,PMP-EP65535: invalid EP
warn: T4,PMP-EP65535: invalid EP
warn: T4,PMP-EP65535: invalid EP
warn: T10,PMP-EP65535: invalid EP
warn: T9,PMP-EP65535: invalid EP
warn: T9,PMP-EP65535: invalid EP
warn: T9,PMP-EP65535: invalid EP
warn: T1,PMP-EP65535: invalid EP
warn: T1,PMP-EP65535: invalid EP
warn: T1,PMP-EP65535: invalid EP
warn: T6,PMP-EP65535: invalid EP
warn: T6,PMP-EP65535: invalid EP
warn: T6,PMP-EP65535: invalid EP
warn: T5,PMP-EP65535: invalid EP
warn: T5,PMP-EP65535: invalid EP
warn: T5,PMP-EP65535: invalid EP
warn: T2,PMP-EP65535: invalid EP
warn: T2,PMP-EP65535: invalid EP
warn: T2,PMP-EP65535: invalid EP
warn: T3,PMP-EP65535: invalid EP
warn: T3,PMP-EP65535: invalid EP
warn: T3,PMP-EP65535: invalid EP
warn: T8,PMP-EP65535: invalid EP
warn: T4,PMP-EP65535: invalid EP
warn: T9,PMP-EP65535: invalid EP
warn: T1,PMP-EP65535: invalid EP
warn: T6,PMP-EP65535: invalid EP
warn: T5,PMP-EP65535: invalid EP
warn: T2,PMP-EP65535: invalid EP
warn: T3,PMP-EP65535: invalid EP
[0;31m[T0:kernel  @        272] Attesting tile: 1
[0m[0;31m[T0:kernel  @       5390] Attestation complete: 1, 10224091 cycles
[0m[0;31m[T0:kernel  @       5394] Attesting tile: 2
[0m[0;31m[T0:kernel  @      10496] Attestation complete: 2, 10197867 cycles
[0m[0;31m[T0:kernel  @      10499] Attesting tile: 3
[0m[0;31m[T0:kernel  @      15599] Attestation complete: 3, 10195991 cycles
[0m[0;31m[T0:kernel  @      15603] Attesting tile: 4
[0m[0;31m[T0:kernel  @      20704] Attestation complete: 4, 10197087 cycles
[0m[0;31m[T0:kernel  @      20707] Attesting tile: 5
[0m[0;31m[T0:kernel  @      25807] Attestation complete: 5, 10196024 cycles
[0m[0;31m[T0:kernel  @      25811] Attesting tile: 6
[0m[0;31m[T0:kernel  @      30911] Attestation complete: 6, 10196855 cycles
[0m[0;31m[T0:kernel  @      30915] Attesting tile: 7
[0m[0;31m[T0:kernel  @      36015] Attestation complete: 7, 10196618 cycles
[0m[0;31m[T0:kernel  @      36019] Attesting tile: 8
[0m[0;31m[T0:kernel  @      41119] Attestation complete: 8, 10196715 cycles
[0m[0;31m[T0:kernel  @      41123] Attesting tile: 9
[0m[0;31m[T0:kernel  @      46223] Attestation complete: 9, 10196126 cycles
[0m[0;31m[T0:kernel  @      46226] Attesting tile: 10
[0m[0;31m[T0:kernel  @      51327] Attestation complete: 10, 10196868 cycles
[0m[0;31m[T0:kernel  @      51330] Attesting tile: 11
[0m[0;31m[T0:kernel  @      56431] Attestation complete: 11, 10196214 cycles
[0m[0;31m[T0:kernel  @      56434] Attesting tile: 12
[0m[0;31m[T0:kernel  @      61535] Attestation complete: 12, 10197099 cycles
[0m[0;31m[T0:kernel  @      61538] Attesting tile: 13
[0m[0;31m[T0:kernel  @      66638] Attestation complete: 13, 10196330 cycles
[0m[0;31m[T0:kernel  @      66642] Attesting tile: 14
[0m[0;31m[T0:kernel  @      71742] Attestation complete: 14, 10197126 cycles
[0m[0;31m[T0:kernel  @      71746] Attesting tile: 15
[0m[0;31m[T0:kernel  @      76846] Attestation complete: 15, 10195690 cycles
[0m[0;31m[T0:kernel  @      76849] Attesting tile: 16
[0m[0;31m[T0:kernel  @      81950] Attestation complete: 16, 10196615 cycles
[0m[0;31m[T0:kernel  @      81953] Attesting tile: 17
[0m[0;31m[T0:kernel  @      87053] Attestation complete: 17, 10194916 cycles
[0m[0;31m[T0:kernel  @      87056] Attesting tile: 18
[0m[0;31m[T0:kernel  @      92156] Attestation complete: 18, 10195420 cycles
[0m[0;31m[T0:kernel  @      92159] Attesting tile: 19
[0m[0;31m[T0:kernel  @      97259] Attestation complete: 19, 10194924 cycles
[0m[0;31m[T0:kernel  @      97262] Attesting tile: 20
[0m[0;31m[T0:kernel  @     102362] Attestation complete: 20, 10195362 cycles
[0m[0;31m[T0:kernel  @     102366] Attesting tile: 21
[0m[0;31m[T0:kernel  @     107465] Attestation complete: 21, 10194425 cycles
[0m[0;31m[T0:kernel  @     107471] Attesting tile: 22
[0m[0;31m[T0:kernel  @     112571] Attestation complete: 22, 10195611 cycles
[0m[0;31m[T0:kernel  @     112736] Kernel is ready!
[0m[0;32m[T1:root    @     113283] Boot modules:
[0m[0;32m[T1:root    @     113298]   Mod[addr: G[Tile22+0x30000000], size: 0x320, name: boot.xml]
[0m[0;32m[T1:root    @     113303]   Mod[addr: G[Tile22+0x30001000], size: 0x74758, name: root]
[0m[0;32m[T1:root    @     113306]   Mod[addr: G[Tile22+0x30076000], size: 0x56348, name: m3fs]
[0m[0;32m[T1:root    @     113309]   Mod[addr: G[Tile22+0x300cd000], size: 0x7fc48, name: pager]
[0m[0;32m[T1:root    @     113311] Available tiles:
[0m[0;32m[T1:root    @     113322]   Tile01: COMP_EMEM RISCV (empty) 0 KiB memory
[0m[0;32m[T1:root    @     113327]   Tile02: COMP_EMEM RISCV (empty) 0 KiB memory
[0m[0;32m[T1:root    @     113330]   Tile03: COMP_EMEM RISCV (empty) 0 KiB memory
[0m[0;32m[T1:root    @     113333]   Tile04: COMP_EMEM RISCV (empty) 0 KiB memory
[0m[0;32m[T1:root    @     113337]   Tile05: COMP_EMEM RISCV (empty) 0 KiB memory
[0m[0;32m[T1:root    @     113340]   Tile06: COMP_EMEM RISCV (empty) 0 KiB memory
[0m[0;32m[T1:root    @     113343]   Tile07: COMP_EMEM RISCV (empty) 0 KiB memory
[0m[0;32m[T1:root    @     113347]   Tile08: COMP_EMEM RISCV (empty) 0 KiB memory
[0m[0;32m[T1:root    @     113350]   Tile09: COMP_EMEM RISCV (empty) 0 KiB memory
[0m[0;32m[T1:root    @     113354]   Tile10: COMP_EMEM RISCV (empty) 0 KiB memory
[0m[0;32m[T1:root    @     113357]   Tile11: COMP_EMEM RISCV (empty) 0 KiB memory
[0m[0;32m[T1:root    @     113360]   Tile12: COMP_IMEM RISCV (empty) 32768 KiB memory
[0m[0;32m[T1:root    @     113363]   Tile13: COMP_IMEM RISCV (empty) 32768 KiB memory
[0m[0;32m[T1:root    @     113366]   Tile14: COMP_IMEM RISCV (empty) 32768 KiB memory
[0m[0;32m[T1:root    @     113371]   Tile15: COMP_IMEM RISCV (empty) 32768 KiB memory
[0m[0;32m[T1:root    @     113374]   Tile16: COMP_IMEM NIC_DEV (empty) 0 KiB memory
[0m[0;32m[T1:root    @     113377]   Tile17: COMP_IMEM NIC_DEV (empty) 0 KiB memory
[0m[0;32m[T1:root    @     113381]   Tile18: COMP_IMEM ACCEL_ROT13 (empty) 2048 KiB memory
[0m[0;32m[T1:root    @     113384]   Tile19: COMP_IMEM ACCEL_ROT13 (empty) 2048 KiB memory
[0m[0;32m[T1:root    @     113388]   Tile20: COMP_IMEM RISCV KECACC 32768 KiB memory
[0m[0;32m[T1:root    @     113391]   Tile21: COMP_IMEM SERIAL_DEV (empty) 0 KiB memory
[0m[0;32m[T1:root    @     113397] Available memory:
[0m[0;32m[T1:root    @     113406]   MemMod[sel: 30, res: true, addr: G[Tile22+0x0], size: 1200 MiB]
[0m[0;32m[T1:root    @     113410]   MemMod[sel: 31, res: false, addr: G[Tile22+0x4f600000], size: 959 MiB]
[0m[0;32m[T1:root    @     113414] Parsed Config [
[0m[0;32m[T1:root    @     113418]   root [
[0m[0;32m[T1:root    @     113428]     Domain on core [
[0m[0;32m[T1:root    @     113431]       m3fs mem 268435456 [
[0m[0;32m[T1:root    @     113433]         Daemon,
[0m[0;32m[T1:root    @     113440]         PhysMem[addr=0x0, size=0x40000 KiB, perm=R | W | X | RW | RWX],
[0m[0;32m[T1:root    @     113444]         Service[lname='m3fs', gname='m3fs'],
[0m[0;32m[T1:root    @     113447]       ]
[0m[0;32m[T1:root    @     113449]     ]
[0m[0;32m[T1:root    @     113451]     Domain on core [
[0m[0;32m[T1:root    @     113453]       pager 268435456 [
[0m[0;32m[T1:root    @     113457]         PhysMem[addr=0x0, size=0x40000 KiB, perm=R],
[0m[0;32m[T1:root    @     113461]         Session[lname='m3fs', gname='m3fs', arg='', dep=true],
[0m[0;32m[T1:root    @     113466]         Tile[type=imem+riscv, count=2, optional=false],
[0m[0;32m[T1:root    @     113468]         Domain on imem+riscv [
[0m[0;32m[T1:root    @     113471]           /bin/bp2pspm [
[0m[0;32m[T1:root    @     113474]             TimeSlice[1000000000 ns],
[0m[0;32m[T1:root    @     113478]             Mount[fs='m3fs', path='/'],
[0m[0;32m[T1:root    @     113481]             Tile[type=imem+riscv, count=2, optional=false],
[0m[0;32m[T1:root    @     113483]           ]
[0m[0;32m[T1:root    @     113485]         ]
[0m[0;32m[T1:root    @     113487]       ]
[0m[0;32m[T1:root    @     113488]     ]
[0m[0;32m[T1:root    @     113490]   ]
[0m[0;32m[T1:root    @     113491] ]
[0m[0;32m[T1:root    @     113492] 
[0m[0;32m[T1:root    @     114397] Starting boot module 'm3fs' on tile2 with arguments ["mem", "268435456"]
[0m[0;32m[T1:root    @     115407] m3fs: reg_serv(srv_sel=46, sgate_sel=50, name=m3fs, sessions=32)
[0m[0;32m[T1:root    @     115416] Creating service 1:m3fs
[0m[0;32m[T1:root    @     115533] Starting boot module 'pager' on tile3 with arguments ["268435456"]
[0m[0;34m[T3:pager   @     115992] Boot modules:
[0m[0;34m[T3:pager   @     116008]   Mod[addr: G[Tile22+0x77601000], size: 0x202, name: boot.xml]
[0m[0;34m[T3:pager   @     116011] Available tiles:
[0m[0;34m[T3:pager   @     116022]   Tile03: COMP_EMEM RISCV (empty) 0 KiB memory
[0m[0;34m[T3:pager   @     116027]   Tile12: COMP_IMEM RISCV (empty) 32768 KiB memory
[0m[0;34m[T3:pager   @     116031]   Tile13: COMP_IMEM RISCV (empty) 32768 KiB memory
[0m[0;34m[T3:pager   @     116035] Available memory:
[0m[0;34m[T3:pager   @     116045]   MemMod[sel: 9, res: false, addr: G[Tile22+0x63800000], size: 159 MiB]
[0m[0;32m[T1:root    @     116066] pager: open_sess(dst_sel=59, name=m3fs)
[0m[0;34m[T3:pager   @     117078] Starting boot module '/bin/bp2pspm' on tile14 with arguments []
[0mRunning test suite run ...

Testing "p2p" in src/apps/bench/bp2pspm/src/bp2pspm.rs:
childactivity.rs: /bin/bp2pspm
peer buffer at 0x10827000
! src/apps/bench/bp2pspm/src/bp2pspm.rs:29  PERF "read 2 MiB with 4K cmd": 757761 cycles (+/- 0 cycles with 5 runs)
! src/apps/bench/bp2pspm/src/bp2pspm.rs:29  PERF "read 2 MiB with 64K cmd": 209985 cycles (+/- 0 cycles with 5 runs)
! src/apps/bench/bp2pspm/src/bp2pspm.rs:29  PERF "read 2 MiB with 256K cmd": 188321 cycles (+/- 0 cycles with 5 runs)
! src/apps/bench/bp2pspm/src/bp2pspm.rs:29  PERF "read 2 MiB with 1M cmd": 181791 cycles (+/- 0 cycles with 5 runs)
! src/apps/bench/bp2pspm/src/bp2pspm.rs:44  PERF "write 2 MiB with 4K cmd": 803308 cycles (+/- 0 cycles with 5 runs)
! src/apps/bench/bp2pspm/src/bp2pspm.rs:44  PERF "write 2 MiB with 64K cmd": 214763 cycles (+/- 0 cycles with 5 runs)
! src/apps/bench/bp2pspm/src/bp2pspm.rs:44  PERF "write 2 MiB with 256K cmd": 190763 cycles (+/- 1 cycles with 5 runs)
! src/apps/bench/bp2pspm/src/bp2pspm.rs:44  PERF "write 2 MiB with 1M cmd": 183891 cycles (+/- 0 cycles with 5 runs)


[0;32m[T1:root    @     128086] Sending SHUTDOWN to service 1:m3fs
[0m[0;32m[T1:root    @     128117] m3fs: unreg_serv(sel=46)
[0m[0;32m[T1:root    @     128121] Removing service 1:m3fs
[0m[0;32m[T1:root    @     128280] All childs gone. Exiting.
[0m[0;31m[T0:kernel  @     128348] Shutting down
[0mExiting @ tick 128352452500 because m5_exit instruction encountered
stty: 'standard input': Inappropriate ioctl for device
