/scratch/harshanavkis/ironbus/M3/run/p2p_dma_secure_2-0/boot-all.xml validates
warn: <orphan SpuSystem>.etherlink already has parent (Previously declared as <orphan SpuSystem>.etherlink).
	Note: etherlink is not a parameter of SpuSystem
gem5 Simulator System.  http://gem5.org
gem5 is copyrighted software; use the --copyright option for details.

gem5 version 21.0.0.0
gem5 compiled Sep 17 2026 15:54:59
gem5 started Sep 17 2026 18:05:56
gem5 executing on amy, pid 2979376
command line: platform/gem5/build/RISCV/gem5.opt --outdir=/scratch/harshanavkis/ironbus/M3/run/p2p_dma_secure_2-0 --debug-file=gem5.log --debug-flags=Tcu config/default.py --cpu-type DerivO3CPU --isa riscv --cmd 'build/gem5-riscv-release/bin/kernel -f build/gem5-riscv-release/bench.img,build/gem5-riscv-release/bin/tilemux,build/gem5-riscv-release/bin/tilemux,build/gem5-riscv-release/bin/tilemux,build/gem5-riscv-release/bin/tilemux,build/gem5-riscv-release/bin/tilemux,build/gem5-riscv-release/bin/tilemux,build/gem5-riscv-release/bin/tilemux,build/gem5-riscv-release/bin/tilemux,build/gem5-riscv-release/bin/tilemux,build/gem5-riscv-release/bin/tilemux,build/gem5-riscv-release/bin/tilemux,build/gem5-riscv-release/bin/tilemux,build/gem5-riscv-release/bin/tilemux,build/gem5-riscv-release/bin/tilemux,build/gem5-riscv-release/bin/tilemux,' --mods /scratch/harshanavkis/ironbus/M3/run/p2p_dma_secure_2-0/boot.xml,build/gem5-riscv-release/bin/root,build/gem5-riscv-release/bin/m3fs,build/gem5-riscv-release/bin/pager --cpu-clock=2GHz --sys-clock=2GHz --encr-latency=15 --par-pipe=1 --int-transfer-latency=0 --rng-latency=0 --sign-latency=0 --sign-ver-latency=0

info: Standard input is not a terminal, disabling listeners.
T00: build/gem5-riscv-release/bin/kernel -f build/gem5-riscv-release/bench.img
     Core =DerivO3CPU riscv @ 2GHz
     TCU  =eps:192, bufsz:2048 B, blocksz:64 B, count:4, tlb:128
     L1i$ =32 KiB (2-way assoc, 4 cycles)
     L1d$ =32 KiB (2-way assoc, 4 cycles)
     L2$  =256 KiB (8-way assoc, 12 cycles)
     Comp =Core -> TCU -> L1$ -> L2$

T01: build/gem5-riscv-release/bin/tilemux
     Core =DerivO3CPU riscv @ 2GHz
     TCU  =eps:192, bufsz:2048 B, blocksz:64 B, count:4, tlb:128
     L1i$ =32 KiB (2-way assoc, 4 cycles)
     L1d$ =32 KiB (2-way assoc, 4 cycles)
     L2$  =256 KiB (8-way assoc, 12 cycles)
     Comp =Core -> TCU -> L1$ -> L2$

T02: build/gem5-riscv-release/bin/tilemux
     Core =DerivO3CPU riscv @ 2GHz
     TCU  =eps:192, bufsz:2048 B, blocksz:64 B, count:4, tlb:128
     L1i$ =32 KiB (2-way assoc, 4 cycles)
     L1d$ =32 KiB (2-way assoc, 4 cycles)
     L2$  =256 KiB (8-way assoc, 12 cycles)
     Comp =Core -> TCU -> L1$ -> L2$

T03: build/gem5-riscv-release/bin/tilemux
     Core =DerivO3CPU riscv @ 2GHz
     TCU  =eps:192, bufsz:2048 B, blocksz:64 B, count:4, tlb:128
     L1i$ =32 KiB (2-way assoc, 4 cycles)
     L1d$ =32 KiB (2-way assoc, 4 cycles)
     L2$  =256 KiB (8-way assoc, 12 cycles)
     Comp =Core -> TCU -> L1$ -> L2$

T04: build/gem5-riscv-release/bin/tilemux
     Core =DerivO3CPU riscv @ 2GHz
     TCU  =eps:192, bufsz:2048 B, blocksz:64 B, count:4, tlb:128
     L1i$ =32 KiB (2-way assoc, 4 cycles)
     L1d$ =32 KiB (2-way assoc, 4 cycles)
     L2$  =256 KiB (8-way assoc, 12 cycles)
     Comp =Core -> TCU -> L1$ -> L2$

T05: build/gem5-riscv-release/bin/tilemux
     Core =DerivO3CPU riscv @ 2GHz
     TCU  =eps:192, bufsz:2048 B, blocksz:64 B, count:4, tlb:128
     L1i$ =32 KiB (2-way assoc, 4 cycles)
     L1d$ =32 KiB (2-way assoc, 4 cycles)
     L2$  =256 KiB (8-way assoc, 12 cycles)
     Comp =Core -> TCU -> L1$ -> L2$

T06: build/gem5-riscv-release/bin/tilemux
     Core =DerivO3CPU riscv @ 2GHz
     TCU  =eps:192, bufsz:2048 B, blocksz:64 B, count:4, tlb:128
     L1i$ =32 KiB (2-way assoc, 4 cycles)
     L1d$ =32 KiB (2-way assoc, 4 cycles)
     L2$  =256 KiB (8-way assoc, 12 cycles)
     Comp =Core -> TCU -> L1$ -> L2$

T07: build/gem5-riscv-release/bin/tilemux
     Core =DerivO3CPU riscv @ 2GHz
     TCU  =eps:192, bufsz:2048 B, blocksz:64 B, count:4, tlb:128
     L1i$ =32 KiB (2-way assoc, 4 cycles)
     L1d$ =32 KiB (2-way assoc, 4 cycles)
     L2$  =256 KiB (8-way assoc, 12 cycles)
     Comp =Core -> TCU -> L1$ -> L2$

T08: build/gem5-riscv-release/bin/tilemux
     Core =DerivO3CPU riscv @ 2GHz
     TCU  =eps:192, bufsz:2048 B, blocksz:64 B, count:4, tlb:128
     L1i$ =32 KiB (2-way assoc, 4 cycles)
     L1d$ =32 KiB (2-way assoc, 4 cycles)
     L2$  =256 KiB (8-way assoc, 12 cycles)
     Comp =Core -> TCU -> L1$ -> L2$

T09: build/gem5-riscv-release/bin/tilemux
     Core =DerivO3CPU riscv @ 2GHz
     TCU  =eps:192, bufsz:2048 B, blocksz:64 B, count:4, tlb:128
     L1i$ =32 KiB (2-way assoc, 4 cycles)
     L1d$ =32 KiB (2-way assoc, 4 cycles)
     L2$  =256 KiB (8-way assoc, 12 cycles)
     Comp =Core -> TCU -> L1$ -> L2$

T10: build/gem5-riscv-release/bin/tilemux
     Core =DerivO3CPU riscv @ 2GHz
     TCU  =eps:192, bufsz:2048 B, blocksz:64 B, count:4, tlb:128
     L1i$ =32 KiB (2-way assoc, 4 cycles)
     L1d$ =32 KiB (2-way assoc, 4 cycles)
     L2$  =256 KiB (8-way assoc, 12 cycles)
     Comp =Core -> TCU -> L1$ -> L2$

T11: build/gem5-riscv-release/bin/tilemux
     Core =DerivO3CPU riscv @ 2GHz
     TCU  =eps:192, bufsz:2048 B, blocksz:64 B, count:4, tlb:128
     L1i$ =32 KiB (2-way assoc, 4 cycles)
     L1d$ =32 KiB (2-way assoc, 4 cycles)
     L2$  =256 KiB (8-way assoc, 12 cycles)
     Comp =Core -> TCU -> L1$ -> L2$

T12: build/gem5-riscv-release/bin/tilemux
     Core =DerivO3CPU riscv @ 2GHz
     TCU  =eps:192, bufsz:2048 B, blocksz:2048 B, count:4, tlb:0
     imem =32768 KiB
     Comp =Core -> TCU -> SPM

T13: build/gem5-riscv-release/bin/tilemux
     Core =DerivO3CPU riscv @ 2GHz
     TCU  =eps:192, bufsz:2048 B, blocksz:2048 B, count:4, tlb:0
     imem =32768 KiB
     Comp =Core -> TCU -> SPM

T14: build/gem5-riscv-release/bin/tilemux
     Core =DerivO3CPU riscv @ 2GHz
     TCU  =eps:192, bufsz:2048 B, blocksz:2048 B, count:4, tlb:0
     imem =32768 KiB
     Comp =Core -> TCU -> SPM

T15: build/gem5-riscv-release/bin/tilemux
     Core =DerivO3CPU riscv @ 2GHz
     TCU  =eps:192, bufsz:2048 B, blocksz:2048 B, count:4, tlb:0
     imem =32768 KiB
     Comp =Core -> TCU -> SPM

T16: IGbE_e1000
     TCU  =eps:192, bufsz:2048 B, blocksz:2048 B, count:4, tlb:0
     Comp =TCU -> Proxy -> NIC

T17: IGbE_e1000
     TCU  =eps:192, bufsz:2048 B, blocksz:2048 B, count:4, tlb:0
     Comp =TCU -> Proxy -> NIC

T18: rot13 accelerator @ 2GHz
     TCU  =eps:192, bufsz:2048 B, blocksz:2048 B, count:4, tlb:0
     imem =2048 KiB
     Comp =Core -> TCU -> SPM

T19: rot13 accelerator @ 2GHz
     TCU  =eps:192, bufsz:2048 B, blocksz:2048 B, count:4, tlb:0
     imem =2048 KiB
     Comp =Core -> TCU -> SPM

T20: build/gem5-riscv-release/bin/tilemux
     Core =DerivO3CPU riscv @ 2GHz
     TCU  =eps:192, bufsz:2048 B, blocksz:2048 B, count:4, tlb:0
     imem =32768 KiB
     Comp =Core -> TCU -> SPM

T21: SerialInput
     TCU  =eps:192, bufsz:2048 B, blocksz:2048 B, count:4, tlb:0
     Comp =TCU -> SerialInput

T22: build/gem5-riscv-release/bench.img x 1
     TCU  =eps:192, bufsz:2048 B, blocksz:2048 B, count:8, tlb:0
     imem =3145728 KiB
     Comp =TCU -> DRAM

Global frequency set at 1000000000000 ticks per second
warn: No dot file generated. Please install pydot to generate the dot file and pdf.
warn: DRAM device capacity (49152 Mbytes) does not match the address range assigned (4096 Mbytes)
warn: Sockets disabled, not accepting terminal connections
warn: Sockets disabled, not accepting gdb connections
warn: CoherentXBar T16.xbar has no snooping ports attached!
warn: CoherentXBar T17.xbar has no snooping ports attached!
warn: CoherentXBar T18.xbar has no snooping ports attached!
warn: CoherentXBar T19.xbar has no snooping ports attached!
warn: CoherentXBar T21.xbar has no snooping ports attached!
warn: CoherentXBar T22.xbar has no snooping ports attached!
info: Loaded 'boot.xml' to 0x9600000030000000 .. 0x9600000030000320
info: Loaded 'root' to 0x9600000030001000 .. 0x9600000030075758
info: Loaded 'm3fs' to 0x9600000030076000 .. 0x96000000300cc348
info: Loaded 'pager' to 0x96000000300cd000 .. 0x960000003014cc48
info: Entering event queue @ 0.  Starting simulation...
warn: T20.spm: address out-of-range: 0
warn: T0,PMP-EP65535: invalid EP
warn: T11,PMP-EP65535: invalid EP
warn: T10,PMP-EP65535: invalid EP
warn: T9,PMP-EP65535: invalid EP
warn: T7,PMP-EP65535: invalid EP
warn: T6,PMP-EP65535: invalid EP
warn: T5,PMP-EP65535: invalid EP
warn: T8,PMP-EP65535: invalid EP
warn: T4,PMP-EP65535: invalid EP
warn: T3,PMP-EP65535: invalid EP
warn: T2,PMP-EP65535: invalid EP
warn: T1,PMP-EP65535: invalid EP
warn: T9,PMP-EP65535: invalid EP
warn: T10,PMP-EP65535: invalid EP
warn: T11,PMP-EP65535: invalid EP
warn: T6,PMP-EP65535: invalid EP
warn: T3,PMP-EP65535: invalid EP
warn: T4,PMP-EP65535: invalid EP
warn: T7,PMP-EP65535: invalid EP
warn: T2,PMP-EP65535: invalid EP
warn: T5,PMP-EP65535: invalid EP
warn: T8,PMP-EP65535: invalid EP
warn: T1,PMP-EP65535: invalid EP
warn: T0,PMP-EP65535: invalid EP
[0;31m[T0:kernel  @        123] Entered raw mode; Quit via Ctrl+]
[0mwarn: T9,PMP-EP65535: invalid EP
warn: T9,PMP-EP65535: invalid EP
warn: T9,PMP-EP65535: invalid EP
warn: T6,PMP-EP65535: invalid EP
warn: T6,PMP-EP65535: invalid EP
warn: T6,PMP-EP65535: invalid EP
warn: T11,PMP-EP65535: invalid EP
warn: T11,PMP-EP65535: invalid EP
warn: T11,PMP-EP65535: invalid EP
warn: T10,PMP-EP65535: invalid EP
warn: T10,PMP-EP65535: invalid EP
warn: T10,PMP-EP65535: invalid EP
warn: T9,PMP-EP65535: invalid EP
warn: T6,PMP-EP65535: invalid EP
warn: T11,PMP-EP65535: invalid EP
warn: T2,PMP-EP65535: invalid EP
warn: T2,PMP-EP65535: invalid EP
warn: T2,PMP-EP65535: invalid EP
warn: T5,PMP-EP65535: invalid EP
warn: T5,PMP-EP65535: invalid EP
warn: T5,PMP-EP65535: invalid EP
warn: T10,PMP-EP65535: invalid EP
warn: T8,PMP-EP65535: invalid EP
warn: T8,PMP-EP65535: invalid EP
warn: T8,PMP-EP65535: invalid EP
warn: T7,PMP-EP65535: invalid EP
warn: T7,PMP-EP65535: invalid EP
warn: T7,PMP-EP65535: invalid EP
warn: T3,PMP-EP65535: invalid EP
warn: T3,PMP-EP65535: invalid EP
warn: T3,PMP-EP65535: invalid EP
warn: T4,PMP-EP65535: invalid EP
warn: T4,PMP-EP65535: invalid EP
warn: T4,PMP-EP65535: invalid EP
warn: T1,PMP-EP65535: invalid EP
warn: T1,PMP-EP65535: invalid EP
warn: T1,PMP-EP65535: invalid EP
warn: T2,PMP-EP65535: invalid EP
warn: T5,PMP-EP65535: invalid EP
warn: T8,PMP-EP65535: invalid EP
warn: T7,PMP-EP65535: invalid EP
warn: T1,PMP-EP65535: invalid EP
warn: T3,PMP-EP65535: invalid EP
warn: T4,PMP-EP65535: invalid EP
[0;31m[T0:kernel  @        224] Attesting tile: 1
[0m[0;31m[T0:kernel  @       5324] Attestation complete: 1, 10192603 cycles
[0m[0;31m[T0:kernel  @       5327] Attesting tile: 2
[0m[0;31m[T0:kernel  @      10422] Attestation complete: 2, 10185181 cycles
[0m[0;31m[T0:kernel  @      10425] Attesting tile: 3
[0m[0;31m[T0:kernel  @      15520] Attestation complete: 3, 10184032 cycles
[0m[0;31m[T0:kernel  @      15523] Attesting tile: 4
[0m[0;31m[T0:kernel  @      20617] Attestation complete: 4, 10183642 cycles
[0m[0;31m[T0:kernel  @      20620] Attesting tile: 5
[0m[0;31m[T0:kernel  @      25713] Attestation complete: 5, 10183218 cycles
[0m[0;31m[T0:kernel  @      25716] Attesting tile: 6
[0m[0;31m[T0:kernel  @      30810] Attestation complete: 6, 10183165 cycles
[0m[0;31m[T0:kernel  @      30813] Attesting tile: 7
[0m[0;31m[T0:kernel  @      35907] Attestation complete: 7, 10183284 cycles
[0m[0;31m[T0:kernel  @      35910] Attesting tile: 8
[0m[0;31m[T0:kernel  @      41003] Attestation complete: 8, 10183097 cycles
[0m[0;31m[T0:kernel  @      41006] Attesting tile: 9
[0m[0;31m[T0:kernel  @      46100] Attestation complete: 9, 10183079 cycles
[0m[0;31m[T0:kernel  @      46103] Attesting tile: 10
[0m[0;31m[T0:kernel  @      51197] Attestation complete: 10, 10183506 cycles
[0m[0;31m[T0:kernel  @      51200] Attesting tile: 11
[0m[0;31m[T0:kernel  @      56293] Attestation complete: 11, 10182932 cycles
[0m[0;31m[T0:kernel  @      56296] Attesting tile: 12
[0m[0;31m[T0:kernel  @      61390] Attestation complete: 12, 10182974 cycles
[0m[0;31m[T0:kernel  @      61393] Attesting tile: 13
[0m[0;31m[T0:kernel  @      66486] Attestation complete: 13, 10183108 cycles
[0m[0;31m[T0:kernel  @      66489] Attesting tile: 14
[0m[0;31m[T0:kernel  @      71583] Attestation complete: 14, 10183086 cycles
[0m[0;31m[T0:kernel  @      71586] Attesting tile: 15
[0m[0;31m[T0:kernel  @      76680] Attestation complete: 15, 10183141 cycles
[0m[0;31m[T0:kernel  @      76683] Attesting tile: 16
[0m[0;31m[T0:kernel  @      81776] Attestation complete: 16, 10183128 cycles
[0m[0;31m[T0:kernel  @      81779] Attesting tile: 17
[0m[0;31m[T0:kernel  @      86873] Attestation complete: 17, 10182715 cycles
[0m[0;31m[T0:kernel  @      86876] Attesting tile: 18
[0m[0;31m[T0:kernel  @      91969] Attestation complete: 18, 10183078 cycles
[0m[0;31m[T0:kernel  @      91972] Attesting tile: 19
[0m[0;31m[T0:kernel  @      97066] Attestation complete: 19, 10182683 cycles
[0m[0;31m[T0:kernel  @      97069] Attesting tile: 20
[0m[0;31m[T0:kernel  @     102162] Attestation complete: 20, 10183250 cycles
[0m[0;31m[T0:kernel  @     102165] Attesting tile: 21
[0m[0;31m[T0:kernel  @     107259] Attestation complete: 21, 10182675 cycles
[0m[0;31m[T0:kernel  @     107262] Attesting tile: 22
[0m[0;31m[T0:kernel  @     112356] Attestation complete: 22, 10183026 cycles
[0m[0;31m[T0:kernel  @     112407] Kernel is ready!
[0m[0;32m[T1:root    @     112664] Boot modules:
[0m[0;32m[T1:root    @     112672]   Mod[addr: G[Tile22+0x30000000], size: 0x320, name: boot.xml]
[0m[0;32m[T1:root    @     112675]   Mod[addr: G[Tile22+0x30001000], size: 0x74758, name: root]
[0m[0;32m[T1:root    @     112679]   Mod[addr: G[Tile22+0x30076000], size: 0x56348, name: m3fs]
[0m[0;32m[T1:root    @     112682]   Mod[addr: G[Tile22+0x300cd000], size: 0x7fc48, name: pager]
[0m[0;32m[T1:root    @     112684] Available tiles:
[0m[0;32m[T1:root    @     112688]   Tile01: COMP_EMEM RISCV (empty) 0 KiB memory
[0m[0;32m[T1:root    @     112692]   Tile02: COMP_EMEM RISCV (empty) 0 KiB memory
[0m[0;32m[T1:root    @     112696]   Tile03: COMP_EMEM RISCV (empty) 0 KiB memory
[0m[0;32m[T1:root    @     112699]   Tile04: COMP_EMEM RISCV (empty) 0 KiB memory
[0m[0;32m[T1:root    @     112702]   Tile05: COMP_EMEM RISCV (empty) 0 KiB memory
[0m[0;32m[T1:root    @     112706]   Tile06: COMP_EMEM RISCV (empty) 0 KiB memory
[0m[0;32m[T1:root    @     112709]   Tile07: COMP_EMEM RISCV (empty) 0 KiB memory
[0m[0;32m[T1:root    @     112712]   Tile08: COMP_EMEM RISCV (empty) 0 KiB memory
[0m[0;32m[T1:root    @     112715]   Tile09: COMP_EMEM RISCV (empty) 0 KiB memory
[0m[0;32m[T1:root    @     112719]   Tile10: COMP_EMEM RISCV (empty) 0 KiB memory
[0m[0;32m[T1:root    @     112722]   Tile11: COMP_EMEM RISCV (empty) 0 KiB memory
[0m[0;32m[T1:root    @     112725]   Tile12: COMP_IMEM RISCV (empty) 32768 KiB memory
[0m[0;32m[T1:root    @     112728]   Tile13: COMP_IMEM RISCV (empty) 32768 KiB memory
[0m[0;32m[T1:root    @     112731]   Tile14: COMP_IMEM RISCV (empty) 32768 KiB memory
[0m[0;32m[T1:root    @     112735]   Tile15: COMP_IMEM RISCV (empty) 32768 KiB memory
[0m[0;32m[T1:root    @     112738]   Tile16: COMP_IMEM NIC_DEV (empty) 0 KiB memory
[0m[0;32m[T1:root    @     112741]   Tile17: COMP_IMEM NIC_DEV (empty) 0 KiB memory
[0m[0;32m[T1:root    @     112745]   Tile18: COMP_IMEM ACCEL_ROT13 (empty) 2048 KiB memory
[0m[0;32m[T1:root    @     112749]   Tile19: COMP_IMEM ACCEL_ROT13 (empty) 2048 KiB memory
[0m[0;32m[T1:root    @     112752]   Tile20: COMP_IMEM RISCV KECACC 32768 KiB memory
[0m[0;32m[T1:root    @     112755]   Tile21: COMP_IMEM SERIAL_DEV (empty) 0 KiB memory
[0m[0;32m[T1:root    @     112759] Available memory:
[0m[0;32m[T1:root    @     112764]   MemMod[sel: 30, res: true, addr: G[Tile22+0x0], size: 1200 MiB]
[0m[0;32m[T1:root    @     112768]   MemMod[sel: 31, res: false, addr: G[Tile22+0x4f600000], size: 959 MiB]
[0m[0;32m[T1:root    @     112771] Parsed Config [
[0m[0;32m[T1:root    @     112773]   root [
[0m[0;32m[T1:root    @     112778]     Domain on core [
[0m[0;32m[T1:root    @     112780]       m3fs mem 268435456 [
[0m[0;32m[T1:root    @     112782]         Daemon,
[0m[0;32m[T1:root    @     112787]         PhysMem[addr=0x0, size=0x40000 KiB, perm=R | W | X | RW | RWX],
[0m[0;32m[T1:root    @     112790]         Service[lname='m3fs', gname='m3fs'],
[0m[0;32m[T1:root    @     112792]       ]
[0m[0;32m[T1:root    @     112794]     ]
[0m[0;32m[T1:root    @     112796]     Domain on core [
[0m[0;32m[T1:root    @     112798]       pager 268435456 [
[0m[0;32m[T1:root    @     112802]         PhysMem[addr=0x0, size=0x40000 KiB, perm=R],
[0m[0;32m[T1:root    @     112805]         Session[lname='m3fs', gname='m3fs', arg='', dep=true],
[0m[0;32m[T1:root    @     112809]         Tile[type=imem+riscv, count=2, optional=false],
[0m[0;32m[T1:root    @     112811]         Domain on imem+riscv [
[0m[0;32m[T1:root    @     112814]           /bin/bp2pspm [
[0m[0;32m[T1:root    @     112816]             TimeSlice[1000000000 ns],
[0m[0;32m[T1:root    @     112819]             Mount[fs='m3fs', path='/'],
[0m[0;32m[T1:root    @     112823]             Tile[type=imem+riscv, count=2, optional=false],
[0m[0;32m[T1:root    @     112825]           ]
[0m[0;32m[T1:root    @     112827]         ]
[0m[0;32m[T1:root    @     112828]       ]
[0m[0;32m[T1:root    @     112830]     ]
[0m[0;32m[T1:root    @     112831]   ]
[0m[0;32m[T1:root    @     112833] ]
[0m[0;32m[T1:root    @     112834] 
[0m[0;32m[T1:root    @     113296] Starting boot module 'm3fs' on tile2 with arguments ["mem", "268435456"]
[0m[0;32m[T1:root    @     113897] m3fs: reg_serv(srv_sel=46, sgate_sel=50, name=m3fs, sessions=32)
[0m[0;32m[T1:root    @     113903] Creating service 1:m3fs
[0m[0;32m[T1:root    @     113968] Starting boot module 'pager' on tile3 with arguments ["268435456"]
[0m[0;34m[T3:pager   @     114233] Boot modules:
[0m[0;34m[T3:pager   @     114240]   Mod[addr: G[Tile22+0x77601000], size: 0x202, name: boot.xml]
[0m[0;34m[T3:pager   @     114242] Available tiles:
[0m[0;34m[T3:pager   @     114247]   Tile03: COMP_EMEM RISCV (empty) 0 KiB memory
[0m[0;34m[T3:pager   @     114252]   Tile12: COMP_IMEM RISCV (empty) 32768 KiB memory
[0m[0;34m[T3:pager   @     114255]   Tile13: COMP_IMEM RISCV (empty) 32768 KiB memory
[0m[0;34m[T3:pager   @     114258] Available memory:
[0m[0;34m[T3:pager   @     114263]   MemMod[sel: 9, res: false, addr: G[Tile22+0x63800000], size: 159 MiB]
[0m[0;32m[T1:root    @     114273] pager: open_sess(dst_sel=59, name=m3fs)
[0m[0;34m[T3:pager   @     114792] Starting boot module '/bin/bp2pspm' on tile14 with arguments []
[0mRunning test suite run ...

Testing "p2p" in src/apps/bench/bp2pspm/src/bp2pspm.rs:
childactivity.rs: /bin/bp2pspm
peer buffer at 0x10827000
! src/apps/bench/bp2pspm/src/bp2pspm.rs:29  PERF "read 2 MiB with 4K cmd": 245761 cycles (+/- 0 cycles with 5 runs)
! src/apps/bench/bp2pspm/src/bp2pspm.rs:29  PERF "read 2 MiB with 64K cmd": 206369 cycles (+/- 0 cycles with 5 runs)
! src/apps/bench/bp2pspm/src/bp2pspm.rs:29  PERF "read 2 MiB with 256K cmd": 204425 cycles (+/- 0 cycles with 5 runs)
! src/apps/bench/bp2pspm/src/bp2pspm.rs:29  PERF "read 2 MiB with 1M cmd": 203939 cycles (+/- 0 cycles with 5 runs)
! src/apps/bench/bp2pspm/src/bp2pspm.rs:44  PERF "write 2 MiB with 4K cmd": 291308 cycles (+/- 0 cycles with 5 runs)
! src/apps/bench/bp2pspm/src/bp2pspm.rs:44  PERF "write 2 MiB with 64K cmd": 212107 cycles (+/- 0 cycles with 5 runs)
! src/apps/bench/bp2pspm/src/bp2pspm.rs:44  PERF "write 2 MiB with 256K cmd": 208147 cycles (+/- 1 cycles with 5 runs)
! src/apps/bench/bp2pspm/src/bp2pspm.rs:44  PERF "write 2 MiB with 1M cmd": 207157 cycles (+/- 0 cycles with 5 runs)


warn: PowerState: More than one power state change request encountered within the same simulation tick
[0;32m[T1:root    @     121301] Sending SHUTDOWN to service 1:m3fs
[0m[0;32m[T1:root    @     121316] m3fs: unreg_serv(sel=46)
[0m[0;32m[T1:root    @     121318] Removing service 1:m3fs
[0m[0;32m[T1:root    @     121387] All childs gone. Exiting.
[0m[0;31m[T0:kernel  @     121422] Shutting down
[0mExiting @ tick 121425199000 because m5_exit instruction encountered
stty: 'standard input': Inappropriate ioctl for device
