Building for gem5-riscv-release...
ninja: no work to do.
run/boot-all.xml validates
warn: <orphan SpuSystem>.etherlink already has parent (Previously declared as <orphan SpuSystem>.etherlink).
	Note: etherlink is not a parameter of SpuSystem
gem5 Simulator System.  http://gem5.org
gem5 is copyrighted software; use the --copyright option for details.

gem5 version 21.0.0.0
gem5 compiled May 16 2023 13:50:01
gem5 started May 23 2023 20:48:50
gem5 executing on graham, pid 1884152
command line: platform/gem5/build/RISCV/gem5.opt --outdir=run --debug-file=gem5.log --debug-flags=Tcu config/default.py --cpu-type DerivO3CPU --isa riscv --cmd 'build/gem5-riscv-release/bin/kernel -f build/gem5-riscv-release/bench.img,build/gem5-riscv-release/bin/tilemux,build/gem5-riscv-release/bin/tilemux,build/gem5-riscv-release/bin/tilemux,build/gem5-riscv-release/bin/tilemux,build/gem5-riscv-release/bin/tilemux,build/gem5-riscv-release/bin/tilemux,build/gem5-riscv-release/bin/tilemux,build/gem5-riscv-release/bin/tilemux,build/gem5-riscv-release/bin/tilemux,build/gem5-riscv-release/bin/tilemux,build/gem5-riscv-release/bin/tilemux,build/gem5-riscv-release/bin/tilemux,build/gem5-riscv-release/bin/tilemux,build/gem5-riscv-release/bin/tilemux,build/gem5-riscv-release/bin/tilemux,' --mods run/boot.xml,build/gem5-riscv-release/bin/root,build/gem5-riscv-release/bin/m3fs,build/gem5-riscv-release/bin/pager --cpu-clock=2GHz --sys-clock=2GHz --encr-latency=0 --par-pipe=1 --int-transfer-latency=500 --rng-latency=0 --sign-latency=0 --sign-ver-latency=0

T00: build/gem5-riscv-release/bin/kernel -f build/gem5-riscv-release/bench.img
     Core =DerivO3CPU riscv @ 2GHz
     TCU  =eps:192, bufsz:2048 B, blocksz:64 B, count:4, tlb:128
     L1i$ =32 KiB (2-way assoc, 4 cycles)
     L1d$ =32 KiB (2-way assoc, 4 cycles)
     L2$  =256 KiB (8-way assoc, 12 cycles)
     Comp =Core -> TCU -> L1$ -> L2$

T01: build/gem5-riscv-release/bin/tilemux
     Core =DerivO3CPU riscv @ 2GHz
     TCU  =eps:192, bufsz:2048 B, blocksz:64 B, count:4, tlb:128
     L1i$ =32 KiB (2-way assoc, 4 cycles)
     L1d$ =32 KiB (2-way assoc, 4 cycles)
     L2$  =256 KiB (8-way assoc, 12 cycles)
     Comp =Core -> TCU -> L1$ -> L2$

T02: build/gem5-riscv-release/bin/tilemux
     Core =DerivO3CPU riscv @ 2GHz
     TCU  =eps:192, bufsz:2048 B, blocksz:64 B, count:4, tlb:128
     L1i$ =32 KiB (2-way assoc, 4 cycles)
     L1d$ =32 KiB (2-way assoc, 4 cycles)
     L2$  =256 KiB (8-way assoc, 12 cycles)
     Comp =Core -> TCU -> L1$ -> L2$

T03: build/gem5-riscv-release/bin/tilemux
     Core =DerivO3CPU riscv @ 2GHz
     TCU  =eps:192, bufsz:2048 B, blocksz:64 B, count:4, tlb:128
     L1i$ =32 KiB (2-way assoc, 4 cycles)
     L1d$ =32 KiB (2-way assoc, 4 cycles)
     L2$  =256 KiB (8-way assoc, 12 cycles)
     Comp =Core -> TCU -> L1$ -> L2$

T04: build/gem5-riscv-release/bin/tilemux
     Core =DerivO3CPU riscv @ 2GHz
     TCU  =eps:192, bufsz:2048 B, blocksz:64 B, count:4, tlb:128
     L1i$ =32 KiB (2-way assoc, 4 cycles)
     L1d$ =32 KiB (2-way assoc, 4 cycles)
     L2$  =256 KiB (8-way assoc, 12 cycles)
     Comp =Core -> TCU -> L1$ -> L2$

T05: build/gem5-riscv-release/bin/tilemux
     Core =DerivO3CPU riscv @ 2GHz
     TCU  =eps:192, bufsz:2048 B, blocksz:64 B, count:4, tlb:128
     L1i$ =32 KiB (2-way assoc, 4 cycles)
     L1d$ =32 KiB (2-way assoc, 4 cycles)
     L2$  =256 KiB (8-way assoc, 12 cycles)
     Comp =Core -> TCU -> L1$ -> L2$

T06: build/gem5-riscv-release/bin/tilemux
     Core =DerivO3CPU riscv @ 2GHz
     TCU  =eps:192, bufsz:2048 B, blocksz:64 B, count:4, tlb:128
     L1i$ =32 KiB (2-way assoc, 4 cycles)
     L1d$ =32 KiB (2-way assoc, 4 cycles)
     L2$  =256 KiB (8-way assoc, 12 cycles)
     Comp =Core -> TCU -> L1$ -> L2$

T07: build/gem5-riscv-release/bin/tilemux
     Core =DerivO3CPU riscv @ 2GHz
     TCU  =eps:192, bufsz:2048 B, blocksz:64 B, count:4, tlb:128
     L1i$ =32 KiB (2-way assoc, 4 cycles)
     L1d$ =32 KiB (2-way assoc, 4 cycles)
     L2$  =256 KiB (8-way assoc, 12 cycles)
     Comp =Core -> TCU -> L1$ -> L2$

T08: build/gem5-riscv-release/bin/tilemux
     Core =DerivO3CPU riscv @ 2GHz
     TCU  =eps:192, bufsz:2048 B, blocksz:64 B, count:4, tlb:128
     L1i$ =32 KiB (2-way assoc, 4 cycles)
     L1d$ =32 KiB (2-way assoc, 4 cycles)
     L2$  =256 KiB (8-way assoc, 12 cycles)
     Comp =Core -> TCU -> L1$ -> L2$

T09: build/gem5-riscv-release/bin/tilemux
     Core =DerivO3CPU riscv @ 2GHz
     TCU  =eps:192, bufsz:2048 B, blocksz:64 B, count:4, tlb:128
     L1i$ =32 KiB (2-way assoc, 4 cycles)
     L1d$ =32 KiB (2-way assoc, 4 cycles)
     L2$  =256 KiB (8-way assoc, 12 cycles)
     Comp =Core -> TCU -> L1$ -> L2$

T10: build/gem5-riscv-release/bin/tilemux
     Core =DerivO3CPU riscv @ 2GHz
     TCU  =eps:192, bufsz:2048 B, blocksz:64 B, count:4, tlb:128
     L1i$ =32 KiB (2-way assoc, 4 cycles)
     L1d$ =32 KiB (2-way assoc, 4 cycles)
     L2$  =256 KiB (8-way assoc, 12 cycles)
     Comp =Core -> TCU -> L1$ -> L2$

T11: build/gem5-riscv-release/bin/tilemux
     Core =DerivO3CPU riscv @ 2GHz
     TCU  =eps:192, bufsz:2048 B, blocksz:64 B, count:4, tlb:128
     L1i$ =32 KiB (2-way assoc, 4 cycles)
     L1d$ =32 KiB (2-way assoc, 4 cycles)
     L2$  =256 KiB (8-way assoc, 12 cycles)
     Comp =Core -> TCU -> L1$ -> L2$

T12: build/gem5-riscv-release/bin/tilemux
     Core =DerivO3CPU riscv @ 2GHz
     TCU  =eps:192, bufsz:2048 B, blocksz:2048 B, count:4, tlb:0
     imem =32768 KiB
     Comp =Core -> TCU -> SPM

T13: build/gem5-riscv-release/bin/tilemux
     Core =DerivO3CPU riscv @ 2GHz
     TCU  =eps:192, bufsz:2048 B, blocksz:2048 B, count:4, tlb:0
     imem =32768 KiB
     Comp =Core -> TCU -> SPM

T14: build/gem5-riscv-release/bin/tilemux
     Core =DerivO3CPU riscv @ 2GHz
     TCU  =eps:192, bufsz:2048 B, blocksz:2048 B, count:4, tlb:0
     imem =32768 KiB
     Comp =Core -> TCU -> SPM

T15: build/gem5-riscv-release/bin/tilemux
     Core =DerivO3CPU riscv @ 2GHz
     TCU  =eps:192, bufsz:2048 B, blocksz:2048 B, count:4, tlb:0
     imem =32768 KiB
     Comp =Core -> TCU -> SPM

T16: IGbE_e1000
     TCU  =eps:192, bufsz:2048 B, blocksz:2048 B, count:4, tlb:0
     Comp =TCU -> Proxy -> NIC

T17: IGbE_e1000
     TCU  =eps:192, bufsz:2048 B, blocksz:2048 B, count:4, tlb:0
     Comp =TCU -> Proxy -> NIC

T18: rot13 accelerator @ 2GHz
     TCU  =eps:192, bufsz:2048 B, blocksz:2048 B, count:4, tlb:0
     imem =2048 KiB
     Comp =Core -> TCU -> SPM

T19: rot13 accelerator @ 2GHz
     TCU  =eps:192, bufsz:2048 B, blocksz:2048 B, count:4, tlb:0
     imem =2048 KiB
     Comp =Core -> TCU -> SPM

T20: build/gem5-riscv-release/bin/tilemux
     Core =DerivO3CPU riscv @ 2GHz
     TCU  =eps:192, bufsz:2048 B, blocksz:2048 B, count:4, tlb:0
     imem =32768 KiB
     Comp =Core -> TCU -> SPM

T21: SerialInput
     TCU  =eps:192, bufsz:2048 B, blocksz:2048 B, count:4, tlb:0
     Comp =TCU -> SerialInput

T22: build/gem5-riscv-release/bench.img x 1
     TCU  =eps:192, bufsz:2048 B, blocksz:2048 B, count:8, tlb:0
     imem =3145728 KiB
     Comp =TCU -> DRAM

Global frequency set at 1000000000000 ticks per second
warn: No dot file generated. Please install pydot to generate the dot file and pdf.
Gem5 Terminal started; Quit via Ctrl+]
warn: DRAM device capacity (49152 Mbytes) does not match the address range assigned (4096 Mbytes)
platform.com_1.device: Listening for connections on port 3456
0: T00.remote_gdb: listening for remote gdb on port 7000
0: T01.remote_gdb: listening for remote gdb on port 7001
0: T02.remote_gdb: listening for remote gdb on port 7002
0: T03.remote_gdb: listening for remote gdb on port 7003
0: T04.remote_gdb: listening for remote gdb on port 7004
0: T05.remote_gdb: listening for remote gdb on port 7005
0: T06.remote_gdb: listening for remote gdb on port 7006
0: T07.remote_gdb: listening for remote gdb on port 7007
0: T08.remote_gdb: listening for remote gdb on port 7008
0: T09.remote_gdb: listening for remote gdb on port 7009
0: T10.remote_gdb: listening for remote gdb on port 7010
0: T11.remote_gdb: listening for remote gdb on port 7011
0: T12.remote_gdb: listening for remote gdb on port 7012
0: T13.remote_gdb: listening for remote gdb on port 7013
0: T14.remote_gdb: listening for remote gdb on port 7014
0: T15.remote_gdb: listening for remote gdb on port 7015
warn: CoherentXBar T16.xbar has no snooping ports attached!
warn: CoherentXBar T17.xbar has no snooping ports attached!
warn: CoherentXBar T18.xbar has no snooping ports attached!
warn: CoherentXBar T19.xbar has no snooping ports attached!
0: T20.remote_gdb: listening for remote gdb on port 7016
warn: CoherentXBar T21.xbar has no snooping ports attached!
warn: CoherentXBar T22.xbar has no snooping ports attached!
info: Loaded 'boot.xml' to 0x9600000030000000 .. 0x9600000030000320
info: Loaded 'root' to 0x9600000030001000 .. 0x96000000300766e8
info: Loaded 'm3fs' to 0x9600000030077000 .. 0x96000000300cd2e0
info: Loaded 'pager' to 0x96000000300ce000 .. 0x960000003014cb38
info: Entering event queue @ 0.  Starting simulation...
warn: T12.spm: address out-of-range: 0
warn: T0,PMP-EP65535: invalid EP
warn: T11,PMP-EP65535: invalid EP
warn: T10,PMP-EP65535: invalid EP
warn: T9,PMP-EP65535: invalid EP
warn: T8,PMP-EP65535: invalid EP
warn: T7,PMP-EP65535: invalid EP
warn: T6,PMP-EP65535: invalid EP
warn: T5,PMP-EP65535: invalid EP
warn: T4,PMP-EP65535: invalid EP
warn: T3,PMP-EP65535: invalid EP
warn: T2,PMP-EP65535: invalid EP
warn: T1,PMP-EP65535: invalid EP
warn: T11,PMP-EP65535: invalid EP
warn: T7,PMP-EP65535: invalid EP
warn: T10,PMP-EP65535: invalid EP
warn: T9,PMP-EP65535: invalid EP
warn: T4,PMP-EP65535: invalid EP
warn: T6,PMP-EP65535: invalid EP
warn: T2,PMP-EP65535: invalid EP
warn: T1,PMP-EP65535: invalid EP
warn: T8,PMP-EP65535: invalid EP
warn: T3,PMP-EP65535: invalid EP
warn: T5,PMP-EP65535: invalid EP
warn: T0,PMP-EP65535: invalid EP
[0;31m[T0:kernel  @        139] Entered raw mode; Quit via Ctrl+]
[0mwarn: T11,PMP-EP65535: invalid EP
warn: T11,PMP-EP65535: invalid EP
warn: T11,PMP-EP65535: invalid EP
warn: T11,PMP-EP65535: invalid EP
warn: T7,PMP-EP65535: invalid EP
warn: T7,PMP-EP65535: invalid EP
warn: T7,PMP-EP65535: invalid EP
warn: T2,PMP-EP65535: invalid EP
warn: T2,PMP-EP65535: invalid EP
warn: T2,PMP-EP65535: invalid EP
warn: T7,PMP-EP65535: invalid EP
warn: T3,PMP-EP65535: invalid EP
warn: T3,PMP-EP65535: invalid EP
warn: T3,PMP-EP65535: invalid EP
warn: T4,PMP-EP65535: invalid EP
warn: T4,PMP-EP65535: invalid EP
warn: T4,PMP-EP65535: invalid EP
warn: T10,PMP-EP65535: invalid EP
warn: T10,PMP-EP65535: invalid EP
warn: T10,PMP-EP65535: invalid EP
warn: T2,PMP-EP65535: invalid EP
warn: T6,PMP-EP65535: invalid EP
warn: T6,PMP-EP65535: invalid EP
warn: T6,PMP-EP65535: invalid EP
warn: T8,PMP-EP65535: invalid EP
warn: T8,PMP-EP65535: invalid EP
warn: T8,PMP-EP65535: invalid EP
warn: T3,PMP-EP65535: invalid EP
warn: T9,PMP-EP65535: invalid EP
warn: T9,PMP-EP65535: invalid EP
warn: T9,PMP-EP65535: invalid EP
warn: T4,PMP-EP65535: invalid EP
warn: T10,PMP-EP65535: invalid EP
warn: T1,PMP-EP65535: invalid EP
warn: T1,PMP-EP65535: invalid EP
warn: T1,PMP-EP65535: invalid EP
warn: T5,PMP-EP65535: invalid EP
warn: T5,PMP-EP65535: invalid EP
warn: T5,PMP-EP65535: invalid EP
warn: T6,PMP-EP65535: invalid EP
warn: T8,PMP-EP65535: invalid EP
warn: T9,PMP-EP65535: invalid EP
warn: T1,PMP-EP65535: invalid EP
warn: T5,PMP-EP65535: invalid EP
[0;31m[T0:kernel  @        886] Attesting tile: 1
[0m[0;31m[T0:kernel  @       5375] Attestation complete: 1, 8964987 cycles
[0m[0;31m[T0:kernel  @       6005] Attesting tile: 2
[0m[0;31m[T0:kernel  @      10479] Attestation complete: 2, 8944688 cycles
[0m[0;31m[T0:kernel  @      11109] Attesting tile: 3
[0m[0;31m[T0:kernel  @      15582] Attestation complete: 3, 8943241 cycles
[0m[0;31m[T0:kernel  @      16211] Attesting tile: 4
[0m[0;31m[T0:kernel  @      20685] Attestation complete: 4, 8944077 cycles
[0m[0;31m[T0:kernel  @      21314] Attesting tile: 5
[0m[0;31m[T0:kernel  @      25788] Attestation complete: 5, 8943427 cycles
[0m[0;31m[T0:kernel  @      26417] Attesting tile: 6
[0m[0;31m[T0:kernel  @      30890] Attestation complete: 6, 8942777 cycles
[0m[0;31m[T0:kernel  @      31519] Attesting tile: 7
[0m[0;31m[T0:kernel  @      35993] Attestation complete: 7, 8944217 cycles
[0m[0;31m[T0:kernel  @      36622] Attesting tile: 8
[0m[0;31m[T0:kernel  @      41095] Attestation complete: 8, 8943359 cycles
[0m[0;31m[T0:kernel  @      41724] Attesting tile: 9
[0m[0;31m[T0:kernel  @      46198] Attestation complete: 9, 8944899 cycles
[0m[0;31m[T0:kernel  @      46827] Attesting tile: 10
[0m[0;31m[T0:kernel  @      51301] Attestation complete: 10, 8943484 cycles
[0m[0;31m[T0:kernel  @      51930] Attesting tile: 11
[0m[0;31m[T0:kernel  @      56404] Attestation complete: 11, 8944188 cycles
[0m[0;31m[T0:kernel  @      57033] Attesting tile: 12
[0m[0;31m[T0:kernel  @      61507] Attestation complete: 12, 8943621 cycles
[0m[0;31m[T0:kernel  @      62135] Attesting tile: 13
[0m[0;31m[T0:kernel  @      66609] Attestation complete: 13, 8943155 cycles
[0m[0;31m[T0:kernel  @      67238] Attesting tile: 14
[0m[0;31m[T0:kernel  @      71711] Attestation complete: 14, 8942743 cycles
[0m[0;31m[T0:kernel  @      72340] Attesting tile: 15
[0m[0;31m[T0:kernel  @      76814] Attestation complete: 15, 8943833 cycles
[0m[0;31m[T0:kernel  @      77442] Attesting tile: 16
[0m[0;31m[T0:kernel  @      81916] Attestation complete: 16, 8943422 cycles
[0m[0;31m[T0:kernel  @      82545] Attesting tile: 17
[0m[0;31m[T0:kernel  @      87018] Attestation complete: 17, 8942932 cycles
[0m[0;31m[T0:kernel  @      87647] Attesting tile: 18
[0m[0;31m[T0:kernel  @      92120] Attestation complete: 18, 8942479 cycles
[0m[0;31m[T0:kernel  @      92749] Attesting tile: 19
[0m[0;31m[T0:kernel  @      97222] Attestation complete: 19, 8942959 cycles
[0m[0;31m[T0:kernel  @      97851] Attesting tile: 20
[0m[0;31m[T0:kernel  @     102324] Attestation complete: 20, 8942078 cycles
[0m[0;31m[T0:kernel  @     102953] Attesting tile: 21
[0m[0;31m[T0:kernel  @     107426] Attestation complete: 21, 8942135 cycles
[0m[0;31m[T0:kernel  @     107430] Attesting tile: 22
[0m[0;31m[T0:kernel  @     111904] Attestation complete: 22, 8944116 cycles
[0m[0;31m[T0:kernel  @     111907] Attesting tile: 22
[0m[0;31m[T0:kernel  @     116382] Attestation complete: 22, 8945330 cycles
[0m[0;31m[T0:kernel  @     116385] Attesting tile: 22
[0m[0;31m[T0:kernel  @     120859] Attestation complete: 22, 8944115 cycles
[0m[0;31m[T0:kernel  @     120861] Attesting tile: 22
[0m[0;31m[T0:kernel  @     125336] Attestation complete: 22, 8944812 cycles
[0m[0;31m[T0:kernel  @     125490] Kernel is ready!
[0m[0;32m[T1:root    @     126022] Boot modules:
[0m[0;32m[T1:root    @     126037]   Mod[addr: G[Tile22+0x30000000], size: 0x320, name: boot.xml]
[0m[0;32m[T1:root    @     126040]   Mod[addr: G[Tile22+0x30001000], size: 0x756e8, name: root]
[0m[0;32m[T1:root    @     126044]   Mod[addr: G[Tile22+0x30077000], size: 0x562e0, name: m3fs]
[0m[0;32m[T1:root    @     126047]   Mod[addr: G[Tile22+0x300ce000], size: 0x7eb38, name: pager]
[0m[0;32m[T1:root    @     126049] Available tiles:
[0m[0;32m[T1:root    @     126060]   Tile01: COMP_EMEM RISCV (empty) 0 KiB memory
[0m[0;32m[T1:root    @     126065]   Tile02: COMP_EMEM RISCV (empty) 0 KiB memory
[0m[0;32m[T1:root    @     126068]   Tile03: COMP_EMEM RISCV (empty) 0 KiB memory
[0m[0;32m[T1:root    @     126072]   Tile04: COMP_EMEM RISCV (empty) 0 KiB memory
[0m[0;32m[T1:root    @     126075]   Tile05: COMP_EMEM RISCV (empty) 0 KiB memory
[0m[0;32m[T1:root    @     126078]   Tile06: COMP_EMEM RISCV (empty) 0 KiB memory
[0m[0;32m[T1:root    @     126081]   Tile07: COMP_EMEM RISCV (empty) 0 KiB memory
[0m[0;32m[T1:root    @     126085]   Tile08: COMP_EMEM RISCV (empty) 0 KiB memory
[0m[0;32m[T1:root    @     126088]   Tile09: COMP_EMEM RISCV (empty) 0 KiB memory
[0m[0;32m[T1:root    @     126092]   Tile10: COMP_EMEM RISCV (empty) 0 KiB memory
[0m[0;32m[T1:root    @     126095]   Tile11: COMP_EMEM RISCV (empty) 0 KiB memory
[0m[0;32m[T1:root    @     126098]   Tile12: COMP_IMEM RISCV (empty) 32768 KiB memory
[0m[0;32m[T1:root    @     126101]   Tile13: COMP_IMEM RISCV (empty) 32768 KiB memory
[0m[0;32m[T1:root    @     126104]   Tile14: COMP_IMEM RISCV (empty) 32768 KiB memory
[0m[0;32m[T1:root    @     126109]   Tile15: COMP_IMEM RISCV (empty) 32768 KiB memory
[0m[0;32m[T1:root    @     126112]   Tile16: COMP_IMEM NIC_DEV (empty) 0 KiB memory
[0m[0;32m[T1:root    @     126115]   Tile17: COMP_IMEM NIC_DEV (empty) 0 KiB memory
[0m[0;32m[T1:root    @     126119]   Tile18: COMP_IMEM ACCEL_ROT13 (empty) 2048 KiB memory
[0m[0;32m[T1:root    @     126122]   Tile19: COMP_IMEM ACCEL_ROT13 (empty) 2048 KiB memory
[0m[0;32m[T1:root    @     126126]   Tile20: COMP_IMEM RISCV KECACC 32768 KiB memory
[0m[0;32m[T1:root    @     126129]   Tile21: COMP_IMEM SERIAL_DEV (empty) 0 KiB memory
[0m[0;32m[T1:root    @     126136] Available memory:
[0m[0;32m[T1:root    @     126144]   MemMod[sel: 30, res: true, addr: G[Tile22+0x0], size: 1200 MiB]
[0m[0;32m[T1:root    @     126148]   MemMod[sel: 31, res: false, addr: G[Tile22+0x4f600000], size: 959 MiB]
[0m[0;32m[T1:root    @     126152] Parsed Config [
[0m[0;32m[T1:root    @     126156]   root [
[0m[0;32m[T1:root    @     126165]     Domain on core [
[0m[0;32m[T1:root    @     126168]       m3fs mem 268435456 [
[0m[0;32m[T1:root    @     126170]         Daemon,
[0m[0;32m[T1:root    @     126177]         PhysMem[addr=0x0, size=0x40000 KiB, perm=R | W | X | RW | RWX],
[0m[0;32m[T1:root    @     126181]         Service[lname='m3fs', gname='m3fs'],
[0m[0;32m[T1:root    @     126184]       ]
[0m[0;32m[T1:root    @     126186]     ]
[0m[0;32m[T1:root    @     126188]     Domain on core [
[0m[0;32m[T1:root    @     126190]       pager 268435456 [
[0m[0;32m[T1:root    @     126194]         PhysMem[addr=0x0, size=0x40000 KiB, perm=R],
[0m[0;32m[T1:root    @     126198]         Session[lname='m3fs', gname='m3fs', arg='', dep=true],
[0m[0;32m[T1:root    @     126202]         Tile[type=boom|core, count=1, optional=false],
[0m[0;32m[T1:root    @     126205]         Domain on boom|core [
[0m[0;32m[T1:root    @     126207]           /bin/bencrmgate [
[0m[0;32m[T1:root    @     126210]             TimeSlice[1000000000 ns],
[0m[0;32m[T1:root    @     126214]             Mount[fs='m3fs', path='/'],
[0m[0;32m[T1:root    @     126217]             Tile[type=boom|core, count=1, optional=false],
[0m[0;32m[T1:root    @     126219]           ]
[0m[0;32m[T1:root    @     126221]         ]
[0m[0;32m[T1:root    @     126223]       ]
[0m[0;32m[T1:root    @     126225]     ]
[0m[0;32m[T1:root    @     126226]   ]
[0m[0;32m[T1:root    @     126227] ]
[0m[0;32m[T1:root    @     126229] 
[0m[0;32m[T1:root    @     127110] Starting boot module 'm3fs' on tile2 with arguments ["mem", "268435456"]
[0m[0;32m[T1:root    @     128093] m3fs: reg_serv(srv_sel=46, sgate_sel=50, name=m3fs, sessions=32)
[0m[0;32m[T1:root    @     128101] Creating service 1:m3fs
[0m[0;32m[T1:root    @     128214] Starting boot module 'pager' on tile3 with arguments ["268435456"]
[0m[0;34m[T3:pager   @     128663] Boot modules:
[0m[0;34m[T3:pager   @     128678]   Mod[addr: G[Tile22+0x77601000], size: 0x202, name: boot.xml]
[0m[0;34m[T3:pager   @     128681] Available tiles:
[0m[0;34m[T3:pager   @     128691]   Tile03: COMP_EMEM RISCV (empty) 0 KiB memory
[0m[0;34m[T3:pager   @     128696]   Tile04: COMP_EMEM RISCV (empty) 0 KiB memory
[0m[0;34m[T3:pager   @     128700] Available memory:
[0m[0;34m[T3:pager   @     128710]   MemMod[sel: 8, res: false, addr: G[Tile22+0x63800000], size: 159 MiB]
[0m[0;32m[T1:root    @     128730] pager: open_sess(dst_sel=59, name=m3fs)
[0m[0;32m[T1:root    @     129572] pager: Ok(8:ALLOC_TILE) failed: NotFound
[0m[0;34m[T3:pager   @     129911] Starting boot module '/bin/bencrmgate' on tile5 with arguments []
[0mRunning test suite bencrmgate::run ...

Testing "read512" in src/apps/bench/bencrmgate/src/../../rustbenchs/src/bencrmgate.rs:
! src/apps/bench/bencrmgate/src/../../rustbenchs/src/bencrmgate.rs:61  PERF "read 2 MiB with 512B buf": 5102460 cycles (+/- 222 cycles with 5 runs)

Testing "read1024" in src/apps/bench/bencrmgate/src/../../rustbenchs/src/bencrmgate.rs:
! src/apps/bench/bencrmgate/src/../../rustbenchs/src/bencrmgate.rs:79  PERF "read 2 MiB with 1K buf": 2773163 cycles (+/- 251 cycles with 5 runs)

Testing "read2048" in src/apps/bench/bencrmgate/src/../../rustbenchs/src/bencrmgate.rs:
! src/apps/bench/bencrmgate/src/../../rustbenchs/src/bencrmgate.rs:97  PERF "read 2 MiB with 2K buf": 1621568 cycles (+/- 450 cycles with 5 runs)

Testing "read4096" in src/apps/bench/bencrmgate/src/../../rustbenchs/src/bencrmgate.rs:
! src/apps/bench/bencrmgate/src/../../rustbenchs/src/bencrmgate.rs:115  PERF "read 2 MiB with 4K buf": 1594499 cycles (+/- 27 cycles with 5 runs)

Testing "write512" in src/apps/bench/bencrmgate/src/../../rustbenchs/src/bencrmgate.rs:
! src/apps/bench/bencrmgate/src/../../rustbenchs/src/bencrmgate.rs:241  PERF "write 2 MiB with 512B buf": 4468758 cycles (+/- 8 cycles with 5 runs)

Testing "write1024" in src/apps/bench/bencrmgate/src/../../rustbenchs/src/bencrmgate.rs:
! src/apps/bench/bencrmgate/src/../../rustbenchs/src/bencrmgate.rs:259  PERF "write 2 MiB with 1K buf": 2287633 cycles (+/- 3 cycles with 50 runs)

Testing "write2048" in src/apps/bench/bencrmgate/src/../../rustbenchs/src/bencrmgate.rs:
! src/apps/bench/bencrmgate/src/../../rustbenchs/src/bencrmgate.rs:277  PERF "write 2 MiB with 2K buf": 1195067 cycles (+/- 292 cycles with 50 runs)

Testing "write4096" in src/apps/bench/bencrmgate/src/../../rustbenchs/src/bencrmgate.rs:
! src/apps/bench/bencrmgate/src/../../rustbenchs/src/bencrmgate.rs:295  PERF "write 2 MiB with 4K buf": 1185446 cycles (+/- 1047 cycles with 50 runs)


[0;32m[T1:root    @     296236] Sending SHUTDOWN to service 1:m3fs
[0m[0;32m[T1:root    @     296265] m3fs: unreg_serv(sel=46)
[0m[0;32m[T1:root    @     296269] Removing service 1:m3fs
[0m[0;32m[T1:root    @     296421] All childs gone. Exiting.
[0m[0;31m[T0:kernel  @     296497] Shutting down
[0mExiting @ tick 296503151000 because m5_exit instruction encountered
