Building for gem5-riscv-release...
ninja: no work to do.
run/boot-all.xml validates
warn: <orphan SpuSystem>.etherlink already has parent (Previously declared as <orphan SpuSystem>.etherlink).
	Note: etherlink is not a parameter of SpuSystem
gem5 Simulator System.  http://gem5.org
gem5 is copyrighted software; use the --copyright option for details.

gem5 version 21.0.0.0
gem5 compiled Nov 18 2022 15:35:07
gem5 started Nov 18 2022 19:31:13
gem5 executing on graham, pid 1338905
command line: platform/gem5/build/RISCV/gem5.opt --outdir=run --debug-file=gem5.log --debug-flags=Tcu config/default.py --cpu-type DerivO3CPU --isa riscv --cmd 'build/gem5-riscv-release/bin/kernel -f build/gem5-riscv-release/bench.img,build/gem5-riscv-release/bin/tilemux,build/gem5-riscv-release/bin/tilemux,build/gem5-riscv-release/bin/tilemux,build/gem5-riscv-release/bin/tilemux,build/gem5-riscv-release/bin/tilemux,build/gem5-riscv-release/bin/tilemux,build/gem5-riscv-release/bin/tilemux,build/gem5-riscv-release/bin/tilemux,build/gem5-riscv-release/bin/tilemux,build/gem5-riscv-release/bin/tilemux,build/gem5-riscv-release/bin/tilemux,build/gem5-riscv-release/bin/tilemux,build/gem5-riscv-release/bin/tilemux,build/gem5-riscv-release/bin/tilemux,build/gem5-riscv-release/bin/tilemux,' --mods run/boot.xml,build/gem5-riscv-release/bin/root,build/gem5-riscv-release/bin/m3fs,build/gem5-riscv-release/bin/pager --cpu-clock=2GHz --sys-clock=2GHz --encr-latency=0 --par-pipe=1 --int-transfer-latency=1500 --rng-latency=0 --sign-latency=0 --sign-ver-latency=0

T00: build/gem5-riscv-release/bin/kernel -f build/gem5-riscv-release/bench.img
     Core =DerivO3CPU riscv @ 2GHz
     TCU  =eps:192, bufsz:2048 B, blocksz:64 B, count:4, tlb:128
     L1i$ =32 KiB (2-way assoc, 4 cycles)
     L1d$ =32 KiB (2-way assoc, 4 cycles)
     L2$  =256 KiB (8-way assoc, 12 cycles)
     Comp =Core -> TCU -> L1$ -> L2$

T01: build/gem5-riscv-release/bin/tilemux
     Core =DerivO3CPU riscv @ 2GHz
     TCU  =eps:192, bufsz:2048 B, blocksz:64 B, count:4, tlb:128
     L1i$ =32 KiB (2-way assoc, 4 cycles)
     L1d$ =32 KiB (2-way assoc, 4 cycles)
     L2$  =256 KiB (8-way assoc, 12 cycles)
     Comp =Core -> TCU -> L1$ -> L2$

T02: build/gem5-riscv-release/bin/tilemux
     Core =DerivO3CPU riscv @ 2GHz
     TCU  =eps:192, bufsz:2048 B, blocksz:64 B, count:4, tlb:128
     L1i$ =32 KiB (2-way assoc, 4 cycles)
     L1d$ =32 KiB (2-way assoc, 4 cycles)
     L2$  =256 KiB (8-way assoc, 12 cycles)
     Comp =Core -> TCU -> L1$ -> L2$

T03: build/gem5-riscv-release/bin/tilemux
     Core =DerivO3CPU riscv @ 2GHz
     TCU  =eps:192, bufsz:2048 B, blocksz:64 B, count:4, tlb:128
     L1i$ =32 KiB (2-way assoc, 4 cycles)
     L1d$ =32 KiB (2-way assoc, 4 cycles)
     L2$  =256 KiB (8-way assoc, 12 cycles)
     Comp =Core -> TCU -> L1$ -> L2$

T04: build/gem5-riscv-release/bin/tilemux
     Core =DerivO3CPU riscv @ 2GHz
     TCU  =eps:192, bufsz:2048 B, blocksz:64 B, count:4, tlb:128
     L1i$ =32 KiB (2-way assoc, 4 cycles)
     L1d$ =32 KiB (2-way assoc, 4 cycles)
     L2$  =256 KiB (8-way assoc, 12 cycles)
     Comp =Core -> TCU -> L1$ -> L2$

T05: build/gem5-riscv-release/bin/tilemux
     Core =DerivO3CPU riscv @ 2GHz
     TCU  =eps:192, bufsz:2048 B, blocksz:64 B, count:4, tlb:128
     L1i$ =32 KiB (2-way assoc, 4 cycles)
     L1d$ =32 KiB (2-way assoc, 4 cycles)
     L2$  =256 KiB (8-way assoc, 12 cycles)
     Comp =Core -> TCU -> L1$ -> L2$

T06: build/gem5-riscv-release/bin/tilemux
     Core =DerivO3CPU riscv @ 2GHz
     TCU  =eps:192, bufsz:2048 B, blocksz:64 B, count:4, tlb:128
     L1i$ =32 KiB (2-way assoc, 4 cycles)
     L1d$ =32 KiB (2-way assoc, 4 cycles)
     L2$  =256 KiB (8-way assoc, 12 cycles)
     Comp =Core -> TCU -> L1$ -> L2$

T07: build/gem5-riscv-release/bin/tilemux
     Core =DerivO3CPU riscv @ 2GHz
     TCU  =eps:192, bufsz:2048 B, blocksz:64 B, count:4, tlb:128
     L1i$ =32 KiB (2-way assoc, 4 cycles)
     L1d$ =32 KiB (2-way assoc, 4 cycles)
     L2$  =256 KiB (8-way assoc, 12 cycles)
     Comp =Core -> TCU -> L1$ -> L2$

T08: build/gem5-riscv-release/bin/tilemux
     Core =DerivO3CPU riscv @ 2GHz
     TCU  =eps:192, bufsz:2048 B, blocksz:64 B, count:4, tlb:128
     L1i$ =32 KiB (2-way assoc, 4 cycles)
     L1d$ =32 KiB (2-way assoc, 4 cycles)
     L2$  =256 KiB (8-way assoc, 12 cycles)
     Comp =Core -> TCU -> L1$ -> L2$

T09: build/gem5-riscv-release/bin/tilemux
     Core =DerivO3CPU riscv @ 2GHz
     TCU  =eps:192, bufsz:2048 B, blocksz:64 B, count:4, tlb:128
     L1i$ =32 KiB (2-way assoc, 4 cycles)
     L1d$ =32 KiB (2-way assoc, 4 cycles)
     L2$  =256 KiB (8-way assoc, 12 cycles)
     Comp =Core -> TCU -> L1$ -> L2$

T10: build/gem5-riscv-release/bin/tilemux
     Core =DerivO3CPU riscv @ 2GHz
     TCU  =eps:192, bufsz:2048 B, blocksz:64 B, count:4, tlb:128
     L1i$ =32 KiB (2-way assoc, 4 cycles)
     L1d$ =32 KiB (2-way assoc, 4 cycles)
     L2$  =256 KiB (8-way assoc, 12 cycles)
     Comp =Core -> TCU -> L1$ -> L2$

T11: build/gem5-riscv-release/bin/tilemux
     Core =DerivO3CPU riscv @ 2GHz
     TCU  =eps:192, bufsz:2048 B, blocksz:64 B, count:4, tlb:128
     L1i$ =32 KiB (2-way assoc, 4 cycles)
     L1d$ =32 KiB (2-way assoc, 4 cycles)
     L2$  =256 KiB (8-way assoc, 12 cycles)
     Comp =Core -> TCU -> L1$ -> L2$

T12: build/gem5-riscv-release/bin/tilemux
     Core =DerivO3CPU riscv @ 2GHz
     TCU  =eps:192, bufsz:2048 B, blocksz:2048 B, count:4, tlb:0
     imem =32768 KiB
     Comp =Core -> TCU -> SPM

T13: build/gem5-riscv-release/bin/tilemux
     Core =DerivO3CPU riscv @ 2GHz
     TCU  =eps:192, bufsz:2048 B, blocksz:2048 B, count:4, tlb:0
     imem =32768 KiB
     Comp =Core -> TCU -> SPM

T14: build/gem5-riscv-release/bin/tilemux
     Core =DerivO3CPU riscv @ 2GHz
     TCU  =eps:192, bufsz:2048 B, blocksz:2048 B, count:4, tlb:0
     imem =32768 KiB
     Comp =Core -> TCU -> SPM

T15: build/gem5-riscv-release/bin/tilemux
     Core =DerivO3CPU riscv @ 2GHz
     TCU  =eps:192, bufsz:2048 B, blocksz:2048 B, count:4, tlb:0
     imem =32768 KiB
     Comp =Core -> TCU -> SPM

T16: IGbE_e1000
     TCU  =eps:192, bufsz:2048 B, blocksz:2048 B, count:4, tlb:0
     Comp =TCU -> Proxy -> NIC

T17: IGbE_e1000
     TCU  =eps:192, bufsz:2048 B, blocksz:2048 B, count:4, tlb:0
     Comp =TCU -> Proxy -> NIC

T18: rot13 accelerator @ 2GHz
     TCU  =eps:192, bufsz:2048 B, blocksz:2048 B, count:4, tlb:0
     imem =2048 KiB
     Comp =Core -> TCU -> SPM

T19: rot13 accelerator @ 2GHz
     TCU  =eps:192, bufsz:2048 B, blocksz:2048 B, count:4, tlb:0
     imem =2048 KiB
     Comp =Core -> TCU -> SPM

T20: build/gem5-riscv-release/bin/tilemux
     Core =DerivO3CPU riscv @ 2GHz
     TCU  =eps:192, bufsz:2048 B, blocksz:2048 B, count:4, tlb:0
     imem =32768 KiB
     Comp =Core -> TCU -> SPM

T21: SerialInput
     TCU  =eps:192, bufsz:2048 B, blocksz:2048 B, count:4, tlb:0
     Comp =TCU -> SerialInput

T22: build/gem5-riscv-release/bench.img x 1
     TCU  =eps:192, bufsz:2048 B, blocksz:2048 B, count:8, tlb:0
     imem =3145728 KiB
     Comp =TCU -> DRAM

Global frequency set at 1000000000000 ticks per second
warn: No dot file generated. Please install pydot to generate the dot file and pdf.
Gem5 Terminal started; Quit via Ctrl+]
warn: DRAM device capacity (49152 Mbytes) does not match the address range assigned (4096 Mbytes)
platform.com_1.device: Listening for connections on port 3456
0: T00.remote_gdb: listening for remote gdb on port 7000
0: T01.remote_gdb: listening for remote gdb on port 7001
0: T02.remote_gdb: listening for remote gdb on port 7002
0: T03.remote_gdb: listening for remote gdb on port 7003
0: T04.remote_gdb: listening for remote gdb on port 7004
0: T05.remote_gdb: listening for remote gdb on port 7005
0: T06.remote_gdb: listening for remote gdb on port 7006
0: T07.remote_gdb: listening for remote gdb on port 7007
0: T08.remote_gdb: listening for remote gdb on port 7008
0: T09.remote_gdb: listening for remote gdb on port 7009
0: T10.remote_gdb: listening for remote gdb on port 7010
0: T11.remote_gdb: listening for remote gdb on port 7011
0: T12.remote_gdb: listening for remote gdb on port 7012
0: T13.remote_gdb: listening for remote gdb on port 7013
0: T14.remote_gdb: listening for remote gdb on port 7014
0: T15.remote_gdb: listening for remote gdb on port 7015
warn: CoherentXBar T16.xbar has no snooping ports attached!
warn: CoherentXBar T17.xbar has no snooping ports attached!
warn: CoherentXBar T18.xbar has no snooping ports attached!
warn: CoherentXBar T19.xbar has no snooping ports attached!
0: T20.remote_gdb: listening for remote gdb on port 7016
warn: CoherentXBar T21.xbar has no snooping ports attached!
warn: CoherentXBar T22.xbar has no snooping ports attached!
info: Loaded 'boot.xml' to 0x9600000030000000 .. 0x9600000030000320
info: Loaded 'root' to 0x9600000030001000 .. 0x96000000300756e0
info: Loaded 'm3fs' to 0x9600000030076000 .. 0x96000000300cc340
info: Loaded 'pager' to 0x96000000300cd000 .. 0x960000003014bb98
info: Entering event queue @ 0.  Starting simulation...
warn: T20.spm: address out-of-range: 0
warn: T0,PMP-EP65535: invalid EP
warn: T11,PMP-EP65535: invalid EP
warn: T10,PMP-EP65535: invalid EP
warn: T9,PMP-EP65535: invalid EP
warn: T8,PMP-EP65535: invalid EP
warn: T7,PMP-EP65535: invalid EP
warn: T6,PMP-EP65535: invalid EP
warn: T5,PMP-EP65535: invalid EP
warn: T4,PMP-EP65535: invalid EP
warn: T3,PMP-EP65535: invalid EP
warn: T2,PMP-EP65535: invalid EP
warn: T1,PMP-EP65535: invalid EP
warn: T11,PMP-EP65535: invalid EP
warn: T10,PMP-EP65535: invalid EP
warn: T9,PMP-EP65535: invalid EP
warn: T8,PMP-EP65535: invalid EP
warn: T2,PMP-EP65535: invalid EP
warn: T4,PMP-EP65535: invalid EP
warn: T6,PMP-EP65535: invalid EP
warn: T1,PMP-EP65535: invalid EP
warn: T5,PMP-EP65535: invalid EP
warn: T7,PMP-EP65535: invalid EP
warn: T3,PMP-EP65535: invalid EP
warn: T0,PMP-EP65535: invalid EP
[0;31m[T0:kernel  @        215] Entered raw mode; Quit via Ctrl+]
[0mwarn: T11,PMP-EP3: invalid EP
warn: T10,PMP-EP3: invalid EP
warn: T9,PMP-EP3: invalid EP
warn: T6,PMP-EP3: invalid EP
warn: T3,PMP-EP3: invalid EP
warn: T4,PMP-EP3: invalid EP
warn: T8,PMP-EP3: invalid EP
warn: T5,PMP-EP3: invalid EP
warn: T2,PMP-EP3: invalid EP
warn: T7,PMP-EP3: invalid EP
warn: T1,PMP-EP3: invalid EP
warn: T11,PMP-EP65535: invalid EP
warn: T11,PMP-EP65535: invalid EP
warn: T11,PMP-EP65535: invalid EP
warn: T10,PMP-EP65535: invalid EP
warn: T10,PMP-EP65535: invalid EP
warn: T10,PMP-EP65535: invalid EP
warn: T9,PMP-EP65535: invalid EP
warn: T9,PMP-EP65535: invalid EP
warn: T9,PMP-EP65535: invalid EP
warn: T6,PMP-EP65535: invalid EP
warn: T6,PMP-EP65535: invalid EP
warn: T6,PMP-EP65535: invalid EP
warn: T11,PMP-EP65535: invalid EP
warn: T10,PMP-EP65535: invalid EP
warn: T3,PMP-EP65535: invalid EP
warn: T3,PMP-EP65535: invalid EP
warn: T3,PMP-EP65535: invalid EP
warn: T4,PMP-EP65535: invalid EP
warn: T4,PMP-EP65535: invalid EP
warn: T4,PMP-EP65535: invalid EP
warn: T8,PMP-EP65535: invalid EP
warn: T8,PMP-EP65535: invalid EP
warn: T8,PMP-EP65535: invalid EP
warn: T5,PMP-EP65535: invalid EP
warn: T5,PMP-EP65535: invalid EP
warn: T5,PMP-EP65535: invalid EP
warn: T2,PMP-EP65535: invalid EP
warn: T2,PMP-EP65535: invalid EP
warn: T2,PMP-EP65535: invalid EP
warn: T7,PMP-EP65535: invalid EP
warn: T7,PMP-EP65535: invalid EP
warn: T7,PMP-EP65535: invalid EP
warn: T1,PMP-EP65535: invalid EP
warn: T1,PMP-EP65535: invalid EP
warn: T1,PMP-EP65535: invalid EP
warn: T9,PMP-EP65535: invalid EP
warn: T6,PMP-EP65535: invalid EP
warn: T3,PMP-EP65535: invalid EP
warn: T4,PMP-EP65535: invalid EP
warn: T8,PMP-EP65535: invalid EP
warn: T5,PMP-EP65535: invalid EP
warn: T2,PMP-EP65535: invalid EP
warn: T7,PMP-EP65535: invalid EP
warn: T1,PMP-EP65535: invalid EP
[0;31m[T0:kernel  @       1061] Attesting tile: 1
[0m[0;31m[T0:kernel  @       2454] Attestation complete: 1, 2763111 cycles
[0m[0;31m[T0:kernel  @       3088] Attesting tile: 2
[0m[0;31m[T0:kernel  @       4455] Attestation complete: 2, 2726563 cycles
[0m[0;31m[T0:kernel  @       5090] Attesting tile: 3
[0m[0;31m[T0:kernel  @       6455] Attestation complete: 3, 2726003 cycles
[0m[0;31m[T0:kernel  @       7092] Attesting tile: 4
[0m[0;31m[T0:kernel  @       8457] Attestation complete: 4, 2725725 cycles
[0m[0;31m[T0:kernel  @       9091] Attesting tile: 5
[0m[0;31m[T0:kernel  @      10456] Attestation complete: 5, 2725648 cycles
[0m[0;31m[T0:kernel  @      11090] Attesting tile: 6
[0m[0;31m[T0:kernel  @      12455] Attestation complete: 6, 2725602 cycles
[0m[0;31m[T0:kernel  @      13092] Attesting tile: 7
[0m[0;31m[T0:kernel  @      14457] Attestation complete: 7, 2725552 cycles
[0m[0;31m[T0:kernel  @      15091] Attesting tile: 8
[0m[0;31m[T0:kernel  @      16455] Attestation complete: 8, 2725576 cycles
[0m[0;31m[T0:kernel  @      17090] Attesting tile: 9
[0m[0;31m[T0:kernel  @      18455] Attestation complete: 9, 2725680 cycles
[0m[0;31m[T0:kernel  @      19091] Attesting tile: 10
[0m[0;31m[T0:kernel  @      20456] Attestation complete: 10, 2725616 cycles
[0m[0;31m[T0:kernel  @      21090] Attesting tile: 11
[0m[0;31m[T0:kernel  @      22455] Attestation complete: 11, 2725616 cycles
[0m[0;31m[T0:kernel  @      23090] Attesting tile: 12
[0m[0;31m[T0:kernel  @      24455] Attestation complete: 12, 2725577 cycles
[0m[0;31m[T0:kernel  @      25088] Attesting tile: 13
[0m[0;31m[T0:kernel  @      26453] Attestation complete: 13, 2725645 cycles
[0m[0;31m[T0:kernel  @      27087] Attesting tile: 14
[0m[0;31m[T0:kernel  @      28452] Attestation complete: 14, 2725576 cycles
[0m[0;31m[T0:kernel  @      29088] Attesting tile: 15
[0m[0;31m[T0:kernel  @      30453] Attestation complete: 15, 2725622 cycles
[0m[0;31m[T0:kernel  @      31088] Attesting tile: 16
[0m[0;31m[T0:kernel  @      32453] Attestation complete: 16, 2725573 cycles
[0m[0;31m[T0:kernel  @      33087] Attesting tile: 17
[0m[0;31m[T0:kernel  @      34450] Attestation complete: 17, 2722345 cycles
[0m[0;31m[T0:kernel  @      35084] Attesting tile: 18
[0m[0;31m[T0:kernel  @      36447] Attestation complete: 18, 2722319 cycles
[0m[0;31m[T0:kernel  @      37082] Attesting tile: 19
[0m[0;31m[T0:kernel  @      38445] Attestation complete: 19, 2722271 cycles
[0m[0;31m[T0:kernel  @      39081] Attesting tile: 20
[0m[0;31m[T0:kernel  @      40444] Attestation complete: 20, 2722308 cycles
[0m[0;31m[T0:kernel  @      41078] Attesting tile: 21
[0m[0;31m[T0:kernel  @      42441] Attestation complete: 21, 2722316 cycles
[0m[0;31m[T0:kernel  @      42448] Attesting tile: 22
[0m[0;31m[T0:kernel  @      43817] Attestation complete: 22, 2734709 cycles
[0m[0;31m[T0:kernel  @      43820] Attesting tile: 22
[0m[0;31m[T0:kernel  @      45188] Attestation complete: 22, 2732202 cycles
[0m[0;31m[T0:kernel  @      45191] Attesting tile: 22
[0m[0;31m[T0:kernel  @      46560] Attestation complete: 22, 2733952 cycles
[0m[0;31m[T0:kernel  @      46563] Attesting tile: 22
[0m[0;31m[T0:kernel  @      47933] Attestation complete: 22, 2736838 cycles
[0m[0;31m[T0:kernel  @      48311] Kernel is ready!
[0m[0;32m[T1:root    @      49434] Boot modules:
[0m[0;32m[T1:root    @      49464]   Mod[addr: G[Tile22+0x30000000], size: 0x320, name: boot.xml]
[0m[0;32m[T1:root    @      49469]   Mod[addr: G[Tile22+0x30001000], size: 0x746e0, name: root]
[0m[0;32m[T1:root    @      49473]   Mod[addr: G[Tile22+0x30076000], size: 0x56340, name: m3fs]
[0m[0;32m[T1:root    @      49477]   Mod[addr: G[Tile22+0x300cd000], size: 0x7eb98, name: pager]
[0m[0;32m[T1:root    @      49480] Available tiles:
[0m[0;32m[T1:root    @      49501]   Tile01: COMP_EMEM RISCV (empty) 0 KiB memory
[0m[0;32m[T1:root    @      49509]   Tile02: COMP_EMEM RISCV (empty) 0 KiB memory
[0m[0;32m[T1:root    @      49513]   Tile03: COMP_EMEM RISCV (empty) 0 KiB memory
[0m[0;32m[T1:root    @      49516]   Tile04: COMP_EMEM RISCV (empty) 0 KiB memory
[0m[0;32m[T1:root    @      49519]   Tile05: COMP_EMEM RISCV (empty) 0 KiB memory
[0m[0;32m[T1:root    @      49523]   Tile06: COMP_EMEM RISCV (empty) 0 KiB memory
[0m[0;32m[T1:root    @      49526]   Tile07: COMP_EMEM RISCV (empty) 0 KiB memory
[0m[0;32m[T1:root    @      49530]   Tile08: COMP_EMEM RISCV (empty) 0 KiB memory
[0m[0;32m[T1:root    @      49533]   Tile09: COMP_EMEM RISCV (empty) 0 KiB memory
[0m[0;32m[T1:root    @      49537]   Tile10: COMP_EMEM RISCV (empty) 0 KiB memory
[0m[0;32m[T1:root    @      49540]   Tile11: COMP_EMEM RISCV (empty) 0 KiB memory
[0m[0;32m[T1:root    @      49544]   Tile12: COMP_IMEM RISCV (empty) 32768 KiB memory
[0m[0;32m[T1:root    @      49547]   Tile13: COMP_IMEM RISCV (empty) 32768 KiB memory
[0m[0;32m[T1:root    @      49550]   Tile14: COMP_IMEM RISCV (empty) 32768 KiB memory
[0m[0;32m[T1:root    @      49558]   Tile15: COMP_IMEM RISCV (empty) 32768 KiB memory
[0m[0;32m[T1:root    @      49561]   Tile16: COMP_IMEM NIC_DEV (empty) 0 KiB memory
[0m[0;32m[T1:root    @      49565]   Tile17: COMP_IMEM NIC_DEV (empty) 0 KiB memory
[0m[0;32m[T1:root    @      49569]   Tile18: COMP_IMEM ACCEL_ROT13 (empty) 2048 KiB memory
[0m[0;32m[T1:root    @      49572]   Tile19: COMP_IMEM ACCEL_ROT13 (empty) 2048 KiB memory
[0m[0;32m[T1:root    @      49576]   Tile20: COMP_IMEM RISCV KECACC 32768 KiB memory
[0m[0;32m[T1:root    @      49580]   Tile21: COMP_IMEM SERIAL_DEV (empty) 0 KiB memory
[0m[0;32m[T1:root    @      49594] Available memory:
[0m[0;32m[T1:root    @      49610]   MemMod[sel: 30, res: true, addr: G[Tile22+0x0], size: 1200 MiB]
[0m[0;32m[T1:root    @      49615]   MemMod[sel: 31, res: false, addr: G[Tile22+0x4f600000], size: 959 MiB]
[0m[0;32m[T1:root    @      49623] Parsed Config [
[0m[0;32m[T1:root    @      49631]   root [
[0m[0;32m[T1:root    @      49655]     Domain on core [
[0m[0;32m[T1:root    @      49658]       m3fs mem 268435456 [
[0m[0;32m[T1:root    @      49661]         Daemon,
[0m[0;32m[T1:root    @      49672]         PhysMem[addr=0x0, size=0x40000 KiB, perm=R | W | X | RW | RWX],
[0m[0;32m[T1:root    @      49679]         Service[lname='m3fs', gname='m3fs'],
[0m[0;32m[T1:root    @      49683]       ]
[0m[0;32m[T1:root    @      49686]     ]
[0m[0;32m[T1:root    @      49688]     Domain on core [
[0m[0;32m[T1:root    @      49691]       pager 268435456 [
[0m[0;32m[T1:root    @      49694]         PhysMem[addr=0x0, size=0x40000 KiB, perm=R],
[0m[0;32m[T1:root    @      49700]         Session[lname='m3fs', gname='m3fs', arg='', dep=true],
[0m[0;32m[T1:root    @      49707]         Tile[type=boom|core, count=1, optional=false],
[0m[0;32m[T1:root    @      49709]         Domain on boom|core [
[0m[0;32m[T1:root    @      49712]           /bin/bencrmgate [
[0m[0;32m[T1:root    @      49716]             TimeSlice[1000000000 ns],
[0m[0;32m[T1:root    @      49720]             Mount[fs='m3fs', path='/'],
[0m[0;32m[T1:root    @      49724]             Tile[type=boom|core, count=1, optional=false],
[0m[0;32m[T1:root    @      49726]           ]
[0m[0;32m[T1:root    @      49728]         ]
[0m[0;32m[T1:root    @      49730]       ]
[0m[0;32m[T1:root    @      49732]     ]
[0m[0;32m[T1:root    @      49734]   ]
[0m[0;32m[T1:root    @      49735] ]
[0m[0;32m[T1:root    @      49736] 
[0m[0;32m[T1:root    @      51595] Starting boot module 'm3fs' on tile2 with arguments ["mem", "268435456"]
[0m[0;32m[T1:root    @      53518] m3fs: reg_serv(srv_sel=46, sgate_sel=50, name=m3fs, sessions=32)
[0m[0;32m[T1:root    @      53534] Creating service 1:m3fs
[0m[0;32m[T1:root    @      53760] Starting boot module 'pager' on tile3 with arguments ["268435456"]
[0m[0;34m[T3:pager   @      54597] Boot modules:
[0m[0;34m[T3:pager   @      54631]   Mod[addr: G[Tile22+0x77601000], size: 0x202, name: boot.xml]
[0m[0;34m[T3:pager   @      54635] Available tiles:
[0m[0;34m[T3:pager   @      54657]   Tile03: COMP_EMEM RISCV (empty) 0 KiB memory
[0m[0;34m[T3:pager   @      54666]   Tile04: COMP_EMEM RISCV (empty) 0 KiB memory
[0m[0;34m[T3:pager   @      54672] Available memory:
[0m[0;34m[T3:pager   @      54689]   MemMod[sel: 8, res: false, addr: G[Tile22+0x63800000], size: 159 MiB]
[0m[0;32m[T1:root    @      54737] pager: open_sess(dst_sel=59, name=m3fs)
[0m[0;32m[T1:root    @      56344] pager: Ok(8:ALLOC_TILE) failed: NotFound
[0m[0;34m[T3:pager   @      57084] Starting boot module '/bin/bencrmgate' on tile5 with arguments []
[0mRunning test suite bencrmgate::run ...

Testing "read512" in src/apps/bench/bencrmgate/src/../../rustbenchs/src/bencrmgate.rs:
! src/apps/bench/bencrmgate/src/../../rustbenchs/src/bencrmgate.rs:60  PERF "read 2 MiB with 512B buf": 13288460 cycles (+/- 212 cycles with 5 runs)

Testing "read1024" in src/apps/bench/bencrmgate/src/../../rustbenchs/src/bencrmgate.rs:
! src/apps/bench/bencrmgate/src/../../rustbenchs/src/bencrmgate.rs:78  PERF "read 2 MiB with 1K buf": 6834073 cycles (+/- 67 cycles with 5 runs)

Testing "read2048" in src/apps/bench/bencrmgate/src/../../rustbenchs/src/bencrmgate.rs:
! src/apps/bench/bencrmgate/src/../../rustbenchs/src/bencrmgate.rs:96  PERF "read 2 MiB with 2K buf": 3679873 cycles (+/- 140 cycles with 5 runs)

Testing "read4096" in src/apps/bench/bencrmgate/src/../../rustbenchs/src/bencrmgate.rs:
! src/apps/bench/bencrmgate/src/../../rustbenchs/src/bencrmgate.rs:114  PERF "read 2 MiB with 4K buf": 3679847 cycles (+/- 132 cycles with 5 runs)

Testing "write512" in src/apps/bench/bencrmgate/src/../../rustbenchs/src/bencrmgate.rs:
! src/apps/bench/bencrmgate/src/../../rustbenchs/src/bencrmgate.rs:240  PERF "write 2 MiB with 512B buf": 12660763 cycles (+/- 25 cycles with 5 runs)

Testing "write1024" in src/apps/bench/bencrmgate/src/../../rustbenchs/src/bencrmgate.rs:
! src/apps/bench/bencrmgate/src/../../rustbenchs/src/bencrmgate.rs:258  PERF "write 2 MiB with 1K buf": 6380778 cycles (+/- 2527 cycles with 5 runs)

Testing "write2048" in src/apps/bench/bencrmgate/src/../../rustbenchs/src/bencrmgate.rs:
! src/apps/bench/bencrmgate/src/../../rustbenchs/src/bencrmgate.rs:276  PERF "write 2 MiB with 2K buf": 3243026 cycles (+/- 0 cycles with 5 runs)

Testing "write4096" in src/apps/bench/bencrmgate/src/../../rustbenchs/src/bencrmgate.rs:
! src/apps/bench/bencrmgate/src/../../rustbenchs/src/bencrmgate.rs:294  PERF "write 2 MiB with 4K buf": 3234312 cycles (+/- 15 cycles with 5 runs)


[0;32m[T1:root    @     218408] Sending SHUTDOWN to service 1:m3fs
[0m[0;32m[T1:root    @     218467] m3fs: unreg_serv(sel=46)
[0m[0;32m[T1:root    @     218475] Removing service 1:m3fs
[0m[0;32m[T1:root    @     218825] All childs gone. Exiting.
[0m[0;31m[T0:kernel  @     218954] Shutting down
[0mExiting @ tick 218964965000 because m5_exit instruction encountered
