Building for gem5-riscv-release...
ninja: no work to do.
run/boot-all.xml validates
warn: <orphan SpuSystem>.etherlink already has parent (Previously declared as <orphan SpuSystem>.etherlink).
	Note: etherlink is not a parameter of SpuSystem
gem5 Simulator System.  http://gem5.org
gem5 is copyrighted software; use the --copyright option for details.

gem5 version 21.0.0.0
gem5 compiled May 16 2023 13:50:01
gem5 started May 23 2023 21:42:50
gem5 executing on graham, pid 1940069
command line: platform/gem5/build/RISCV/gem5.opt --outdir=run --debug-file=gem5.log --debug-flags=Tcu config/default.py --cpu-type DerivO3CPU --isa riscv --cmd 'build/gem5-riscv-release/bin/kernel -f build/gem5-riscv-release/bench.img,build/gem5-riscv-release/bin/tilemux,build/gem5-riscv-release/bin/tilemux,build/gem5-riscv-release/bin/tilemux,build/gem5-riscv-release/bin/tilemux,build/gem5-riscv-release/bin/tilemux,build/gem5-riscv-release/bin/tilemux,build/gem5-riscv-release/bin/tilemux,build/gem5-riscv-release/bin/tilemux,build/gem5-riscv-release/bin/tilemux,build/gem5-riscv-release/bin/tilemux,build/gem5-riscv-release/bin/tilemux,build/gem5-riscv-release/bin/tilemux,build/gem5-riscv-release/bin/tilemux,build/gem5-riscv-release/bin/tilemux,build/gem5-riscv-release/bin/tilemux,' --mods run/boot.xml,build/gem5-riscv-release/bin/root,build/gem5-riscv-release/bin/m3fs,build/gem5-riscv-release/bin/pager --cpu-clock=2GHz --sys-clock=2GHz --encr-latency=0 --par-pipe=1 --int-transfer-latency=1000 --rng-latency=0 --sign-latency=0 --sign-ver-latency=0

T00: build/gem5-riscv-release/bin/kernel -f build/gem5-riscv-release/bench.img
     Core =DerivO3CPU riscv @ 2GHz
     TCU  =eps:192, bufsz:2048 B, blocksz:64 B, count:4, tlb:128
     L1i$ =32 KiB (2-way assoc, 4 cycles)
     L1d$ =32 KiB (2-way assoc, 4 cycles)
     L2$  =256 KiB (8-way assoc, 12 cycles)
     Comp =Core -> TCU -> L1$ -> L2$

T01: build/gem5-riscv-release/bin/tilemux
     Core =DerivO3CPU riscv @ 2GHz
     TCU  =eps:192, bufsz:2048 B, blocksz:64 B, count:4, tlb:128
     L1i$ =32 KiB (2-way assoc, 4 cycles)
     L1d$ =32 KiB (2-way assoc, 4 cycles)
     L2$  =256 KiB (8-way assoc, 12 cycles)
     Comp =Core -> TCU -> L1$ -> L2$

T02: build/gem5-riscv-release/bin/tilemux
     Core =DerivO3CPU riscv @ 2GHz
     TCU  =eps:192, bufsz:2048 B, blocksz:64 B, count:4, tlb:128
     L1i$ =32 KiB (2-way assoc, 4 cycles)
     L1d$ =32 KiB (2-way assoc, 4 cycles)
     L2$  =256 KiB (8-way assoc, 12 cycles)
     Comp =Core -> TCU -> L1$ -> L2$

T03: build/gem5-riscv-release/bin/tilemux
     Core =DerivO3CPU riscv @ 2GHz
     TCU  =eps:192, bufsz:2048 B, blocksz:64 B, count:4, tlb:128
     L1i$ =32 KiB (2-way assoc, 4 cycles)
     L1d$ =32 KiB (2-way assoc, 4 cycles)
     L2$  =256 KiB (8-way assoc, 12 cycles)
     Comp =Core -> TCU -> L1$ -> L2$

T04: build/gem5-riscv-release/bin/tilemux
     Core =DerivO3CPU riscv @ 2GHz
     TCU  =eps:192, bufsz:2048 B, blocksz:64 B, count:4, tlb:128
     L1i$ =32 KiB (2-way assoc, 4 cycles)
     L1d$ =32 KiB (2-way assoc, 4 cycles)
     L2$  =256 KiB (8-way assoc, 12 cycles)
     Comp =Core -> TCU -> L1$ -> L2$

T05: build/gem5-riscv-release/bin/tilemux
     Core =DerivO3CPU riscv @ 2GHz
     TCU  =eps:192, bufsz:2048 B, blocksz:64 B, count:4, tlb:128
     L1i$ =32 KiB (2-way assoc, 4 cycles)
     L1d$ =32 KiB (2-way assoc, 4 cycles)
     L2$  =256 KiB (8-way assoc, 12 cycles)
     Comp =Core -> TCU -> L1$ -> L2$

T06: build/gem5-riscv-release/bin/tilemux
     Core =DerivO3CPU riscv @ 2GHz
     TCU  =eps:192, bufsz:2048 B, blocksz:64 B, count:4, tlb:128
     L1i$ =32 KiB (2-way assoc, 4 cycles)
     L1d$ =32 KiB (2-way assoc, 4 cycles)
     L2$  =256 KiB (8-way assoc, 12 cycles)
     Comp =Core -> TCU -> L1$ -> L2$

T07: build/gem5-riscv-release/bin/tilemux
     Core =DerivO3CPU riscv @ 2GHz
     TCU  =eps:192, bufsz:2048 B, blocksz:64 B, count:4, tlb:128
     L1i$ =32 KiB (2-way assoc, 4 cycles)
     L1d$ =32 KiB (2-way assoc, 4 cycles)
     L2$  =256 KiB (8-way assoc, 12 cycles)
     Comp =Core -> TCU -> L1$ -> L2$

T08: build/gem5-riscv-release/bin/tilemux
     Core =DerivO3CPU riscv @ 2GHz
     TCU  =eps:192, bufsz:2048 B, blocksz:64 B, count:4, tlb:128
     L1i$ =32 KiB (2-way assoc, 4 cycles)
     L1d$ =32 KiB (2-way assoc, 4 cycles)
     L2$  =256 KiB (8-way assoc, 12 cycles)
     Comp =Core -> TCU -> L1$ -> L2$

T09: build/gem5-riscv-release/bin/tilemux
     Core =DerivO3CPU riscv @ 2GHz
     TCU  =eps:192, bufsz:2048 B, blocksz:64 B, count:4, tlb:128
     L1i$ =32 KiB (2-way assoc, 4 cycles)
     L1d$ =32 KiB (2-way assoc, 4 cycles)
     L2$  =256 KiB (8-way assoc, 12 cycles)
     Comp =Core -> TCU -> L1$ -> L2$

T10: build/gem5-riscv-release/bin/tilemux
     Core =DerivO3CPU riscv @ 2GHz
     TCU  =eps:192, bufsz:2048 B, blocksz:64 B, count:4, tlb:128
     L1i$ =32 KiB (2-way assoc, 4 cycles)
     L1d$ =32 KiB (2-way assoc, 4 cycles)
     L2$  =256 KiB (8-way assoc, 12 cycles)
     Comp =Core -> TCU -> L1$ -> L2$

T11: build/gem5-riscv-release/bin/tilemux
     Core =DerivO3CPU riscv @ 2GHz
     TCU  =eps:192, bufsz:2048 B, blocksz:64 B, count:4, tlb:128
     L1i$ =32 KiB (2-way assoc, 4 cycles)
     L1d$ =32 KiB (2-way assoc, 4 cycles)
     L2$  =256 KiB (8-way assoc, 12 cycles)
     Comp =Core -> TCU -> L1$ -> L2$

T12: build/gem5-riscv-release/bin/tilemux
     Core =DerivO3CPU riscv @ 2GHz
     TCU  =eps:192, bufsz:2048 B, blocksz:2048 B, count:4, tlb:0
     imem =32768 KiB
     Comp =Core -> TCU -> SPM

T13: build/gem5-riscv-release/bin/tilemux
     Core =DerivO3CPU riscv @ 2GHz
     TCU  =eps:192, bufsz:2048 B, blocksz:2048 B, count:4, tlb:0
     imem =32768 KiB
     Comp =Core -> TCU -> SPM

T14: build/gem5-riscv-release/bin/tilemux
     Core =DerivO3CPU riscv @ 2GHz
     TCU  =eps:192, bufsz:2048 B, blocksz:2048 B, count:4, tlb:0
     imem =32768 KiB
     Comp =Core -> TCU -> SPM

T15: build/gem5-riscv-release/bin/tilemux
     Core =DerivO3CPU riscv @ 2GHz
     TCU  =eps:192, bufsz:2048 B, blocksz:2048 B, count:4, tlb:0
     imem =32768 KiB
     Comp =Core -> TCU -> SPM

T16: IGbE_e1000
     TCU  =eps:192, bufsz:2048 B, blocksz:2048 B, count:4, tlb:0
     Comp =TCU -> Proxy -> NIC

T17: IGbE_e1000
     TCU  =eps:192, bufsz:2048 B, blocksz:2048 B, count:4, tlb:0
     Comp =TCU -> Proxy -> NIC

T18: rot13 accelerator @ 2GHz
     TCU  =eps:192, bufsz:2048 B, blocksz:2048 B, count:4, tlb:0
     imem =2048 KiB
     Comp =Core -> TCU -> SPM

T19: rot13 accelerator @ 2GHz
     TCU  =eps:192, bufsz:2048 B, blocksz:2048 B, count:4, tlb:0
     imem =2048 KiB
     Comp =Core -> TCU -> SPM

T20: build/gem5-riscv-release/bin/tilemux
     Core =DerivO3CPU riscv @ 2GHz
     TCU  =eps:192, bufsz:2048 B, blocksz:2048 B, count:4, tlb:0
     imem =32768 KiB
     Comp =Core -> TCU -> SPM

T21: SerialInput
     TCU  =eps:192, bufsz:2048 B, blocksz:2048 B, count:4, tlb:0
     Comp =TCU -> SerialInput

T22: build/gem5-riscv-release/bench.img x 1
     TCU  =eps:192, bufsz:2048 B, blocksz:2048 B, count:8, tlb:0
     imem =3145728 KiB
     Comp =TCU -> DRAM

Global frequency set at 1000000000000 ticks per second
warn: No dot file generated. Please install pydot to generate the dot file and pdf.
Gem5 Terminal started; Quit via Ctrl+]
warn: DRAM device capacity (49152 Mbytes) does not match the address range assigned (4096 Mbytes)
platform.com_1.device: Listening for connections on port 3456
0: T00.remote_gdb: listening for remote gdb on port 7000
0: T01.remote_gdb: listening for remote gdb on port 7001
0: T02.remote_gdb: listening for remote gdb on port 7002
0: T03.remote_gdb: listening for remote gdb on port 7003
0: T04.remote_gdb: listening for remote gdb on port 7004
0: T05.remote_gdb: listening for remote gdb on port 7005
0: T06.remote_gdb: listening for remote gdb on port 7006
0: T07.remote_gdb: listening for remote gdb on port 7007
0: T08.remote_gdb: listening for remote gdb on port 7008
0: T09.remote_gdb: listening for remote gdb on port 7009
0: T10.remote_gdb: listening for remote gdb on port 7010
0: T11.remote_gdb: listening for remote gdb on port 7011
0: T12.remote_gdb: listening for remote gdb on port 7012
0: T13.remote_gdb: listening for remote gdb on port 7013
0: T14.remote_gdb: listening for remote gdb on port 7014
0: T15.remote_gdb: listening for remote gdb on port 7015
warn: CoherentXBar T16.xbar has no snooping ports attached!
warn: CoherentXBar T17.xbar has no snooping ports attached!
warn: CoherentXBar T18.xbar has no snooping ports attached!
warn: CoherentXBar T19.xbar has no snooping ports attached!
0: T20.remote_gdb: listening for remote gdb on port 7016
warn: CoherentXBar T21.xbar has no snooping ports attached!
warn: CoherentXBar T22.xbar has no snooping ports attached!
info: Loaded 'boot.xml' to 0x9600000030000000 .. 0x9600000030000320
info: Loaded 'root' to 0x9600000030001000 .. 0x96000000300766e8
info: Loaded 'm3fs' to 0x9600000030077000 .. 0x96000000300cd2e0
info: Loaded 'pager' to 0x96000000300ce000 .. 0x960000003014cb38
info: Entering event queue @ 0.  Starting simulation...
warn: T12.spm: address out-of-range: 0
warn: T0,PMP-EP65535: invalid EP
warn: T11,PMP-EP65535: invalid EP
warn: T10,PMP-EP65535: invalid EP
warn: T9,PMP-EP65535: invalid EP
warn: T8,PMP-EP65535: invalid EP
warn: T7,PMP-EP65535: invalid EP
warn: T6,PMP-EP65535: invalid EP
warn: T5,PMP-EP65535: invalid EP
warn: T4,PMP-EP65535: invalid EP
warn: T3,PMP-EP65535: invalid EP
warn: T2,PMP-EP65535: invalid EP
warn: T1,PMP-EP65535: invalid EP
warn: T3,PMP-EP65535: invalid EP
warn: T11,PMP-EP65535: invalid EP
warn: T10,PMP-EP65535: invalid EP
warn: T8,PMP-EP65535: invalid EP
warn: T1,PMP-EP65535: invalid EP
warn: T4,PMP-EP65535: invalid EP
warn: T9,PMP-EP65535: invalid EP
warn: T2,PMP-EP65535: invalid EP
warn: T5,PMP-EP65535: invalid EP
warn: T6,PMP-EP65535: invalid EP
warn: T7,PMP-EP65535: invalid EP
warn: T0,PMP-EP3: invalid EP
warn: T0,PMP-EP65535: invalid EP
[0;31m[T0:kernel  @        173] Entered raw mode; Quit via Ctrl+]
[0mwarn: T10,PMP-EP65535: invalid EP
warn: T10,PMP-EP65535: invalid EP
warn: T10,PMP-EP65535: invalid EP
warn: T8,PMP-EP65535: invalid EP
warn: T8,PMP-EP65535: invalid EP
warn: T8,PMP-EP65535: invalid EP
warn: T3,PMP-EP65535: invalid EP
warn: T3,PMP-EP65535: invalid EP
warn: T3,PMP-EP65535: invalid EP
warn: T10,PMP-EP65535: invalid EP
warn: T9,PMP-EP65535: invalid EP
warn: T9,PMP-EP65535: invalid EP
warn: T9,PMP-EP65535: invalid EP
warn: T11,PMP-EP65535: invalid EP
warn: T11,PMP-EP65535: invalid EP
warn: T11,PMP-EP65535: invalid EP
warn: T6,PMP-EP65535: invalid EP
warn: T6,PMP-EP65535: invalid EP
warn: T6,PMP-EP65535: invalid EP
warn: T1,PMP-EP65535: invalid EP
warn: T1,PMP-EP65535: invalid EP
warn: T1,PMP-EP65535: invalid EP
warn: T2,PMP-EP65535: invalid EP
warn: T2,PMP-EP65535: invalid EP
warn: T2,PMP-EP65535: invalid EP
warn: T4,PMP-EP65535: invalid EP
warn: T4,PMP-EP65535: invalid EP
warn: T4,PMP-EP65535: invalid EP
warn: T8,PMP-EP65535: invalid EP
warn: T3,PMP-EP65535: invalid EP
warn: T5,PMP-EP65535: invalid EP
warn: T5,PMP-EP65535: invalid EP
warn: T5,PMP-EP65535: invalid EP
warn: T9,PMP-EP65535: invalid EP
warn: T7,PMP-EP65535: invalid EP
warn: T7,PMP-EP65535: invalid EP
warn: T7,PMP-EP65535: invalid EP
warn: T11,PMP-EP65535: invalid EP
warn: T6,PMP-EP65535: invalid EP
warn: T1,PMP-EP65535: invalid EP
warn: T2,PMP-EP65535: invalid EP
warn: T4,PMP-EP65535: invalid EP
warn: T5,PMP-EP65535: invalid EP
warn: T7,PMP-EP65535: invalid EP
[0;31m[T0:kernel  @        957] Attesting tile: 1
[0m[0;31m[T0:kernel  @       5463] Attestation complete: 1, 8997105 cycles
[0m[0;31m[T0:kernel  @       6094] Attesting tile: 2
[0m[0;31m[T0:kernel  @      10575] Attestation complete: 2, 8957784 cycles
[0m[0;31m[T0:kernel  @      11205] Attesting tile: 3
[0m[0;31m[T0:kernel  @      15684] Attestation complete: 3, 8955687 cycles
[0m[0;31m[T0:kernel  @      16314] Attesting tile: 4
[0m[0;31m[T0:kernel  @      20794] Attestation complete: 4, 8956490 cycles
[0m[0;31m[T0:kernel  @      21423] Attesting tile: 5
[0m[0;31m[T0:kernel  @      25904] Attestation complete: 5, 8956116 cycles
[0m[0;31m[T0:kernel  @      26533] Attesting tile: 6
[0m[0;31m[T0:kernel  @      31015] Attestation complete: 6, 8960632 cycles
[0m[0;31m[T0:kernel  @      31645] Attesting tile: 7
[0m[0;31m[T0:kernel  @      36124] Attestation complete: 7, 8955151 cycles
[0m[0;31m[T0:kernel  @      36754] Attesting tile: 8
[0m[0;31m[T0:kernel  @      41234] Attestation complete: 8, 8957055 cycles
[0m[0;31m[T0:kernel  @      41863] Attesting tile: 9
[0m[0;31m[T0:kernel  @      46346] Attestation complete: 9, 8960565 cycles
[0m[0;31m[T0:kernel  @      46975] Attesting tile: 10
[0m[0;31m[T0:kernel  @      51454] Attestation complete: 10, 8955220 cycles
[0m[0;31m[T0:kernel  @      52084] Attesting tile: 11
[0m[0;31m[T0:kernel  @      56564] Attestation complete: 11, 8956381 cycles
[0m[0;31m[T0:kernel  @      57193] Attesting tile: 12
[0m[0;31m[T0:kernel  @      61676] Attestation complete: 12, 8960603 cycles
[0m[0;31m[T0:kernel  @      62305] Attesting tile: 13
[0m[0;31m[T0:kernel  @      66784] Attestation complete: 13, 8955079 cycles
[0m[0;31m[T0:kernel  @      67414] Attesting tile: 14
[0m[0;31m[T0:kernel  @      71894] Attestation complete: 14, 8957040 cycles
[0m[0;31m[T0:kernel  @      72523] Attesting tile: 15
[0m[0;31m[T0:kernel  @      77006] Attestation complete: 15, 8960702 cycles
[0m[0;31m[T0:kernel  @      77635] Attesting tile: 16
[0m[0;31m[T0:kernel  @      82115] Attestation complete: 16, 8955203 cycles
[0m[0;31m[T0:kernel  @      82744] Attesting tile: 17
[0m[0;31m[T0:kernel  @      87223] Attestation complete: 17, 8954028 cycles
[0m[0;31m[T0:kernel  @      87852] Attesting tile: 18
[0m[0;31m[T0:kernel  @      92333] Attestation complete: 18, 8958367 cycles
[0m[0;31m[T0:kernel  @      92963] Attesting tile: 19
[0m[0;31m[T0:kernel  @      97441] Attestation complete: 19, 8953930 cycles
[0m[0;31m[T0:kernel  @      98071] Attesting tile: 20
[0m[0;31m[T0:kernel  @     102550] Attestation complete: 20, 8954079 cycles
[0m[0;31m[T0:kernel  @     103179] Attesting tile: 21
[0m[0;31m[T0:kernel  @     107657] Attestation complete: 21, 8952878 cycles
[0m[0;31m[T0:kernel  @     107663] Attesting tile: 22
[0m[0;31m[T0:kernel  @     112143] Attestation complete: 22, 8956753 cycles
[0m[0;31m[T0:kernel  @     112146] Attesting tile: 22
[0m[0;31m[T0:kernel  @     116628] Attestation complete: 22, 8960697 cycles
[0m[0;31m[T0:kernel  @     116631] Attesting tile: 22
[0m[0;31m[T0:kernel  @     121110] Attestation complete: 22, 8954863 cycles
[0m[0;31m[T0:kernel  @     121113] Attesting tile: 22
[0m[0;31m[T0:kernel  @     125593] Attestation complete: 22, 8956100 cycles
[0m[0;31m[T0:kernel  @     125863] Kernel is ready!
[0m[0;32m[T1:root    @     126698] Boot modules:
[0m[0;32m[T1:root    @     126720]   Mod[addr: G[Tile22+0x30000000], size: 0x320, name: boot.xml]
[0m[0;32m[T1:root    @     126724]   Mod[addr: G[Tile22+0x30001000], size: 0x756e8, name: root]
[0m[0;32m[T1:root    @     126727]   Mod[addr: G[Tile22+0x30077000], size: 0x562e0, name: m3fs]
[0m[0;32m[T1:root    @     126731]   Mod[addr: G[Tile22+0x300ce000], size: 0x7eb38, name: pager]
[0m[0;32m[T1:root    @     126733] Available tiles:
[0m[0;32m[T1:root    @     126749]   Tile01: COMP_EMEM RISCV (empty) 0 KiB memory
[0m[0;32m[T1:root    @     126755]   Tile02: COMP_EMEM RISCV (empty) 0 KiB memory
[0m[0;32m[T1:root    @     126758]   Tile03: COMP_EMEM RISCV (empty) 0 KiB memory
[0m[0;32m[T1:root    @     126761]   Tile04: COMP_EMEM RISCV (empty) 0 KiB memory
[0m[0;32m[T1:root    @     126764]   Tile05: COMP_EMEM RISCV (empty) 0 KiB memory
[0m[0;32m[T1:root    @     126768]   Tile06: COMP_EMEM RISCV (empty) 0 KiB memory
[0m[0;32m[T1:root    @     126771]   Tile07: COMP_EMEM RISCV (empty) 0 KiB memory
[0m[0;32m[T1:root    @     126775]   Tile08: COMP_EMEM RISCV (empty) 0 KiB memory
[0m[0;32m[T1:root    @     126778]   Tile09: COMP_EMEM RISCV (empty) 0 KiB memory
[0m[0;32m[T1:root    @     126781]   Tile10: COMP_EMEM RISCV (empty) 0 KiB memory
[0m[0;32m[T1:root    @     126784]   Tile11: COMP_EMEM RISCV (empty) 0 KiB memory
[0m[0;32m[T1:root    @     126787]   Tile12: COMP_IMEM RISCV (empty) 32768 KiB memory
[0m[0;32m[T1:root    @     126790]   Tile13: COMP_IMEM RISCV (empty) 32768 KiB memory
[0m[0;32m[T1:root    @     126793]   Tile14: COMP_IMEM RISCV (empty) 32768 KiB memory
[0m[0;32m[T1:root    @     126800]   Tile15: COMP_IMEM RISCV (empty) 32768 KiB memory
[0m[0;32m[T1:root    @     126803]   Tile16: COMP_IMEM NIC_DEV (empty) 0 KiB memory
[0m[0;32m[T1:root    @     126806]   Tile17: COMP_IMEM NIC_DEV (empty) 0 KiB memory
[0m[0;32m[T1:root    @     126810]   Tile18: COMP_IMEM ACCEL_ROT13 (empty) 2048 KiB memory
[0m[0;32m[T1:root    @     126814]   Tile19: COMP_IMEM ACCEL_ROT13 (empty) 2048 KiB memory
[0m[0;32m[T1:root    @     126818]   Tile20: COMP_IMEM RISCV KECACC 32768 KiB memory
[0m[0;32m[T1:root    @     126821]   Tile21: COMP_IMEM SERIAL_DEV (empty) 0 KiB memory
[0m[0;32m[T1:root    @     126830] Available memory:
[0m[0;32m[T1:root    @     126841]   MemMod[sel: 30, res: true, addr: G[Tile22+0x0], size: 1200 MiB]
[0m[0;32m[T1:root    @     126846]   MemMod[sel: 31, res: false, addr: G[Tile22+0x4f600000], size: 959 MiB]
[0m[0;32m[T1:root    @     126851] Parsed Config [
[0m[0;32m[T1:root    @     126857]   root [
[0m[0;32m[T1:root    @     126872]     Domain on core [
[0m[0;32m[T1:root    @     126874]       m3fs mem 268435456 [
[0m[0;32m[T1:root    @     126876]         Daemon,
[0m[0;32m[T1:root    @     126886]         PhysMem[addr=0x0, size=0x40000 KiB, perm=R | W | X | RW | RWX],
[0m[0;32m[T1:root    @     126891]         Service[lname='m3fs', gname='m3fs'],
[0m[0;32m[T1:root    @     126894]       ]
[0m[0;32m[T1:root    @     126897]     ]
[0m[0;32m[T1:root    @     126899]     Domain on core [
[0m[0;32m[T1:root    @     126901]       pager 268435456 [
[0m[0;32m[T1:root    @     126904]         PhysMem[addr=0x0, size=0x40000 KiB, perm=R],
[0m[0;32m[T1:root    @     126910]         Session[lname='m3fs', gname='m3fs', arg='', dep=true],
[0m[0;32m[T1:root    @     126915]         Tile[type=boom|core, count=1, optional=false],
[0m[0;32m[T1:root    @     126917]         Domain on boom|core [
[0m[0;32m[T1:root    @     126920]           /bin/bencrmgate [
[0m[0;32m[T1:root    @     126923]             TimeSlice[1000000000 ns],
[0m[0;32m[T1:root    @     126928]             Mount[fs='m3fs', path='/'],
[0m[0;32m[T1:root    @     126931]             Tile[type=boom|core, count=1, optional=false],
[0m[0;32m[T1:root    @     126933]           ]
[0m[0;32m[T1:root    @     126935]         ]
[0m[0;32m[T1:root    @     126936]       ]
[0m[0;32m[T1:root    @     126938]     ]
[0m[0;32m[T1:root    @     126939]   ]
[0m[0;32m[T1:root    @     126941] ]
[0m[0;32m[T1:root    @     126942] 
[0m[0;32m[T1:root    @     128316] Starting boot module 'm3fs' on tile2 with arguments ["mem", "268435456"]
[0m[0;32m[T1:root    @     129766] m3fs: reg_serv(srv_sel=46, sgate_sel=50, name=m3fs, sessions=32)
[0m[0;32m[T1:root    @     129779] Creating service 1:m3fs
[0m[0;32m[T1:root    @     129947] Starting boot module 'pager' on tile3 with arguments ["268435456"]
[0m[0;34m[T3:pager   @     130597] Boot modules:
[0m[0;34m[T3:pager   @     130620]   Mod[addr: G[Tile22+0x77601000], size: 0x202, name: boot.xml]
[0m[0;34m[T3:pager   @     130624] Available tiles:
[0m[0;34m[T3:pager   @     130639]   Tile03: COMP_EMEM RISCV (empty) 0 KiB memory
[0m[0;34m[T3:pager   @     130646]   Tile04: COMP_EMEM RISCV (empty) 0 KiB memory
[0m[0;34m[T3:pager   @     130652] Available memory:
[0m[0;34m[T3:pager   @     130665]   MemMod[sel: 8, res: false, addr: G[Tile22+0x63800000], size: 159 MiB]
[0m[0;32m[T1:root    @     130699] pager: open_sess(dst_sel=59, name=m3fs)
[0m[0;32m[T1:root    @     131921] pager: Ok(8:ALLOC_TILE) failed: NotFound
[0m[0;34m[T3:pager   @     132462] Starting boot module '/bin/bencrmgate' on tile5 with arguments []
[0mRunning test suite bencrmgate::run ...

Testing "read512" in src/apps/bench/bencrmgate/src/../../rustbenchs/src/bencrmgate.rs:
! src/apps/bench/bencrmgate/src/../../rustbenchs/src/bencrmgate.rs:61  PERF "read 2 MiB with 512B buf": 9112016 cycles (+/- 334 cycles with 5 runs)

Testing "read1024" in src/apps/bench/bencrmgate/src/../../rustbenchs/src/bencrmgate.rs:
! src/apps/bench/bencrmgate/src/../../rustbenchs/src/bencrmgate.rs:79  PERF "read 2 MiB with 1K buf": 4784538 cycles (+/- 1547 cycles with 5 runs)

Testing "read2048" in src/apps/bench/bencrmgate/src/../../rustbenchs/src/bencrmgate.rs:
! src/apps/bench/bencrmgate/src/../../rustbenchs/src/bencrmgate.rs:97  PERF "read 2 MiB with 2K buf": 2657550 cycles (+/- 63 cycles with 5 runs)

Testing "read4096" in src/apps/bench/bencrmgate/src/../../rustbenchs/src/bencrmgate.rs:
! src/apps/bench/bencrmgate/src/../../rustbenchs/src/bencrmgate.rs:115  PERF "read 2 MiB with 4K buf": 2657503 cycles (+/- 126 cycles with 5 runs)

Testing "write512" in src/apps/bench/bencrmgate/src/../../rustbenchs/src/bencrmgate.rs:
! src/apps/bench/bencrmgate/src/../../rustbenchs/src/bencrmgate.rs:241  PERF "write 2 MiB with 512B buf": 8564758 cycles (+/- 8 cycles with 5 runs)

Testing "write1024" in src/apps/bench/bencrmgate/src/../../rustbenchs/src/bencrmgate.rs:
! src/apps/bench/bencrmgate/src/../../rustbenchs/src/bencrmgate.rs:259  PERF "write 2 MiB with 1K buf": 4335633 cycles (+/- 3 cycles with 50 runs)

Testing "write2048" in src/apps/bench/bencrmgate/src/../../rustbenchs/src/bencrmgate.rs:
! src/apps/bench/bencrmgate/src/../../rustbenchs/src/bencrmgate.rs:277  PERF "write 2 MiB with 2K buf": 2219067 cycles (+/- 292 cycles with 50 runs)

Testing "write4096" in src/apps/bench/bencrmgate/src/../../rustbenchs/src/bencrmgate.rs:
! src/apps/bench/bencrmgate/src/../../rustbenchs/src/bencrmgate.rs:295  PERF "write 2 MiB with 4K buf": 2209546 cycles (+/- 1768 cycles with 50 runs)


[0;32m[T1:root    @     439984] Sending SHUTDOWN to service 1:m3fs
[0m[0;32m[T1:root    @     440030] m3fs: unreg_serv(sel=46)
[0m[0;32m[T1:root    @     440036] Removing service 1:m3fs
[0m[0;32m[T1:root    @     440281] All childs gone. Exiting.
[0m[0;31m[T0:kernel  @     440397] Shutting down
[0mExiting @ tick 440405637500 because m5_exit instruction encountered
