Building for gem5-riscv-release...
ninja: no work to do.
run/boot-all.xml validates
warn: <orphan SpuSystem>.etherlink already has parent (Previously declared as <orphan SpuSystem>.etherlink).
	Note: etherlink is not a parameter of SpuSystem
gem5 Simulator System.  http://gem5.org
gem5 is copyrighted software; use the --copyright option for details.

gem5 version 21.0.0.0
gem5 compiled Nov 18 2022 15:35:07
gem5 started Nov 18 2022 19:34:34
gem5 executing on graham, pid 1346607
command line: platform/gem5/build/RISCV/gem5.opt --outdir=run --debug-file=gem5.log --debug-flags=Tcu config/default.py --cpu-type DerivO3CPU --isa riscv --cmd 'build/gem5-riscv-release/bin/kernel -f build/gem5-riscv-release/bench.img,build/gem5-riscv-release/bin/tilemux,build/gem5-riscv-release/bin/tilemux,build/gem5-riscv-release/bin/tilemux,build/gem5-riscv-release/bin/tilemux,build/gem5-riscv-release/bin/tilemux,build/gem5-riscv-release/bin/tilemux,build/gem5-riscv-release/bin/tilemux,build/gem5-riscv-release/bin/tilemux,build/gem5-riscv-release/bin/tilemux,build/gem5-riscv-release/bin/tilemux,build/gem5-riscv-release/bin/tilemux,build/gem5-riscv-release/bin/tilemux,build/gem5-riscv-release/bin/tilemux,build/gem5-riscv-release/bin/tilemux,build/gem5-riscv-release/bin/tilemux,' --mods run/boot.xml,build/gem5-riscv-release/bin/root,build/gem5-riscv-release/bin/m3fs,build/gem5-riscv-release/bin/pager --cpu-clock=2GHz --sys-clock=2GHz --encr-latency=15 --par-pipe=1 --int-transfer-latency=1500 --rng-latency=0 --sign-latency=0 --sign-ver-latency=0

T00: build/gem5-riscv-release/bin/kernel -f build/gem5-riscv-release/bench.img
     Core =DerivO3CPU riscv @ 2GHz
     TCU  =eps:192, bufsz:2048 B, blocksz:64 B, count:4, tlb:128
     L1i$ =32 KiB (2-way assoc, 4 cycles)
     L1d$ =32 KiB (2-way assoc, 4 cycles)
     L2$  =256 KiB (8-way assoc, 12 cycles)
     Comp =Core -> TCU -> L1$ -> L2$

T01: build/gem5-riscv-release/bin/tilemux
     Core =DerivO3CPU riscv @ 2GHz
     TCU  =eps:192, bufsz:2048 B, blocksz:64 B, count:4, tlb:128
     L1i$ =32 KiB (2-way assoc, 4 cycles)
     L1d$ =32 KiB (2-way assoc, 4 cycles)
     L2$  =256 KiB (8-way assoc, 12 cycles)
     Comp =Core -> TCU -> L1$ -> L2$

T02: build/gem5-riscv-release/bin/tilemux
     Core =DerivO3CPU riscv @ 2GHz
     TCU  =eps:192, bufsz:2048 B, blocksz:64 B, count:4, tlb:128
     L1i$ =32 KiB (2-way assoc, 4 cycles)
     L1d$ =32 KiB (2-way assoc, 4 cycles)
     L2$  =256 KiB (8-way assoc, 12 cycles)
     Comp =Core -> TCU -> L1$ -> L2$

T03: build/gem5-riscv-release/bin/tilemux
     Core =DerivO3CPU riscv @ 2GHz
     TCU  =eps:192, bufsz:2048 B, blocksz:64 B, count:4, tlb:128
     L1i$ =32 KiB (2-way assoc, 4 cycles)
     L1d$ =32 KiB (2-way assoc, 4 cycles)
     L2$  =256 KiB (8-way assoc, 12 cycles)
     Comp =Core -> TCU -> L1$ -> L2$

T04: build/gem5-riscv-release/bin/tilemux
     Core =DerivO3CPU riscv @ 2GHz
     TCU  =eps:192, bufsz:2048 B, blocksz:64 B, count:4, tlb:128
     L1i$ =32 KiB (2-way assoc, 4 cycles)
     L1d$ =32 KiB (2-way assoc, 4 cycles)
     L2$  =256 KiB (8-way assoc, 12 cycles)
     Comp =Core -> TCU -> L1$ -> L2$

T05: build/gem5-riscv-release/bin/tilemux
     Core =DerivO3CPU riscv @ 2GHz
     TCU  =eps:192, bufsz:2048 B, blocksz:64 B, count:4, tlb:128
     L1i$ =32 KiB (2-way assoc, 4 cycles)
     L1d$ =32 KiB (2-way assoc, 4 cycles)
     L2$  =256 KiB (8-way assoc, 12 cycles)
     Comp =Core -> TCU -> L1$ -> L2$

T06: build/gem5-riscv-release/bin/tilemux
     Core =DerivO3CPU riscv @ 2GHz
     TCU  =eps:192, bufsz:2048 B, blocksz:64 B, count:4, tlb:128
     L1i$ =32 KiB (2-way assoc, 4 cycles)
     L1d$ =32 KiB (2-way assoc, 4 cycles)
     L2$  =256 KiB (8-way assoc, 12 cycles)
     Comp =Core -> TCU -> L1$ -> L2$

T07: build/gem5-riscv-release/bin/tilemux
     Core =DerivO3CPU riscv @ 2GHz
     TCU  =eps:192, bufsz:2048 B, blocksz:64 B, count:4, tlb:128
     L1i$ =32 KiB (2-way assoc, 4 cycles)
     L1d$ =32 KiB (2-way assoc, 4 cycles)
     L2$  =256 KiB (8-way assoc, 12 cycles)
     Comp =Core -> TCU -> L1$ -> L2$

T08: build/gem5-riscv-release/bin/tilemux
     Core =DerivO3CPU riscv @ 2GHz
     TCU  =eps:192, bufsz:2048 B, blocksz:64 B, count:4, tlb:128
     L1i$ =32 KiB (2-way assoc, 4 cycles)
     L1d$ =32 KiB (2-way assoc, 4 cycles)
     L2$  =256 KiB (8-way assoc, 12 cycles)
     Comp =Core -> TCU -> L1$ -> L2$

T09: build/gem5-riscv-release/bin/tilemux
     Core =DerivO3CPU riscv @ 2GHz
     TCU  =eps:192, bufsz:2048 B, blocksz:64 B, count:4, tlb:128
     L1i$ =32 KiB (2-way assoc, 4 cycles)
     L1d$ =32 KiB (2-way assoc, 4 cycles)
     L2$  =256 KiB (8-way assoc, 12 cycles)
     Comp =Core -> TCU -> L1$ -> L2$

T10: build/gem5-riscv-release/bin/tilemux
     Core =DerivO3CPU riscv @ 2GHz
     TCU  =eps:192, bufsz:2048 B, blocksz:64 B, count:4, tlb:128
     L1i$ =32 KiB (2-way assoc, 4 cycles)
     L1d$ =32 KiB (2-way assoc, 4 cycles)
     L2$  =256 KiB (8-way assoc, 12 cycles)
     Comp =Core -> TCU -> L1$ -> L2$

T11: build/gem5-riscv-release/bin/tilemux
     Core =DerivO3CPU riscv @ 2GHz
     TCU  =eps:192, bufsz:2048 B, blocksz:64 B, count:4, tlb:128
     L1i$ =32 KiB (2-way assoc, 4 cycles)
     L1d$ =32 KiB (2-way assoc, 4 cycles)
     L2$  =256 KiB (8-way assoc, 12 cycles)
     Comp =Core -> TCU -> L1$ -> L2$

T12: build/gem5-riscv-release/bin/tilemux
     Core =DerivO3CPU riscv @ 2GHz
     TCU  =eps:192, bufsz:2048 B, blocksz:2048 B, count:4, tlb:0
     imem =32768 KiB
     Comp =Core -> TCU -> SPM

T13: build/gem5-riscv-release/bin/tilemux
     Core =DerivO3CPU riscv @ 2GHz
     TCU  =eps:192, bufsz:2048 B, blocksz:2048 B, count:4, tlb:0
     imem =32768 KiB
     Comp =Core -> TCU -> SPM

T14: build/gem5-riscv-release/bin/tilemux
     Core =DerivO3CPU riscv @ 2GHz
     TCU  =eps:192, bufsz:2048 B, blocksz:2048 B, count:4, tlb:0
     imem =32768 KiB
     Comp =Core -> TCU -> SPM

T15: build/gem5-riscv-release/bin/tilemux
     Core =DerivO3CPU riscv @ 2GHz
     TCU  =eps:192, bufsz:2048 B, blocksz:2048 B, count:4, tlb:0
     imem =32768 KiB
     Comp =Core -> TCU -> SPM

T16: IGbE_e1000
     TCU  =eps:192, bufsz:2048 B, blocksz:2048 B, count:4, tlb:0
     Comp =TCU -> Proxy -> NIC

T17: IGbE_e1000
     TCU  =eps:192, bufsz:2048 B, blocksz:2048 B, count:4, tlb:0
     Comp =TCU -> Proxy -> NIC

T18: rot13 accelerator @ 2GHz
     TCU  =eps:192, bufsz:2048 B, blocksz:2048 B, count:4, tlb:0
     imem =2048 KiB
     Comp =Core -> TCU -> SPM

T19: rot13 accelerator @ 2GHz
     TCU  =eps:192, bufsz:2048 B, blocksz:2048 B, count:4, tlb:0
     imem =2048 KiB
     Comp =Core -> TCU -> SPM

T20: build/gem5-riscv-release/bin/tilemux
     Core =DerivO3CPU riscv @ 2GHz
     TCU  =eps:192, bufsz:2048 B, blocksz:2048 B, count:4, tlb:0
     imem =32768 KiB
     Comp =Core -> TCU -> SPM

T21: SerialInput
     TCU  =eps:192, bufsz:2048 B, blocksz:2048 B, count:4, tlb:0
     Comp =TCU -> SerialInput

T22: build/gem5-riscv-release/bench.img x 1
     TCU  =eps:192, bufsz:2048 B, blocksz:2048 B, count:8, tlb:0
     imem =3145728 KiB
     Comp =TCU -> DRAM

Global frequency set at 1000000000000 ticks per second
warn: No dot file generated. Please install pydot to generate the dot file and pdf.
Gem5 Terminal started; Quit via Ctrl+]
warn: DRAM device capacity (49152 Mbytes) does not match the address range assigned (4096 Mbytes)
platform.com_1.device: Listening for connections on port 3456
0: T00.remote_gdb: listening for remote gdb on port 7000
0: T01.remote_gdb: listening for remote gdb on port 7001
0: T02.remote_gdb: listening for remote gdb on port 7002
0: T03.remote_gdb: listening for remote gdb on port 7003
0: T04.remote_gdb: listening for remote gdb on port 7004
0: T05.remote_gdb: listening for remote gdb on port 7005
0: T06.remote_gdb: listening for remote gdb on port 7006
0: T07.remote_gdb: listening for remote gdb on port 7007
0: T08.remote_gdb: listening for remote gdb on port 7008
0: T09.remote_gdb: listening for remote gdb on port 7009
0: T10.remote_gdb: listening for remote gdb on port 7010
0: T11.remote_gdb: listening for remote gdb on port 7011
0: T12.remote_gdb: listening for remote gdb on port 7012
0: T13.remote_gdb: listening for remote gdb on port 7013
0: T14.remote_gdb: listening for remote gdb on port 7014
0: T15.remote_gdb: listening for remote gdb on port 7015
warn: CoherentXBar T16.xbar has no snooping ports attached!
warn: CoherentXBar T17.xbar has no snooping ports attached!
warn: CoherentXBar T18.xbar has no snooping ports attached!
warn: CoherentXBar T19.xbar has no snooping ports attached!
0: T20.remote_gdb: listening for remote gdb on port 7016
warn: CoherentXBar T21.xbar has no snooping ports attached!
warn: CoherentXBar T22.xbar has no snooping ports attached!
info: Loaded 'boot.xml' to 0x9600000030000000 .. 0x9600000030000321
info: Loaded 'root' to 0x9600000030001000 .. 0x96000000300756e0
info: Loaded 'm3fs' to 0x9600000030076000 .. 0x96000000300cc340
info: Loaded 'pager' to 0x96000000300cd000 .. 0x960000003014bb98
info: Entering event queue @ 0.  Starting simulation...
warn: T20.spm: address out-of-range: 0
warn: T0,PMP-EP65535: invalid EP
warn: T11,PMP-EP65535: invalid EP
warn: T10,PMP-EP65535: invalid EP
warn: T9,PMP-EP65535: invalid EP
warn: T8,PMP-EP65535: invalid EP
warn: T7,PMP-EP65535: invalid EP
warn: T6,PMP-EP65535: invalid EP
warn: T5,PMP-EP65535: invalid EP
warn: T4,PMP-EP65535: invalid EP
warn: T3,PMP-EP65535: invalid EP
warn: T2,PMP-EP65535: invalid EP
warn: T1,PMP-EP65535: invalid EP
warn: T11,PMP-EP65535: invalid EP
warn: T10,PMP-EP65535: invalid EP
warn: T9,PMP-EP65535: invalid EP
warn: T8,PMP-EP65535: invalid EP
warn: T2,PMP-EP65535: invalid EP
warn: T4,PMP-EP65535: invalid EP
warn: T6,PMP-EP65535: invalid EP
warn: T1,PMP-EP65535: invalid EP
warn: T5,PMP-EP65535: invalid EP
warn: T7,PMP-EP65535: invalid EP
warn: T3,PMP-EP65535: invalid EP
warn: T0,PMP-EP65535: invalid EP
[0;31m[T0:kernel  @        215] Entered raw mode; Quit via Ctrl+]
[0mwarn: T11,PMP-EP3: invalid EP
warn: T10,PMP-EP3: invalid EP
warn: T9,PMP-EP3: invalid EP
warn: T6,PMP-EP3: invalid EP
warn: T3,PMP-EP3: invalid EP
warn: T4,PMP-EP3: invalid EP
warn: T8,PMP-EP3: invalid EP
warn: T5,PMP-EP3: invalid EP
warn: T2,PMP-EP3: invalid EP
warn: T7,PMP-EP3: invalid EP
warn: T1,PMP-EP3: invalid EP
warn: T11,PMP-EP65535: invalid EP
warn: T11,PMP-EP65535: invalid EP
warn: T11,PMP-EP65535: invalid EP
warn: T10,PMP-EP65535: invalid EP
warn: T10,PMP-EP65535: invalid EP
warn: T10,PMP-EP65535: invalid EP
warn: T9,PMP-EP65535: invalid EP
warn: T9,PMP-EP65535: invalid EP
warn: T9,PMP-EP65535: invalid EP
warn: T6,PMP-EP65535: invalid EP
warn: T6,PMP-EP65535: invalid EP
warn: T6,PMP-EP65535: invalid EP
warn: T11,PMP-EP65535: invalid EP
warn: T10,PMP-EP65535: invalid EP
warn: T3,PMP-EP65535: invalid EP
warn: T3,PMP-EP65535: invalid EP
warn: T3,PMP-EP65535: invalid EP
warn: T4,PMP-EP65535: invalid EP
warn: T4,PMP-EP65535: invalid EP
warn: T4,PMP-EP65535: invalid EP
warn: T8,PMP-EP65535: invalid EP
warn: T8,PMP-EP65535: invalid EP
warn: T8,PMP-EP65535: invalid EP
warn: T5,PMP-EP65535: invalid EP
warn: T5,PMP-EP65535: invalid EP
warn: T5,PMP-EP65535: invalid EP
warn: T2,PMP-EP65535: invalid EP
warn: T2,PMP-EP65535: invalid EP
warn: T2,PMP-EP65535: invalid EP
warn: T7,PMP-EP65535: invalid EP
warn: T7,PMP-EP65535: invalid EP
warn: T7,PMP-EP65535: invalid EP
warn: T1,PMP-EP65535: invalid EP
warn: T1,PMP-EP65535: invalid EP
warn: T1,PMP-EP65535: invalid EP
warn: T9,PMP-EP65535: invalid EP
warn: T6,PMP-EP65535: invalid EP
warn: T3,PMP-EP65535: invalid EP
warn: T4,PMP-EP65535: invalid EP
warn: T8,PMP-EP65535: invalid EP
warn: T5,PMP-EP65535: invalid EP
warn: T2,PMP-EP65535: invalid EP
warn: T7,PMP-EP65535: invalid EP
warn: T1,PMP-EP65535: invalid EP
[0;31m[T0:kernel  @       1061] Attesting tile: 1
[0m[0;31m[T0:kernel  @       2454] Attestation complete: 1, 2763141 cycles
[0m[0;31m[T0:kernel  @       3089] Attesting tile: 2
[0m[0;31m[T0:kernel  @       4455] Attestation complete: 2, 2726623 cycles
[0m[0;31m[T0:kernel  @       5090] Attesting tile: 3
[0m[0;31m[T0:kernel  @       6455] Attestation complete: 3, 2726063 cycles
[0m[0;31m[T0:kernel  @       7092] Attesting tile: 4
[0m[0;31m[T0:kernel  @       8457] Attestation complete: 4, 2725785 cycles
[0m[0;31m[T0:kernel  @       9091] Attesting tile: 5
[0m[0;31m[T0:kernel  @      10456] Attestation complete: 5, 2725708 cycles
[0m[0;31m[T0:kernel  @      11090] Attesting tile: 6
[0m[0;31m[T0:kernel  @      12455] Attestation complete: 6, 2725662 cycles
[0m[0;31m[T0:kernel  @      13092] Attesting tile: 7
[0m[0;31m[T0:kernel  @      14457] Attestation complete: 7, 2725612 cycles
[0m[0;31m[T0:kernel  @      15091] Attesting tile: 8
[0m[0;31m[T0:kernel  @      16456] Attestation complete: 8, 2725636 cycles
[0m[0;31m[T0:kernel  @      17090] Attesting tile: 9
[0m[0;31m[T0:kernel  @      18455] Attestation complete: 9, 2726175 cycles
[0m[0;31m[T0:kernel  @      19091] Attesting tile: 10
[0m[0;31m[T0:kernel  @      20456] Attestation complete: 10, 2725682 cycles
[0m[0;31m[T0:kernel  @      21091] Attesting tile: 11
[0m[0;31m[T0:kernel  @      22456] Attestation complete: 11, 2725676 cycles
[0m[0;31m[T0:kernel  @      23090] Attesting tile: 12
[0m[0;31m[T0:kernel  @      24455] Attestation complete: 12, 2725637 cycles
[0m[0;31m[T0:kernel  @      25089] Attesting tile: 13
[0m[0;31m[T0:kernel  @      26454] Attestation complete: 13, 2726188 cycles
[0m[0;31m[T0:kernel  @      27088] Attesting tile: 14
[0m[0;31m[T0:kernel  @      28453] Attestation complete: 14, 2725636 cycles
[0m[0;31m[T0:kernel  @      29089] Attesting tile: 15
[0m[0;31m[T0:kernel  @      30454] Attestation complete: 15, 2725682 cycles
[0m[0;31m[T0:kernel  @      31089] Attesting tile: 16
[0m[0;31m[T0:kernel  @      32453] Attestation complete: 16, 2725633 cycles
[0m[0;31m[T0:kernel  @      33088] Attesting tile: 17
[0m[0;31m[T0:kernel  @      34451] Attestation complete: 17, 2722405 cycles
[0m[0;31m[T0:kernel  @      35085] Attesting tile: 18
[0m[0;31m[T0:kernel  @      36448] Attestation complete: 18, 2722379 cycles
[0m[0;31m[T0:kernel  @      37083] Attesting tile: 19
[0m[0;31m[T0:kernel  @      38446] Attestation complete: 19, 2722331 cycles
[0m[0;31m[T0:kernel  @      39085] Attesting tile: 20
[0m[0;31m[T0:kernel  @      40448] Attestation complete: 20, 2722368 cycles
[0m[0;31m[T0:kernel  @      41083] Attesting tile: 21
[0m[0;31m[T0:kernel  @      42446] Attestation complete: 21, 2722376 cycles
[0m[0;31m[T0:kernel  @      42453] Attesting tile: 22
[0m[0;31m[T0:kernel  @      43821] Attestation complete: 22, 2732761 cycles
[0m[0;31m[T0:kernel  @      43824] Attesting tile: 22
[0m[0;31m[T0:kernel  @      45194] Attestation complete: 22, 2736177 cycles
[0m[0;31m[T0:kernel  @      45197] Attesting tile: 22
[0m[0;31m[T0:kernel  @      46567] Attestation complete: 22, 2736605 cycles
[0m[0;31m[T0:kernel  @      46570] Attesting tile: 22
[0m[0;31m[T0:kernel  @      47939] Attestation complete: 22, 2733797 cycles
[0m[0;31m[T0:kernel  @      48323] Kernel is ready!
[0m[0;32m[T1:root    @      49469] Boot modules:
[0m[0;32m[T1:root    @      49499]   Mod[addr: G[Tile22+0x30000000], size: 0x321, name: boot.xml]
[0m[0;32m[T1:root    @      49504]   Mod[addr: G[Tile22+0x30001000], size: 0x746e0, name: root]
[0m[0;32m[T1:root    @      49509]   Mod[addr: G[Tile22+0x30076000], size: 0x56340, name: m3fs]
[0m[0;32m[T1:root    @      49512]   Mod[addr: G[Tile22+0x300cd000], size: 0x7eb98, name: pager]
[0m[0;32m[T1:root    @      49515] Available tiles:
[0m[0;32m[T1:root    @      49538]   Tile01: COMP_EMEM RISCV (empty) 0 KiB memory
[0m[0;32m[T1:root    @      49545]   Tile02: COMP_EMEM RISCV (empty) 0 KiB memory
[0m[0;32m[T1:root    @      49549]   Tile03: COMP_EMEM RISCV (empty) 0 KiB memory
[0m[0;32m[T1:root    @      49552]   Tile04: COMP_EMEM RISCV (empty) 0 KiB memory
[0m[0;32m[T1:root    @      49555]   Tile05: COMP_EMEM RISCV (empty) 0 KiB memory
[0m[0;32m[T1:root    @      49559]   Tile06: COMP_EMEM RISCV (empty) 0 KiB memory
[0m[0;32m[T1:root    @      49563]   Tile07: COMP_EMEM RISCV (empty) 0 KiB memory
[0m[0;32m[T1:root    @      49566]   Tile08: COMP_EMEM RISCV (empty) 0 KiB memory
[0m[0;32m[T1:root    @      49569]   Tile09: COMP_EMEM RISCV (empty) 0 KiB memory
[0m[0;32m[T1:root    @      49573]   Tile10: COMP_EMEM RISCV (empty) 0 KiB memory
[0m[0;32m[T1:root    @      49576]   Tile11: COMP_EMEM RISCV (empty) 0 KiB memory
[0m[0;32m[T1:root    @      49580]   Tile12: COMP_IMEM RISCV (empty) 32768 KiB memory
[0m[0;32m[T1:root    @      49583]   Tile13: COMP_IMEM RISCV (empty) 32768 KiB memory
[0m[0;32m[T1:root    @      49586]   Tile14: COMP_IMEM RISCV (empty) 32768 KiB memory
[0m[0;32m[T1:root    @      49594]   Tile15: COMP_IMEM RISCV (empty) 32768 KiB memory
[0m[0;32m[T1:root    @      49597]   Tile16: COMP_IMEM NIC_DEV (empty) 0 KiB memory
[0m[0;32m[T1:root    @      49601]   Tile17: COMP_IMEM NIC_DEV (empty) 0 KiB memory
[0m[0;32m[T1:root    @      49605]   Tile18: COMP_IMEM ACCEL_ROT13 (empty) 2048 KiB memory
[0m[0;32m[T1:root    @      49608]   Tile19: COMP_IMEM ACCEL_ROT13 (empty) 2048 KiB memory
[0m[0;32m[T1:root    @      49612]   Tile20: COMP_IMEM RISCV KECACC 32768 KiB memory
[0m[0;32m[T1:root    @      49616]   Tile21: COMP_IMEM SERIAL_DEV (empty) 0 KiB memory
[0m[0;32m[T1:root    @      49630] Available memory:
[0m[0;32m[T1:root    @      49646]   MemMod[sel: 30, res: true, addr: G[Tile22+0x0], size: 1200 MiB]
[0m[0;32m[T1:root    @      49651]   MemMod[sel: 31, res: false, addr: G[Tile22+0x4f600000], size: 959 MiB]
[0m[0;32m[T1:root    @      49659] Parsed Config [
[0m[0;32m[T1:root    @      49668]   root [
[0m[0;32m[T1:root    @      49692]     Domain on core [
[0m[0;32m[T1:root    @      49695]       m3fs mem 268435456 [
[0m[0;32m[T1:root    @      49698]         Daemon,
[0m[0;32m[T1:root    @      49709]         PhysMem[addr=0x0, size=0x40000 KiB, perm=R | W | X | RW | RWX],
[0m[0;32m[T1:root    @      49717]         Service[lname='m3fs', gname='m3fs'],
[0m[0;32m[T1:root    @      49720]       ]
[0m[0;32m[T1:root    @      49723]     ]
[0m[0;32m[T1:root    @      49725]     Domain on core [
[0m[0;32m[T1:root    @      49728]       pager 268435456 [
[0m[0;32m[T1:root    @      49732]         PhysMem[addr=0x0, size=0x40000 KiB, perm=R],
[0m[0;32m[T1:root    @      49738]         Session[lname='m3fs', gname='m3fs', arg='', dep=true],
[0m[0;32m[T1:root    @      49744]         Tile[type=boom|core, count=1, optional=false],
[0m[0;32m[T1:root    @      49747]         Domain on boom|core [
[0m[0;32m[T1:root    @      49749]           /bin/encrsyscall [
[0m[0;32m[T1:root    @      49753]             TimeSlice[1000000000 ns],
[0m[0;32m[T1:root    @      49758]             Mount[fs='m3fs', path='/'],
[0m[0;32m[T1:root    @      49761]             Tile[type=boom|core, count=1, optional=false],
[0m[0;32m[T1:root    @      49764]           ]
[0m[0;32m[T1:root    @      49766]         ]
[0m[0;32m[T1:root    @      49768]       ]
[0m[0;32m[T1:root    @      49770]     ]
[0m[0;32m[T1:root    @      49771]   ]
[0m[0;32m[T1:root    @      49772] ]
[0m[0;32m[T1:root    @      49774] 
[0m[0;32m[T1:root    @      51647] Starting boot module 'm3fs' on tile2 with arguments ["mem", "268435456"]
[0m[0;32m[T1:root    @      53595] m3fs: reg_serv(srv_sel=46, sgate_sel=50, name=m3fs, sessions=32)
[0m[0;32m[T1:root    @      53613] Creating service 1:m3fs
[0m[0;32m[T1:root    @      53838] Starting boot module 'pager' on tile3 with arguments ["268435456"]
[0m[0;34m[T3:pager   @      54690] Boot modules:
[0m[0;34m[T3:pager   @      54724]   Mod[addr: G[Tile22+0x77601000], size: 0x203, name: boot.xml]
[0m[0;34m[T3:pager   @      54728] Available tiles:
[0m[0;34m[T3:pager   @      54749]   Tile03: COMP_EMEM RISCV (empty) 0 KiB memory
[0m[0;34m[T3:pager   @      54758]   Tile04: COMP_EMEM RISCV (empty) 0 KiB memory
[0m[0;34m[T3:pager   @      54765] Available memory:
[0m[0;34m[T3:pager   @      54781]   MemMod[sel: 8, res: false, addr: G[Tile22+0x63800000], size: 159 MiB]
[0m[0;32m[T1:root    @      54830] pager: open_sess(dst_sel=59, name=m3fs)
[0m[0;32m[T1:root    @      56461] pager: Ok(8:ALLOC_TILE) failed: NotFound
[0m[0;34m[T3:pager   @      57200] Starting boot module '/bin/encrsyscall' on tile5 with arguments []
[0mRunning test suite bsyscall::run ...

Testing "noop" in src/apps/bench/encrsyscall/src/../../rustbenchs/src/bsyscall.rs:
! src/apps/bench/encrsyscall/src/../../rustbenchs/src/bsyscall.rs:54  PERF "noop": 3344 cycles (+/- 6 cycles with 100 runs)

Testing "activate" in src/apps/bench/encrsyscall/src/../../rustbenchs/src/bsyscall.rs:
! src/apps/bench/encrsyscall/src/../../rustbenchs/src/bsyscall.rs:68  PERF "activate": 15762 cycles (+/- 7 cycles with 100 runs)

Testing "create_mgate" in src/apps/bench/encrsyscall/src/../../rustbenchs/src/bsyscall.rs:
warn: PowerState: More than one power state change request encountered within the same simulation tick
warn: PowerState: More than one power state change request encountered within the same simulation tick
warn: PowerState: More than one power state change request encountered within the same simulation tick
warn: PowerState: More than one power state change request encountered within the same simulation tick
warn: PowerState: More than one power state change request encountered within the same simulation tick
warn: PowerState: More than one power state change request encountered within the same simulation tick
warn: PowerState: More than one power state change request encountered within the same simulation tick
warn: PowerState: More than one power state change request encountered within the same simulation tick
warn: PowerState: More than one power state change request encountered within the same simulation tick
warn: PowerState: More than one power state change request encountered within the same simulation tick
warn: PowerState: More than one power state change request encountered within the same simulation tick
warn: PowerState: More than one power state change request encountered within the same simulation tick
warn: PowerState: More than one power state change request encountered within the same simulation tick
warn: PowerState: More than one power state change request encountered within the same simulation tick
warn: PowerState: More than one power state change request encountered within the same simulation tick
warn: PowerState: More than one power state change request encountered within the same simulation tick
warn: PowerState: More than one power state change request encountered within the same simulation tick
warn: PowerState: More than one power state change request encountered within the same simulation tick
warn: PowerState: More than one power state change request encountered within the same simulation tick
warn: PowerState: More than one power state change request encountered within the same simulation tick
warn: PowerState: More than one power state change request encountered within the same simulation tick
warn: PowerState: More than one power state change request encountered within the same simulation tick
warn: PowerState: More than one power state change request encountered within the same simulation tick
warn: PowerState: More than one power state change request encountered within the same simulation tick
warn: PowerState: More than one power state change request encountered within the same simulation tick
warn: PowerState: More than one power state change request encountered within the same simulation tick
warn: PowerState: More than one power state change request encountered within the same simulation tick
warn: PowerState: More than one power state change request encountered within the same simulation tick
warn: PowerState: More than one power state change request encountered within the same simulation tick
! src/apps/bench/encrsyscall/src/../../rustbenchs/src/bsyscall.rs:110  PERF "create_mgate": 33736 cycles (+/- 185 cycles with 100 runs)

Testing "create_rgate" in src/apps/bench/encrsyscall/src/../../rustbenchs/src/bsyscall.rs:
! src/apps/bench/encrsyscall/src/../../rustbenchs/src/bsyscall.rs:136  PERF "create_rgate": 4031 cycles (+/- 181 cycles with 100 runs)

Testing "create_sgate" in src/apps/bench/encrsyscall/src/../../rustbenchs/src/bsyscall.rs:
! src/apps/bench/encrsyscall/src/../../rustbenchs/src/bsyscall.rs:173  PERF "create_sgate": 4158 cycles (+/- 177 cycles with 100 runs)

Testing "create_map" in src/apps/bench/encrsyscall/src/../../rustbenchs/src/bsyscall.rs:
! src/apps/bench/encrsyscall/src/../../rustbenchs/src/bsyscall.rs:225  PERF "create_map": 10173 cycles (+/- 196 cycles with 100 runs)

Testing "create_srv" in src/apps/bench/encrsyscall/src/../../rustbenchs/src/bsyscall.rs:
! src/apps/bench/encrsyscall/src/../../rustbenchs/src/bsyscall.rs:260  PERF "create_srv": 5247 cycles (+/- 4389 cycles with 100 runs)

Testing "derive_mem" in src/apps/bench/encrsyscall/src/../../rustbenchs/src/bsyscall.rs:
! src/apps/bench/encrsyscall/src/../../rustbenchs/src/bsyscall.rs:299  PERF "derive_mem": 4919 cycles (+/- 4185 cycles with 100 runs)

Testing "exchange" in src/apps/bench/encrsyscall/src/../../rustbenchs/src/bsyscall.rs:
! src/apps/bench/encrsyscall/src/../../rustbenchs/src/bsyscall.rs:341  PERF "exchange": 4589 cycles (+/- 32 cycles with 100 runs)

Testing "revoke_mem_gate" in src/apps/bench/encrsyscall/src/../../rustbenchs/src/bsyscall.rs:
! src/apps/bench/encrsyscall/src/../../rustbenchs/src/bsyscall.rs:374  PERF "revoke_mem_gate": 4493 cycles (+/- 312 cycles with 100 runs)

Testing "revoke_recv_gate" in src/apps/bench/encrsyscall/src/../../rustbenchs/src/bsyscall.rs:
! src/apps/bench/encrsyscall/src/../../rustbenchs/src/bsyscall.rs:400  PERF "revoke_recv_gate": 4402 cycles (+/- 23 cycles with 100 runs)

Testing "revoke_send_gate" in src/apps/bench/encrsyscall/src/../../rustbenchs/src/bsyscall.rs:
! src/apps/bench/encrsyscall/src/../../rustbenchs/src/bsyscall.rs:432  PERF "revoke_send_gate": 4537 cycles (+/- 37 cycles with 100 runs)


[0;32m[T1:root    @      84081] Sending SHUTDOWN to service 1:m3fs
[0m[0;32m[T1:root    @      84150] m3fs: unreg_serv(sel=46)
[0m[0;32m[T1:root    @      84159] Removing service 1:m3fs
[0m[0;32m[T1:root    @      84542] All childs gone. Exiting.
[0m[0;31m[T0:kernel  @      84727] Shutting down
[0mExiting @ tick 84750208000 because m5_exit instruction encountered
