Building for gem5-riscv-release...
ninja: no work to do.
run/boot-all.xml validates
warn: <orphan SpuSystem>.etherlink already has parent (Previously declared as <orphan SpuSystem>.etherlink).
	Note: etherlink is not a parameter of SpuSystem
gem5 Simulator System.  http://gem5.org
gem5 is copyrighted software; use the --copyright option for details.

gem5 version 21.0.0.0
gem5 compiled Nov 12 2023 11:15:32
gem5 started Nov 12 2023 11:17:43
gem5 executing on graham, pid 2352824
command line: platform/gem5/build/RISCV/gem5.opt --outdir=run --debug-file=gem5.log --debug-flags=Tcu config/default.py --cpu-type DerivO3CPU --isa riscv --cmd 'build/gem5-riscv-release/bin/kernel -f build/gem5-riscv-release/bench.img,build/gem5-riscv-release/bin/tilemux,build/gem5-riscv-release/bin/tilemux,build/gem5-riscv-release/bin/tilemux,build/gem5-riscv-release/bin/tilemux,build/gem5-riscv-release/bin/tilemux,build/gem5-riscv-release/bin/tilemux,build/gem5-riscv-release/bin/tilemux,build/gem5-riscv-release/bin/tilemux,build/gem5-riscv-release/bin/tilemux,build/gem5-riscv-release/bin/tilemux,build/gem5-riscv-release/bin/tilemux,build/gem5-riscv-release/bin/tilemux,build/gem5-riscv-release/bin/tilemux,build/gem5-riscv-release/bin/tilemux,build/gem5-riscv-release/bin/tilemux,' --mods run/boot.xml,build/gem5-riscv-release/bin/root,build/gem5-riscv-release/bin/m3fs,build/gem5-riscv-release/bin/pager --cpu-clock=2GHz --sys-clock=2GHz --encr-latency=0 --par-pipe=1 --int-transfer-latency=0 --rng-latency=0 --sign-latency=0 --sign-ver-latency=0

T00: build/gem5-riscv-release/bin/kernel -f build/gem5-riscv-release/bench.img
     Core =DerivO3CPU riscv @ 2GHz
     TCU  =eps:192, bufsz:2048 B, blocksz:64 B, count:4, tlb:128
     L1i$ =32 KiB (2-way assoc, 4 cycles)
     L1d$ =32 KiB (2-way assoc, 4 cycles)
     L2$  =256 KiB (8-way assoc, 12 cycles)
     Comp =Core -> TCU -> L1$ -> L2$

T01: build/gem5-riscv-release/bin/tilemux
     Core =DerivO3CPU riscv @ 2GHz
     TCU  =eps:192, bufsz:2048 B, blocksz:64 B, count:4, tlb:128
     L1i$ =32 KiB (2-way assoc, 4 cycles)
     L1d$ =32 KiB (2-way assoc, 4 cycles)
     L2$  =256 KiB (8-way assoc, 12 cycles)
     Comp =Core -> TCU -> L1$ -> L2$

T02: build/gem5-riscv-release/bin/tilemux
     Core =DerivO3CPU riscv @ 2GHz
     TCU  =eps:192, bufsz:2048 B, blocksz:64 B, count:4, tlb:128
     L1i$ =32 KiB (2-way assoc, 4 cycles)
     L1d$ =32 KiB (2-way assoc, 4 cycles)
     L2$  =256 KiB (8-way assoc, 12 cycles)
     Comp =Core -> TCU -> L1$ -> L2$

T03: build/gem5-riscv-release/bin/tilemux
     Core =DerivO3CPU riscv @ 2GHz
     TCU  =eps:192, bufsz:2048 B, blocksz:64 B, count:4, tlb:128
     L1i$ =32 KiB (2-way assoc, 4 cycles)
     L1d$ =32 KiB (2-way assoc, 4 cycles)
     L2$  =256 KiB (8-way assoc, 12 cycles)
     Comp =Core -> TCU -> L1$ -> L2$

T04: build/gem5-riscv-release/bin/tilemux
     Core =DerivO3CPU riscv @ 2GHz
     TCU  =eps:192, bufsz:2048 B, blocksz:64 B, count:4, tlb:128
     L1i$ =32 KiB (2-way assoc, 4 cycles)
     L1d$ =32 KiB (2-way assoc, 4 cycles)
     L2$  =256 KiB (8-way assoc, 12 cycles)
     Comp =Core -> TCU -> L1$ -> L2$

T05: build/gem5-riscv-release/bin/tilemux
     Core =DerivO3CPU riscv @ 2GHz
     TCU  =eps:192, bufsz:2048 B, blocksz:64 B, count:4, tlb:128
     L1i$ =32 KiB (2-way assoc, 4 cycles)
     L1d$ =32 KiB (2-way assoc, 4 cycles)
     L2$  =256 KiB (8-way assoc, 12 cycles)
     Comp =Core -> TCU -> L1$ -> L2$

T06: build/gem5-riscv-release/bin/tilemux
     Core =DerivO3CPU riscv @ 2GHz
     TCU  =eps:192, bufsz:2048 B, blocksz:64 B, count:4, tlb:128
     L1i$ =32 KiB (2-way assoc, 4 cycles)
     L1d$ =32 KiB (2-way assoc, 4 cycles)
     L2$  =256 KiB (8-way assoc, 12 cycles)
     Comp =Core -> TCU -> L1$ -> L2$

T07: build/gem5-riscv-release/bin/tilemux
     Core =DerivO3CPU riscv @ 2GHz
     TCU  =eps:192, bufsz:2048 B, blocksz:64 B, count:4, tlb:128
     L1i$ =32 KiB (2-way assoc, 4 cycles)
     L1d$ =32 KiB (2-way assoc, 4 cycles)
     L2$  =256 KiB (8-way assoc, 12 cycles)
     Comp =Core -> TCU -> L1$ -> L2$

T08: build/gem5-riscv-release/bin/tilemux
     Core =DerivO3CPU riscv @ 2GHz
     TCU  =eps:192, bufsz:2048 B, blocksz:64 B, count:4, tlb:128
     L1i$ =32 KiB (2-way assoc, 4 cycles)
     L1d$ =32 KiB (2-way assoc, 4 cycles)
     L2$  =256 KiB (8-way assoc, 12 cycles)
     Comp =Core -> TCU -> L1$ -> L2$

T09: build/gem5-riscv-release/bin/tilemux
     Core =DerivO3CPU riscv @ 2GHz
     TCU  =eps:192, bufsz:2048 B, blocksz:64 B, count:4, tlb:128
     L1i$ =32 KiB (2-way assoc, 4 cycles)
     L1d$ =32 KiB (2-way assoc, 4 cycles)
     L2$  =256 KiB (8-way assoc, 12 cycles)
     Comp =Core -> TCU -> L1$ -> L2$

T10: build/gem5-riscv-release/bin/tilemux
     Core =DerivO3CPU riscv @ 2GHz
     TCU  =eps:192, bufsz:2048 B, blocksz:64 B, count:4, tlb:128
     L1i$ =32 KiB (2-way assoc, 4 cycles)
     L1d$ =32 KiB (2-way assoc, 4 cycles)
     L2$  =256 KiB (8-way assoc, 12 cycles)
     Comp =Core -> TCU -> L1$ -> L2$

T11: build/gem5-riscv-release/bin/tilemux
     Core =DerivO3CPU riscv @ 2GHz
     TCU  =eps:192, bufsz:2048 B, blocksz:64 B, count:4, tlb:128
     L1i$ =32 KiB (2-way assoc, 4 cycles)
     L1d$ =32 KiB (2-way assoc, 4 cycles)
     L2$  =256 KiB (8-way assoc, 12 cycles)
     Comp =Core -> TCU -> L1$ -> L2$

T12: build/gem5-riscv-release/bin/tilemux
     Core =DerivO3CPU riscv @ 2GHz
     TCU  =eps:192, bufsz:2048 B, blocksz:2048 B, count:4, tlb:0
     imem =32768 KiB
     Comp =Core -> TCU -> SPM

T13: build/gem5-riscv-release/bin/tilemux
     Core =DerivO3CPU riscv @ 2GHz
     TCU  =eps:192, bufsz:2048 B, blocksz:2048 B, count:4, tlb:0
     imem =32768 KiB
     Comp =Core -> TCU -> SPM

T14: build/gem5-riscv-release/bin/tilemux
     Core =DerivO3CPU riscv @ 2GHz
     TCU  =eps:192, bufsz:2048 B, blocksz:2048 B, count:4, tlb:0
     imem =32768 KiB
     Comp =Core -> TCU -> SPM

T15: build/gem5-riscv-release/bin/tilemux
     Core =DerivO3CPU riscv @ 2GHz
     TCU  =eps:192, bufsz:2048 B, blocksz:2048 B, count:4, tlb:0
     imem =32768 KiB
     Comp =Core -> TCU -> SPM

T16: IGbE_e1000
     TCU  =eps:192, bufsz:2048 B, blocksz:2048 B, count:4, tlb:0
     Comp =TCU -> Proxy -> NIC

T17: IGbE_e1000
     TCU  =eps:192, bufsz:2048 B, blocksz:2048 B, count:4, tlb:0
     Comp =TCU -> Proxy -> NIC

T18: rot13 accelerator @ 2GHz
     TCU  =eps:192, bufsz:2048 B, blocksz:2048 B, count:4, tlb:0
     imem =2048 KiB
     Comp =Core -> TCU -> SPM

T19: rot13 accelerator @ 2GHz
     TCU  =eps:192, bufsz:2048 B, blocksz:2048 B, count:4, tlb:0
     imem =2048 KiB
     Comp =Core -> TCU -> SPM

T20: build/gem5-riscv-release/bin/tilemux
     Core =DerivO3CPU riscv @ 2GHz
     TCU  =eps:192, bufsz:2048 B, blocksz:2048 B, count:4, tlb:0
     imem =32768 KiB
     Comp =Core -> TCU -> SPM

T21: SerialInput
     TCU  =eps:192, bufsz:2048 B, blocksz:2048 B, count:4, tlb:0
     Comp =TCU -> SerialInput

T22: build/gem5-riscv-release/bench.img x 1
     TCU  =eps:192, bufsz:2048 B, blocksz:2048 B, count:8, tlb:0
     imem =3145728 KiB
     Comp =TCU -> DRAM

Global frequency set at 1000000000000 ticks per second
warn: No dot file generated. Please install pydot to generate the dot file and pdf.
Gem5 Terminal started; Quit via Ctrl+]
warn: DRAM device capacity (49152 Mbytes) does not match the address range assigned (4096 Mbytes)
platform.com_1.device: Listening for connections on port 3456
0: T00.remote_gdb: listening for remote gdb on port 7000
0: T01.remote_gdb: listening for remote gdb on port 7001
0: T02.remote_gdb: listening for remote gdb on port 7002
0: T03.remote_gdb: listening for remote gdb on port 7003
0: T04.remote_gdb: listening for remote gdb on port 7004
0: T05.remote_gdb: listening for remote gdb on port 7005
0: T06.remote_gdb: listening for remote gdb on port 7006
0: T07.remote_gdb: listening for remote gdb on port 7007
0: T08.remote_gdb: listening for remote gdb on port 7008
0: T09.remote_gdb: listening for remote gdb on port 7009
0: T10.remote_gdb: listening for remote gdb on port 7010
0: T11.remote_gdb: listening for remote gdb on port 7011
0: T12.remote_gdb: listening for remote gdb on port 7012
0: T13.remote_gdb: listening for remote gdb on port 7013
0: T14.remote_gdb: listening for remote gdb on port 7014
0: T15.remote_gdb: listening for remote gdb on port 7015
warn: CoherentXBar T16.xbar has no snooping ports attached!
warn: CoherentXBar T17.xbar has no snooping ports attached!
warn: CoherentXBar T18.xbar has no snooping ports attached!
warn: CoherentXBar T19.xbar has no snooping ports attached!
0: T20.remote_gdb: listening for remote gdb on port 7016
warn: CoherentXBar T21.xbar has no snooping ports attached!
warn: CoherentXBar T22.xbar has no snooping ports attached!
info: Loaded 'boot.xml' to 0x9600000030000000 .. 0x9600000030000321
info: Loaded 'root' to 0x9600000030001000 .. 0x96000000300766e0
info: Loaded 'm3fs' to 0x9600000030077000 .. 0x96000000300cd2d0
info: Loaded 'pager' to 0x96000000300ce000 .. 0x960000003014dbd0
info: Entering event queue @ 0.  Starting simulation...
warn: T20.spm: address out-of-range: 0
warn: T0,PMP-EP65535: invalid EP
warn: T11,PMP-EP65535: invalid EP
warn: T10,PMP-EP65535: invalid EP
warn: T9,PMP-EP65535: invalid EP
warn: T8,PMP-EP65535: invalid EP
warn: T7,PMP-EP65535: invalid EP
warn: T6,PMP-EP65535: invalid EP
warn: T5,PMP-EP65535: invalid EP
warn: T4,PMP-EP65535: invalid EP
warn: T3,PMP-EP65535: invalid EP
warn: T2,PMP-EP65535: invalid EP
warn: T1,PMP-EP65535: invalid EP
warn: T9,PMP-EP65535: invalid EP
warn: T11,PMP-EP65535: invalid EP
warn: T10,PMP-EP65535: invalid EP
warn: T8,PMP-EP65535: invalid EP
warn: T7,PMP-EP65535: invalid EP
warn: T6,PMP-EP65535: invalid EP
warn: T2,PMP-EP65535: invalid EP
warn: T4,PMP-EP65535: invalid EP
warn: T3,PMP-EP65535: invalid EP
warn: T5,PMP-EP65535: invalid EP
warn: T1,PMP-EP65535: invalid EP
warn: T0,PMP-EP3: invalid EP
warn: T0,PMP-EP65535: invalid EP
[0;31m[T0:kernel  @        129] Entered raw mode; Quit via Ctrl+]
[0mwarn: T11,PMP-EP65535: invalid EP
warn: T11,PMP-EP65535: invalid EP
warn: T11,PMP-EP65535: invalid EP
warn: T10,PMP-EP65535: invalid EP
warn: T10,PMP-EP65535: invalid EP
warn: T10,PMP-EP65535: invalid EP
warn: T9,PMP-EP65535: invalid EP
warn: T9,PMP-EP65535: invalid EP
warn: T9,PMP-EP65535: invalid EP
warn: T11,PMP-EP65535: invalid EP
warn: T1,PMP-EP65535: invalid EP
warn: T1,PMP-EP65535: invalid EP
warn: T1,PMP-EP65535: invalid EP
warn: T10,PMP-EP65535: invalid EP
warn: T2,PMP-EP65535: invalid EP
warn: T2,PMP-EP65535: invalid EP
warn: T2,PMP-EP65535: invalid EP
warn: T6,PMP-EP65535: invalid EP
warn: T6,PMP-EP65535: invalid EP
warn: T6,PMP-EP65535: invalid EP
warn: T9,PMP-EP65535: invalid EP
warn: T8,PMP-EP65535: invalid EP
warn: T8,PMP-EP65535: invalid EP
warn: T8,PMP-EP65535: invalid EP
warn: T7,PMP-EP65535: invalid EP
warn: T7,PMP-EP65535: invalid EP
warn: T7,PMP-EP65535: invalid EP
warn: T1,PMP-EP65535: invalid EP
warn: T2,PMP-EP65535: invalid EP
warn: T6,PMP-EP65535: invalid EP
warn: T4,PMP-EP65535: invalid EP
warn: T4,PMP-EP65535: invalid EP
warn: T4,PMP-EP65535: invalid EP
warn: T8,PMP-EP65535: invalid EP
warn: T5,PMP-EP65535: invalid EP
warn: T5,PMP-EP65535: invalid EP
warn: T5,PMP-EP65535: invalid EP
warn: T3,PMP-EP65535: invalid EP
warn: T3,PMP-EP65535: invalid EP
warn: T3,PMP-EP65535: invalid EP
warn: T7,PMP-EP65535: invalid EP
warn: T4,PMP-EP65535: invalid EP
warn: T5,PMP-EP65535: invalid EP
warn: T3,PMP-EP65535: invalid EP
[0;31m[T0:kernel  @        849] Attesting tile: 1
[0m[0;31m[T0:kernel  @       5321] Attestation complete: 1, 8937781 cycles
[0m[0;31m[T0:kernel  @       5951] Attesting tile: 2
[0m[0;31m[T0:kernel  @      10419] Attestation complete: 2, 8932810 cycles
[0m[0;31m[T0:kernel  @      11048] Attesting tile: 3
[0m[0;31m[T0:kernel  @      15516] Attestation complete: 3, 8931593 cycles
[0m[0;31m[T0:kernel  @      16145] Attesting tile: 4
[0m[0;31m[T0:kernel  @      20612] Attestation complete: 4, 8931483 cycles
[0m[0;31m[T0:kernel  @      21241] Attesting tile: 5
[0m[0;31m[T0:kernel  @      25708] Attestation complete: 5, 8931131 cycles
[0m[0;31m[T0:kernel  @      26337] Attesting tile: 6
[0m[0;31m[T0:kernel  @      30804] Attestation complete: 6, 8931162 cycles
[0m[0;31m[T0:kernel  @      31433] Attesting tile: 7
[0m[0;31m[T0:kernel  @      35900] Attestation complete: 7, 8930998 cycles
[0m[0;31m[T0:kernel  @      36528] Attesting tile: 8
[0m[0;31m[T0:kernel  @      40996] Attestation complete: 8, 8931082 cycles
[0m[0;31m[T0:kernel  @      41624] Attesting tile: 9
[0m[0;31m[T0:kernel  @      46092] Attestation complete: 9, 8930971 cycles
[0m[0;31m[T0:kernel  @      46720] Attesting tile: 10
[0m[0;31m[T0:kernel  @      51188] Attestation complete: 10, 8931255 cycles
[0m[0;31m[T0:kernel  @      51816] Attesting tile: 11
[0m[0;31m[T0:kernel  @      56284] Attestation complete: 11, 8930994 cycles
[0m[0;31m[T0:kernel  @      56912] Attesting tile: 12
[0m[0;31m[T0:kernel  @      61379] Attestation complete: 12, 8930924 cycles
[0m[0;31m[T0:kernel  @      62008] Attesting tile: 13
[0m[0;31m[T0:kernel  @      66475] Attestation complete: 13, 8931089 cycles
[0m[0;31m[T0:kernel  @      67104] Attesting tile: 14
[0m[0;31m[T0:kernel  @      71571] Attestation complete: 14, 8931026 cycles
[0m[0;31m[T0:kernel  @      72199] Attesting tile: 15
[0m[0;31m[T0:kernel  @      76667] Attestation complete: 15, 8931026 cycles
[0m[0;31m[T0:kernel  @      77295] Attesting tile: 16
[0m[0;31m[T0:kernel  @      81763] Attestation complete: 16, 8931011 cycles
[0m[0;31m[T0:kernel  @      82391] Attesting tile: 17
[0m[0;31m[T0:kernel  @      86858] Attestation complete: 17, 8930669 cycles
[0m[0;31m[T0:kernel  @      87487] Attesting tile: 18
[0m[0;31m[T0:kernel  @      91954] Attestation complete: 18, 8930817 cycles
[0m[0;31m[T0:kernel  @      92582] Attesting tile: 19
[0m[0;31m[T0:kernel  @      97050] Attestation complete: 19, 8930942 cycles
[0m[0;31m[T0:kernel  @      97678] Attesting tile: 20
[0m[0;31m[T0:kernel  @     102145] Attestation complete: 20, 8930876 cycles
[0m[0;31m[T0:kernel  @     102774] Attesting tile: 21
[0m[0;31m[T0:kernel  @     107241] Attestation complete: 21, 8930631 cycles
[0m[0;31m[T0:kernel  @     107245] Attesting tile: 22
[0m[0;31m[T0:kernel  @     111714] Attestation complete: 22, 8934307 cycles
[0m[0;31m[T0:kernel  @     111717] Attesting tile: 22
[0m[0;31m[T0:kernel  @     116185] Attestation complete: 22, 8933279 cycles
[0m[0;31m[T0:kernel  @     116188] Attesting tile: 22
[0m[0;31m[T0:kernel  @     120656] Attestation complete: 22, 8932863 cycles
[0m[0;31m[T0:kernel  @     120659] Attesting tile: 22
[0m[0;31m[T0:kernel  @     125127] Attestation complete: 22, 8932756 cycles
[0m[0;31m[T0:kernel  @     125170] Kernel is ready!
[0m[0;32m[T1:root    @     125418] Boot modules:
[0m[0;32m[T1:root    @     125425]   Mod[addr: G[Tile22+0x30000000], size: 0x321, name: boot.xml]
[0m[0;32m[T1:root    @     125428]   Mod[addr: G[Tile22+0x30001000], size: 0x756e0, name: root]
[0m[0;32m[T1:root    @     125432]   Mod[addr: G[Tile22+0x30077000], size: 0x562d0, name: m3fs]
[0m[0;32m[T1:root    @     125435]   Mod[addr: G[Tile22+0x300ce000], size: 0x7fbd0, name: pager]
[0m[0;32m[T1:root    @     125437] Available tiles:
[0m[0;32m[T1:root    @     125441]   Tile01: COMP_EMEM RISCV (empty) 0 KiB memory
[0m[0;32m[T1:root    @     125445]   Tile02: COMP_EMEM RISCV (empty) 0 KiB memory
[0m[0;32m[T1:root    @     125448]   Tile03: COMP_EMEM RISCV (empty) 0 KiB memory
[0m[0;32m[T1:root    @     125451]   Tile04: COMP_EMEM RISCV (empty) 0 KiB memory
[0m[0;32m[T1:root    @     125454]   Tile05: COMP_EMEM RISCV (empty) 0 KiB memory
[0m[0;32m[T1:root    @     125458]   Tile06: COMP_EMEM RISCV (empty) 0 KiB memory
[0m[0;32m[T1:root    @     125461]   Tile07: COMP_EMEM RISCV (empty) 0 KiB memory
[0m[0;32m[T1:root    @     125464]   Tile08: COMP_EMEM RISCV (empty) 0 KiB memory
[0m[0;32m[T1:root    @     125467]   Tile09: COMP_EMEM RISCV (empty) 0 KiB memory
[0m[0;32m[T1:root    @     125471]   Tile10: COMP_EMEM RISCV (empty) 0 KiB memory
[0m[0;32m[T1:root    @     125474]   Tile11: COMP_EMEM RISCV (empty) 0 KiB memory
[0m[0;32m[T1:root    @     125477]   Tile12: COMP_IMEM RISCV (empty) 32768 KiB memory
[0m[0;32m[T1:root    @     125480]   Tile13: COMP_IMEM RISCV (empty) 32768 KiB memory
[0m[0;32m[T1:root    @     125482]   Tile14: COMP_IMEM RISCV (empty) 32768 KiB memory
[0m[0;32m[T1:root    @     125487]   Tile15: COMP_IMEM RISCV (empty) 32768 KiB memory
[0m[0;32m[T1:root    @     125490]   Tile16: COMP_IMEM NIC_DEV (empty) 0 KiB memory
[0m[0;32m[T1:root    @     125493]   Tile17: COMP_IMEM NIC_DEV (empty) 0 KiB memory
[0m[0;32m[T1:root    @     125497]   Tile18: COMP_IMEM ACCEL_ROT13 (empty) 2048 KiB memory
[0m[0;32m[T1:root    @     125500]   Tile19: COMP_IMEM ACCEL_ROT13 (empty) 2048 KiB memory
[0m[0;32m[T1:root    @     125503]   Tile20: COMP_IMEM RISCV KECACC 32768 KiB memory
[0m[0;32m[T1:root    @     125506]   Tile21: COMP_IMEM SERIAL_DEV (empty) 0 KiB memory
[0m[0;32m[T1:root    @     125510] Available memory:
[0m[0;32m[T1:root    @     125515]   MemMod[sel: 30, res: true, addr: G[Tile22+0x0], size: 1200 MiB]
[0m[0;32m[T1:root    @     125519]   MemMod[sel: 31, res: false, addr: G[Tile22+0x4f600000], size: 959 MiB]
[0m[0;32m[T1:root    @     125521] Parsed Config [
[0m[0;32m[T1:root    @     125524]   root [
[0m[0;32m[T1:root    @     125528]     Domain on core [
[0m[0;32m[T1:root    @     125531]       m3fs mem 268435456 [
[0m[0;32m[T1:root    @     125533]         Daemon,
[0m[0;32m[T1:root    @     125537]         PhysMem[addr=0x0, size=0x40000 KiB, perm=R | W | X | RW | RWX],
[0m[0;32m[T1:root    @     125540]         Service[lname='m3fs', gname='m3fs'],
[0m[0;32m[T1:root    @     125542]       ]
[0m[0;32m[T1:root    @     125544]     ]
[0m[0;32m[T1:root    @     125546]     Domain on core [
[0m[0;32m[T1:root    @     125548]       pager 268435456 [
[0m[0;32m[T1:root    @     125552]         PhysMem[addr=0x0, size=0x40000 KiB, perm=R],
[0m[0;32m[T1:root    @     125555]         Session[lname='m3fs', gname='m3fs', arg='', dep=true],
[0m[0;32m[T1:root    @     125559]         Tile[type=boom|core, count=1, optional=false],
[0m[0;32m[T1:root    @     125561]         Domain on boom|core [
[0m[0;32m[T1:root    @     125564]           /bin/encrsyscall [
[0m[0;32m[T1:root    @     125566]             TimeSlice[1000000000 ns],
[0m[0;32m[T1:root    @     125569]             Mount[fs='m3fs', path='/'],
[0m[0;32m[T1:root    @     125573]             Tile[type=boom|core, count=1, optional=false],
[0m[0;32m[T1:root    @     125575]           ]
[0m[0;32m[T1:root    @     125577]         ]
[0m[0;32m[T1:root    @     125578]       ]
[0m[0;32m[T1:root    @     125580]     ]
[0m[0;32m[T1:root    @     125581]   ]
[0m[0;32m[T1:root    @     125583] ]
[0m[0;32m[T1:root    @     125584] 
[0m[0;32m[T1:root    @     126011] Starting boot module 'm3fs' on tile2 with arguments ["mem", "268435456"]
[0m[0;32m[T1:root    @     126584] m3fs: reg_serv(srv_sel=46, sgate_sel=50, name=m3fs, sessions=32)
[0m[0;32m[T1:root    @     126589] Creating service 1:m3fs
[0m[0;32m[T1:root    @     126654] Starting boot module 'pager' on tile3 with arguments ["268435456"]
[0m[0;34m[T3:pager   @     126910] Boot modules:
[0m[0;34m[T3:pager   @     126917]   Mod[addr: G[Tile22+0x77601000], size: 0x203, name: boot.xml]
[0m[0;34m[T3:pager   @     126919] Available tiles:
[0m[0;34m[T3:pager   @     126923]   Tile03: COMP_EMEM RISCV (empty) 0 KiB memory
[0m[0;34m[T3:pager   @     126927]   Tile04: COMP_EMEM RISCV (empty) 0 KiB memory
[0m[0;34m[T3:pager   @     126930] Available memory:
[0m[0;34m[T3:pager   @     126935]   MemMod[sel: 8, res: false, addr: G[Tile22+0x63800000], size: 159 MiB]
[0m[0;32m[T1:root    @     126944] pager: open_sess(dst_sel=59, name=m3fs)
[0mwarn: PowerState: More than one power state change request encountered within the same simulation tick
[0;32m[T1:root    @     127444] pager: Ok(8:ALLOC_TILE) failed: NotFound
[0m[0;34m[T3:pager   @     127587] Starting boot module '/bin/encrsyscall' on tile5 with arguments []
[0mRunning test suite bsyscall::run ...

Testing "noop" in src/apps/bench/encrsyscall/src/../../rustbenchs/src/bsyscall.rs:
! src/apps/bench/encrsyscall/src/../../rustbenchs/src/bsyscall.rs:54  PERF "noop": 293 cycles (+/- 7 cycles with 100 runs)

Testing "activate" in src/apps/bench/encrsyscall/src/../../rustbenchs/src/bsyscall.rs:
! src/apps/bench/encrsyscall/src/../../rustbenchs/src/bsyscall.rs:68  PERF "activate": 1999 cycles (+/- 8 cycles with 100 runs)

Testing "create_mgate" in src/apps/bench/encrsyscall/src/../../rustbenchs/src/bsyscall.rs:
! src/apps/bench/encrsyscall/src/../../rustbenchs/src/bsyscall.rs:110  PERF "create_mgate": 3196 cycles (+/- 107 cycles with 100 runs)

Testing "create_rgate" in src/apps/bench/encrsyscall/src/../../rustbenchs/src/bsyscall.rs:
! src/apps/bench/encrsyscall/src/../../rustbenchs/src/bsyscall.rs:136  PERF "create_rgate": 971 cycles (+/- 101 cycles with 100 runs)

Testing "create_sgate" in src/apps/bench/encrsyscall/src/../../rustbenchs/src/bsyscall.rs:
! src/apps/bench/encrsyscall/src/../../rustbenchs/src/bsyscall.rs:173  PERF "create_sgate": 1032 cycles (+/- 104 cycles with 100 runs)

Testing "create_map" in src/apps/bench/encrsyscall/src/../../rustbenchs/src/bsyscall.rs:
! src/apps/bench/encrsyscall/src/../../rustbenchs/src/bsyscall.rs:225  PERF "create_map": 3814 cycles (+/- 85 cycles with 100 runs)

Testing "create_srv" in src/apps/bench/encrsyscall/src/../../rustbenchs/src/bsyscall.rs:
! src/apps/bench/encrsyscall/src/../../rustbenchs/src/bsyscall.rs:260  PERF "create_srv": 1781 cycles (+/- 954 cycles with 100 runs)

Testing "derive_mem" in src/apps/bench/encrsyscall/src/../../rustbenchs/src/bsyscall.rs:
warn: PowerState: More than one power state change request encountered within the same simulation tick
warn: PowerState: More than one power state change request encountered within the same simulation tick
warn: PowerState: More than one power state change request encountered within the same simulation tick
warn: PowerState: More than one power state change request encountered within the same simulation tick
warn: PowerState: More than one power state change request encountered within the same simulation tick
warn: PowerState: More than one power state change request encountered within the same simulation tick
warn: PowerState: More than one power state change request encountered within the same simulation tick
warn: PowerState: More than one power state change request encountered within the same simulation tick
warn: PowerState: More than one power state change request encountered within the same simulation tick
warn: PowerState: More than one power state change request encountered within the same simulation tick
warn: PowerState: More than one power state change request encountered within the same simulation tick
warn: PowerState: More than one power state change request encountered within the same simulation tick
warn: PowerState: More than one power state change request encountered within the same simulation tick
warn: PowerState: More than one power state change request encountered within the same simulation tick
warn: PowerState: More than one power state change request encountered within the same simulation tick
warn: PowerState: More than one power state change request encountered within the same simulation tick
warn: PowerState: More than one power state change request encountered within the same simulation tick
warn: PowerState: More than one power state change request encountered within the same simulation tick
warn: PowerState: More than one power state change request encountered within the same simulation tick
warn: PowerState: More than one power state change request encountered within the same simulation tick
warn: PowerState: More than one power state change request encountered within the same simulation tick
warn: PowerState: More than one power state change request encountered within the same simulation tick
warn: PowerState: More than one power state change request encountered within the same simulation tick
warn: PowerState: More than one power state change request encountered within the same simulation tick
warn: PowerState: More than one power state change request encountered within the same simulation tick
warn: PowerState: More than one power state change request encountered within the same simulation tick
warn: PowerState: More than one power state change request encountered within the same simulation tick
warn: PowerState: More than one power state change request encountered within the same simulation tick
warn: PowerState: More than one power state change request encountered within the same simulation tick
warn: PowerState: More than one power state change request encountered within the same simulation tick
warn: PowerState: More than one power state change request encountered within the same simulation tick
warn: PowerState: More than one power state change request encountered within the same simulation tick
warn: PowerState: More than one power state change request encountered within the same simulation tick
warn: PowerState: More than one power state change request encountered within the same simulation tick
warn: PowerState: More than one power state change request encountered within the same simulation tick
warn: PowerState: More than one power state change request encountered within the same simulation tick
warn: PowerState: More than one power state change request encountered within the same simulation tick
warn: PowerState: More than one power state change request encountered within the same simulation tick
warn: PowerState: More than one power state change request encountered within the same simulation tick
warn: PowerState: More than one power state change request encountered within the same simulation tick
warn: PowerState: More than one power state change request encountered within the same simulation tick
warn: PowerState: More than one power state change request encountered within the same simulation tick
warn: PowerState: More than one power state change request encountered within the same simulation tick
warn: PowerState: More than one power state change request encountered within the same simulation tick
warn: PowerState: More than one power state change request encountered within the same simulation tick
warn: PowerState: More than one power state change request encountered within the same simulation tick
warn: PowerState: More than one power state change request encountered within the same simulation tick
warn: PowerState: More than one power state change request encountered within the same simulation tick
warn: PowerState: More than one power state change request encountered within the same simulation tick
warn: PowerState: More than one power state change request encountered within the same simulation tick
warn: PowerState: More than one power state change request encountered within the same simulation tick
warn: PowerState: More than one power state change request encountered within the same simulation tick
warn: PowerState: More than one power state change request encountered within the same simulation tick
warn: PowerState: More than one power state change request encountered within the same simulation tick
warn: PowerState: More than one power state change request encountered within the same simulation tick
warn: PowerState: More than one power state change request encountered within the same simulation tick
warn: PowerState: More than one power state change request encountered within the same simulation tick
warn: PowerState: More than one power state change request encountered within the same simulation tick
warn: PowerState: More than one power state change request encountered within the same simulation tick
warn: PowerState: More than one power state change request encountered within the same simulation tick
warn: PowerState: More than one power state change request encountered within the same simulation tick
warn: PowerState: More than one power state change request encountered within the same simulation tick
warn: PowerState: More than one power state change request encountered within the same simulation tick
! src/apps/bench/encrsyscall/src/../../rustbenchs/src/bsyscall.rs:299  PERF "derive_mem": 1512 cycles (+/- 854 cycles with 100 runs)

Testing "exchange" in src/apps/bench/encrsyscall/src/../../rustbenchs/src/bsyscall.rs:
! src/apps/bench/encrsyscall/src/../../rustbenchs/src/bsyscall.rs:341  PERF "exchange": 1354 cycles (+/- 16 cycles with 100 runs)

Testing "revoke_mem_gate" in src/apps/bench/encrsyscall/src/../../rustbenchs/src/bsyscall.rs:
warn: PowerState: More than one power state change request encountered within the same simulation tick
warn: PowerState: More than one power state change request encountered within the same simulation tick
warn: PowerState: More than one power state change request encountered within the same simulation tick
! src/apps/bench/encrsyscall/src/../../rustbenchs/src/bsyscall.rs:374  PERF "revoke_mem_gate": 1338 cycles (+/- 29 cycles with 100 runs)

Testing "revoke_recv_gate" in src/apps/bench/encrsyscall/src/../../rustbenchs/src/bsyscall.rs:
! src/apps/bench/encrsyscall/src/../../rustbenchs/src/bsyscall.rs:400  PERF "revoke_recv_gate": 1286 cycles (+/- 19 cycles with 100 runs)

Testing "revoke_send_gate" in src/apps/bench/encrsyscall/src/../../rustbenchs/src/bsyscall.rs:
! src/apps/bench/encrsyscall/src/../../rustbenchs/src/bsyscall.rs:432  PERF "revoke_send_gate": 1449 cycles (+/- 37 cycles with 100 runs)


[0;32m[T1:root    @     132329] Sending SHUTDOWN to service 1:m3fs
[0m[0;32m[T1:root    @     132344] m3fs: unreg_serv(sel=46)
[0m[0;32m[T1:root    @     132346] Removing service 1:m3fs
[0m[0;32m[T1:root    @     132412] All childs gone. Exiting.
[0m[0;31m[T0:kernel  @     132448] Shutting down
[0mExiting @ tick 132451825000 because m5_exit instruction encountered
