/scratch/harshanavkis/ironbus/M3/run/syscall_non_secure-500/boot-all.xml validates
warn: <orphan SpuSystem>.etherlink already has parent (Previously declared as <orphan SpuSystem>.etherlink).
	Note: etherlink is not a parameter of SpuSystem
gem5 Simulator System.  http://gem5.org
gem5 is copyrighted software; use the --copyright option for details.

gem5 version 21.0.0.0
gem5 compiled Sep 17 2026 15:54:59
gem5 started Sep 17 2026 17:16:54
gem5 executing on amy, pid 2935979
command line: platform/gem5/build/RISCV/gem5.opt --outdir=/scratch/harshanavkis/ironbus/M3/run/syscall_non_secure-500 --debug-file=gem5.log --debug-flags=Tcu config/default.py --cpu-type DerivO3CPU --isa riscv --cmd 'build/gem5-riscv-release/bin/kernel -f build/gem5-riscv-release/bench.img,build/gem5-riscv-release/bin/tilemux,build/gem5-riscv-release/bin/tilemux,build/gem5-riscv-release/bin/tilemux,build/gem5-riscv-release/bin/tilemux,build/gem5-riscv-release/bin/tilemux,build/gem5-riscv-release/bin/tilemux,build/gem5-riscv-release/bin/tilemux,build/gem5-riscv-release/bin/tilemux,build/gem5-riscv-release/bin/tilemux,build/gem5-riscv-release/bin/tilemux,build/gem5-riscv-release/bin/tilemux,build/gem5-riscv-release/bin/tilemux,build/gem5-riscv-release/bin/tilemux,build/gem5-riscv-release/bin/tilemux,build/gem5-riscv-release/bin/tilemux,' --mods /scratch/harshanavkis/ironbus/M3/run/syscall_non_secure-500/boot.xml,build/gem5-riscv-release/bin/root,build/gem5-riscv-release/bin/m3fs,build/gem5-riscv-release/bin/pager --cpu-clock=2GHz --sys-clock=2GHz --encr-latency=0 --par-pipe=1 --int-transfer-latency=500 --rng-latency=0 --sign-latency=0 --sign-ver-latency=0

info: Standard input is not a terminal, disabling listeners.
T00: build/gem5-riscv-release/bin/kernel -f build/gem5-riscv-release/bench.img
     Core =DerivO3CPU riscv @ 2GHz
     TCU  =eps:192, bufsz:2048 B, blocksz:64 B, count:16, tlb:128
     L1i$ =32 KiB (2-way assoc, 4 cycles)
     L1d$ =32 KiB (2-way assoc, 4 cycles)
     L2$  =256 KiB (8-way assoc, 12 cycles)
     Comp =Core -> TCU -> L1$ -> L2$

T01: build/gem5-riscv-release/bin/tilemux
     Core =DerivO3CPU riscv @ 2GHz
     TCU  =eps:192, bufsz:2048 B, blocksz:64 B, count:16, tlb:128
     L1i$ =32 KiB (2-way assoc, 4 cycles)
     L1d$ =32 KiB (2-way assoc, 4 cycles)
     L2$  =256 KiB (8-way assoc, 12 cycles)
     Comp =Core -> TCU -> L1$ -> L2$

T02: build/gem5-riscv-release/bin/tilemux
     Core =DerivO3CPU riscv @ 2GHz
     TCU  =eps:192, bufsz:2048 B, blocksz:64 B, count:16, tlb:128
     L1i$ =32 KiB (2-way assoc, 4 cycles)
     L1d$ =32 KiB (2-way assoc, 4 cycles)
     L2$  =256 KiB (8-way assoc, 12 cycles)
     Comp =Core -> TCU -> L1$ -> L2$

T03: build/gem5-riscv-release/bin/tilemux
     Core =DerivO3CPU riscv @ 2GHz
     TCU  =eps:192, bufsz:2048 B, blocksz:64 B, count:16, tlb:128
     L1i$ =32 KiB (2-way assoc, 4 cycles)
     L1d$ =32 KiB (2-way assoc, 4 cycles)
     L2$  =256 KiB (8-way assoc, 12 cycles)
     Comp =Core -> TCU -> L1$ -> L2$

T04: build/gem5-riscv-release/bin/tilemux
     Core =DerivO3CPU riscv @ 2GHz
     TCU  =eps:192, bufsz:2048 B, blocksz:64 B, count:16, tlb:128
     L1i$ =32 KiB (2-way assoc, 4 cycles)
     L1d$ =32 KiB (2-way assoc, 4 cycles)
     L2$  =256 KiB (8-way assoc, 12 cycles)
     Comp =Core -> TCU -> L1$ -> L2$

T05: build/gem5-riscv-release/bin/tilemux
     Core =DerivO3CPU riscv @ 2GHz
     TCU  =eps:192, bufsz:2048 B, blocksz:64 B, count:16, tlb:128
     L1i$ =32 KiB (2-way assoc, 4 cycles)
     L1d$ =32 KiB (2-way assoc, 4 cycles)
     L2$  =256 KiB (8-way assoc, 12 cycles)
     Comp =Core -> TCU -> L1$ -> L2$

T06: build/gem5-riscv-release/bin/tilemux
     Core =DerivO3CPU riscv @ 2GHz
     TCU  =eps:192, bufsz:2048 B, blocksz:64 B, count:16, tlb:128
     L1i$ =32 KiB (2-way assoc, 4 cycles)
     L1d$ =32 KiB (2-way assoc, 4 cycles)
     L2$  =256 KiB (8-way assoc, 12 cycles)
     Comp =Core -> TCU -> L1$ -> L2$

T07: build/gem5-riscv-release/bin/tilemux
     Core =DerivO3CPU riscv @ 2GHz
     TCU  =eps:192, bufsz:2048 B, blocksz:64 B, count:16, tlb:128
     L1i$ =32 KiB (2-way assoc, 4 cycles)
     L1d$ =32 KiB (2-way assoc, 4 cycles)
     L2$  =256 KiB (8-way assoc, 12 cycles)
     Comp =Core -> TCU -> L1$ -> L2$

T08: build/gem5-riscv-release/bin/tilemux
     Core =DerivO3CPU riscv @ 2GHz
     TCU  =eps:192, bufsz:2048 B, blocksz:64 B, count:16, tlb:128
     L1i$ =32 KiB (2-way assoc, 4 cycles)
     L1d$ =32 KiB (2-way assoc, 4 cycles)
     L2$  =256 KiB (8-way assoc, 12 cycles)
     Comp =Core -> TCU -> L1$ -> L2$

T09: build/gem5-riscv-release/bin/tilemux
     Core =DerivO3CPU riscv @ 2GHz
     TCU  =eps:192, bufsz:2048 B, blocksz:64 B, count:16, tlb:128
     L1i$ =32 KiB (2-way assoc, 4 cycles)
     L1d$ =32 KiB (2-way assoc, 4 cycles)
     L2$  =256 KiB (8-way assoc, 12 cycles)
     Comp =Core -> TCU -> L1$ -> L2$

T10: build/gem5-riscv-release/bin/tilemux
     Core =DerivO3CPU riscv @ 2GHz
     TCU  =eps:192, bufsz:2048 B, blocksz:64 B, count:16, tlb:128
     L1i$ =32 KiB (2-way assoc, 4 cycles)
     L1d$ =32 KiB (2-way assoc, 4 cycles)
     L2$  =256 KiB (8-way assoc, 12 cycles)
     Comp =Core -> TCU -> L1$ -> L2$

T11: build/gem5-riscv-release/bin/tilemux
     Core =DerivO3CPU riscv @ 2GHz
     TCU  =eps:192, bufsz:2048 B, blocksz:64 B, count:16, tlb:128
     L1i$ =32 KiB (2-way assoc, 4 cycles)
     L1d$ =32 KiB (2-way assoc, 4 cycles)
     L2$  =256 KiB (8-way assoc, 12 cycles)
     Comp =Core -> TCU -> L1$ -> L2$

T12: build/gem5-riscv-release/bin/tilemux
     Core =DerivO3CPU riscv @ 2GHz
     TCU  =eps:192, bufsz:2048 B, blocksz:2048 B, count:16, tlb:0
     imem =32768 KiB
     Comp =Core -> TCU -> SPM

T13: build/gem5-riscv-release/bin/tilemux
     Core =DerivO3CPU riscv @ 2GHz
     TCU  =eps:192, bufsz:2048 B, blocksz:2048 B, count:16, tlb:0
     imem =32768 KiB
     Comp =Core -> TCU -> SPM

T14: build/gem5-riscv-release/bin/tilemux
     Core =DerivO3CPU riscv @ 2GHz
     TCU  =eps:192, bufsz:2048 B, blocksz:2048 B, count:16, tlb:0
     imem =32768 KiB
     Comp =Core -> TCU -> SPM

T15: build/gem5-riscv-release/bin/tilemux
     Core =DerivO3CPU riscv @ 2GHz
     TCU  =eps:192, bufsz:2048 B, blocksz:2048 B, count:16, tlb:0
     imem =32768 KiB
     Comp =Core -> TCU -> SPM

T16: IGbE_e1000
     TCU  =eps:192, bufsz:2048 B, blocksz:2048 B, count:16, tlb:0
     Comp =TCU -> Proxy -> NIC

T17: IGbE_e1000
     TCU  =eps:192, bufsz:2048 B, blocksz:2048 B, count:16, tlb:0
     Comp =TCU -> Proxy -> NIC

T18: rot13 accelerator @ 2GHz
     TCU  =eps:192, bufsz:2048 B, blocksz:2048 B, count:16, tlb:0
     imem =2048 KiB
     Comp =Core -> TCU -> SPM

T19: rot13 accelerator @ 2GHz
     TCU  =eps:192, bufsz:2048 B, blocksz:2048 B, count:16, tlb:0
     imem =2048 KiB
     Comp =Core -> TCU -> SPM

T20: build/gem5-riscv-release/bin/tilemux
     Core =DerivO3CPU riscv @ 2GHz
     TCU  =eps:192, bufsz:2048 B, blocksz:2048 B, count:16, tlb:0
     imem =32768 KiB
     Comp =Core -> TCU -> SPM

T21: SerialInput
     TCU  =eps:192, bufsz:2048 B, blocksz:2048 B, count:16, tlb:0
     Comp =TCU -> SerialInput

T22: build/gem5-riscv-release/bench.img x 1
     TCU  =eps:192, bufsz:2048 B, blocksz:2048 B, count:16, tlb:0
     imem =3145728 KiB
     Comp =TCU -> DRAM

Global frequency set at 1000000000000 ticks per second
warn: No dot file generated. Please install pydot to generate the dot file and pdf.
warn: DRAM device capacity (49152 Mbytes) does not match the address range assigned (4096 Mbytes)
warn: Sockets disabled, not accepting terminal connections
warn: Sockets disabled, not accepting gdb connections
warn: CoherentXBar T16.xbar has no snooping ports attached!
warn: CoherentXBar T17.xbar has no snooping ports attached!
warn: CoherentXBar T18.xbar has no snooping ports attached!
warn: CoherentXBar T19.xbar has no snooping ports attached!
warn: CoherentXBar T21.xbar has no snooping ports attached!
warn: CoherentXBar T22.xbar has no snooping ports attached!
info: Loaded 'boot.xml' to 0x9600000030000000 .. 0x9600000030000321
info: Loaded 'root' to 0x9600000030001000 .. 0x9600000030075758
info: Loaded 'm3fs' to 0x9600000030076000 .. 0x96000000300cc348
info: Loaded 'pager' to 0x96000000300cd000 .. 0x960000003014cc48
info: Entering event queue @ 0.  Starting simulation...
warn: T20.spm: address out-of-range: 0
warn: T0,PMP-EP65535: invalid EP
warn: T11,PMP-EP65535: invalid EP
warn: T10,PMP-EP65535: invalid EP
warn: T9,PMP-EP65535: invalid EP
warn: T8,PMP-EP65535: invalid EP
warn: T7,PMP-EP65535: invalid EP
warn: T6,PMP-EP65535: invalid EP
warn: T5,PMP-EP65535: invalid EP
warn: T4,PMP-EP65535: invalid EP
warn: T3,PMP-EP65535: invalid EP
warn: T2,PMP-EP65535: invalid EP
warn: T1,PMP-EP65535: invalid EP
warn: T11,PMP-EP65535: invalid EP
warn: T10,PMP-EP65535: invalid EP
warn: T9,PMP-EP65535: invalid EP
warn: T4,PMP-EP65535: invalid EP
warn: T8,PMP-EP65535: invalid EP
warn: T2,PMP-EP65535: invalid EP
warn: T6,PMP-EP65535: invalid EP
warn: T5,PMP-EP65535: invalid EP
warn: T7,PMP-EP65535: invalid EP
warn: T3,PMP-EP65535: invalid EP
warn: T1,PMP-EP65535: invalid EP
warn: T0,PMP-EP65535: invalid EP
[0;31m[T0:kernel  @        121] Entered raw mode; Quit via Ctrl+]
[0mwarn: T4,PMP-EP65535: invalid EP
warn: T4,PMP-EP65535: invalid EP
warn: T4,PMP-EP65535: invalid EP
warn: T11,PMP-EP65535: invalid EP
warn: T11,PMP-EP65535: invalid EP
warn: T11,PMP-EP65535: invalid EP
warn: T9,PMP-EP65535: invalid EP
warn: T9,PMP-EP65535: invalid EP
warn: T9,PMP-EP65535: invalid EP
warn: T4,PMP-EP65535: invalid EP
warn: T7,PMP-EP65535: invalid EP
warn: T7,PMP-EP65535: invalid EP
warn: T7,PMP-EP65535: invalid EP
warn: T6,PMP-EP65535: invalid EP
warn: T6,PMP-EP65535: invalid EP
warn: T6,PMP-EP65535: invalid EP
warn: T11,PMP-EP65535: invalid EP
warn: T9,PMP-EP65535: invalid EP
warn: T1,PMP-EP65535: invalid EP
warn: T1,PMP-EP65535: invalid EP
warn: T1,PMP-EP65535: invalid EP
warn: T3,PMP-EP65535: invalid EP
warn: T3,PMP-EP65535: invalid EP
warn: T3,PMP-EP65535: invalid EP
warn: T10,PMP-EP65535: invalid EP
warn: T10,PMP-EP65535: invalid EP
warn: T10,PMP-EP65535: invalid EP
warn: T2,PMP-EP65535: invalid EP
warn: T2,PMP-EP65535: invalid EP
warn: T2,PMP-EP65535: invalid EP
warn: T7,PMP-EP65535: invalid EP
warn: T8,PMP-EP65535: invalid EP
warn: T8,PMP-EP65535: invalid EP
warn: T8,PMP-EP65535: invalid EP
warn: T5,PMP-EP65535: invalid EP
warn: T5,PMP-EP65535: invalid EP
warn: T5,PMP-EP65535: invalid EP
warn: T6,PMP-EP65535: invalid EP
warn: T1,PMP-EP65535: invalid EP
warn: T3,PMP-EP65535: invalid EP
warn: T10,PMP-EP65535: invalid EP
warn: T2,PMP-EP65535: invalid EP
warn: T8,PMP-EP65535: invalid EP
warn: T5,PMP-EP65535: invalid EP
[0;31m[T0:kernel  @        237] Attesting tile: 1
[0m[0;31m[T0:kernel  @       5356] Attestation complete: 1, 10224911 cycles
[0m[0;31m[T0:kernel  @       5359] Attesting tile: 2
[0m[0;31m[T0:kernel  @      10460] Attestation complete: 2, 10196945 cycles
[0m[0;31m[T0:kernel  @      10464] Attesting tile: 3
[0m[0;31m[T0:kernel  @      15565] Attestation complete: 3, 10196495 cycles
[0m[0;31m[T0:kernel  @      15568] Attesting tile: 4
[0m[0;31m[T0:kernel  @      20668] Attestation complete: 4, 10196081 cycles
[0m[0;31m[T0:kernel  @      20672] Attesting tile: 5
[0m[0;31m[T0:kernel  @      25773] Attestation complete: 5, 10197109 cycles
[0m[0;31m[T0:kernel  @      25776] Attesting tile: 6
[0m[0;31m[T0:kernel  @      30876] Attestation complete: 6, 10195748 cycles
[0m[0;31m[T0:kernel  @      30879] Attesting tile: 7
[0m[0;31m[T0:kernel  @      35980] Attestation complete: 7, 10196480 cycles
[0m[0;31m[T0:kernel  @      35983] Attesting tile: 8
[0m[0;31m[T0:kernel  @      41083] Attestation complete: 8, 10195938 cycles
[0m[0;31m[T0:kernel  @      41087] Attesting tile: 9
[0m[0;31m[T0:kernel  @      46186] Attestation complete: 9, 10195390 cycles
[0m[0;31m[T0:kernel  @      46190] Attesting tile: 10
[0m[0;31m[T0:kernel  @      51290] Attestation complete: 10, 10195838 cycles
[0m[0;31m[T0:kernel  @      51293] Attesting tile: 11
[0m[0;31m[T0:kernel  @      56394] Attestation complete: 11, 10196192 cycles
[0m[0;31m[T0:kernel  @      56397] Attesting tile: 12
[0m[0;31m[T0:kernel  @      61497] Attestation complete: 12, 10195809 cycles
[0m[0;31m[T0:kernel  @      61500] Attesting tile: 13
[0m[0;31m[T0:kernel  @      66601] Attestation complete: 13, 10195829 cycles
[0m[0;31m[T0:kernel  @      66604] Attesting tile: 14
[0m[0;31m[T0:kernel  @      71705] Attestation complete: 14, 10196966 cycles
[0m[0;31m[T0:kernel  @      71708] Attesting tile: 15
[0m[0;31m[T0:kernel  @      76808] Attestation complete: 15, 10194856 cycles
[0m[0;31m[T0:kernel  @      76811] Attesting tile: 16
[0m[0;31m[T0:kernel  @      81911] Attestation complete: 16, 10195635 cycles
[0m[0;31m[T0:kernel  @      81914] Attesting tile: 17
[0m[0;31m[T0:kernel  @      87014] Attestation complete: 17, 10194773 cycles
[0m[0;31m[T0:kernel  @      87017] Attesting tile: 18
[0m[0;31m[T0:kernel  @      92117] Attestation complete: 18, 10195076 cycles
[0m[0;31m[T0:kernel  @      92120] Attesting tile: 19
[0m[0;31m[T0:kernel  @      97220] Attestation complete: 19, 10195509 cycles
[0m[0;31m[T0:kernel  @      97223] Attesting tile: 20
[0m[0;31m[T0:kernel  @     102323] Attestation complete: 20, 10194674 cycles
[0m[0;31m[T0:kernel  @     102326] Attesting tile: 21
[0m[0;31m[T0:kernel  @     107426] Attestation complete: 21, 10194511 cycles
[0m[0;31m[T0:kernel  @     107432] Attesting tile: 22
[0m[0;31m[T0:kernel  @     112531] Attestation complete: 22, 10194406 cycles
[0m[0;31m[T0:kernel  @     112688] Kernel is ready!
[0m[0;32m[T1:root    @     113215] Boot modules:
[0m[0;32m[T1:root    @     113230]   Mod[addr: G[Tile22+0x30000000], size: 0x321, name: boot.xml]
[0m[0;32m[T1:root    @     113234]   Mod[addr: G[Tile22+0x30001000], size: 0x74758, name: root]
[0m[0;32m[T1:root    @     113237]   Mod[addr: G[Tile22+0x30076000], size: 0x56348, name: m3fs]
[0m[0;32m[T1:root    @     113240]   Mod[addr: G[Tile22+0x300cd000], size: 0x7fc48, name: pager]
[0m[0;32m[T1:root    @     113242] Available tiles:
[0m[0;32m[T1:root    @     113252]   Tile01: COMP_EMEM RISCV (empty) 0 KiB memory
[0m[0;32m[T1:root    @     113257]   Tile02: COMP_EMEM RISCV (empty) 0 KiB memory
[0m[0;32m[T1:root    @     113261]   Tile03: COMP_EMEM RISCV (empty) 0 KiB memory
[0m[0;32m[T1:root    @     113264]   Tile04: COMP_EMEM RISCV (empty) 0 KiB memory
[0m[0;32m[T1:root    @     113267]   Tile05: COMP_EMEM RISCV (empty) 0 KiB memory
[0m[0;32m[T1:root    @     113271]   Tile06: COMP_EMEM RISCV (empty) 0 KiB memory
[0m[0;32m[T1:root    @     113274]   Tile07: COMP_EMEM RISCV (empty) 0 KiB memory
[0m[0;32m[T1:root    @     113277]   Tile08: COMP_EMEM RISCV (empty) 0 KiB memory
[0m[0;32m[T1:root    @     113280]   Tile09: COMP_EMEM RISCV (empty) 0 KiB memory
[0m[0;32m[T1:root    @     113284]   Tile10: COMP_EMEM RISCV (empty) 0 KiB memory
[0m[0;32m[T1:root    @     113287]   Tile11: COMP_EMEM RISCV (empty) 0 KiB memory
[0m[0;32m[T1:root    @     113290]   Tile12: COMP_IMEM RISCV (empty) 32768 KiB memory
[0m[0;32m[T1:root    @     113293]   Tile13: COMP_IMEM RISCV (empty) 32768 KiB memory
[0m[0;32m[T1:root    @     113296]   Tile14: COMP_IMEM RISCV (empty) 32768 KiB memory
[0m[0;32m[T1:root    @     113302]   Tile15: COMP_IMEM RISCV (empty) 32768 KiB memory
[0m[0;32m[T1:root    @     113305]   Tile16: COMP_IMEM NIC_DEV (empty) 0 KiB memory
[0m[0;32m[T1:root    @     113308]   Tile17: COMP_IMEM NIC_DEV (empty) 0 KiB memory
[0m[0;32m[T1:root    @     113312]   Tile18: COMP_IMEM ACCEL_ROT13 (empty) 2048 KiB memory
[0m[0;32m[T1:root    @     113315]   Tile19: COMP_IMEM ACCEL_ROT13 (empty) 2048 KiB memory
[0m[0;32m[T1:root    @     113318]   Tile20: COMP_IMEM RISCV KECACC 32768 KiB memory
[0m[0;32m[T1:root    @     113322]   Tile21: COMP_IMEM SERIAL_DEV (empty) 0 KiB memory
[0m[0;32m[T1:root    @     113328] Available memory:
[0m[0;32m[T1:root    @     113336]   MemMod[sel: 30, res: true, addr: G[Tile22+0x0], size: 1200 MiB]
[0m[0;32m[T1:root    @     113341]   MemMod[sel: 31, res: false, addr: G[Tile22+0x4f600000], size: 959 MiB]
[0m[0;32m[T1:root    @     113344] Parsed Config [
[0m[0;32m[T1:root    @     113348]   root [
[0m[0;32m[T1:root    @     113358]     Domain on core [
[0m[0;32m[T1:root    @     113361]       m3fs mem 268435456 [
[0m[0;32m[T1:root    @     113363]         Daemon,
[0m[0;32m[T1:root    @     113370]         PhysMem[addr=0x0, size=0x40000 KiB, perm=R | W | X | RW | RWX],
[0m[0;32m[T1:root    @     113374]         Service[lname='m3fs', gname='m3fs'],
[0m[0;32m[T1:root    @     113377]       ]
[0m[0;32m[T1:root    @     113379]     ]
[0m[0;32m[T1:root    @     113381]     Domain on core [
[0m[0;32m[T1:root    @     113383]       pager 268435456 [
[0m[0;32m[T1:root    @     113387]         PhysMem[addr=0x0, size=0x40000 KiB, perm=R],
[0m[0;32m[T1:root    @     113391]         Session[lname='m3fs', gname='m3fs', arg='', dep=true],
[0m[0;32m[T1:root    @     113396]         Tile[type=boom|core, count=1, optional=false],
[0m[0;32m[T1:root    @     113398]         Domain on boom|core [
[0m[0;32m[T1:root    @     113400]           /bin/encrsyscall [
[0m[0;32m[T1:root    @     113404]             TimeSlice[1000000000 ns],
[0m[0;32m[T1:root    @     113407]             Mount[fs='m3fs', path='/'],
[0m[0;32m[T1:root    @     113411]             Tile[type=boom|core, count=1, optional=false],
[0m[0;32m[T1:root    @     113413]           ]
[0m[0;32m[T1:root    @     113415]         ]
[0m[0;32m[T1:root    @     113416]       ]
[0m[0;32m[T1:root    @     113418]     ]
[0m[0;32m[T1:root    @     113419]   ]
[0m[0;32m[T1:root    @     113421] ]
[0m[0;32m[T1:root    @     113422] 
[0m[0;32m[T1:root    @     114288] Starting boot module 'm3fs' on tile2 with arguments ["mem", "268435456"]
[0m[0;32m[T1:root    @     115271] m3fs: reg_serv(srv_sel=46, sgate_sel=50, name=m3fs, sessions=32)
[0m[0;32m[T1:root    @     115279] Creating service 1:m3fs
[0m[0;32m[T1:root    @     115391] Starting boot module 'pager' on tile3 with arguments ["268435456"]
[0m[0;34m[T3:pager   @     115835] Boot modules:
[0m[0;34m[T3:pager   @     115851]   Mod[addr: G[Tile22+0x77601000], size: 0x203, name: boot.xml]
[0m[0;34m[T3:pager   @     115854] Available tiles:
[0m[0;34m[T3:pager   @     115864]   Tile03: COMP_EMEM RISCV (empty) 0 KiB memory
[0m[0;34m[T3:pager   @     115870]   Tile04: COMP_EMEM RISCV (empty) 0 KiB memory
[0m[0;34m[T3:pager   @     115874] Available memory:
[0m[0;34m[T3:pager   @     115883]   MemMod[sel: 8, res: false, addr: G[Tile22+0x63800000], size: 159 MiB]
[0m[0;32m[T1:root    @     115904] pager: open_sess(dst_sel=59, name=m3fs)
[0m[0;32m[T1:root    @     116608] pager: Ok(8:ALLOC_TILE) failed: NotFound
[0m[0;34m[T3:pager   @     116953] Starting boot module '/bin/encrsyscall' on tile5 with arguments []
[0mRunning test suite bsyscall::run ...

Testing "noop" in src/apps/bench/encrsyscall/src/../../rustbenchs/src/bsyscall.rs:
! src/apps/bench/encrsyscall/src/../../rustbenchs/src/bsyscall.rs:54  PERF "noop": 1285 cycles (+/- 8 cycles with 100 runs)

Testing "activate" in src/apps/bench/encrsyscall/src/../../rustbenchs/src/bsyscall.rs:
! src/apps/bench/encrsyscall/src/../../rustbenchs/src/bsyscall.rs:68  PERF "activate": 6538 cycles (+/- 7 cycles with 100 runs)

Testing "create_mgate" in src/apps/bench/encrsyscall/src/../../rustbenchs/src/bsyscall.rs:
warn: PowerState: More than one power state change request encountered within the same simulation tick
warn: PowerState: More than one power state change request encountered within the same simulation tick
warn: PowerState: More than one power state change request encountered within the same simulation tick
warn: PowerState: More than one power state change request encountered within the same simulation tick
warn: PowerState: More than one power state change request encountered within the same simulation tick
warn: PowerState: More than one power state change request encountered within the same simulation tick
warn: PowerState: More than one power state change request encountered within the same simulation tick
warn: PowerState: More than one power state change request encountered within the same simulation tick
warn: PowerState: More than one power state change request encountered within the same simulation tick
warn: PowerState: More than one power state change request encountered within the same simulation tick
warn: PowerState: More than one power state change request encountered within the same simulation tick
warn: PowerState: More than one power state change request encountered within the same simulation tick
warn: PowerState: More than one power state change request encountered within the same simulation tick
warn: PowerState: More than one power state change request encountered within the same simulation tick
warn: PowerState: More than one power state change request encountered within the same simulation tick
warn: PowerState: More than one power state change request encountered within the same simulation tick
! src/apps/bench/encrsyscall/src/../../rustbenchs/src/bsyscall.rs:110  PERF "create_mgate": 12936 cycles (+/- 106 cycles with 100 runs)

Testing "create_rgate" in src/apps/bench/encrsyscall/src/../../rustbenchs/src/bsyscall.rs:
! src/apps/bench/encrsyscall/src/../../rustbenchs/src/bsyscall.rs:136  PERF "create_rgate": 1956 cycles (+/- 96 cycles with 100 runs)

Testing "create_sgate" in src/apps/bench/encrsyscall/src/../../rustbenchs/src/bsyscall.rs:
! src/apps/bench/encrsyscall/src/../../rustbenchs/src/bsyscall.rs:173  PERF "create_sgate": 2134 cycles (+/- 99 cycles with 100 runs)

Testing "create_map" in src/apps/bench/encrsyscall/src/../../rustbenchs/src/bsyscall.rs:
! src/apps/bench/encrsyscall/src/../../rustbenchs/src/bsyscall.rs:225  PERF "create_map": 6032 cycles (+/- 128 cycles with 100 runs)

Testing "create_srv" in src/apps/bench/encrsyscall/src/../../rustbenchs/src/bsyscall.rs:
! src/apps/bench/encrsyscall/src/../../rustbenchs/src/bsyscall.rs:260  PERF "create_srv": 2965 cycles (+/- 1578 cycles with 100 runs)

Testing "derive_mem" in src/apps/bench/encrsyscall/src/../../rustbenchs/src/bsyscall.rs:
! src/apps/bench/encrsyscall/src/../../rustbenchs/src/bsyscall.rs:299  PERF "derive_mem": 2644 cycles (+/- 1866 cycles with 100 runs)

Testing "exchange" in src/apps/bench/encrsyscall/src/../../rustbenchs/src/bsyscall.rs:
! src/apps/bench/encrsyscall/src/../../rustbenchs/src/bsyscall.rs:341  PERF "exchange": 2449 cycles (+/- 31 cycles with 100 runs)

Testing "revoke_mem_gate" in src/apps/bench/encrsyscall/src/../../rustbenchs/src/bsyscall.rs:
! src/apps/bench/encrsyscall/src/../../rustbenchs/src/bsyscall.rs:374  PERF "revoke_mem_gate": 2358 cycles (+/- 28 cycles with 100 runs)

Testing "revoke_recv_gate" in src/apps/bench/encrsyscall/src/../../rustbenchs/src/bsyscall.rs:
! src/apps/bench/encrsyscall/src/../../rustbenchs/src/bsyscall.rs:400  PERF "revoke_recv_gate": 2344 cycles (+/- 22 cycles with 100 runs)

Testing "revoke_send_gate" in src/apps/bench/encrsyscall/src/../../rustbenchs/src/bsyscall.rs:
! src/apps/bench/encrsyscall/src/../../rustbenchs/src/bsyscall.rs:432  PERF "revoke_send_gate": 2482 cycles (+/- 31 cycles with 100 runs)


[0;32m[T1:root    @     129013] Sending SHUTDOWN to service 1:m3fs
[0m[0;32m[T1:root    @     129045] m3fs: unreg_serv(sel=46)
[0m[0;32m[T1:root    @     129049] Removing service 1:m3fs
[0m[0;32m[T1:root    @     129223] All childs gone. Exiting.
[0m[0;31m[T0:kernel  @     129311] Shutting down
[0mExiting @ tick 129322243000 because m5_exit instruction encountered
stty: 'standard input': Inappropriate ioctl for device
