Building for gem5-riscv-release...
ninja: no work to do.
run/boot-all.xml validates
warn: <orphan SpuSystem>.etherlink already has parent (Previously declared as <orphan SpuSystem>.etherlink).
	Note: etherlink is not a parameter of SpuSystem
gem5 Simulator System.  http://gem5.org
gem5 is copyrighted software; use the --copyright option for details.

gem5 version 21.0.0.0
gem5 compiled Mar 16 2023 08:07:07
gem5 started Apr 11 2023 16:27:48
gem5 executing on graham, pid 989534
command line: platform/gem5/build/RISCV/gem5.opt --outdir=run --debug-file=gem5.log --debug-flags=Tcu config/default.py --cpu-type DerivO3CPU --isa riscv --cmd 'build/gem5-riscv-release/bin/kernel -f build/gem5-riscv-release/bench.img,build/gem5-riscv-release/bin/tilemux,build/gem5-riscv-release/bin/tilemux,build/gem5-riscv-release/bin/tilemux,build/gem5-riscv-release/bin/tilemux,build/gem5-riscv-release/bin/tilemux,build/gem5-riscv-release/bin/tilemux,build/gem5-riscv-release/bin/tilemux,build/gem5-riscv-release/bin/tilemux,build/gem5-riscv-release/bin/tilemux,build/gem5-riscv-release/bin/tilemux,build/gem5-riscv-release/bin/tilemux,build/gem5-riscv-release/bin/tilemux,build/gem5-riscv-release/bin/tilemux,build/gem5-riscv-release/bin/tilemux,build/gem5-riscv-release/bin/tilemux,' --mods run/boot.xml,build/gem5-riscv-release/bin/root,build/gem5-riscv-release/bin/m3fs,build/gem5-riscv-release/bin/pager --cpu-clock=3GHz --sys-clock=1GHz --encr-latency=0 --par-pipe=1 --int-transfer-latency=250 --rng-latency=0 --sign-latency=0 --sign-ver-latency=0

T00: build/gem5-riscv-release/bin/kernel -f build/gem5-riscv-release/bench.img
     Core =DerivO3CPU riscv @ 3GHz
     TCU  =eps:192, bufsz:2048 B, blocksz:64 B, count:4, tlb:128
     L1i$ =32 KiB (2-way assoc, 4 cycles)
     L1d$ =32 KiB (2-way assoc, 4 cycles)
     L2$  =256 KiB (8-way assoc, 12 cycles)
     Comp =Core -> TCU -> L1$ -> L2$

T01: build/gem5-riscv-release/bin/tilemux
     Core =DerivO3CPU riscv @ 3GHz
     TCU  =eps:192, bufsz:2048 B, blocksz:64 B, count:4, tlb:128
     L1i$ =32 KiB (2-way assoc, 4 cycles)
     L1d$ =32 KiB (2-way assoc, 4 cycles)
     L2$  =256 KiB (8-way assoc, 12 cycles)
     Comp =Core -> TCU -> L1$ -> L2$

T02: build/gem5-riscv-release/bin/tilemux
     Core =DerivO3CPU riscv @ 3GHz
     TCU  =eps:192, bufsz:2048 B, blocksz:64 B, count:4, tlb:128
     L1i$ =32 KiB (2-way assoc, 4 cycles)
     L1d$ =32 KiB (2-way assoc, 4 cycles)
     L2$  =256 KiB (8-way assoc, 12 cycles)
     Comp =Core -> TCU -> L1$ -> L2$

T03: build/gem5-riscv-release/bin/tilemux
     Core =DerivO3CPU riscv @ 3GHz
     TCU  =eps:192, bufsz:2048 B, blocksz:64 B, count:4, tlb:128
     L1i$ =32 KiB (2-way assoc, 4 cycles)
     L1d$ =32 KiB (2-way assoc, 4 cycles)
     L2$  =256 KiB (8-way assoc, 12 cycles)
     Comp =Core -> TCU -> L1$ -> L2$

T04: build/gem5-riscv-release/bin/tilemux
     Core =DerivO3CPU riscv @ 3GHz
     TCU  =eps:192, bufsz:2048 B, blocksz:64 B, count:4, tlb:128
     L1i$ =32 KiB (2-way assoc, 4 cycles)
     L1d$ =32 KiB (2-way assoc, 4 cycles)
     L2$  =256 KiB (8-way assoc, 12 cycles)
     Comp =Core -> TCU -> L1$ -> L2$

T05: build/gem5-riscv-release/bin/tilemux
     Core =DerivO3CPU riscv @ 3GHz
     TCU  =eps:192, bufsz:2048 B, blocksz:64 B, count:4, tlb:128
     L1i$ =32 KiB (2-way assoc, 4 cycles)
     L1d$ =32 KiB (2-way assoc, 4 cycles)
     L2$  =256 KiB (8-way assoc, 12 cycles)
     Comp =Core -> TCU -> L1$ -> L2$

T06: build/gem5-riscv-release/bin/tilemux
     Core =DerivO3CPU riscv @ 3GHz
     TCU  =eps:192, bufsz:2048 B, blocksz:64 B, count:4, tlb:128
     L1i$ =32 KiB (2-way assoc, 4 cycles)
     L1d$ =32 KiB (2-way assoc, 4 cycles)
     L2$  =256 KiB (8-way assoc, 12 cycles)
     Comp =Core -> TCU -> L1$ -> L2$

T07: build/gem5-riscv-release/bin/tilemux
     Core =DerivO3CPU riscv @ 3GHz
     TCU  =eps:192, bufsz:2048 B, blocksz:64 B, count:4, tlb:128
     L1i$ =32 KiB (2-way assoc, 4 cycles)
     L1d$ =32 KiB (2-way assoc, 4 cycles)
     L2$  =256 KiB (8-way assoc, 12 cycles)
     Comp =Core -> TCU -> L1$ -> L2$

T08: build/gem5-riscv-release/bin/tilemux
     Core =DerivO3CPU riscv @ 3GHz
     TCU  =eps:192, bufsz:2048 B, blocksz:64 B, count:4, tlb:128
     L1i$ =32 KiB (2-way assoc, 4 cycles)
     L1d$ =32 KiB (2-way assoc, 4 cycles)
     L2$  =256 KiB (8-way assoc, 12 cycles)
     Comp =Core -> TCU -> L1$ -> L2$

T09: build/gem5-riscv-release/bin/tilemux
     Core =DerivO3CPU riscv @ 3GHz
     TCU  =eps:192, bufsz:2048 B, blocksz:64 B, count:4, tlb:128
     L1i$ =32 KiB (2-way assoc, 4 cycles)
     L1d$ =32 KiB (2-way assoc, 4 cycles)
     L2$  =256 KiB (8-way assoc, 12 cycles)
     Comp =Core -> TCU -> L1$ -> L2$

T10: build/gem5-riscv-release/bin/tilemux
     Core =DerivO3CPU riscv @ 3GHz
     TCU  =eps:192, bufsz:2048 B, blocksz:64 B, count:4, tlb:128
     L1i$ =32 KiB (2-way assoc, 4 cycles)
     L1d$ =32 KiB (2-way assoc, 4 cycles)
     L2$  =256 KiB (8-way assoc, 12 cycles)
     Comp =Core -> TCU -> L1$ -> L2$

T11: build/gem5-riscv-release/bin/tilemux
     Core =DerivO3CPU riscv @ 3GHz
     TCU  =eps:192, bufsz:2048 B, blocksz:64 B, count:4, tlb:128
     L1i$ =32 KiB (2-way assoc, 4 cycles)
     L1d$ =32 KiB (2-way assoc, 4 cycles)
     L2$  =256 KiB (8-way assoc, 12 cycles)
     Comp =Core -> TCU -> L1$ -> L2$

T12: build/gem5-riscv-release/bin/tilemux
     Core =DerivO3CPU riscv @ 3GHz
     TCU  =eps:192, bufsz:2048 B, blocksz:2048 B, count:4, tlb:0
     imem =32768 KiB
     Comp =Core -> TCU -> SPM

T13: build/gem5-riscv-release/bin/tilemux
     Core =DerivO3CPU riscv @ 3GHz
     TCU  =eps:192, bufsz:2048 B, blocksz:2048 B, count:4, tlb:0
     imem =32768 KiB
     Comp =Core -> TCU -> SPM

T14: build/gem5-riscv-release/bin/tilemux
     Core =DerivO3CPU riscv @ 3GHz
     TCU  =eps:192, bufsz:2048 B, blocksz:2048 B, count:4, tlb:0
     imem =32768 KiB
     Comp =Core -> TCU -> SPM

T15: build/gem5-riscv-release/bin/tilemux
     Core =DerivO3CPU riscv @ 3GHz
     TCU  =eps:192, bufsz:2048 B, blocksz:2048 B, count:4, tlb:0
     imem =32768 KiB
     Comp =Core -> TCU -> SPM

T16: IGbE_e1000
     TCU  =eps:192, bufsz:2048 B, blocksz:2048 B, count:4, tlb:0
     Comp =TCU -> Proxy -> NIC

T17: IGbE_e1000
     TCU  =eps:192, bufsz:2048 B, blocksz:2048 B, count:4, tlb:0
     Comp =TCU -> Proxy -> NIC

T18: rot13 accelerator @ 3GHz
     TCU  =eps:192, bufsz:2048 B, blocksz:2048 B, count:4, tlb:0
     imem =2048 KiB
     Comp =Core -> TCU -> SPM

T19: rot13 accelerator @ 3GHz
     TCU  =eps:192, bufsz:2048 B, blocksz:2048 B, count:4, tlb:0
     imem =2048 KiB
     Comp =Core -> TCU -> SPM

T20: build/gem5-riscv-release/bin/tilemux
     Core =DerivO3CPU riscv @ 3GHz
     TCU  =eps:192, bufsz:2048 B, blocksz:2048 B, count:4, tlb:0
     imem =32768 KiB
     Comp =Core -> TCU -> SPM

T21: SerialInput
     TCU  =eps:192, bufsz:2048 B, blocksz:2048 B, count:4, tlb:0
     Comp =TCU -> SerialInput

T22: build/gem5-riscv-release/bench.img x 1
     TCU  =eps:192, bufsz:2048 B, blocksz:2048 B, count:8, tlb:0
     imem =3145728 KiB
     Comp =TCU -> DRAM

Global frequency set at 1000000000000 ticks per second
warn: No dot file generated. Please install pydot to generate the dot file and pdf.
Gem5 Terminal started; Quit via Ctrl+]
warn: DRAM device capacity (49152 Mbytes) does not match the address range assigned (4096 Mbytes)
platform.com_1.device: Listening for connections on port 3456
0: T00.remote_gdb: listening for remote gdb on port 7000
0: T01.remote_gdb: listening for remote gdb on port 7001
0: T02.remote_gdb: listening for remote gdb on port 7002
0: T03.remote_gdb: listening for remote gdb on port 7003
0: T04.remote_gdb: listening for remote gdb on port 7004
0: T05.remote_gdb: listening for remote gdb on port 7005
0: T06.remote_gdb: listening for remote gdb on port 7006
0: T07.remote_gdb: listening for remote gdb on port 7007
0: T08.remote_gdb: listening for remote gdb on port 7008
0: T09.remote_gdb: listening for remote gdb on port 7009
0: T10.remote_gdb: listening for remote gdb on port 7010
0: T11.remote_gdb: listening for remote gdb on port 7011
0: T12.remote_gdb: listening for remote gdb on port 7012
0: T13.remote_gdb: listening for remote gdb on port 7013
0: T14.remote_gdb: listening for remote gdb on port 7014
0: T15.remote_gdb: listening for remote gdb on port 7015
warn: CoherentXBar T16.xbar has no snooping ports attached!
warn: CoherentXBar T17.xbar has no snooping ports attached!
warn: CoherentXBar T18.xbar has no snooping ports attached!
warn: CoherentXBar T19.xbar has no snooping ports attached!
0: T20.remote_gdb: listening for remote gdb on port 7016
warn: CoherentXBar T21.xbar has no snooping ports attached!
warn: CoherentXBar T22.xbar has no snooping ports attached!
info: Loaded 'boot.xml' to 0x9600000030000000 .. 0x9600000030000321
info: Loaded 'root' to 0x9600000030001000 .. 0x96000000300756a0
info: Loaded 'm3fs' to 0x9600000030076000 .. 0x96000000300cc2f8
info: Loaded 'pager' to 0x96000000300cd000 .. 0x960000003014bc00
info: Entering event queue @ 0.  Starting simulation...
warn: T12.spm: address out-of-range: 0
warn: T0,PMP-EP65535: invalid EP
warn: T11,PMP-EP65535: invalid EP
warn: T10,PMP-EP65535: invalid EP
warn: T9,PMP-EP65535: invalid EP
warn: T8,PMP-EP65535: invalid EP
warn: T7,PMP-EP65535: invalid EP
warn: T6,PMP-EP65535: invalid EP
warn: T5,PMP-EP65535: invalid EP
warn: T4,PMP-EP65535: invalid EP
warn: T3,PMP-EP65535: invalid EP
warn: T2,PMP-EP65535: invalid EP
warn: T1,PMP-EP65535: invalid EP
warn: T11,PMP-EP65535: invalid EP
warn: T7,PMP-EP65535: invalid EP
warn: T9,PMP-EP65535: invalid EP
warn: T2,PMP-EP65535: invalid EP
warn: T10,PMP-EP65535: invalid EP
warn: T4,PMP-EP65535: invalid EP
warn: T5,PMP-EP65535: invalid EP
warn: T8,PMP-EP65535: invalid EP
warn: T3,PMP-EP65535: invalid EP
warn: T6,PMP-EP65535: invalid EP
warn: T1,PMP-EP65535: invalid EP
warn: T0,PMP-EP65535: invalid EP
[0;31m[T0:kernel  @        148] Entered raw mode; Quit via Ctrl+]
[0mwarn: T7,PMP-EP65535: invalid EP
warn: T7,PMP-EP65535: invalid EP
warn: T7,PMP-EP65535: invalid EP
warn: T11,PMP-EP65535: invalid EP
warn: T11,PMP-EP65535: invalid EP
warn: T11,PMP-EP65535: invalid EP
warn: T7,PMP-EP65535: invalid EP
warn: T11,PMP-EP65535: invalid EP
warn: T4,PMP-EP65535: invalid EP
warn: T4,PMP-EP65535: invalid EP
warn: T4,PMP-EP65535: invalid EP
warn: T3,PMP-EP65535: invalid EP
warn: T3,PMP-EP65535: invalid EP
warn: T3,PMP-EP65535: invalid EP
warn: T10,PMP-EP65535: invalid EP
warn: T10,PMP-EP65535: invalid EP
warn: T10,PMP-EP65535: invalid EP
warn: T6,PMP-EP65535: invalid EP
warn: T6,PMP-EP65535: invalid EP
warn: T6,PMP-EP65535: invalid EP
warn: T4,PMP-EP65535: invalid EP
warn: T9,PMP-EP65535: invalid EP
warn: T9,PMP-EP65535: invalid EP
warn: T9,PMP-EP65535: invalid EP
warn: T2,PMP-EP65535: invalid EP
warn: T2,PMP-EP65535: invalid EP
warn: T2,PMP-EP65535: invalid EP
warn: T3,PMP-EP65535: invalid EP
warn: T8,PMP-EP65535: invalid EP
warn: T8,PMP-EP65535: invalid EP
warn: T8,PMP-EP65535: invalid EP
warn: T10,PMP-EP65535: invalid EP
warn: T1,PMP-EP65535: invalid EP
warn: T1,PMP-EP65535: invalid EP
warn: T1,PMP-EP65535: invalid EP
warn: T5,PMP-EP65535: invalid EP
warn: T5,PMP-EP65535: invalid EP
warn: T5,PMP-EP65535: invalid EP
warn: T6,PMP-EP65535: invalid EP
warn: T9,PMP-EP65535: invalid EP
warn: T8,PMP-EP65535: invalid EP
warn: T2,PMP-EP65535: invalid EP
warn: T1,PMP-EP65535: invalid EP
warn: T5,PMP-EP65535: invalid EP
[0;31m[T0:kernel  @        695] Attesting tile: 1
[0m[0;31m[T0:kernel  @       1609] Attestation complete: 1, 2728121 cycles
[0m[0;31m[T0:kernel  @       2030] Attesting tile: 2
[0m[0;31m[T0:kernel  @       2933] Attestation complete: 2, 2705257 cycles
[0m[0;31m[T0:kernel  @       3354] Attesting tile: 3
[0m[0;31m[T0:kernel  @       4256] Attestation complete: 3, 2704842 cycles
[0m[0;31m[T0:kernel  @       4677] Attesting tile: 4
[0m[0;31m[T0:kernel  @       5579] Attestation complete: 4, 2704701 cycles
[0m[0;31m[T0:kernel  @       6000] Attesting tile: 5
[0m[0;31m[T0:kernel  @       6902] Attestation complete: 5, 2704565 cycles
[0m[0;31m[T0:kernel  @       7322] Attesting tile: 6
[0m[0;31m[T0:kernel  @       8225] Attestation complete: 6, 2704613 cycles
[0m[0;31m[T0:kernel  @       8646] Attesting tile: 7
[0m[0;31m[T0:kernel  @       9548] Attestation complete: 7, 2704542 cycles
[0m[0;31m[T0:kernel  @       9969] Attesting tile: 8
[0m[0;31m[T0:kernel  @      10871] Attestation complete: 8, 2704505 cycles
[0m[0;31m[T0:kernel  @      11292] Attesting tile: 9
[0m[0;31m[T0:kernel  @      12194] Attestation complete: 9, 2705105 cycles
[0m[0;31m[T0:kernel  @      12615] Attesting tile: 10
[0m[0;31m[T0:kernel  @      13517] Attestation complete: 10, 2704547 cycles
[0m[0;31m[T0:kernel  @      13938] Attesting tile: 11
[0m[0;31m[T0:kernel  @      14840] Attestation complete: 11, 2704473 cycles
[0m[0;31m[T0:kernel  @      15261] Attesting tile: 12
[0m[0;31m[T0:kernel  @      16163] Attestation complete: 12, 2704446 cycles
[0m[0;31m[T0:kernel  @      16583] Attesting tile: 13
[0m[0;31m[T0:kernel  @      17485] Attestation complete: 13, 2704524 cycles
[0m[0;31m[T0:kernel  @      17906] Attesting tile: 14
[0m[0;31m[T0:kernel  @      18808] Attestation complete: 14, 2704474 cycles
[0m[0;31m[T0:kernel  @      19229] Attesting tile: 15
[0m[0;31m[T0:kernel  @      20131] Attestation complete: 15, 2704473 cycles
[0m[0;31m[T0:kernel  @      20551] Attesting tile: 16
[0m[0;31m[T0:kernel  @      21453] Attestation complete: 16, 2704499 cycles
[0m[0;31m[T0:kernel  @      21874] Attesting tile: 17
[0m[0;31m[T0:kernel  @      22776] Attestation complete: 17, 2702519 cycles
[0m[0;31m[T0:kernel  @      23196] Attesting tile: 18
[0m[0;31m[T0:kernel  @      24097] Attestation complete: 18, 2702531 cycles
[0m[0;31m[T0:kernel  @      24519] Attesting tile: 19
[0m[0;31m[T0:kernel  @      25420] Attestation complete: 19, 2702505 cycles
[0m[0;31m[T0:kernel  @      25841] Attesting tile: 20
[0m[0;31m[T0:kernel  @      26742] Attestation complete: 20, 2702507 cycles
[0m[0;31m[T0:kernel  @      27163] Attesting tile: 21
[0m[0;31m[T0:kernel  @      28064] Attestation complete: 21, 2702537 cycles
[0m[0;31m[T0:kernel  @      28067] Attesting tile: 22
[0m[0;31m[T0:kernel  @      29615] Attestation complete: 22, 4643598 cycles
[0m[0;31m[T0:kernel  @      29617] Attesting tile: 22
[0m[0;31m[T0:kernel  @      31165] Attestation complete: 22, 4643099 cycles
[0m[0;31m[T0:kernel  @      31167] Attesting tile: 22
[0m[0;31m[T0:kernel  @      32714] Attestation complete: 22, 4643107 cycles
[0m[0;31m[T0:kernel  @      32716] Attesting tile: 22
[0m[0;31m[T0:kernel  @      34264] Attestation complete: 22, 4644035 cycles
[0m[0;31m[T0:kernel  @      34348] Kernel is ready!
[0m[0;32m[T1:root    @      34795] Boot modules:
[0m[0;32m[T1:root    @      34809]   Mod[addr: G[Tile22+0x30000000], size: 0x321, name: boot.xml]
[0m[0;32m[T1:root    @      34812]   Mod[addr: G[Tile22+0x30001000], size: 0x746a0, name: root]
[0m[0;32m[T1:root    @      34814]   Mod[addr: G[Tile22+0x30076000], size: 0x562f8, name: m3fs]
[0m[0;32m[T1:root    @      34816]   Mod[addr: G[Tile22+0x300cd000], size: 0x7ec00, name: pager]
[0m[0;32m[T1:root    @      34818] Available tiles:
[0m[0;32m[T1:root    @      34827]   Tile01: COMP_EMEM RISCV (empty) 0 KiB memory
[0m[0;32m[T1:root    @      34831]   Tile02: COMP_EMEM RISCV (empty) 0 KiB memory
[0m[0;32m[T1:root    @      34833]   Tile03: COMP_EMEM RISCV (empty) 0 KiB memory
[0m[0;32m[T1:root    @      34836]   Tile04: COMP_EMEM RISCV (empty) 0 KiB memory
[0m[0;32m[T1:root    @      34838]   Tile05: COMP_EMEM RISCV (empty) 0 KiB memory
[0m[0;32m[T1:root    @      34840]   Tile06: COMP_EMEM RISCV (empty) 0 KiB memory
[0m[0;32m[T1:root    @      34842]   Tile07: COMP_EMEM RISCV (empty) 0 KiB memory
[0m[0;32m[T1:root    @      34844]   Tile08: COMP_EMEM RISCV (empty) 0 KiB memory
[0m[0;32m[T1:root    @      34846]   Tile09: COMP_EMEM RISCV (empty) 0 KiB memory
[0m[0;32m[T1:root    @      34849]   Tile10: COMP_EMEM RISCV (empty) 0 KiB memory
[0m[0;32m[T1:root    @      34851]   Tile11: COMP_EMEM RISCV (empty) 0 KiB memory
[0m[0;32m[T1:root    @      34853]   Tile12: COMP_IMEM RISCV (empty) 32768 KiB memory
[0m[0;32m[T1:root    @      34855]   Tile13: COMP_IMEM RISCV (empty) 32768 KiB memory
[0m[0;32m[T1:root    @      34857]   Tile14: COMP_IMEM RISCV (empty) 32768 KiB memory
[0m[0;32m[T1:root    @      34861]   Tile15: COMP_IMEM RISCV (empty) 32768 KiB memory
[0m[0;32m[T1:root    @      34864]   Tile16: COMP_IMEM NIC_DEV (empty) 0 KiB memory
[0m[0;32m[T1:root    @      34866]   Tile17: COMP_IMEM NIC_DEV (empty) 0 KiB memory
[0m[0;32m[T1:root    @      34869]   Tile18: COMP_IMEM ACCEL_ROT13 (empty) 2048 KiB memory
[0m[0;32m[T1:root    @      34871]   Tile19: COMP_IMEM ACCEL_ROT13 (empty) 2048 KiB memory
[0m[0;32m[T1:root    @      34873]   Tile20: COMP_IMEM RISCV KECACC 32768 KiB memory
[0m[0;32m[T1:root    @      34875]   Tile21: COMP_IMEM SERIAL_DEV (empty) 0 KiB memory
[0m[0;32m[T1:root    @      34881] Available memory:
[0m[0;32m[T1:root    @      34888]   MemMod[sel: 30, res: true, addr: G[Tile22+0x0], size: 1200 MiB]
[0m[0;32m[T1:root    @      34891]   MemMod[sel: 31, res: false, addr: G[Tile22+0x4f600000], size: 959 MiB]
[0m[0;32m[T1:root    @      34895] Parsed Config [
[0m[0;32m[T1:root    @      34898]   root [
[0m[0;32m[T1:root    @      34907]     Domain on core [
[0m[0;32m[T1:root    @      34909]       m3fs mem 268435456 [
[0m[0;32m[T1:root    @      34910]         Daemon,
[0m[0;32m[T1:root    @      34916]         PhysMem[addr=0x0, size=0x40000 KiB, perm=R | W | X | RW | RWX],
[0m[0;32m[T1:root    @      34920]         Service[lname='m3fs', gname='m3fs'],
[0m[0;32m[T1:root    @      34922]       ]
[0m[0;32m[T1:root    @      34923]     ]
[0m[0;32m[T1:root    @      34925]     Domain on core [
[0m[0;32m[T1:root    @      34926]       pager 268435456 [
[0m[0;32m[T1:root    @      34928]         PhysMem[addr=0x0, size=0x40000 KiB, perm=R],
[0m[0;32m[T1:root    @      34932]         Session[lname='m3fs', gname='m3fs', arg='', dep=true],
[0m[0;32m[T1:root    @      34935]         Tile[type=boom|core, count=1, optional=false],
[0m[0;32m[T1:root    @      34937]         Domain on boom|core [
[0m[0;32m[T1:root    @      34938]           /bin/encrsyscall [
[0m[0;32m[T1:root    @      34941]             TimeSlice[1000000000 ns],
[0m[0;32m[T1:root    @      34943]             Mount[fs='m3fs', path='/'],
[0m[0;32m[T1:root    @      34945]             Tile[type=boom|core, count=1, optional=false],
[0m[0;32m[T1:root    @      34947]           ]
[0m[0;32m[T1:root    @      34948]         ]
[0m[0;32m[T1:root    @      34949]       ]
[0m[0;32m[T1:root    @      34950]     ]
[0m[0;32m[T1:root    @      34951]   ]
[0m[0;32m[T1:root    @      34952] ]
[0m[0;32m[T1:root    @      34953] 
[0m[0;32m[T1:root    @      35822] Starting boot module 'm3fs' on tile2 with arguments ["mem", "268435456"]
[0m[0;32m[T1:root    @      36620] m3fs: reg_serv(srv_sel=46, sgate_sel=50, name=m3fs, sessions=32)
[0m[0;32m[T1:root    @      36627] Creating service 1:m3fs
[0m[0;32m[T1:root    @      36708] Starting boot module 'pager' on tile3 with arguments ["268435456"]
[0m[0;34m[T3:pager   @      37059] Boot modules:
[0m[0;34m[T3:pager   @      37073]   Mod[addr: G[Tile22+0x77601000], size: 0x203, name: boot.xml]
[0m[0;34m[T3:pager   @      37075] Available tiles:
[0m[0;34m[T3:pager   @      37085]   Tile03: COMP_EMEM RISCV (empty) 0 KiB memory
[0m[0;34m[T3:pager   @      37090]   Tile04: COMP_EMEM RISCV (empty) 0 KiB memory
[0m[0;34m[T3:pager   @      37093] Available memory:
[0m[0;34m[T3:pager   @      37100]   MemMod[sel: 8, res: false, addr: G[Tile22+0x63800000], size: 159 MiB]
[0m[0;32m[T1:root    @      37118] pager: open_sess(dst_sel=59, name=m3fs)
[0m[0;32m[T1:root    @      37742] pager: Ok(8:ALLOC_TILE) failed: NotFound
[0m[0;34m[T3:pager   @      38020] Starting boot module '/bin/encrsyscall' on tile5 with arguments []
[0mRunning test suite bsyscall::run ...

Testing "noop" in src/apps/bench/encrsyscall/src/../../rustbenchs/src/bsyscall.rs:
! src/apps/bench/encrsyscall/src/../../rustbenchs/src/bsyscall.rs:54  PERF "noop": 819 cycles (+/- 7 cycles with 100 runs)

Testing "activate" in src/apps/bench/encrsyscall/src/../../rustbenchs/src/bsyscall.rs:
warn: PowerState: More than one power state change request encountered within the same simulation tick
warn: PowerState: More than one power state change request encountered within the same simulation tick
warn: PowerState: More than one power state change request encountered within the same simulation tick
warn: PowerState: More than one power state change request encountered within the same simulation tick
warn: PowerState: More than one power state change request encountered within the same simulation tick
warn: PowerState: More than one power state change request encountered within the same simulation tick
warn: PowerState: More than one power state change request encountered within the same simulation tick
warn: PowerState: More than one power state change request encountered within the same simulation tick
warn: PowerState: More than one power state change request encountered within the same simulation tick
warn: PowerState: More than one power state change request encountered within the same simulation tick
warn: PowerState: More than one power state change request encountered within the same simulation tick
warn: PowerState: More than one power state change request encountered within the same simulation tick
warn: PowerState: More than one power state change request encountered within the same simulation tick
warn: PowerState: More than one power state change request encountered within the same simulation tick
warn: PowerState: More than one power state change request encountered within the same simulation tick
warn: PowerState: More than one power state change request encountered within the same simulation tick
warn: PowerState: More than one power state change request encountered within the same simulation tick
warn: PowerState: More than one power state change request encountered within the same simulation tick
warn: PowerState: More than one power state change request encountered within the same simulation tick
warn: PowerState: More than one power state change request encountered within the same simulation tick
warn: PowerState: More than one power state change request encountered within the same simulation tick
warn: PowerState: More than one power state change request encountered within the same simulation tick
warn: PowerState: More than one power state change request encountered within the same simulation tick
warn: PowerState: More than one power state change request encountered within the same simulation tick
warn: PowerState: More than one power state change request encountered within the same simulation tick
warn: PowerState: More than one power state change request encountered within the same simulation tick
warn: PowerState: More than one power state change request encountered within the same simulation tick
warn: PowerState: More than one power state change request encountered within the same simulation tick
warn: PowerState: More than one power state change request encountered within the same simulation tick
warn: PowerState: More than one power state change request encountered within the same simulation tick
warn: PowerState: More than one power state change request encountered within the same simulation tick
warn: PowerState: More than one power state change request encountered within the same simulation tick
warn: PowerState: More than one power state change request encountered within the same simulation tick
warn: PowerState: More than one power state change request encountered within the same simulation tick
warn: PowerState: More than one power state change request encountered within the same simulation tick
warn: PowerState: More than one power state change request encountered within the same simulation tick
warn: PowerState: More than one power state change request encountered within the same simulation tick
warn: PowerState: More than one power state change request encountered within the same simulation tick
warn: PowerState: More than one power state change request encountered within the same simulation tick
warn: PowerState: More than one power state change request encountered within the same simulation tick
warn: PowerState: More than one power state change request encountered within the same simulation tick
warn: PowerState: More than one power state change request encountered within the same simulation tick
warn: PowerState: More than one power state change request encountered within the same simulation tick
warn: PowerState: More than one power state change request encountered within the same simulation tick
warn: PowerState: More than one power state change request encountered within the same simulation tick
warn: PowerState: More than one power state change request encountered within the same simulation tick
warn: PowerState: More than one power state change request encountered within the same simulation tick
warn: PowerState: More than one power state change request encountered within the same simulation tick
warn: PowerState: More than one power state change request encountered within the same simulation tick
! src/apps/bench/encrsyscall/src/../../rustbenchs/src/bsyscall.rs:68  PERF "activate": 4353 cycles (+/- 6 cycles with 100 runs)

Testing "create_mgate" in src/apps/bench/encrsyscall/src/../../rustbenchs/src/bsyscall.rs:
! src/apps/bench/encrsyscall/src/../../rustbenchs/src/bsyscall.rs:110  PERF "create_mgate": 8399 cycles (+/- 184 cycles with 100 runs)

Testing "create_rgate" in src/apps/bench/encrsyscall/src/../../rustbenchs/src/bsyscall.rs:
! src/apps/bench/encrsyscall/src/../../rustbenchs/src/bsyscall.rs:136  PERF "create_rgate": 1479 cycles (+/- 168 cycles with 100 runs)

Testing "create_sgate" in src/apps/bench/encrsyscall/src/../../rustbenchs/src/bsyscall.rs:
! src/apps/bench/encrsyscall/src/../../rustbenchs/src/bsyscall.rs:173  PERF "create_sgate": 1519 cycles (+/- 166 cycles with 100 runs)

Testing "create_map" in src/apps/bench/encrsyscall/src/../../rustbenchs/src/bsyscall.rs:
! src/apps/bench/encrsyscall/src/../../rustbenchs/src/bsyscall.rs:225  PERF "create_map": 5078 cycles (+/- 116 cycles with 100 runs)

Testing "create_srv" in src/apps/bench/encrsyscall/src/../../rustbenchs/src/bsyscall.rs:
! src/apps/bench/encrsyscall/src/../../rustbenchs/src/bsyscall.rs:260  PERF "create_srv": 2404 cycles (+/- 2430 cycles with 100 runs)

Testing "derive_mem" in src/apps/bench/encrsyscall/src/../../rustbenchs/src/bsyscall.rs:
! src/apps/bench/encrsyscall/src/../../rustbenchs/src/bsyscall.rs:299  PERF "derive_mem": 2158 cycles (+/- 2339 cycles with 100 runs)

Testing "exchange" in src/apps/bench/encrsyscall/src/../../rustbenchs/src/bsyscall.rs:
! src/apps/bench/encrsyscall/src/../../rustbenchs/src/bsyscall.rs:341  PERF "exchange": 1924 cycles (+/- 31 cycles with 100 runs)

Testing "revoke_mem_gate" in src/apps/bench/encrsyscall/src/../../rustbenchs/src/bsyscall.rs:
! src/apps/bench/encrsyscall/src/../../rustbenchs/src/bsyscall.rs:374  PERF "revoke_mem_gate": 1934 cycles (+/- 112 cycles with 100 runs)

Testing "revoke_recv_gate" in src/apps/bench/encrsyscall/src/../../rustbenchs/src/bsyscall.rs:
! src/apps/bench/encrsyscall/src/../../rustbenchs/src/bsyscall.rs:400  PERF "revoke_recv_gate": 1926 cycles (+/- 36 cycles with 100 runs)

Testing "revoke_send_gate" in src/apps/bench/encrsyscall/src/../../rustbenchs/src/bsyscall.rs:
! src/apps/bench/encrsyscall/src/../../rustbenchs/src/bsyscall.rs:432  PERF "revoke_send_gate": 2054 cycles (+/- 51 cycles with 100 runs)


[0;32m[T1:root    @      46992] Sending SHUTDOWN to service 1:m3fs
[0m[0;32m[T1:root    @      47018] m3fs: unreg_serv(sel=46)
[0m[0;32m[T1:root    @      47021] Removing service 1:m3fs
[0m[0;32m[T1:root    @      47159] All childs gone. Exiting.
[0m[0;31m[T0:kernel  @      47230] Shutting down
[0mExiting @ tick 47241703008 because m5_exit instruction encountered
