Building for gem5-riscv-release...
ninja: no work to do.
run/boot-all.xml validates
warn: <orphan SpuSystem>.etherlink already has parent (Previously declared as <orphan SpuSystem>.etherlink).
	Note: etherlink is not a parameter of SpuSystem
gem5 Simulator System.  http://gem5.org
gem5 is copyrighted software; use the --copyright option for details.

gem5 version 21.0.0.0
gem5 compiled Mar 16 2023 08:07:07
gem5 started Apr 11 2023 17:07:41
gem5 executing on graham, pid 1025266
command line: platform/gem5/build/RISCV/gem5.opt --outdir=run --debug-file=gem5.log --debug-flags=Tcu config/default.py --cpu-type DerivO3CPU --isa riscv --cmd 'build/gem5-riscv-release/bin/kernel -f build/gem5-riscv-release/bench.img,build/gem5-riscv-release/bin/tilemux,build/gem5-riscv-release/bin/tilemux,build/gem5-riscv-release/bin/tilemux,build/gem5-riscv-release/bin/tilemux,build/gem5-riscv-release/bin/tilemux,build/gem5-riscv-release/bin/tilemux,build/gem5-riscv-release/bin/tilemux,build/gem5-riscv-release/bin/tilemux,build/gem5-riscv-release/bin/tilemux,build/gem5-riscv-release/bin/tilemux,build/gem5-riscv-release/bin/tilemux,build/gem5-riscv-release/bin/tilemux,build/gem5-riscv-release/bin/tilemux,build/gem5-riscv-release/bin/tilemux,build/gem5-riscv-release/bin/tilemux,' --mods run/boot.xml,build/gem5-riscv-release/bin/root,build/gem5-riscv-release/bin/m3fs,build/gem5-riscv-release/bin/pager --cpu-clock=3GHz --sys-clock=1GHz --encr-latency=15 --par-pipe=1 --int-transfer-latency=250 --rng-latency=0 --sign-latency=0 --sign-ver-latency=0

T00: build/gem5-riscv-release/bin/kernel -f build/gem5-riscv-release/bench.img
     Core =DerivO3CPU riscv @ 3GHz
     TCU  =eps:192, bufsz:2048 B, blocksz:64 B, count:4, tlb:128
     L1i$ =32 KiB (2-way assoc, 4 cycles)
     L1d$ =32 KiB (2-way assoc, 4 cycles)
     L2$  =256 KiB (8-way assoc, 12 cycles)
     Comp =Core -> TCU -> L1$ -> L2$

T01: build/gem5-riscv-release/bin/tilemux
     Core =DerivO3CPU riscv @ 3GHz
     TCU  =eps:192, bufsz:2048 B, blocksz:64 B, count:4, tlb:128
     L1i$ =32 KiB (2-way assoc, 4 cycles)
     L1d$ =32 KiB (2-way assoc, 4 cycles)
     L2$  =256 KiB (8-way assoc, 12 cycles)
     Comp =Core -> TCU -> L1$ -> L2$

T02: build/gem5-riscv-release/bin/tilemux
     Core =DerivO3CPU riscv @ 3GHz
     TCU  =eps:192, bufsz:2048 B, blocksz:64 B, count:4, tlb:128
     L1i$ =32 KiB (2-way assoc, 4 cycles)
     L1d$ =32 KiB (2-way assoc, 4 cycles)
     L2$  =256 KiB (8-way assoc, 12 cycles)
     Comp =Core -> TCU -> L1$ -> L2$

T03: build/gem5-riscv-release/bin/tilemux
     Core =DerivO3CPU riscv @ 3GHz
     TCU  =eps:192, bufsz:2048 B, blocksz:64 B, count:4, tlb:128
     L1i$ =32 KiB (2-way assoc, 4 cycles)
     L1d$ =32 KiB (2-way assoc, 4 cycles)
     L2$  =256 KiB (8-way assoc, 12 cycles)
     Comp =Core -> TCU -> L1$ -> L2$

T04: build/gem5-riscv-release/bin/tilemux
     Core =DerivO3CPU riscv @ 3GHz
     TCU  =eps:192, bufsz:2048 B, blocksz:64 B, count:4, tlb:128
     L1i$ =32 KiB (2-way assoc, 4 cycles)
     L1d$ =32 KiB (2-way assoc, 4 cycles)
     L2$  =256 KiB (8-way assoc, 12 cycles)
     Comp =Core -> TCU -> L1$ -> L2$

T05: build/gem5-riscv-release/bin/tilemux
     Core =DerivO3CPU riscv @ 3GHz
     TCU  =eps:192, bufsz:2048 B, blocksz:64 B, count:4, tlb:128
     L1i$ =32 KiB (2-way assoc, 4 cycles)
     L1d$ =32 KiB (2-way assoc, 4 cycles)
     L2$  =256 KiB (8-way assoc, 12 cycles)
     Comp =Core -> TCU -> L1$ -> L2$

T06: build/gem5-riscv-release/bin/tilemux
     Core =DerivO3CPU riscv @ 3GHz
     TCU  =eps:192, bufsz:2048 B, blocksz:64 B, count:4, tlb:128
     L1i$ =32 KiB (2-way assoc, 4 cycles)
     L1d$ =32 KiB (2-way assoc, 4 cycles)
     L2$  =256 KiB (8-way assoc, 12 cycles)
     Comp =Core -> TCU -> L1$ -> L2$

T07: build/gem5-riscv-release/bin/tilemux
     Core =DerivO3CPU riscv @ 3GHz
     TCU  =eps:192, bufsz:2048 B, blocksz:64 B, count:4, tlb:128
     L1i$ =32 KiB (2-way assoc, 4 cycles)
     L1d$ =32 KiB (2-way assoc, 4 cycles)
     L2$  =256 KiB (8-way assoc, 12 cycles)
     Comp =Core -> TCU -> L1$ -> L2$

T08: build/gem5-riscv-release/bin/tilemux
     Core =DerivO3CPU riscv @ 3GHz
     TCU  =eps:192, bufsz:2048 B, blocksz:64 B, count:4, tlb:128
     L1i$ =32 KiB (2-way assoc, 4 cycles)
     L1d$ =32 KiB (2-way assoc, 4 cycles)
     L2$  =256 KiB (8-way assoc, 12 cycles)
     Comp =Core -> TCU -> L1$ -> L2$

T09: build/gem5-riscv-release/bin/tilemux
     Core =DerivO3CPU riscv @ 3GHz
     TCU  =eps:192, bufsz:2048 B, blocksz:64 B, count:4, tlb:128
     L1i$ =32 KiB (2-way assoc, 4 cycles)
     L1d$ =32 KiB (2-way assoc, 4 cycles)
     L2$  =256 KiB (8-way assoc, 12 cycles)
     Comp =Core -> TCU -> L1$ -> L2$

T10: build/gem5-riscv-release/bin/tilemux
     Core =DerivO3CPU riscv @ 3GHz
     TCU  =eps:192, bufsz:2048 B, blocksz:64 B, count:4, tlb:128
     L1i$ =32 KiB (2-way assoc, 4 cycles)
     L1d$ =32 KiB (2-way assoc, 4 cycles)
     L2$  =256 KiB (8-way assoc, 12 cycles)
     Comp =Core -> TCU -> L1$ -> L2$

T11: build/gem5-riscv-release/bin/tilemux
     Core =DerivO3CPU riscv @ 3GHz
     TCU  =eps:192, bufsz:2048 B, blocksz:64 B, count:4, tlb:128
     L1i$ =32 KiB (2-way assoc, 4 cycles)
     L1d$ =32 KiB (2-way assoc, 4 cycles)
     L2$  =256 KiB (8-way assoc, 12 cycles)
     Comp =Core -> TCU -> L1$ -> L2$

T12: build/gem5-riscv-release/bin/tilemux
     Core =DerivO3CPU riscv @ 3GHz
     TCU  =eps:192, bufsz:2048 B, blocksz:2048 B, count:4, tlb:0
     imem =32768 KiB
     Comp =Core -> TCU -> SPM

T13: build/gem5-riscv-release/bin/tilemux
     Core =DerivO3CPU riscv @ 3GHz
     TCU  =eps:192, bufsz:2048 B, blocksz:2048 B, count:4, tlb:0
     imem =32768 KiB
     Comp =Core -> TCU -> SPM

T14: build/gem5-riscv-release/bin/tilemux
     Core =DerivO3CPU riscv @ 3GHz
     TCU  =eps:192, bufsz:2048 B, blocksz:2048 B, count:4, tlb:0
     imem =32768 KiB
     Comp =Core -> TCU -> SPM

T15: build/gem5-riscv-release/bin/tilemux
     Core =DerivO3CPU riscv @ 3GHz
     TCU  =eps:192, bufsz:2048 B, blocksz:2048 B, count:4, tlb:0
     imem =32768 KiB
     Comp =Core -> TCU -> SPM

T16: IGbE_e1000
     TCU  =eps:192, bufsz:2048 B, blocksz:2048 B, count:4, tlb:0
     Comp =TCU -> Proxy -> NIC

T17: IGbE_e1000
     TCU  =eps:192, bufsz:2048 B, blocksz:2048 B, count:4, tlb:0
     Comp =TCU -> Proxy -> NIC

T18: rot13 accelerator @ 3GHz
     TCU  =eps:192, bufsz:2048 B, blocksz:2048 B, count:4, tlb:0
     imem =2048 KiB
     Comp =Core -> TCU -> SPM

T19: rot13 accelerator @ 3GHz
     TCU  =eps:192, bufsz:2048 B, blocksz:2048 B, count:4, tlb:0
     imem =2048 KiB
     Comp =Core -> TCU -> SPM

T20: build/gem5-riscv-release/bin/tilemux
     Core =DerivO3CPU riscv @ 3GHz
     TCU  =eps:192, bufsz:2048 B, blocksz:2048 B, count:4, tlb:0
     imem =32768 KiB
     Comp =Core -> TCU -> SPM

T21: SerialInput
     TCU  =eps:192, bufsz:2048 B, blocksz:2048 B, count:4, tlb:0
     Comp =TCU -> SerialInput

T22: build/gem5-riscv-release/bench.img x 1
     TCU  =eps:192, bufsz:2048 B, blocksz:2048 B, count:8, tlb:0
     imem =3145728 KiB
     Comp =TCU -> DRAM

Global frequency set at 1000000000000 ticks per second
warn: No dot file generated. Please install pydot to generate the dot file and pdf.
Gem5 Terminal started; Quit via Ctrl+]
warn: DRAM device capacity (49152 Mbytes) does not match the address range assigned (4096 Mbytes)
platform.com_1.device: Listening for connections on port 3456
0: T00.remote_gdb: listening for remote gdb on port 7000
0: T01.remote_gdb: listening for remote gdb on port 7001
0: T02.remote_gdb: listening for remote gdb on port 7002
0: T03.remote_gdb: listening for remote gdb on port 7003
0: T04.remote_gdb: listening for remote gdb on port 7004
0: T05.remote_gdb: listening for remote gdb on port 7005
0: T06.remote_gdb: listening for remote gdb on port 7006
0: T07.remote_gdb: listening for remote gdb on port 7007
0: T08.remote_gdb: listening for remote gdb on port 7008
0: T09.remote_gdb: listening for remote gdb on port 7009
0: T10.remote_gdb: listening for remote gdb on port 7010
0: T11.remote_gdb: listening for remote gdb on port 7011
0: T12.remote_gdb: listening for remote gdb on port 7012
0: T13.remote_gdb: listening for remote gdb on port 7013
0: T14.remote_gdb: listening for remote gdb on port 7014
0: T15.remote_gdb: listening for remote gdb on port 7015
warn: CoherentXBar T16.xbar has no snooping ports attached!
warn: CoherentXBar T17.xbar has no snooping ports attached!
warn: CoherentXBar T18.xbar has no snooping ports attached!
warn: CoherentXBar T19.xbar has no snooping ports attached!
0: T20.remote_gdb: listening for remote gdb on port 7016
warn: CoherentXBar T21.xbar has no snooping ports attached!
warn: CoherentXBar T22.xbar has no snooping ports attached!
info: Loaded 'boot.xml' to 0x9600000030000000 .. 0x9600000030000311
info: Loaded 'root' to 0x9600000030001000 .. 0x96000000300756a0
info: Loaded 'm3fs' to 0x9600000030076000 .. 0x96000000300cc2f8
info: Loaded 'pager' to 0x96000000300cd000 .. 0x960000003014bc00
info: Entering event queue @ 0.  Starting simulation...
warn: T12.spm: address out-of-range: 0
warn: T0,PMP-EP65535: invalid EP
warn: T11,PMP-EP65535: invalid EP
warn: T10,PMP-EP65535: invalid EP
warn: T9,PMP-EP65535: invalid EP
warn: T8,PMP-EP65535: invalid EP
warn: T7,PMP-EP65535: invalid EP
warn: T6,PMP-EP65535: invalid EP
warn: T5,PMP-EP65535: invalid EP
warn: T4,PMP-EP65535: invalid EP
warn: T3,PMP-EP65535: invalid EP
warn: T2,PMP-EP65535: invalid EP
warn: T1,PMP-EP65535: invalid EP
warn: T11,PMP-EP65535: invalid EP
warn: T7,PMP-EP65535: invalid EP
warn: T9,PMP-EP65535: invalid EP
warn: T2,PMP-EP65535: invalid EP
warn: T10,PMP-EP65535: invalid EP
warn: T4,PMP-EP65535: invalid EP
warn: T5,PMP-EP65535: invalid EP
warn: T8,PMP-EP65535: invalid EP
warn: T3,PMP-EP65535: invalid EP
warn: T6,PMP-EP65535: invalid EP
warn: T1,PMP-EP65535: invalid EP
warn: T0,PMP-EP65535: invalid EP
[0;31m[T0:kernel  @        148] Entered raw mode; Quit via Ctrl+]
[0mwarn: T7,PMP-EP65535: invalid EP
warn: T7,PMP-EP65535: invalid EP
warn: T7,PMP-EP65535: invalid EP
warn: T11,PMP-EP65535: invalid EP
warn: T11,PMP-EP65535: invalid EP
warn: T11,PMP-EP65535: invalid EP
warn: T7,PMP-EP65535: invalid EP
warn: T11,PMP-EP65535: invalid EP
warn: T4,PMP-EP65535: invalid EP
warn: T4,PMP-EP65535: invalid EP
warn: T4,PMP-EP65535: invalid EP
warn: T3,PMP-EP65535: invalid EP
warn: T3,PMP-EP65535: invalid EP
warn: T3,PMP-EP65535: invalid EP
warn: T10,PMP-EP65535: invalid EP
warn: T10,PMP-EP65535: invalid EP
warn: T10,PMP-EP65535: invalid EP
warn: T6,PMP-EP65535: invalid EP
warn: T6,PMP-EP65535: invalid EP
warn: T6,PMP-EP65535: invalid EP
warn: T4,PMP-EP65535: invalid EP
warn: T9,PMP-EP65535: invalid EP
warn: T9,PMP-EP65535: invalid EP
warn: T9,PMP-EP65535: invalid EP
warn: T2,PMP-EP65535: invalid EP
warn: T2,PMP-EP65535: invalid EP
warn: T2,PMP-EP65535: invalid EP
warn: T3,PMP-EP65535: invalid EP
warn: T8,PMP-EP65535: invalid EP
warn: T8,PMP-EP65535: invalid EP
warn: T8,PMP-EP65535: invalid EP
warn: T10,PMP-EP65535: invalid EP
warn: T1,PMP-EP65535: invalid EP
warn: T1,PMP-EP65535: invalid EP
warn: T1,PMP-EP65535: invalid EP
warn: T5,PMP-EP65535: invalid EP
warn: T5,PMP-EP65535: invalid EP
warn: T5,PMP-EP65535: invalid EP
warn: T6,PMP-EP65535: invalid EP
warn: T9,PMP-EP65535: invalid EP
warn: T8,PMP-EP65535: invalid EP
warn: T2,PMP-EP65535: invalid EP
warn: T1,PMP-EP65535: invalid EP
warn: T5,PMP-EP65535: invalid EP
[0;31m[T0:kernel  @        695] Attesting tile: 1
[0m[0;31m[T0:kernel  @       1609] Attestation complete: 1, 2728151 cycles
[0m[0;31m[T0:kernel  @       2031] Attesting tile: 2
[0m[0;31m[T0:kernel  @       2933] Attestation complete: 2, 2705314 cycles
[0m[0;31m[T0:kernel  @       3354] Attesting tile: 3
[0m[0;31m[T0:kernel  @       4257] Attestation complete: 3, 2704900 cycles
[0m[0;31m[T0:kernel  @       4677] Attesting tile: 4
[0m[0;31m[T0:kernel  @       5580] Attestation complete: 4, 2704762 cycles
[0m[0;31m[T0:kernel  @       6000] Attesting tile: 5
[0m[0;31m[T0:kernel  @       6902] Attestation complete: 5, 2704625 cycles
[0m[0;31m[T0:kernel  @       7323] Attesting tile: 6
[0m[0;31m[T0:kernel  @       8225] Attestation complete: 6, 2704677 cycles
[0m[0;31m[T0:kernel  @       8647] Attesting tile: 7
[0m[0;31m[T0:kernel  @       9549] Attestation complete: 7, 2704590 cycles
[0m[0;31m[T0:kernel  @       9970] Attesting tile: 8
[0m[0;31m[T0:kernel  @      10872] Attestation complete: 8, 2704575 cycles
[0m[0;31m[T0:kernel  @      11293] Attesting tile: 9
[0m[0;31m[T0:kernel  @      12195] Attestation complete: 9, 2704691 cycles
[0m[0;31m[T0:kernel  @      12616] Attesting tile: 10
[0m[0;31m[T0:kernel  @      13518] Attestation complete: 10, 2704611 cycles
[0m[0;31m[T0:kernel  @      13939] Attesting tile: 11
[0m[0;31m[T0:kernel  @      14841] Attestation complete: 11, 2704534 cycles
[0m[0;31m[T0:kernel  @      15261] Attesting tile: 12
[0m[0;31m[T0:kernel  @      16163] Attestation complete: 12, 2704509 cycles
[0m[0;31m[T0:kernel  @      16584] Attesting tile: 13
[0m[0;31m[T0:kernel  @      17486] Attestation complete: 13, 2704584 cycles
[0m[0;31m[T0:kernel  @      17907] Attesting tile: 14
[0m[0;31m[T0:kernel  @      18809] Attestation complete: 14, 2704534 cycles
[0m[0;31m[T0:kernel  @      19229] Attesting tile: 15
[0m[0;31m[T0:kernel  @      20131] Attestation complete: 15, 2704531 cycles
[0m[0;31m[T0:kernel  @      20553] Attesting tile: 16
[0m[0;31m[T0:kernel  @      21455] Attestation complete: 16, 2704571 cycles
[0m[0;31m[T0:kernel  @      21875] Attesting tile: 17
[0m[0;31m[T0:kernel  @      22777] Attestation complete: 17, 2702565 cycles
[0m[0;31m[T0:kernel  @      23198] Attesting tile: 18
[0m[0;31m[T0:kernel  @      24099] Attestation complete: 18, 2702587 cycles
[0m[0;31m[T0:kernel  @      24519] Attesting tile: 19
[0m[0;31m[T0:kernel  @      25421] Attestation complete: 19, 2702573 cycles
[0m[0;31m[T0:kernel  @      25842] Attesting tile: 20
[0m[0;31m[T0:kernel  @      26743] Attestation complete: 20, 2702561 cycles
[0m[0;31m[T0:kernel  @      27164] Attesting tile: 21
[0m[0;31m[T0:kernel  @      28066] Attestation complete: 21, 2702597 cycles
[0m[0;31m[T0:kernel  @      28069] Attesting tile: 22
[0m[0;31m[T0:kernel  @      29616] Attestation complete: 22, 4643403 cycles
[0m[0;31m[T0:kernel  @      29618] Attesting tile: 22
[0m[0;31m[T0:kernel  @      31168] Attestation complete: 22, 4648074 cycles
[0m[0;31m[T0:kernel  @      31169] Attesting tile: 22
[0m[0;31m[T0:kernel  @      32717] Attestation complete: 22, 4643558 cycles
[0m[0;31m[T0:kernel  @      32719] Attesting tile: 22
[0m[0;31m[T0:kernel  @      34267] Attestation complete: 22, 4643140 cycles
[0m[0;31m[T0:kernel  @      34356] Kernel is ready!
[0m[0;32m[T1:root    @      34840] Boot modules:
[0m[0;32m[T1:root    @      34854]   Mod[addr: G[Tile22+0x30000000], size: 0x311, name: boot.xml]
[0m[0;32m[T1:root    @      34857]   Mod[addr: G[Tile22+0x30001000], size: 0x746a0, name: root]
[0m[0;32m[T1:root    @      34860]   Mod[addr: G[Tile22+0x30076000], size: 0x562f8, name: m3fs]
[0m[0;32m[T1:root    @      34862]   Mod[addr: G[Tile22+0x300cd000], size: 0x7ec00, name: pager]
[0m[0;32m[T1:root    @      34864] Available tiles:
[0m[0;32m[T1:root    @      34874]   Tile01: COMP_EMEM RISCV (empty) 0 KiB memory
[0m[0;32m[T1:root    @      34878]   Tile02: COMP_EMEM RISCV (empty) 0 KiB memory
[0m[0;32m[T1:root    @      34880]   Tile03: COMP_EMEM RISCV (empty) 0 KiB memory
[0m[0;32m[T1:root    @      34882]   Tile04: COMP_EMEM RISCV (empty) 0 KiB memory
[0m[0;32m[T1:root    @      34884]   Tile05: COMP_EMEM RISCV (empty) 0 KiB memory
[0m[0;32m[T1:root    @      34887]   Tile06: COMP_EMEM RISCV (empty) 0 KiB memory
[0m[0;32m[T1:root    @      34889]   Tile07: COMP_EMEM RISCV (empty) 0 KiB memory
[0m[0;32m[T1:root    @      34891]   Tile08: COMP_EMEM RISCV (empty) 0 KiB memory
[0m[0;32m[T1:root    @      34893]   Tile09: COMP_EMEM RISCV (empty) 0 KiB memory
[0m[0;32m[T1:root    @      34896]   Tile10: COMP_EMEM RISCV (empty) 0 KiB memory
[0m[0;32m[T1:root    @      34898]   Tile11: COMP_EMEM RISCV (empty) 0 KiB memory
[0m[0;32m[T1:root    @      34900]   Tile12: COMP_IMEM RISCV (empty) 32768 KiB memory
[0m[0;32m[T1:root    @      34902]   Tile13: COMP_IMEM RISCV (empty) 32768 KiB memory
[0m[0;32m[T1:root    @      34904]   Tile14: COMP_IMEM RISCV (empty) 32768 KiB memory
[0m[0;32m[T1:root    @      34906]   Tile15: COMP_IMEM RISCV (empty) 32768 KiB memory
[0m[0;32m[T1:root    @      34909]   Tile16: COMP_IMEM NIC_DEV (empty) 0 KiB memory
[0m[0;32m[T1:root    @      34911]   Tile17: COMP_IMEM NIC_DEV (empty) 0 KiB memory
[0m[0;32m[T1:root    @      34913]   Tile18: COMP_IMEM ACCEL_ROT13 (empty) 2048 KiB memory
[0m[0;32m[T1:root    @      34915]   Tile19: COMP_IMEM ACCEL_ROT13 (empty) 2048 KiB memory
[0m[0;32m[T1:root    @      34918]   Tile20: COMP_IMEM RISCV KECACC 32768 KiB memory
[0m[0;32m[T1:root    @      34920]   Tile21: COMP_IMEM SERIAL_DEV (empty) 0 KiB memory
[0m[0;32m[T1:root    @      34926] Available memory:
[0m[0;32m[T1:root    @      34934]   MemMod[sel: 30, res: true, addr: G[Tile22+0x0], size: 1200 MiB]
[0m[0;32m[T1:root    @      34937]   MemMod[sel: 31, res: false, addr: G[Tile22+0x4f600000], size: 959 MiB]
[0m[0;32m[T1:root    @      34941] Parsed Config [
[0m[0;32m[T1:root    @      34944]   root [
[0m[0;32m[T1:root    @      34954]     Domain on core [
[0m[0;32m[T1:root    @      34956]       m3fs mem 268435456 [
[0m[0;32m[T1:root    @      34958]         Daemon,
[0m[0;32m[T1:root    @      34964]         PhysMem[addr=0x0, size=0x40000 KiB, perm=R | W | X | RW | RWX],
[0m[0;32m[T1:root    @      34968]         Service[lname='m3fs', gname='m3fs'],
[0m[0;32m[T1:root    @      34970]       ]
[0m[0;32m[T1:root    @      34972]     ]
[0m[0;32m[T1:root    @      34973]     Domain on core [
[0m[0;32m[T1:root    @      34974]       pager 268435456 [
[0m[0;32m[T1:root    @      34977]         PhysMem[addr=0x0, size=0x40000 KiB, perm=R],
[0m[0;32m[T1:root    @      34980]         Session[lname='m3fs', gname='m3fs', arg='', dep=true],
[0m[0;32m[T1:root    @      34984]         Tile[type=core, count=1, optional=false],
[0m[0;32m[T1:root    @      34985]         Domain on core [
[0m[0;32m[T1:root    @      34988]           /bin/fstrace-m3fs -d -n 1 -u 0 -v tar [
[0m[0;32m[T1:root    @      34991]             Mount[fs='m3fs', path='/'],
[0m[0;32m[T1:root    @      34993]             Tile[type=core, count=1, optional=false],
[0m[0;32m[T1:root    @      34994]           ]
[0m[0;32m[T1:root    @      34996]         ]
[0m[0;32m[T1:root    @      34997]       ]
[0m[0;32m[T1:root    @      34998]     ]
[0m[0;32m[T1:root    @      34999]   ]
[0m[0;32m[T1:root    @      35000] ]
[0m[0;32m[T1:root    @      35000] 
[0m[0;32m[T1:root    @      35915] Starting boot module 'm3fs' on tile2 with arguments ["mem", "268435456"]
[0m[0;32m[T1:root    @      36771] m3fs: reg_serv(srv_sel=46, sgate_sel=50, name=m3fs, sessions=32)
[0m[0;32m[T1:root    @      36779] Creating service 1:m3fs
[0m[0;32m[T1:root    @      36866] Starting boot module 'pager' on tile3 with arguments ["268435456"]
[0m[0;34m[T3:pager   @      37239] Boot modules:
[0m[0;34m[T3:pager   @      37254]   Mod[addr: G[Tile22+0x77601000], size: 0x1f3, name: boot.xml]
[0m[0;34m[T3:pager   @      37256] Available tiles:
[0m[0;34m[T3:pager   @      37267]   Tile03: COMP_EMEM RISCV (empty) 0 KiB memory
[0m[0;34m[T3:pager   @      37272]   Tile04: COMP_EMEM RISCV (empty) 0 KiB memory
[0m[0;34m[T3:pager   @      37275] Available memory:
[0m[0;34m[T3:pager   @      37283]   MemMod[sel: 8, res: false, addr: G[Tile22+0x63800000], size: 159 MiB]
[0m[0;32m[T1:root    @      37301] pager: open_sess(dst_sel=59, name=m3fs)
[0m[0;34m[T3:pager   @      38265] Starting boot module '/bin/fstrace-m3fs' on tile5 with arguments ["-d", "-n", "1", "-u", "0", "-v", "tar"]
[0mVPFS trace_bench started [trace=tar,n=1,wait=no,data=yes,stdio=no,prefix=,loadgen=,ops=52]
[0;36m[T5:fstrace-@      38969] line 1: opcode=WAITUNTIL -> 1104 cycles
[0m[0;36m[T5:fstrace-@      39049] line 2: opcode=OPEN -> 217129 cycles
[0m[0;36m[T5:fstrace-@      39050] line 3: opcode=WAITUNTIL -> 40 cycles
[0m[0;36m[T5:fstrace-@      39062] line 4: opcode=FSTAT -> 29034 cycles
[0m[0;36m[T5:fstrace-@      39063] line 5: opcode=WAITUNTIL -> 23 cycles
[0m[0;36m[T5:fstrace-@      39082] line 6: opcode=FSTATAT -> 51094 cycles
[0m[0;36m[T5:fstrace-@      39083] line 7: opcode=WAITUNTIL -> 23 cycles
[0m[0;36m[T5:fstrace-@      39101] line 8: opcode=OPEN -> 48246 cycles
[0m[0;36m[T5:fstrace-@      39102] line 9: opcode=WAITUNTIL -> 23 cycles
[0m[0;36m[T5:fstrace-@      39116] line 10: opcode=READ -> 36364 cycles
[0m[0;36m[T5:fstrace-@      39117] line 11: opcode=WAITUNTIL -> 23 cycles
[0m[0;36m[T5:fstrace-@      39136] line 12: opcode=CLOSE -> 52719 cycles
[0m[0;36m[T5:fstrace-@      39137] line 13: opcode=WAITUNTIL -> 23 cycles
[0m[0;36m[T5:fstrace-@      39144] line 14: opcode=OPEN -> 16046 cycles
[0m[0;36m[T5:fstrace-@      39145] line 15: opcode=WAITUNTIL -> 23 cycles
[0m[0;36m[T5:fstrace-@      39152] line 16: opcode=READ -> 14559 cycles
[0m[0;36m[T5:fstrace-@      39153] line 17: opcode=WAITUNTIL -> 23 cycles
[0m[0;36m[T5:fstrace-@      39156] line 18: opcode=CLOSE -> 5812 cycles
[0m[0;36m[T5:fstrace-@      39157] line 19: opcode=WAITUNTIL -> 23 cycles
[0m[0;36m[T5:fstrace-@      39176] line 20: opcode=WRITE -> 52434 cycles
[0m[0;36m[T5:fstrace-@      39178] line 21: opcode=WAITUNTIL -> 23 cycles
[0m[0;36m[T5:fstrace-@      39195] line 22: opcode=OPEN -> 47681 cycles
[0m[0;36m[T5:fstrace-@      39198] line 23: opcode=FSTAT -> 4972 cycles
[0m[0;36m[T5:fstrace-@      39199] line 24: opcode=WAITUNTIL -> 23 cycles
[0m[0;36m[T5:fstrace-@      39219] line 25: opcode=GETDENTS -> 52910 cycles
[0m[0;36m[T5:fstrace-@      39220] line 26: opcode=WAITUNTIL -> 23 cycles
[0m[0;36m[T5:fstrace-@      39224] line 27: opcode=FSTATAT -> 7603 cycles
[0m[0;36m[T5:fstrace-@      39225] line 28: opcode=WAITUNTIL -> 23 cycles
[0m[0;36m[T5:fstrace-@      39234] line 29: opcode=OPEN -> 20857 cycles
[0m[0;36m[T5:fstrace-@      39235] line 30: opcode=WAITUNTIL -> 23 cycles
[0m[0;36m[T5:fstrace-@      39237] line 31: opcode=WRITE -> 1843 cycles
[0m[0;36m[T5:fstrace-@      39238] line 32: opcode=WAITUNTIL -> 33 cycles
[0m[0;36m[T5:fstrace-@      42049] line 33: opcode=SENDFILE -> 8436907 cycles
[0m[0;36m[T5:fstrace-@      42051] line 34: opcode=WAITUNTIL -> 23 cycles
[0m[0;36m[T5:fstrace-@      42055] line 35: opcode=CLOSE -> 9917 cycles
[0m[0;36m[T5:fstrace-@      42057] line 36: opcode=WAITUNTIL -> 23 cycles
[0m[0;36m[T5:fstrace-@      42060] line 37: opcode=FSTATAT -> 7114 cycles
[0m[0;36m[T5:fstrace-@      42062] line 38: opcode=WAITUNTIL -> 23 cycles
[0m[0;36m[T5:fstrace-@      42066] line 39: opcode=OPEN -> 10054 cycles
[0m[0;36m[T5:fstrace-@      42068] line 40: opcode=WAITUNTIL -> 23 cycles
[0m[0;36m[T5:fstrace-@      42070] line 41: opcode=WRITE -> 1758 cycles
[0m[0;36m[T5:fstrace-@      42071] line 42: opcode=WAITUNTIL -> 23 cycles
[0m[0;36m[T5:fstrace-@      42163] line 43: opcode=SENDFILE -> 270902 cycles
[0m[0;36m[T5:fstrace-@      42164] line 44: opcode=WAITUNTIL -> 23 cycles
[0m[0;36m[T5:fstrace-@      42168] line 45: opcode=CLOSE -> 8923 cycles
[0m[0;36m[T5:fstrace-@      42170] line 46: opcode=WAITUNTIL -> 23 cycles
[0m[0;36m[T5:fstrace-@      42173] line 47: opcode=FSTATAT -> 6425 cycles
[0m[0;36m[T5:fstrace-@      42174] line 48: opcode=WAITUNTIL -> 23 cycles
[0m[0;36m[T5:fstrace-@      42179] line 49: opcode=OPEN -> 9238 cycles
[0m[0;36m[T5:fstrace-@      42180] line 50: opcode=WAITUNTIL -> 23 cycles
[0m[0;36m[T5:fstrace-@      42182] line 51: opcode=WRITE -> 1764 cycles
[0m[0;36m[T5:fstrace-@      42183] line 52: opcode=WAITUNTIL -> 23 cycles
[0m[0;36m[T5:fstrace-@      42536] line 53: opcode=SENDFILE -> 1053882 cycles
[0m[0;36m[T5:fstrace-@      42537] line 54: opcode=WAITUNTIL -> 23 cycles
[0m[0;36m[T5:fstrace-@      42541] line 55: opcode=CLOSE -> 7675 cycles
[0m[0;36m[T5:fstrace-@      42542] line 56: opcode=WAITUNTIL -> 23 cycles
[0m[0;36m[T5:fstrace-@      42545] line 57: opcode=FSTATAT -> 5742 cycles
[0m[0;36m[T5:fstrace-@      42547] line 58: opcode=WAITUNTIL -> 23 cycles
[0m[0;36m[T5:fstrace-@      42551] line 59: opcode=OPEN -> 9668 cycles
[0m[0;36m[T5:fstrace-@      42553] line 60: opcode=WAITUNTIL -> 23 cycles
[0m[0;36m[T5:fstrace-@      42554] line 61: opcode=WRITE -> 1743 cycles
[0m[0;36m[T5:fstrace-@      43255] line 62: opcode=SENDFILE -> 2100168 cycles
[0m[0;36m[T5:fstrace-@      43257] line 63: opcode=WAITUNTIL -> 23 cycles
[0m[0;36m[T5:fstrace-@      43260] line 64: opcode=CLOSE -> 7413 cycles
[0m[0;36m[T5:fstrace-@      43262] line 65: opcode=WAITUNTIL -> 23 cycles
[0m[0;36m[T5:fstrace-@      43265] line 66: opcode=FSTATAT -> 6711 cycles
[0m[0;36m[T5:fstrace-@      43267] line 67: opcode=WAITUNTIL -> 23 cycles
[0m[0;36m[T5:fstrace-@      43271] line 68: opcode=OPEN -> 9191 cycles
[0m[0;36m[T5:fstrace-@      43272] line 69: opcode=WAITUNTIL -> 23 cycles
[0m[0;36m[T5:fstrace-@      43274] line 70: opcode=WRITE -> 1751 cycles
[0m[0;36m[T5:fstrace-@      48855] line 71: opcode=SENDFILE -> 16753532 cycles
[0m[0;36m[T5:fstrace-@      48856] line 72: opcode=WAITUNTIL -> 40 cycles
[0m[0;36m[T5:fstrace-@      48860] line 73: opcode=CLOSE -> 7574 cycles
[0m[0;36m[T5:fstrace-@      48861] line 74: opcode=WAITUNTIL -> 23 cycles
[0m[0;36m[T5:fstrace-@      48864] line 75: opcode=FSTATAT -> 5334 cycles
[0m[0;36m[T5:fstrace-@      48865] line 76: opcode=WAITUNTIL -> 23 cycles
[0m[0;36m[T5:fstrace-@      48870] line 77: opcode=OPEN -> 9239 cycles
[0m[0;36m[T5:fstrace-@      48871] line 78: opcode=WAITUNTIL -> 23 cycles
[0m[0;36m[T5:fstrace-@      48873] line 79: opcode=WRITE -> 1770 cycles
[0m[0;36m[T5:fstrace-@      48874] line 80: opcode=WAITUNTIL -> 23 cycles
[0m[0;36m[T5:fstrace-@      49054] line 81: opcode=SENDFILE -> 536432 cycles
[0m[0;36m[T5:fstrace-@      49056] line 82: opcode=WAITUNTIL -> 23 cycles
[0m[0;36m[T5:fstrace-@      49060] line 83: opcode=CLOSE -> 7424 cycles
[0m[0;36m[T5:fstrace-@      49061] line 84: opcode=WAITUNTIL -> 23 cycles
[0m[0;36m[T5:fstrace-@      49064] line 85: opcode=FSTATAT -> 5472 cycles
[0m[0;36m[T5:fstrace-@      49065] line 86: opcode=WAITUNTIL -> 23 cycles
[0m[0;36m[T5:fstrace-@      49070] line 87: opcode=OPEN -> 9109 cycles
[0m[0;36m[T5:fstrace-@      49071] line 88: opcode=WAITUNTIL -> 23 cycles
[0m[0;36m[T5:fstrace-@      49073] line 89: opcode=WRITE -> 1753 cycles
[0m[0;36m[T5:fstrace-@      49074] line 90: opcode=WAITUNTIL -> 23 cycles
[0m[0;36m[T5:fstrace-@      50471] line 91: opcode=SENDFILE -> 4189141 cycles
[0m[0;36m[T5:fstrace-@      50472] line 92: opcode=WAITUNTIL -> 23 cycles
[0m[0;36m[T5:fstrace-@      50476] line 93: opcode=CLOSE -> 7646 cycles
[0m[0;36m[T5:fstrace-@      50477] line 94: opcode=WAITUNTIL -> 23 cycles
[0m[0;36m[T5:fstrace-@      50479] line 95: opcode=GETDENTS -> 2394 cycles
[0m[0;36m[T5:fstrace-@      50481] line 96: opcode=WAITUNTIL -> 23 cycles
[0m[0;36m[T5:fstrace-@      50485] line 97: opcode=CLOSE -> 8435 cycles
[0m[0;36m[T5:fstrace-@      50486] line 98: opcode=WAITUNTIL -> 23 cycles
[0m[0;36m[T5:fstrace-@      50488] line 99: opcode=WRITE -> 1891 cycles
[0m[0;36m[T5:fstrace-@      50500] line 100: opcode=CLOSE -> 31455 cycles
[0m[0;36m[T5:fstrace-@      50502] total waittime: 462055 cycles
[0mTotal time: 34670219 cycles
VPFS trace_bench benchmark terminated
[0;32m[T1:root    @      50982] Sending SHUTDOWN to service 1:m3fs
[0m[0;32m[T1:root    @      51013] m3fs: unreg_serv(sel=46)
[0m[0;32m[T1:root    @      51017] Removing service 1:m3fs
[0m[0;32m[T1:root    @      51162] All childs gone. Exiting.
[0m[0;31m[T0:kernel  @      51219] Shutting down
[0mExiting @ tick 51228456264 because m5_exit instruction encountered
