Building for gem5-riscv-release...
ninja: no work to do.
run/boot-all.xml validates
warn: <orphan SpuSystem>.etherlink already has parent (Previously declared as <orphan SpuSystem>.etherlink).
	Note: etherlink is not a parameter of SpuSystem
gem5 Simulator System.  http://gem5.org
gem5 is copyrighted software; use the --copyright option for details.

gem5 version 21.0.0.0
gem5 compiled Apr 27 2023 13:09:03
gem5 started Apr 27 2023 14:06:55
gem5 executing on graham, pid 3136383
command line: platform/gem5/build/RISCV/gem5.opt --outdir=run --debug-file=gem5.log --debug-flags=Tcu config/default.py --cpu-type DerivO3CPU --isa riscv --cmd 'build/gem5-riscv-release/bin/kernel -f build/gem5-riscv-release/bench.img,build/gem5-riscv-release/bin/tilemux,build/gem5-riscv-release/bin/tilemux,build/gem5-riscv-release/bin/tilemux,build/gem5-riscv-release/bin/tilemux,build/gem5-riscv-release/bin/tilemux,build/gem5-riscv-release/bin/tilemux,build/gem5-riscv-release/bin/tilemux,build/gem5-riscv-release/bin/tilemux,build/gem5-riscv-release/bin/tilemux,build/gem5-riscv-release/bin/tilemux,build/gem5-riscv-release/bin/tilemux,build/gem5-riscv-release/bin/tilemux,build/gem5-riscv-release/bin/tilemux,build/gem5-riscv-release/bin/tilemux,build/gem5-riscv-release/bin/tilemux,' --mods run/boot.xml,build/gem5-riscv-release/bin/root,build/gem5-riscv-release/bin/m3fs,build/gem5-riscv-release/bin/pager --cpu-clock=2GHz --sys-clock=2GHz --encr-latency=15 --par-pipe=1 --int-transfer-latency=0 --rng-latency=0 --sign-latency=0 --sign-ver-latency=0

T00: build/gem5-riscv-release/bin/kernel -f build/gem5-riscv-release/bench.img
     Core =DerivO3CPU riscv @ 2GHz
     TCU  =eps:192, bufsz:2048 B, blocksz:64 B, count:4, tlb:128
     L1i$ =32 KiB (2-way assoc, 4 cycles)
     L1d$ =32 KiB (2-way assoc, 4 cycles)
     L2$  =256 KiB (8-way assoc, 12 cycles)
     Comp =Core -> TCU -> L1$ -> L2$

T01: build/gem5-riscv-release/bin/tilemux
     Core =DerivO3CPU riscv @ 2GHz
     TCU  =eps:192, bufsz:2048 B, blocksz:64 B, count:4, tlb:128
     L1i$ =32 KiB (2-way assoc, 4 cycles)
     L1d$ =32 KiB (2-way assoc, 4 cycles)
     L2$  =256 KiB (8-way assoc, 12 cycles)
     Comp =Core -> TCU -> L1$ -> L2$

T02: build/gem5-riscv-release/bin/tilemux
     Core =DerivO3CPU riscv @ 2GHz
     TCU  =eps:192, bufsz:2048 B, blocksz:64 B, count:4, tlb:128
     L1i$ =32 KiB (2-way assoc, 4 cycles)
     L1d$ =32 KiB (2-way assoc, 4 cycles)
     L2$  =256 KiB (8-way assoc, 12 cycles)
     Comp =Core -> TCU -> L1$ -> L2$

T03: build/gem5-riscv-release/bin/tilemux
     Core =DerivO3CPU riscv @ 2GHz
     TCU  =eps:192, bufsz:2048 B, blocksz:64 B, count:4, tlb:128
     L1i$ =32 KiB (2-way assoc, 4 cycles)
     L1d$ =32 KiB (2-way assoc, 4 cycles)
     L2$  =256 KiB (8-way assoc, 12 cycles)
     Comp =Core -> TCU -> L1$ -> L2$

T04: build/gem5-riscv-release/bin/tilemux
     Core =DerivO3CPU riscv @ 2GHz
     TCU  =eps:192, bufsz:2048 B, blocksz:64 B, count:4, tlb:128
     L1i$ =32 KiB (2-way assoc, 4 cycles)
     L1d$ =32 KiB (2-way assoc, 4 cycles)
     L2$  =256 KiB (8-way assoc, 12 cycles)
     Comp =Core -> TCU -> L1$ -> L2$

T05: build/gem5-riscv-release/bin/tilemux
     Core =DerivO3CPU riscv @ 2GHz
     TCU  =eps:192, bufsz:2048 B, blocksz:64 B, count:4, tlb:128
     L1i$ =32 KiB (2-way assoc, 4 cycles)
     L1d$ =32 KiB (2-way assoc, 4 cycles)
     L2$  =256 KiB (8-way assoc, 12 cycles)
     Comp =Core -> TCU -> L1$ -> L2$

T06: build/gem5-riscv-release/bin/tilemux
     Core =DerivO3CPU riscv @ 2GHz
     TCU  =eps:192, bufsz:2048 B, blocksz:64 B, count:4, tlb:128
     L1i$ =32 KiB (2-way assoc, 4 cycles)
     L1d$ =32 KiB (2-way assoc, 4 cycles)
     L2$  =256 KiB (8-way assoc, 12 cycles)
     Comp =Core -> TCU -> L1$ -> L2$

T07: build/gem5-riscv-release/bin/tilemux
     Core =DerivO3CPU riscv @ 2GHz
     TCU  =eps:192, bufsz:2048 B, blocksz:64 B, count:4, tlb:128
     L1i$ =32 KiB (2-way assoc, 4 cycles)
     L1d$ =32 KiB (2-way assoc, 4 cycles)
     L2$  =256 KiB (8-way assoc, 12 cycles)
     Comp =Core -> TCU -> L1$ -> L2$

T08: build/gem5-riscv-release/bin/tilemux
     Core =DerivO3CPU riscv @ 2GHz
     TCU  =eps:192, bufsz:2048 B, blocksz:64 B, count:4, tlb:128
     L1i$ =32 KiB (2-way assoc, 4 cycles)
     L1d$ =32 KiB (2-way assoc, 4 cycles)
     L2$  =256 KiB (8-way assoc, 12 cycles)
     Comp =Core -> TCU -> L1$ -> L2$

T09: build/gem5-riscv-release/bin/tilemux
     Core =DerivO3CPU riscv @ 2GHz
     TCU  =eps:192, bufsz:2048 B, blocksz:64 B, count:4, tlb:128
     L1i$ =32 KiB (2-way assoc, 4 cycles)
     L1d$ =32 KiB (2-way assoc, 4 cycles)
     L2$  =256 KiB (8-way assoc, 12 cycles)
     Comp =Core -> TCU -> L1$ -> L2$

T10: build/gem5-riscv-release/bin/tilemux
     Core =DerivO3CPU riscv @ 2GHz
     TCU  =eps:192, bufsz:2048 B, blocksz:64 B, count:4, tlb:128
     L1i$ =32 KiB (2-way assoc, 4 cycles)
     L1d$ =32 KiB (2-way assoc, 4 cycles)
     L2$  =256 KiB (8-way assoc, 12 cycles)
     Comp =Core -> TCU -> L1$ -> L2$

T11: build/gem5-riscv-release/bin/tilemux
     Core =DerivO3CPU riscv @ 2GHz
     TCU  =eps:192, bufsz:2048 B, blocksz:64 B, count:4, tlb:128
     L1i$ =32 KiB (2-way assoc, 4 cycles)
     L1d$ =32 KiB (2-way assoc, 4 cycles)
     L2$  =256 KiB (8-way assoc, 12 cycles)
     Comp =Core -> TCU -> L1$ -> L2$

T12: build/gem5-riscv-release/bin/tilemux
     Core =DerivO3CPU riscv @ 2GHz
     TCU  =eps:192, bufsz:2048 B, blocksz:2048 B, count:4, tlb:0
     imem =32768 KiB
     Comp =Core -> TCU -> SPM

T13: build/gem5-riscv-release/bin/tilemux
     Core =DerivO3CPU riscv @ 2GHz
     TCU  =eps:192, bufsz:2048 B, blocksz:2048 B, count:4, tlb:0
     imem =32768 KiB
     Comp =Core -> TCU -> SPM

T14: build/gem5-riscv-release/bin/tilemux
     Core =DerivO3CPU riscv @ 2GHz
     TCU  =eps:192, bufsz:2048 B, blocksz:2048 B, count:4, tlb:0
     imem =32768 KiB
     Comp =Core -> TCU -> SPM

T15: build/gem5-riscv-release/bin/tilemux
     Core =DerivO3CPU riscv @ 2GHz
     TCU  =eps:192, bufsz:2048 B, blocksz:2048 B, count:4, tlb:0
     imem =32768 KiB
     Comp =Core -> TCU -> SPM

T16: IGbE_e1000
     TCU  =eps:192, bufsz:2048 B, blocksz:2048 B, count:4, tlb:0
     Comp =TCU -> Proxy -> NIC

T17: IGbE_e1000
     TCU  =eps:192, bufsz:2048 B, blocksz:2048 B, count:4, tlb:0
     Comp =TCU -> Proxy -> NIC

T18: rot13 accelerator @ 2GHz
     TCU  =eps:192, bufsz:2048 B, blocksz:2048 B, count:4, tlb:0
     imem =2048 KiB
     Comp =Core -> TCU -> SPM

T19: rot13 accelerator @ 2GHz
     TCU  =eps:192, bufsz:2048 B, blocksz:2048 B, count:4, tlb:0
     imem =2048 KiB
     Comp =Core -> TCU -> SPM

T20: build/gem5-riscv-release/bin/tilemux
     Core =DerivO3CPU riscv @ 2GHz
     TCU  =eps:192, bufsz:2048 B, blocksz:2048 B, count:4, tlb:0
     imem =32768 KiB
     Comp =Core -> TCU -> SPM

T21: SerialInput
     TCU  =eps:192, bufsz:2048 B, blocksz:2048 B, count:4, tlb:0
     Comp =TCU -> SerialInput

T22: build/gem5-riscv-release/bench.img x 1
     TCU  =eps:192, bufsz:2048 B, blocksz:2048 B, count:8, tlb:0
     imem =3145728 KiB
     Comp =TCU -> DRAM

Global frequency set at 1000000000000 ticks per second
warn: No dot file generated. Please install pydot to generate the dot file and pdf.
Gem5 Terminal started; Quit via Ctrl+]
warn: DRAM device capacity (49152 Mbytes) does not match the address range assigned (4096 Mbytes)
platform.com_1.device: Listening for connections on port 3456
0: T00.remote_gdb: listening for remote gdb on port 7000
0: T01.remote_gdb: listening for remote gdb on port 7001
0: T02.remote_gdb: listening for remote gdb on port 7002
0: T03.remote_gdb: listening for remote gdb on port 7003
0: T04.remote_gdb: listening for remote gdb on port 7004
0: T05.remote_gdb: listening for remote gdb on port 7005
0: T06.remote_gdb: listening for remote gdb on port 7006
0: T07.remote_gdb: listening for remote gdb on port 7007
0: T08.remote_gdb: listening for remote gdb on port 7008
0: T09.remote_gdb: listening for remote gdb on port 7009
0: T10.remote_gdb: listening for remote gdb on port 7010
0: T11.remote_gdb: listening for remote gdb on port 7011
0: T12.remote_gdb: listening for remote gdb on port 7012
0: T13.remote_gdb: listening for remote gdb on port 7013
0: T14.remote_gdb: listening for remote gdb on port 7014
0: T15.remote_gdb: listening for remote gdb on port 7015
warn: CoherentXBar T16.xbar has no snooping ports attached!
warn: CoherentXBar T17.xbar has no snooping ports attached!
warn: CoherentXBar T18.xbar has no snooping ports attached!
warn: CoherentXBar T19.xbar has no snooping ports attached!
0: T20.remote_gdb: listening for remote gdb on port 7016
warn: CoherentXBar T21.xbar has no snooping ports attached!
warn: CoherentXBar T22.xbar has no snooping ports attached!
info: Loaded 'boot.xml' to 0x9600000030000000 .. 0x9600000030000311
info: Loaded 'root' to 0x9600000030001000 .. 0x96000000300756a0
info: Loaded 'm3fs' to 0x9600000030076000 .. 0x96000000300cc2f8
info: Loaded 'pager' to 0x96000000300cd000 .. 0x960000003014bc00
info: Entering event queue @ 0.  Starting simulation...
warn: T12.spm: address out-of-range: 0
warn: T0,PMP-EP65535: invalid EP
warn: T11,PMP-EP65535: invalid EP
warn: T10,PMP-EP65535: invalid EP
warn: T9,PMP-EP65535: invalid EP
warn: T8,PMP-EP65535: invalid EP
warn: T7,PMP-EP65535: invalid EP
warn: T6,PMP-EP65535: invalid EP
warn: T5,PMP-EP65535: invalid EP
warn: T4,PMP-EP65535: invalid EP
warn: T3,PMP-EP65535: invalid EP
warn: T2,PMP-EP65535: invalid EP
warn: T1,PMP-EP65535: invalid EP
warn: T4,PMP-EP65535: invalid EP
warn: T11,PMP-EP65535: invalid EP
warn: T10,PMP-EP65535: invalid EP
warn: T1,PMP-EP65535: invalid EP
warn: T9,PMP-EP65535: invalid EP
warn: T7,PMP-EP65535: invalid EP
warn: T6,PMP-EP65535: invalid EP
warn: T8,PMP-EP65535: invalid EP
warn: T2,PMP-EP65535: invalid EP
warn: T5,PMP-EP65535: invalid EP
warn: T3,PMP-EP65535: invalid EP
warn: T0,PMP-EP65535: invalid EP
[0;31m[T0:kernel  @        115] Entered raw mode; Quit via Ctrl+]
[0mwarn: T11,PMP-EP65535: invalid EP
warn: T11,PMP-EP65535: invalid EP
warn: T11,PMP-EP65535: invalid EP
warn: T11,PMP-EP65535: invalid EP
warn: T10,PMP-EP65535: invalid EP
warn: T10,PMP-EP65535: invalid EP
warn: T10,PMP-EP65535: invalid EP
warn: T10,PMP-EP65535: invalid EP
warn: T4,PMP-EP65535: invalid EP
warn: T4,PMP-EP65535: invalid EP
warn: T4,PMP-EP65535: invalid EP
warn: T9,PMP-EP65535: invalid EP
warn: T9,PMP-EP65535: invalid EP
warn: T9,PMP-EP65535: invalid EP
warn: T2,PMP-EP65535: invalid EP
warn: T2,PMP-EP65535: invalid EP
warn: T2,PMP-EP65535: invalid EP
warn: T3,PMP-EP65535: invalid EP
warn: T3,PMP-EP65535: invalid EP
warn: T3,PMP-EP65535: invalid EP
warn: T7,PMP-EP65535: invalid EP
warn: T7,PMP-EP65535: invalid EP
warn: T7,PMP-EP65535: invalid EP
warn: T9,PMP-EP65535: invalid EP
warn: T2,PMP-EP65535: invalid EP
warn: T5,PMP-EP65535: invalid EP
warn: T5,PMP-EP65535: invalid EP
warn: T5,PMP-EP65535: invalid EP
warn: T3,PMP-EP65535: invalid EP
warn: T1,PMP-EP65535: invalid EP
warn: T1,PMP-EP65535: invalid EP
warn: T1,PMP-EP65535: invalid EP
warn: T6,PMP-EP65535: invalid EP
warn: T6,PMP-EP65535: invalid EP
warn: T6,PMP-EP65535: invalid EP
warn: T8,PMP-EP65535: invalid EP
warn: T8,PMP-EP65535: invalid EP
warn: T8,PMP-EP65535: invalid EP
warn: T7,PMP-EP65535: invalid EP
warn: T5,PMP-EP65535: invalid EP
warn: T1,PMP-EP65535: invalid EP
warn: T6,PMP-EP65535: invalid EP
warn: T8,PMP-EP65535: invalid EP
[0;31m[T0:kernel  @        837] Attesting tile: 1
[0m[0;31m[T0:kernel  @       2192] Attestation complete: 1, 2703068 cycles
[0m[0;31m[T0:kernel  @       2823] Attesting tile: 2
[0m[0;31m[T0:kernel  @       4175] Attestation complete: 2, 2699505 cycles
[0m[0;31m[T0:kernel  @       4805] Attesting tile: 3
[0m[0;31m[T0:kernel  @       6157] Attestation complete: 3, 2698853 cycles
[0m[0;31m[T0:kernel  @       6786] Attesting tile: 4
[0m[0;31m[T0:kernel  @       8138] Attestation complete: 4, 2698682 cycles
[0m[0;31m[T0:kernel  @       8768] Attesting tile: 5
[0m[0;31m[T0:kernel  @      10119] Attestation complete: 5, 2698589 cycles
[0m[0;31m[T0:kernel  @      10749] Attesting tile: 6
[0m[0;31m[T0:kernel  @      12100] Attestation complete: 6, 2698577 cycles
[0m[0;31m[T0:kernel  @      12730] Attesting tile: 7
[0m[0;31m[T0:kernel  @      14081] Attestation complete: 7, 2698535 cycles
[0m[0;31m[T0:kernel  @      14711] Attesting tile: 8
[0m[0;31m[T0:kernel  @      16062] Attestation complete: 8, 2698591 cycles
[0m[0;31m[T0:kernel  @      16692] Attesting tile: 9
[0m[0;31m[T0:kernel  @      18043] Attestation complete: 9, 2699021 cycles
[0m[0;31m[T0:kernel  @      18673] Attesting tile: 10
[0m[0;31m[T0:kernel  @      20024] Attestation complete: 10, 2698587 cycles
[0m[0;31m[T0:kernel  @      20654] Attesting tile: 11
[0m[0;31m[T0:kernel  @      22005] Attestation complete: 11, 2698502 cycles
[0m[0;31m[T0:kernel  @      22635] Attesting tile: 12
[0m[0;31m[T0:kernel  @      23986] Attestation complete: 12, 2698551 cycles
[0m[0;31m[T0:kernel  @      24616] Attesting tile: 13
[0m[0;31m[T0:kernel  @      25967] Attestation complete: 13, 2698528 cycles
[0m[0;31m[T0:kernel  @      26597] Attesting tile: 14
[0m[0;31m[T0:kernel  @      27948] Attestation complete: 14, 2698853 cycles
[0m[0;31m[T0:kernel  @      28578] Attesting tile: 15
[0m[0;31m[T0:kernel  @      29929] Attestation complete: 15, 2698520 cycles
[0m[0;31m[T0:kernel  @      30559] Attesting tile: 16
[0m[0;31m[T0:kernel  @      31910] Attestation complete: 16, 2698485 cycles
[0m[0;31m[T0:kernel  @      32539] Attesting tile: 17
[0m[0;31m[T0:kernel  @      33891] Attestation complete: 17, 2698273 cycles
[0m[0;31m[T0:kernel  @      34520] Attesting tile: 18
[0m[0;31m[T0:kernel  @      35872] Attestation complete: 18, 2698225 cycles
[0m[0;31m[T0:kernel  @      36501] Attesting tile: 19
[0m[0;31m[T0:kernel  @      37852] Attestation complete: 19, 2698194 cycles
[0m[0;31m[T0:kernel  @      38482] Attesting tile: 20
[0m[0;31m[T0:kernel  @      39833] Attestation complete: 20, 2698221 cycles
[0m[0;31m[T0:kernel  @      40462] Attesting tile: 21
[0m[0;31m[T0:kernel  @      41814] Attestation complete: 21, 2698235 cycles
[0m[0;31m[T0:kernel  @      41817] Attesting tile: 22
[0m[0;31m[T0:kernel  @      43171] Attestation complete: 22, 2703394 cycles
[0m[0;31m[T0:kernel  @      43174] Attesting tile: 22
[0m[0;31m[T0:kernel  @      44528] Attestation complete: 22, 2703294 cycles
[0m[0;31m[T0:kernel  @      44531] Attesting tile: 22
[0m[0;31m[T0:kernel  @      45884] Attestation complete: 22, 2702891 cycles
[0m[0;31m[T0:kernel  @      45887] Attesting tile: 22
[0m[0;31m[T0:kernel  @      47240] Attestation complete: 22, 2703007 cycles
[0m[0;31m[T0:kernel  @      47289] Kernel is ready!
[0m[0;32m[T1:root    @      47546] Boot modules:
[0m[0;32m[T1:root    @      47553]   Mod[addr: G[Tile22+0x30000000], size: 0x311, name: boot.xml]
[0m[0;32m[T1:root    @      47556]   Mod[addr: G[Tile22+0x30001000], size: 0x746a0, name: root]
[0m[0;32m[T1:root    @      47560]   Mod[addr: G[Tile22+0x30076000], size: 0x562f8, name: m3fs]
[0m[0;32m[T1:root    @      47563]   Mod[addr: G[Tile22+0x300cd000], size: 0x7ec00, name: pager]
[0m[0;32m[T1:root    @      47565] Available tiles:
[0m[0;32m[T1:root    @      47570]   Tile01: COMP_EMEM RISCV (empty) 0 KiB memory
[0m[0;32m[T1:root    @      47574]   Tile02: COMP_EMEM RISCV (empty) 0 KiB memory
[0m[0;32m[T1:root    @      47577]   Tile03: COMP_EMEM RISCV (empty) 0 KiB memory
[0m[0;32m[T1:root    @      47580]   Tile04: COMP_EMEM RISCV (empty) 0 KiB memory
[0m[0;32m[T1:root    @      47583]   Tile05: COMP_EMEM RISCV (empty) 0 KiB memory
[0m[0;32m[T1:root    @      47587]   Tile06: COMP_EMEM RISCV (empty) 0 KiB memory
[0m[0;32m[T1:root    @      47590]   Tile07: COMP_EMEM RISCV (empty) 0 KiB memory
[0m[0;32m[T1:root    @      47593]   Tile08: COMP_EMEM RISCV (empty) 0 KiB memory
[0m[0;32m[T1:root    @      47596]   Tile09: COMP_EMEM RISCV (empty) 0 KiB memory
[0m[0;32m[T1:root    @      47600]   Tile10: COMP_EMEM RISCV (empty) 0 KiB memory
[0m[0;32m[T1:root    @      47603]   Tile11: COMP_EMEM RISCV (empty) 0 KiB memory
[0m[0;32m[T1:root    @      47606]   Tile12: COMP_IMEM RISCV (empty) 32768 KiB memory
[0m[0;32m[T1:root    @      47609]   Tile13: COMP_IMEM RISCV (empty) 32768 KiB memory
[0m[0;32m[T1:root    @      47611]   Tile14: COMP_IMEM RISCV (empty) 32768 KiB memory
[0m[0;32m[T1:root    @      47615]   Tile15: COMP_IMEM RISCV (empty) 32768 KiB memory
[0m[0;32m[T1:root    @      47618]   Tile16: COMP_IMEM NIC_DEV (empty) 0 KiB memory
[0m[0;32m[T1:root    @      47621]   Tile17: COMP_IMEM NIC_DEV (empty) 0 KiB memory
[0m[0;32m[T1:root    @      47625]   Tile18: COMP_IMEM ACCEL_ROT13 (empty) 2048 KiB memory
[0m[0;32m[T1:root    @      47628]   Tile19: COMP_IMEM ACCEL_ROT13 (empty) 2048 KiB memory
[0m[0;32m[T1:root    @      47631]   Tile20: COMP_IMEM RISCV KECACC 32768 KiB memory
[0m[0;32m[T1:root    @      47634]   Tile21: COMP_IMEM SERIAL_DEV (empty) 0 KiB memory
[0m[0;32m[T1:root    @      47638] Available memory:
[0m[0;32m[T1:root    @      47643]   MemMod[sel: 30, res: true, addr: G[Tile22+0x0], size: 1200 MiB]
[0m[0;32m[T1:root    @      47648]   MemMod[sel: 31, res: false, addr: G[Tile22+0x4f600000], size: 959 MiB]
[0m[0;32m[T1:root    @      47650] Parsed Config [
[0m[0;32m[T1:root    @      47652]   root [
[0m[0;32m[T1:root    @      47657]     Domain on core [
[0m[0;32m[T1:root    @      47659]       m3fs mem 268435456 [
[0m[0;32m[T1:root    @      47661]         Daemon,
[0m[0;32m[T1:root    @      47666]         PhysMem[addr=0x0, size=0x40000 KiB, perm=R | W | X | RW | RWX],
[0m[0;32m[T1:root    @      47669]         Service[lname='m3fs', gname='m3fs'],
[0m[0;32m[T1:root    @      47671]       ]
[0m[0;32m[T1:root    @      47673]     ]
[0m[0;32m[T1:root    @      47675]     Domain on core [
[0m[0;32m[T1:root    @      47678]       pager 268435456 [
[0m[0;32m[T1:root    @      47681]         PhysMem[addr=0x0, size=0x40000 KiB, perm=R],
[0m[0;32m[T1:root    @      47685]         Session[lname='m3fs', gname='m3fs', arg='', dep=true],
[0m[0;32m[T1:root    @      47688]         Tile[type=core, count=1, optional=false],
[0m[0;32m[T1:root    @      47690]         Domain on core [
[0m[0;32m[T1:root    @      47695]           /bin/fstrace-m3fs -d -n 1 -u 0 -v tar [
[0m[0;32m[T1:root    @      47698]             Mount[fs='m3fs', path='/'],
[0m[0;32m[T1:root    @      47701]             Tile[type=core, count=1, optional=false],
[0m[0;32m[T1:root    @      47703]           ]
[0m[0;32m[T1:root    @      47705]         ]
[0m[0;32m[T1:root    @      47707]       ]
[0m[0;32m[T1:root    @      47708]     ]
[0m[0;32m[T1:root    @      47710]   ]
[0m[0;32m[T1:root    @      47711] ]
[0m[0;32m[T1:root    @      47712] 
[0m[0;32m[T1:root    @      48293] Starting boot module 'm3fs' on tile2 with arguments ["mem", "268435456"]
[0m[0;32m[T1:root    @      48854] m3fs: reg_serv(srv_sel=46, sgate_sel=50, name=m3fs, sessions=32)
[0m[0;32m[T1:root    @      48860] Creating service 1:m3fs
[0m[0;32m[T1:root    @      48924] Starting boot module 'pager' on tile3 with arguments ["268435456"]
[0m[0;34m[T3:pager   @      49188] Boot modules:
[0m[0;34m[T3:pager   @      49195]   Mod[addr: G[Tile22+0x77601000], size: 0x1f3, name: boot.xml]
[0m[0;34m[T3:pager   @      49196] Available tiles:
[0m[0;34m[T3:pager   @      49202]   Tile03: COMP_EMEM RISCV (empty) 0 KiB memory
[0m[0;34m[T3:pager   @      49206]   Tile04: COMP_EMEM RISCV (empty) 0 KiB memory
[0m[0;34m[T3:pager   @      49208] Available memory:
[0m[0;34m[T3:pager   @      49214]   MemMod[sel: 8, res: false, addr: G[Tile22+0x63800000], size: 159 MiB]
[0m[0;32m[T1:root    @      49223] pager: open_sess(dst_sel=59, name=m3fs)
[0m[0;34m[T3:pager   @      49752] Starting boot module '/bin/fstrace-m3fs' on tile5 with arguments ["-d", "-n", "1", "-u", "0", "-v", "tar"]
[0mVPFS trace_bench started [trace=tar,n=1,wait=no,data=yes,stdio=no,prefix=,loadgen=,ops=52]
[0;36m[T5:fstrace-@      50223] line 1: opcode=WAITUNTIL -> 212 cycles
[0m[0;36m[T5:fstrace-@      50265] line 2: opcode=OPEN -> 75445 cycles
[0m[0;36m[T5:fstrace-@      50267] line 3: opcode=WAITUNTIL -> 40 cycles
[0m[0;36m[T5:fstrace-@      50272] line 4: opcode=FSTAT -> 5721 cycles
[0m[0;36m[T5:fstrace-@      50274] line 5: opcode=WAITUNTIL -> 23 cycles
[0m[0;36m[T5:fstrace-@      50285] line 6: opcode=FSTATAT -> 17230 cycles
[0m[0;36m[T5:fstrace-@      50287] line 7: opcode=WAITUNTIL -> 23 cycles
[0m[0;36m[T5:fstrace-@      50302] line 8: opcode=OPEN -> 25137 cycles
[0m[0;36m[T5:fstrace-@      50304] line 9: opcode=WAITUNTIL -> 23 cycles
[0m[0;36m[T5:fstrace-@      50312] line 10: opcode=READ -> 12759 cycles
[0m[0;36m[T5:fstrace-@      50314] line 11: opcode=WAITUNTIL -> 23 cycles
[0m[0;36m[T5:fstrace-@      50323] line 12: opcode=CLOSE -> 12797 cycles
[0m[0;36m[T5:fstrace-@      50325] line 13: opcode=WAITUNTIL -> 23 cycles
[0m[0;36m[T5:fstrace-@      50332] line 14: opcode=OPEN -> 11342 cycles
[0m[0;36m[T5:fstrace-@      50334] line 15: opcode=WAITUNTIL -> 23 cycles
[0m[0;36m[T5:fstrace-@      50340] line 16: opcode=READ -> 7616 cycles
[0m[0;36m[T5:fstrace-@      50342] line 17: opcode=WAITUNTIL -> 23 cycles
[0m[0;36m[T5:fstrace-@      50346] line 18: opcode=CLOSE -> 4473 cycles
[0m[0;36m[T5:fstrace-@      50348] line 19: opcode=WAITUNTIL -> 23 cycles
[0m[0;36m[T5:fstrace-@      50359] line 20: opcode=WRITE -> 17509 cycles
[0m[0;36m[T5:fstrace-@      50361] line 21: opcode=WAITUNTIL -> 23 cycles
[0m[0;36m[T5:fstrace-@      50374] line 22: opcode=OPEN -> 20911 cycles
[0m[0;36m[T5:fstrace-@      50377] line 23: opcode=FSTAT -> 1947 cycles
[0m[0;36m[T5:fstrace-@      50379] line 24: opcode=WAITUNTIL -> 23 cycles
[0m[0;36m[T5:fstrace-@      50392] line 25: opcode=GETDENTS -> 21948 cycles
[0m[0;36m[T5:fstrace-@      50394] line 26: opcode=WAITUNTIL -> 23 cycles
[0m[0;36m[T5:fstrace-@      50399] line 27: opcode=FSTATAT -> 6094 cycles
[0m[0;36m[T5:fstrace-@      50401] line 28: opcode=WAITUNTIL -> 23 cycles
[0m[0;36m[T5:fstrace-@      50411] line 29: opcode=OPEN -> 16944 cycles
[0m[0;36m[T5:fstrace-@      50413] line 30: opcode=WAITUNTIL -> 23 cycles
[0m[0;36m[T5:fstrace-@      50416] line 31: opcode=WRITE -> 711 cycles
[0m[0;36m[T5:fstrace-@      50418] line 32: opcode=WAITUNTIL -> 33 cycles
[0m[0;36m[T5:fstrace-@      51622] line 33: opcode=SENDFILE -> 2403654 cycles
[0m[0;36m[T5:fstrace-@      51624] line 34: opcode=WAITUNTIL -> 23 cycles
[0m[0;36m[T5:fstrace-@      51629] line 35: opcode=CLOSE -> 6967 cycles
[0m[0;36m[T5:fstrace-@      51631] line 36: opcode=WAITUNTIL -> 23 cycles
[0m[0;36m[T5:fstrace-@      51636] line 37: opcode=FSTATAT -> 5691 cycles
[0m[0;36m[T5:fstrace-@      51638] line 38: opcode=WAITUNTIL -> 23 cycles
[0m[0;36m[T5:fstrace-@      51644] line 39: opcode=OPEN -> 8656 cycles
[0m[0;36m[T5:fstrace-@      51646] line 40: opcode=WAITUNTIL -> 23 cycles
[0m[0;36m[T5:fstrace-@      51649] line 41: opcode=WRITE -> 642 cycles
[0m[0;36m[T5:fstrace-@      51651] line 42: opcode=WAITUNTIL -> 23 cycles
[0m[0;36m[T5:fstrace-@      51692] line 43: opcode=SENDFILE -> 79370 cycles
[0m[0;36m[T5:fstrace-@      51694] line 44: opcode=WAITUNTIL -> 23 cycles
[0m[0;36m[T5:fstrace-@      51699] line 45: opcode=CLOSE -> 5932 cycles
[0m[0;36m[T5:fstrace-@      51701] line 46: opcode=WAITUNTIL -> 23 cycles
[0m[0;36m[T5:fstrace-@      51706] line 47: opcode=FSTATAT -> 4973 cycles
[0m[0;36m[T5:fstrace-@      51708] line 48: opcode=WAITUNTIL -> 23 cycles
[0m[0;36m[T5:fstrace-@      51714] line 49: opcode=OPEN -> 7812 cycles
[0m[0;36m[T5:fstrace-@      51716] line 50: opcode=WAITUNTIL -> 23 cycles
[0m[0;36m[T5:fstrace-@      51718] line 51: opcode=WRITE -> 634 cycles
[0m[0;36m[T5:fstrace-@      51720] line 52: opcode=WAITUNTIL -> 23 cycles
[0m[0;36m[T5:fstrace-@      51875] line 53: opcode=SENDFILE -> 305867 cycles
[0m[0;36m[T5:fstrace-@      51877] line 54: opcode=WAITUNTIL -> 23 cycles
[0m[0;36m[T5:fstrace-@      51882] line 55: opcode=CLOSE -> 5581 cycles
[0m[0;36m[T5:fstrace-@      51884] line 56: opcode=WAITUNTIL -> 23 cycles
[0m[0;36m[T5:fstrace-@      51888] line 57: opcode=FSTATAT -> 5180 cycles
[0m[0;36m[T5:fstrace-@      51890] line 58: opcode=WAITUNTIL -> 23 cycles
[0m[0;36m[T5:fstrace-@      51896] line 59: opcode=OPEN -> 8272 cycles
[0m[0;36m[T5:fstrace-@      51898] line 60: opcode=WAITUNTIL -> 23 cycles
[0m[0;36m[T5:fstrace-@      51901] line 61: opcode=WRITE -> 617 cycles
[0m[0;36m[T5:fstrace-@      52203] line 62: opcode=SENDFILE -> 600551 cycles
[0m[0;36m[T5:fstrace-@      52205] line 63: opcode=WAITUNTIL -> 23 cycles
[0m[0;36m[T5:fstrace-@      52210] line 64: opcode=CLOSE -> 5293 cycles
[0m[0;36m[T5:fstrace-@      52212] line 65: opcode=WAITUNTIL -> 23 cycles
[0m[0;36m[T5:fstrace-@      52216] line 66: opcode=FSTATAT -> 5198 cycles
[0m[0;36m[T5:fstrace-@      52218] line 67: opcode=WAITUNTIL -> 23 cycles
[0m[0;36m[T5:fstrace-@      52224] line 68: opcode=OPEN -> 7754 cycles
[0m[0;36m[T5:fstrace-@      52226] line 69: opcode=WAITUNTIL -> 23 cycles
[0m[0;36m[T5:fstrace-@      52228] line 70: opcode=WRITE -> 606 cycles
[0m[0;36m[T5:fstrace-@      54610] line 71: opcode=SENDFILE -> 4759645 cycles
[0m[0;36m[T5:fstrace-@      54612] line 72: opcode=WAITUNTIL -> 40 cycles
[0m[0;36m[T5:fstrace-@      54617] line 73: opcode=CLOSE -> 5534 cycles
[0m[0;36m[T5:fstrace-@      54619] line 74: opcode=WAITUNTIL -> 23 cycles
[0m[0;36m[T5:fstrace-@      54623] line 75: opcode=FSTATAT -> 4828 cycles
[0m[0;36m[T5:fstrace-@      54625] line 76: opcode=WAITUNTIL -> 23 cycles
[0m[0;36m[T5:fstrace-@      54631] line 77: opcode=OPEN -> 7932 cycles
[0m[0;36m[T5:fstrace-@      54633] line 78: opcode=WAITUNTIL -> 23 cycles
[0m[0;36m[T5:fstrace-@      54635] line 79: opcode=WRITE -> 638 cycles
[0m[0;36m[T5:fstrace-@      54637] line 80: opcode=WAITUNTIL -> 23 cycles
[0m[0;36m[T5:fstrace-@      54718] line 81: opcode=SENDFILE -> 156041 cycles
[0m[0;36m[T5:fstrace-@      54720] line 82: opcode=WAITUNTIL -> 23 cycles
[0m[0;36m[T5:fstrace-@      54724] line 83: opcode=CLOSE -> 5390 cycles
[0m[0;36m[T5:fstrace-@      54726] line 84: opcode=WAITUNTIL -> 23 cycles
[0m[0;36m[T5:fstrace-@      54731] line 85: opcode=FSTATAT -> 4925 cycles
[0m[0;36m[T5:fstrace-@      54733] line 86: opcode=WAITUNTIL -> 23 cycles
[0m[0;36m[T5:fstrace-@      54739] line 87: opcode=OPEN -> 8190 cycles
[0m[0;36m[T5:fstrace-@      54741] line 88: opcode=WAITUNTIL -> 23 cycles
[0m[0;36m[T5:fstrace-@      54743] line 89: opcode=WRITE -> 638 cycles
[0m[0;36m[T5:fstrace-@      54745] line 90: opcode=WAITUNTIL -> 23 cycles
[0m[0;36m[T5:fstrace-@      55351] line 91: opcode=SENDFILE -> 1207665 cycles
[0m[0;36m[T5:fstrace-@      55353] line 92: opcode=WAITUNTIL -> 23 cycles
[0m[0;36m[T5:fstrace-@      55358] line 93: opcode=CLOSE -> 5536 cycles
[0m[0;36m[T5:fstrace-@      55360] line 94: opcode=WAITUNTIL -> 23 cycles
[0m[0;36m[T5:fstrace-@      55363] line 95: opcode=GETDENTS -> 1842 cycles
[0m[0;36m[T5:fstrace-@      55365] line 96: opcode=WAITUNTIL -> 23 cycles
[0m[0;36m[T5:fstrace-@      55369] line 97: opcode=CLOSE -> 5241 cycles
[0m[0;36m[T5:fstrace-@      55371] line 98: opcode=WAITUNTIL -> 23 cycles
[0m[0;36m[T5:fstrace-@      55373] line 99: opcode=WRITE -> 746 cycles
[0m[0;36m[T5:fstrace-@      55381] line 100: opcode=CLOSE -> 10944 cycles
[0m[0;36m[T5:fstrace-@      55383] total waittime: 425871 cycles
[0mTotal time: 10341839 cycles
VPFS trace_bench benchmark terminated
[0;32m[T1:root    @      55710] Sending SHUTDOWN to service 1:m3fs
[0m[0;32m[T1:root    @      55727] m3fs: unreg_serv(sel=46)
[0m[0;32m[T1:root    @      55730] Removing service 1:m3fs
[0m[0;32m[T1:root    @      55796] All childs gone. Exiting.
[0m[0;31m[T0:kernel  @      55832] Shutting down
[0mExiting @ tick 55836242500 because m5_exit instruction encountered
