Building for gem5-riscv-release...
ninja: no work to do.
run/boot-all.xml validates
warn: <orphan SpuSystem>.etherlink already has parent (Previously declared as <orphan SpuSystem>.etherlink).
	Note: etherlink is not a parameter of SpuSystem
gem5 Simulator System.  http://gem5.org
gem5 is copyrighted software; use the --copyright option for details.

gem5 version 21.0.0.0
gem5 compiled Dec  5 2022 21:27:10
gem5 started Dec  6 2022 00:48:49
gem5 executing on graham, pid 1284407
command line: platform/gem5/build/RISCV/gem5.opt --outdir=run --debug-file=gem5.log --debug-flags=Tcu config/default.py --cpu-type DerivO3CPU --isa riscv --cmd 'build/gem5-riscv-release/bin/kernel -f build/gem5-riscv-release/bench.img,build/gem5-riscv-release/bin/tilemux,build/gem5-riscv-release/bin/tilemux,build/gem5-riscv-release/bin/tilemux,build/gem5-riscv-release/bin/tilemux,build/gem5-riscv-release/bin/tilemux,build/gem5-riscv-release/bin/tilemux,build/gem5-riscv-release/bin/tilemux,build/gem5-riscv-release/bin/tilemux,build/gem5-riscv-release/bin/tilemux,build/gem5-riscv-release/bin/tilemux,build/gem5-riscv-release/bin/tilemux,build/gem5-riscv-release/bin/tilemux,build/gem5-riscv-release/bin/tilemux,build/gem5-riscv-release/bin/tilemux,build/gem5-riscv-release/bin/tilemux,' --mods run/boot.xml,build/gem5-riscv-release/bin/root,build/gem5-riscv-release/bin/m3fs,build/gem5-riscv-release/bin/pager --cpu-clock=1GHz --sys-clock=333MHz --encr-latency=0 --par-pipe=1 --int-transfer-latency=1000 --rng-latency=0 --sign-latency=0 --sign-ver-latency=0

T00: build/gem5-riscv-release/bin/kernel -f build/gem5-riscv-release/bench.img
     Core =DerivO3CPU riscv @ 1GHz
     TCU  =eps:192, bufsz:2048 B, blocksz:64 B, count:4, tlb:128
     L1i$ =32 KiB (2-way assoc, 4 cycles)
     L1d$ =32 KiB (2-way assoc, 4 cycles)
     L2$  =256 KiB (8-way assoc, 12 cycles)
     Comp =Core -> TCU -> L1$ -> L2$

T01: build/gem5-riscv-release/bin/tilemux
     Core =DerivO3CPU riscv @ 1GHz
     TCU  =eps:192, bufsz:2048 B, blocksz:64 B, count:4, tlb:128
     L1i$ =32 KiB (2-way assoc, 4 cycles)
     L1d$ =32 KiB (2-way assoc, 4 cycles)
     L2$  =256 KiB (8-way assoc, 12 cycles)
     Comp =Core -> TCU -> L1$ -> L2$

T02: build/gem5-riscv-release/bin/tilemux
     Core =DerivO3CPU riscv @ 1GHz
     TCU  =eps:192, bufsz:2048 B, blocksz:64 B, count:4, tlb:128
     L1i$ =32 KiB (2-way assoc, 4 cycles)
     L1d$ =32 KiB (2-way assoc, 4 cycles)
     L2$  =256 KiB (8-way assoc, 12 cycles)
     Comp =Core -> TCU -> L1$ -> L2$

T03: build/gem5-riscv-release/bin/tilemux
     Core =DerivO3CPU riscv @ 1GHz
     TCU  =eps:192, bufsz:2048 B, blocksz:64 B, count:4, tlb:128
     L1i$ =32 KiB (2-way assoc, 4 cycles)
     L1d$ =32 KiB (2-way assoc, 4 cycles)
     L2$  =256 KiB (8-way assoc, 12 cycles)
     Comp =Core -> TCU -> L1$ -> L2$

T04: build/gem5-riscv-release/bin/tilemux
     Core =DerivO3CPU riscv @ 1GHz
     TCU  =eps:192, bufsz:2048 B, blocksz:64 B, count:4, tlb:128
     L1i$ =32 KiB (2-way assoc, 4 cycles)
     L1d$ =32 KiB (2-way assoc, 4 cycles)
     L2$  =256 KiB (8-way assoc, 12 cycles)
     Comp =Core -> TCU -> L1$ -> L2$

T05: build/gem5-riscv-release/bin/tilemux
     Core =DerivO3CPU riscv @ 1GHz
     TCU  =eps:192, bufsz:2048 B, blocksz:64 B, count:4, tlb:128
     L1i$ =32 KiB (2-way assoc, 4 cycles)
     L1d$ =32 KiB (2-way assoc, 4 cycles)
     L2$  =256 KiB (8-way assoc, 12 cycles)
     Comp =Core -> TCU -> L1$ -> L2$

T06: build/gem5-riscv-release/bin/tilemux
     Core =DerivO3CPU riscv @ 1GHz
     TCU  =eps:192, bufsz:2048 B, blocksz:64 B, count:4, tlb:128
     L1i$ =32 KiB (2-way assoc, 4 cycles)
     L1d$ =32 KiB (2-way assoc, 4 cycles)
     L2$  =256 KiB (8-way assoc, 12 cycles)
     Comp =Core -> TCU -> L1$ -> L2$

T07: build/gem5-riscv-release/bin/tilemux
     Core =DerivO3CPU riscv @ 1GHz
     TCU  =eps:192, bufsz:2048 B, blocksz:64 B, count:4, tlb:128
     L1i$ =32 KiB (2-way assoc, 4 cycles)
     L1d$ =32 KiB (2-way assoc, 4 cycles)
     L2$  =256 KiB (8-way assoc, 12 cycles)
     Comp =Core -> TCU -> L1$ -> L2$

T08: build/gem5-riscv-release/bin/tilemux
     Core =DerivO3CPU riscv @ 1GHz
     TCU  =eps:192, bufsz:2048 B, blocksz:64 B, count:4, tlb:128
     L1i$ =32 KiB (2-way assoc, 4 cycles)
     L1d$ =32 KiB (2-way assoc, 4 cycles)
     L2$  =256 KiB (8-way assoc, 12 cycles)
     Comp =Core -> TCU -> L1$ -> L2$

T09: build/gem5-riscv-release/bin/tilemux
     Core =DerivO3CPU riscv @ 1GHz
     TCU  =eps:192, bufsz:2048 B, blocksz:64 B, count:4, tlb:128
     L1i$ =32 KiB (2-way assoc, 4 cycles)
     L1d$ =32 KiB (2-way assoc, 4 cycles)
     L2$  =256 KiB (8-way assoc, 12 cycles)
     Comp =Core -> TCU -> L1$ -> L2$

T10: build/gem5-riscv-release/bin/tilemux
     Core =DerivO3CPU riscv @ 1GHz
     TCU  =eps:192, bufsz:2048 B, blocksz:64 B, count:4, tlb:128
     L1i$ =32 KiB (2-way assoc, 4 cycles)
     L1d$ =32 KiB (2-way assoc, 4 cycles)
     L2$  =256 KiB (8-way assoc, 12 cycles)
     Comp =Core -> TCU -> L1$ -> L2$

T11: build/gem5-riscv-release/bin/tilemux
     Core =DerivO3CPU riscv @ 1GHz
     TCU  =eps:192, bufsz:2048 B, blocksz:64 B, count:4, tlb:128
     L1i$ =32 KiB (2-way assoc, 4 cycles)
     L1d$ =32 KiB (2-way assoc, 4 cycles)
     L2$  =256 KiB (8-way assoc, 12 cycles)
     Comp =Core -> TCU -> L1$ -> L2$

T12: build/gem5-riscv-release/bin/tilemux
     Core =DerivO3CPU riscv @ 1GHz
     TCU  =eps:192, bufsz:2048 B, blocksz:2048 B, count:4, tlb:0
     imem =32768 KiB
     Comp =Core -> TCU -> SPM

T13: build/gem5-riscv-release/bin/tilemux
     Core =DerivO3CPU riscv @ 1GHz
     TCU  =eps:192, bufsz:2048 B, blocksz:2048 B, count:4, tlb:0
     imem =32768 KiB
     Comp =Core -> TCU -> SPM

T14: build/gem5-riscv-release/bin/tilemux
     Core =DerivO3CPU riscv @ 1GHz
     TCU  =eps:192, bufsz:2048 B, blocksz:2048 B, count:4, tlb:0
     imem =32768 KiB
     Comp =Core -> TCU -> SPM

T15: build/gem5-riscv-release/bin/tilemux
     Core =DerivO3CPU riscv @ 1GHz
     TCU  =eps:192, bufsz:2048 B, blocksz:2048 B, count:4, tlb:0
     imem =32768 KiB
     Comp =Core -> TCU -> SPM

T16: IGbE_e1000
     TCU  =eps:192, bufsz:2048 B, blocksz:2048 B, count:4, tlb:0
     Comp =TCU -> Proxy -> NIC

T17: IGbE_e1000
     TCU  =eps:192, bufsz:2048 B, blocksz:2048 B, count:4, tlb:0
     Comp =TCU -> Proxy -> NIC

T18: rot13 accelerator @ 1GHz
     TCU  =eps:192, bufsz:2048 B, blocksz:2048 B, count:4, tlb:0
     imem =2048 KiB
     Comp =Core -> TCU -> SPM

T19: rot13 accelerator @ 1GHz
     TCU  =eps:192, bufsz:2048 B, blocksz:2048 B, count:4, tlb:0
     imem =2048 KiB
     Comp =Core -> TCU -> SPM

T20: build/gem5-riscv-release/bin/tilemux
     Core =DerivO3CPU riscv @ 1GHz
     TCU  =eps:192, bufsz:2048 B, blocksz:2048 B, count:4, tlb:0
     imem =32768 KiB
     Comp =Core -> TCU -> SPM

T21: SerialInput
     TCU  =eps:192, bufsz:2048 B, blocksz:2048 B, count:4, tlb:0
     Comp =TCU -> SerialInput

T22: build/gem5-riscv-release/bench.img x 1
     TCU  =eps:192, bufsz:2048 B, blocksz:2048 B, count:8, tlb:0
     imem =3145728 KiB
     Comp =TCU -> DRAM

Global frequency set at 1000000000000 ticks per second
warn: No dot file generated. Please install pydot to generate the dot file and pdf.
Gem5 Terminal started; Quit via Ctrl+]
warn: DRAM device capacity (49152 Mbytes) does not match the address range assigned (4096 Mbytes)
platform.com_1.device: Listening for connections on port 3456
0: T00.remote_gdb: listening for remote gdb on port 7000
0: T01.remote_gdb: listening for remote gdb on port 7001
0: T02.remote_gdb: listening for remote gdb on port 7002
0: T03.remote_gdb: listening for remote gdb on port 7003
0: T04.remote_gdb: listening for remote gdb on port 7004
0: T05.remote_gdb: listening for remote gdb on port 7005
0: T06.remote_gdb: listening for remote gdb on port 7006
0: T07.remote_gdb: listening for remote gdb on port 7007
0: T08.remote_gdb: listening for remote gdb on port 7008
0: T09.remote_gdb: listening for remote gdb on port 7009
0: T10.remote_gdb: listening for remote gdb on port 7010
0: T11.remote_gdb: listening for remote gdb on port 7011
0: T12.remote_gdb: listening for remote gdb on port 7012
0: T13.remote_gdb: listening for remote gdb on port 7013
0: T14.remote_gdb: listening for remote gdb on port 7014
0: T15.remote_gdb: listening for remote gdb on port 7015
warn: CoherentXBar T16.xbar has no snooping ports attached!
warn: CoherentXBar T17.xbar has no snooping ports attached!
warn: CoherentXBar T18.xbar has no snooping ports attached!
warn: CoherentXBar T19.xbar has no snooping ports attached!
0: T20.remote_gdb: listening for remote gdb on port 7016
warn: CoherentXBar T21.xbar has no snooping ports attached!
warn: CoherentXBar T22.xbar has no snooping ports attached!
info: Loaded 'boot.xml' to 0x9600000030000000 .. 0x9600000030000311
info: Loaded 'root' to 0x9600000030001000 .. 0x96000000300756c8
info: Loaded 'm3fs' to 0x9600000030076000 .. 0x96000000300cc328
info: Loaded 'pager' to 0x96000000300cd000 .. 0x960000003014bb78
info: Entering event queue @ 0.  Starting simulation...
warn: T12.spm: address out-of-range: 0
warn: T0,PMP-EP65535: invalid EP
warn: T11,PMP-EP65535: invalid EP
warn: T10,PMP-EP65535: invalid EP
warn: T9,PMP-EP65535: invalid EP
warn: T8,PMP-EP65535: invalid EP
warn: T7,PMP-EP65535: invalid EP
warn: T6,PMP-EP65535: invalid EP
warn: T5,PMP-EP65535: invalid EP
warn: T4,PMP-EP65535: invalid EP
warn: T3,PMP-EP65535: invalid EP
warn: T2,PMP-EP65535: invalid EP
warn: T1,PMP-EP65535: invalid EP
warn: T7,PMP-EP65535: invalid EP
warn: T11,PMP-EP65535: invalid EP
warn: T2,PMP-EP65535: invalid EP
warn: T5,PMP-EP65535: invalid EP
warn: T10,PMP-EP65535: invalid EP
warn: T3,PMP-EP65535: invalid EP
warn: T8,PMP-EP65535: invalid EP
warn: T9,PMP-EP65535: invalid EP
warn: T1,PMP-EP65535: invalid EP
warn: T6,PMP-EP65535: invalid EP
warn: T4,PMP-EP65535: invalid EP
warn: T0,PMP-EP65535: invalid EP
[0;31m[T0:kernel  @        291] Entered raw mode; Quit via Ctrl+]
[0mwarn: T2,PMP-EP3: invalid EP
warn: T6,PMP-EP3: invalid EP
warn: T7,PMP-EP3: invalid EP
warn: T8,PMP-EP3: invalid EP
warn: T3,PMP-EP3: invalid EP
warn: T9,PMP-EP3: invalid EP
warn: T5,PMP-EP3: invalid EP
warn: T10,PMP-EP3: invalid EP
warn: T11,PMP-EP3: invalid EP
warn: T1,PMP-EP3: invalid EP
warn: T4,PMP-EP3: invalid EP
warn: T2,PMP-EP65535: invalid EP
warn: T2,PMP-EP65535: invalid EP
warn: T2,PMP-EP65535: invalid EP
warn: T6,PMP-EP65535: invalid EP
warn: T6,PMP-EP65535: invalid EP
warn: T6,PMP-EP65535: invalid EP
warn: T7,PMP-EP65535: invalid EP
warn: T7,PMP-EP65535: invalid EP
warn: T7,PMP-EP65535: invalid EP
warn: T8,PMP-EP65535: invalid EP
warn: T8,PMP-EP65535: invalid EP
warn: T8,PMP-EP65535: invalid EP
warn: T3,PMP-EP65535: invalid EP
warn: T3,PMP-EP65535: invalid EP
warn: T3,PMP-EP65535: invalid EP
warn: T9,PMP-EP65535: invalid EP
warn: T9,PMP-EP65535: invalid EP
warn: T9,PMP-EP65535: invalid EP
warn: T5,PMP-EP65535: invalid EP
warn: T5,PMP-EP65535: invalid EP
warn: T5,PMP-EP65535: invalid EP
warn: T10,PMP-EP65535: invalid EP
warn: T10,PMP-EP65535: invalid EP
warn: T10,PMP-EP65535: invalid EP
warn: T11,PMP-EP65535: invalid EP
warn: T11,PMP-EP65535: invalid EP
warn: T11,PMP-EP65535: invalid EP
warn: T1,PMP-EP65535: invalid EP
warn: T1,PMP-EP65535: invalid EP
warn: T1,PMP-EP65535: invalid EP
warn: T2,PMP-EP65535: invalid EP
warn: T6,PMP-EP65535: invalid EP
warn: T7,PMP-EP65535: invalid EP
warn: T4,PMP-EP65535: invalid EP
warn: T4,PMP-EP65535: invalid EP
warn: T4,PMP-EP65535: invalid EP
warn: T8,PMP-EP65535: invalid EP
warn: T3,PMP-EP65535: invalid EP
warn: T9,PMP-EP65535: invalid EP
warn: T5,PMP-EP65535: invalid EP
warn: T10,PMP-EP65535: invalid EP
warn: T11,PMP-EP65535: invalid EP
warn: T1,PMP-EP65535: invalid EP
warn: T4,PMP-EP65535: invalid EP
[0;31m[T0:kernel  @       1844] Attesting tile: 1
[0m[0;31m[T0:kernel  @       4603] Attestation complete: 1, 2742671 cycles
[0m[0;31m[T0:kernel  @       5871] Attesting tile: 2
[0m[0;31m[T0:kernel  @       8594] Attestation complete: 2, 2717937 cycles
[0m[0;31m[T0:kernel  @       9859] Attesting tile: 3
[0m[0;31m[T0:kernel  @      12581] Attestation complete: 3, 2717490 cycles
[0m[0;31m[T0:kernel  @      13846] Attesting tile: 4
[0m[0;31m[T0:kernel  @      16567] Attestation complete: 4, 2717221 cycles
[0m[0;31m[T0:kernel  @      17831] Attesting tile: 5
[0m[0;31m[T0:kernel  @      20553] Attestation complete: 5, 2717079 cycles
[0m[0;31m[T0:kernel  @      21817] Attesting tile: 6
[0m[0;31m[T0:kernel  @      24538] Attestation complete: 6, 2717017 cycles
[0m[0;31m[T0:kernel  @      25802] Attesting tile: 7
[0m[0;31m[T0:kernel  @      28524] Attestation complete: 7, 2716956 cycles
[0m[0;31m[T0:kernel  @      29788] Attesting tile: 8
[0m[0;31m[T0:kernel  @      32509] Attestation complete: 8, 2717087 cycles
[0m[0;31m[T0:kernel  @      33773] Attesting tile: 9
[0m[0;31m[T0:kernel  @      36494] Attestation complete: 9, 2717066 cycles
[0m[0;31m[T0:kernel  @      37758] Attesting tile: 10
[0m[0;31m[T0:kernel  @      40480] Attestation complete: 10, 2717019 cycles
[0m[0;31m[T0:kernel  @      41744] Attesting tile: 11
[0m[0;31m[T0:kernel  @      44465] Attestation complete: 11, 2717038 cycles
[0m[0;31m[T0:kernel  @      45729] Attesting tile: 12
[0m[0;31m[T0:kernel  @      48451] Attestation complete: 12, 2716991 cycles
[0m[0;31m[T0:kernel  @      49715] Attesting tile: 13
[0m[0;31m[T0:kernel  @      52436] Attestation complete: 13, 2717020 cycles
[0m[0;31m[T0:kernel  @      53700] Attesting tile: 14
[0m[0;31m[T0:kernel  @      56421] Attestation complete: 14, 2717018 cycles
[0m[0;31m[T0:kernel  @      57686] Attesting tile: 15
[0m[0;31m[T0:kernel  @      60407] Attestation complete: 15, 2717014 cycles
[0m[0;31m[T0:kernel  @      61671] Attesting tile: 16
[0m[0;31m[T0:kernel  @      64392] Attestation complete: 16, 2717048 cycles
[0m[0;31m[T0:kernel  @      65656] Attesting tile: 17
[0m[0;31m[T0:kernel  @      68375] Attestation complete: 17, 2714816 cycles
[0m[0;31m[T0:kernel  @      69640] Attesting tile: 18
[0m[0;31m[T0:kernel  @      72358] Attestation complete: 18, 2714809 cycles
[0m[0;31m[T0:kernel  @      73623] Attesting tile: 19
[0m[0;31m[T0:kernel  @      76342] Attestation complete: 19, 2714770 cycles
[0m[0;31m[T0:kernel  @      77606] Attesting tile: 20
[0m[0;31m[T0:kernel  @      80325] Attestation complete: 20, 2714838 cycles
[0m[0;31m[T0:kernel  @      81589] Attesting tile: 21
[0m[0;31m[T0:kernel  @      84308] Attestation complete: 21, 2714849 cycles
[0m[0;31m[T0:kernel  @      84319] Attesting tile: 22
[0m[0;31m[T0:kernel  @      87046] Attestation complete: 22, 2723249 cycles
[0m[0;31m[T0:kernel  @      87052] Attesting tile: 22
[0m[0;31m[T0:kernel  @      89779] Attestation complete: 22, 2722813 cycles
[0m[0;31m[T0:kernel  @      89784] Attesting tile: 22
[0m[0;31m[T0:kernel  @      92511] Attestation complete: 22, 2722504 cycles
[0m[0;31m[T0:kernel  @      92516] Attesting tile: 22
[0m[0;31m[T0:kernel  @      95242] Attestation complete: 22, 2722338 cycles
[0m[0;31m[T0:kernel  @      95777] Kernel is ready!
[0m[0;32m[T1:root    @      97386] Boot modules:
[0m[0;32m[T1:root    @      97428]   Mod[addr: G[Tile22+0x30000000], size: 0x311, name: boot.xml]
[0m[0;32m[T1:root    @      97436]   Mod[addr: G[Tile22+0x30001000], size: 0x746c8, name: root]
[0m[0;32m[T1:root    @      97443]   Mod[addr: G[Tile22+0x30076000], size: 0x56328, name: m3fs]
[0m[0;32m[T1:root    @      97451]   Mod[addr: G[Tile22+0x300cd000], size: 0x7eb78, name: pager]
[0m[0;32m[T1:root    @      97455] Available tiles:
[0m[0;32m[T1:root    @      97485]   Tile01: COMP_EMEM RISCV (empty) 0 KiB memory
[0m[0;32m[T1:root    @      97497]   Tile02: COMP_EMEM RISCV (empty) 0 KiB memory
[0m[0;32m[T1:root    @      97503]   Tile03: COMP_EMEM RISCV (empty) 0 KiB memory
[0m[0;32m[T1:root    @      97511]   Tile04: COMP_EMEM RISCV (empty) 0 KiB memory
[0m[0;32m[T1:root    @      97517]   Tile05: COMP_EMEM RISCV (empty) 0 KiB memory
[0m[0;32m[T1:root    @      97524]   Tile06: COMP_EMEM RISCV (empty) 0 KiB memory
[0m[0;32m[T1:root    @      97530]   Tile07: COMP_EMEM RISCV (empty) 0 KiB memory
[0m[0;32m[T1:root    @      97537]   Tile08: COMP_EMEM RISCV (empty) 0 KiB memory
[0m[0;32m[T1:root    @      97543]   Tile09: COMP_EMEM RISCV (empty) 0 KiB memory
[0m[0;32m[T1:root    @      97551]   Tile10: COMP_EMEM RISCV (empty) 0 KiB memory
[0m[0;32m[T1:root    @      97557]   Tile11: COMP_EMEM RISCV (empty) 0 KiB memory
[0m[0;32m[T1:root    @      97563]   Tile12: COMP_IMEM RISCV (empty) 32768 KiB memory
[0m[0;32m[T1:root    @      97570]   Tile13: COMP_IMEM RISCV (empty) 32768 KiB memory
[0m[0;32m[T1:root    @      97576]   Tile14: COMP_IMEM RISCV (empty) 32768 KiB memory
[0m[0;32m[T1:root    @      97582]   Tile15: COMP_IMEM RISCV (empty) 32768 KiB memory
[0m[0;32m[T1:root    @      97588]   Tile16: COMP_IMEM NIC_DEV (empty) 0 KiB memory
[0m[0;32m[T1:root    @      97595]   Tile17: COMP_IMEM NIC_DEV (empty) 0 KiB memory
[0m[0;32m[T1:root    @      97603]   Tile18: COMP_IMEM ACCEL_ROT13 (empty) 2048 KiB memory
[0m[0;32m[T1:root    @      97609]   Tile19: COMP_IMEM ACCEL_ROT13 (empty) 2048 KiB memory
[0m[0;32m[T1:root    @      97618]   Tile20: COMP_IMEM RISCV KECACC 32768 KiB memory
[0m[0;32m[T1:root    @      97624]   Tile21: COMP_IMEM SERIAL_DEV (empty) 0 KiB memory
[0m[0;32m[T1:root    @      97644] Available memory:
[0m[0;32m[T1:root    @      97668]   MemMod[sel: 30, res: true, addr: G[Tile22+0x0], size: 1200 MiB]
[0m[0;32m[T1:root    @      97678]   MemMod[sel: 31, res: false, addr: G[Tile22+0x4f600000], size: 959 MiB]
[0m[0;32m[T1:root    @      97689] Parsed Config [
[0m[0;32m[T1:root    @      97702]   root [
[0m[0;32m[T1:root    @      97735]     Domain on core [
[0m[0;32m[T1:root    @      97741]       m3fs mem 268435456 [
[0m[0;32m[T1:root    @      97746]         Daemon,
[0m[0;32m[T1:root    @      97764]         PhysMem[addr=0x0, size=0x40000 KiB, perm=R | W | X | RW | RWX],
[0m[0;32m[T1:root    @      97776]         Service[lname='m3fs', gname='m3fs'],
[0m[0;32m[T1:root    @      97782]       ]
[0m[0;32m[T1:root    @      97786]     ]
[0m[0;32m[T1:root    @      97790]     Domain on core [
[0m[0;32m[T1:root    @      97795]       pager 268435456 [
[0m[0;32m[T1:root    @      97802]         PhysMem[addr=0x0, size=0x40000 KiB, perm=R],
[0m[0;32m[T1:root    @      97811]         Session[lname='m3fs', gname='m3fs', arg='', dep=true],
[0m[0;32m[T1:root    @      97822]         Tile[type=core, count=1, optional=false],
[0m[0;32m[T1:root    @      97827]         Domain on core [
[0m[0;32m[T1:root    @      97836]           /bin/fstrace-m3fs -d -n 1 -u 0 -v tar [
[0m[0;32m[T1:root    @      97844]             Mount[fs='m3fs', path='/'],
[0m[0;32m[T1:root    @      97851]             Tile[type=core, count=1, optional=false],
[0m[0;32m[T1:root    @      97856]           ]
[0m[0;32m[T1:root    @      97860]         ]
[0m[0;32m[T1:root    @      97863]       ]
[0m[0;32m[T1:root    @      97867]     ]
[0m[0;32m[T1:root    @      97870]   ]
[0m[0;32m[T1:root    @      97872] ]
[0m[0;32m[T1:root    @      97875] 
[0m[0;32m[T1:root    @     100340] Starting boot module 'm3fs' on tile2 with arguments ["mem", "268435456"]
[0m[0;32m[T1:root    @     102994] m3fs: reg_serv(srv_sel=46, sgate_sel=50, name=m3fs, sessions=32)
[0m[0;32m[T1:root    @     103022] Creating service 1:m3fs
[0m[0;32m[T1:root    @     103344] Starting boot module 'pager' on tile3 with arguments ["268435456"]
[0m[0;34m[T3:pager   @     104559] Boot modules:
[0m[0;34m[T3:pager   @     104605]   Mod[addr: G[Tile22+0x77601000], size: 0x1f3, name: boot.xml]
[0m[0;34m[T3:pager   @     104612] Available tiles:
[0m[0;34m[T3:pager   @     104641]   Tile03: COMP_EMEM RISCV (empty) 0 KiB memory
[0m[0;34m[T3:pager   @     104654]   Tile04: COMP_EMEM RISCV (empty) 0 KiB memory
[0m[0;34m[T3:pager   @     104665] Available memory:
[0m[0;34m[T3:pager   @     104691]   MemMod[sel: 8, res: false, addr: G[Tile22+0x63800000], size: 159 MiB]
[0m[0;32m[T1:root    @     104758] pager: open_sess(dst_sel=59, name=m3fs)
[0m[0;34m[T3:pager   @     107968] Starting boot module '/bin/fstrace-m3fs' on tile5 with arguments ["-d", "-n", "1", "-u", "0", "-v", "tar"]
[0mVPFS trace_bench started [trace=tar,n=1,wait=no,data=yes,stdio=no,prefix=,loadgen=,ops=52]
[0;36m[T5:fstrace-@     110496] line 1: opcode=WAITUNTIL -> 1158 cycles
[0m[0;36m[T5:fstrace-@     110785] line 2: opcode=OPEN -> 263934 cycles
[0m[0;36m[T5:fstrace-@     110789] line 3: opcode=WAITUNTIL -> 40 cycles
[0m[0;36m[T5:fstrace-@     110826] line 4: opcode=FSTAT -> 30499 cycles
[0m[0;36m[T5:fstrace-@     110830] line 5: opcode=WAITUNTIL -> 23 cycles
[0m[0;36m[T5:fstrace-@     110887] line 6: opcode=FSTATAT -> 52281 cycles
[0m[0;36m[T5:fstrace-@     110891] line 7: opcode=WAITUNTIL -> 23 cycles
[0m[0;36m[T5:fstrace-@     110950] line 8: opcode=OPEN -> 54895 cycles
[0m[0;36m[T5:fstrace-@     110954] line 9: opcode=WAITUNTIL -> 23 cycles
[0m[0;36m[T5:fstrace-@     111009] line 10: opcode=READ -> 49972 cycles
[0m[0;36m[T5:fstrace-@     111013] line 11: opcode=WAITUNTIL -> 23 cycles
[0m[0;36m[T5:fstrace-@     111072] line 12: opcode=CLOSE -> 55011 cycles
[0m[0;36m[T5:fstrace-@     111076] line 13: opcode=WAITUNTIL -> 23 cycles
[0m[0;36m[T5:fstrace-@     111097] line 14: opcode=OPEN -> 17023 cycles
[0m[0;36m[T5:fstrace-@     111101] line 15: opcode=WAITUNTIL -> 23 cycles
[0m[0;36m[T5:fstrace-@     111132] line 16: opcode=READ -> 26588 cycles
[0m[0;36m[T5:fstrace-@     111136] line 17: opcode=WAITUNTIL -> 23 cycles
[0m[0;36m[T5:fstrace-@     111148] line 18: opcode=CLOSE -> 7554 cycles
[0m[0;36m[T5:fstrace-@     111152] line 19: opcode=WAITUNTIL -> 23 cycles
[0m[0;36m[T5:fstrace-@     111219] line 20: opcode=WRITE -> 63009 cycles
[0m[0;36m[T5:fstrace-@     111223] line 21: opcode=WAITUNTIL -> 23 cycles
[0m[0;36m[T5:fstrace-@     111271] line 22: opcode=OPEN -> 44528 cycles
[0m[0;36m[T5:fstrace-@     111281] line 23: opcode=FSTAT -> 5741 cycles
[0m[0;36m[T5:fstrace-@     111285] line 24: opcode=WAITUNTIL -> 40 cycles
[0m[0;36m[T5:fstrace-@     111357] line 25: opcode=GETDENTS -> 65084 cycles
[0m[0;36m[T5:fstrace-@     111361] line 26: opcode=WAITUNTIL -> 33 cycles
[0m[0;36m[T5:fstrace-@     111374] line 27: opcode=FSTATAT -> 8703 cycles
[0m[0;36m[T5:fstrace-@     111378] line 28: opcode=WAITUNTIL -> 23 cycles
[0m[0;36m[T5:fstrace-@     111416] line 29: opcode=OPEN -> 34546 cycles
[0m[0;36m[T5:fstrace-@     111420] line 30: opcode=WAITUNTIL -> 23 cycles
[0m[0;36m[T5:fstrace-@     111427] line 31: opcode=WRITE -> 2610 cycles
[0m[0;36m[T5:fstrace-@     111431] line 32: opcode=WAITUNTIL -> 23 cycles
[0m[0;36m[T5:fstrace-@     121077] line 33: opcode=SENDFILE -> 9641327 cycles
[0m[0;36m[T5:fstrace-@     121081] line 34: opcode=WAITUNTIL -> 23 cycles
[0m[0;36m[T5:fstrace-@     121100] line 35: opcode=CLOSE -> 15454 cycles
[0m[0;36m[T5:fstrace-@     121104] line 36: opcode=WAITUNTIL -> 23 cycles
[0m[0;36m[T5:fstrace-@     121117] line 37: opcode=FSTATAT -> 8412 cycles
[0m[0;36m[T5:fstrace-@     121121] line 38: opcode=WAITUNTIL -> 23 cycles
[0m[0;36m[T5:fstrace-@     121136] line 39: opcode=OPEN -> 11111 cycles
[0m[0;36m[T5:fstrace-@     121140] line 40: opcode=WAITUNTIL -> 23 cycles
[0m[0;36m[T5:fstrace-@     121147] line 41: opcode=WRITE -> 2554 cycles
[0m[0;36m[T5:fstrace-@     121151] line 42: opcode=WAITUNTIL -> 23 cycles
[0m[0;36m[T5:fstrace-@     121469] line 43: opcode=SENDFILE -> 313642 cycles
[0m[0;36m[T5:fstrace-@     121473] line 44: opcode=WAITUNTIL -> 23 cycles
[0m[0;36m[T5:fstrace-@     121491] line 45: opcode=CLOSE -> 14536 cycles
[0m[0;36m[T5:fstrace-@     121495] line 46: opcode=WAITUNTIL -> 23 cycles
[0m[0;36m[T5:fstrace-@     121522] line 47: opcode=FSTATAT -> 22706 cycles
[0m[0;36m[T5:fstrace-@     121526] line 48: opcode=WAITUNTIL -> 23 cycles
[0m[0;36m[T5:fstrace-@     121541] line 49: opcode=OPEN -> 10681 cycles
[0m[0;36m[T5:fstrace-@     121545] line 50: opcode=WAITUNTIL -> 23 cycles
[0m[0;36m[T5:fstrace-@     121552] line 51: opcode=WRITE -> 2547 cycles
[0m[0;36m[T5:fstrace-@     121556] line 52: opcode=WAITUNTIL -> 23 cycles
[0m[0;36m[T5:fstrace-@     122774] line 53: opcode=SENDFILE -> 1213575 cycles
[0m[0;36m[T5:fstrace-@     122778] line 54: opcode=WAITUNTIL -> 23 cycles
[0m[0;36m[T5:fstrace-@     122795] line 55: opcode=CLOSE -> 13359 cycles
[0m[0;36m[T5:fstrace-@     122799] line 56: opcode=WAITUNTIL -> 23 cycles
[0m[0;36m[T5:fstrace-@     122810] line 57: opcode=FSTATAT -> 7310 cycles
[0m[0;36m[T5:fstrace-@     122814] line 58: opcode=WAITUNTIL -> 23 cycles
[0m[0;36m[T5:fstrace-@     122829] line 59: opcode=OPEN -> 10841 cycles
[0m[0;36m[T5:fstrace-@     122833] line 60: opcode=WAITUNTIL -> 23 cycles
[0m[0;36m[T5:fstrace-@     122840] line 61: opcode=WRITE -> 2523 cycles
[0m[0;36m[T5:fstrace-@     125255] line 62: opcode=SENDFILE -> 2410767 cycles
[0m[0;36m[T5:fstrace-@     125259] line 63: opcode=WAITUNTIL -> 23 cycles
[0m[0;36m[T5:fstrace-@     125276] line 64: opcode=CLOSE -> 13203 cycles
[0m[0;36m[T5:fstrace-@     125280] line 65: opcode=WAITUNTIL -> 23 cycles
[0m[0;36m[T5:fstrace-@     125292] line 66: opcode=FSTATAT -> 7216 cycles
[0m[0;36m[T5:fstrace-@     125296] line 67: opcode=WAITUNTIL -> 23 cycles
[0m[0;36m[T5:fstrace-@     125311] line 68: opcode=OPEN -> 10905 cycles
[0m[0;36m[T5:fstrace-@     125315] line 69: opcode=WAITUNTIL -> 23 cycles
[0m[0;36m[T5:fstrace-@     125321] line 70: opcode=WRITE -> 2520 cycles
[0m[0;36m[T5:fstrace-@     144478] line 71: opcode=SENDFILE -> 19152453 cycles
[0m[0;36m[T5:fstrace-@     144482] line 72: opcode=WAITUNTIL -> 40 cycles
[0m[0;36m[T5:fstrace-@     144500] line 73: opcode=CLOSE -> 13243 cycles
[0m[0;36m[T5:fstrace-@     144504] line 74: opcode=WAITUNTIL -> 23 cycles
[0m[0;36m[T5:fstrace-@     144515] line 75: opcode=FSTATAT -> 7041 cycles
[0m[0;36m[T5:fstrace-@     144519] line 76: opcode=WAITUNTIL -> 23 cycles
[0m[0;36m[T5:fstrace-@     144533] line 77: opcode=OPEN -> 10447 cycles
[0m[0;36m[T5:fstrace-@     144537] line 78: opcode=WAITUNTIL -> 23 cycles
[0m[0;36m[T5:fstrace-@     144544] line 79: opcode=WRITE -> 2519 cycles
[0m[0;36m[T5:fstrace-@     144548] line 80: opcode=WAITUNTIL -> 23 cycles
[0m[0;36m[T5:fstrace-@     145180] line 81: opcode=SENDFILE -> 627437 cycles
[0m[0;36m[T5:fstrace-@     145184] line 82: opcode=WAITUNTIL -> 23 cycles
[0m[0;36m[T5:fstrace-@     145201] line 83: opcode=CLOSE -> 13056 cycles
[0m[0;36m[T5:fstrace-@     145205] line 84: opcode=WAITUNTIL -> 23 cycles
[0m[0;36m[T5:fstrace-@     145216] line 85: opcode=FSTATAT -> 6986 cycles
[0m[0;36m[T5:fstrace-@     145220] line 86: opcode=WAITUNTIL -> 23 cycles
[0m[0;36m[T5:fstrace-@     145234] line 87: opcode=OPEN -> 10560 cycles
[0m[0;36m[T5:fstrace-@     145238] line 88: opcode=WAITUNTIL -> 23 cycles
[0m[0;36m[T5:fstrace-@     145245] line 89: opcode=WRITE -> 2519 cycles
[0m[0;36m[T5:fstrace-@     145249] line 90: opcode=WAITUNTIL -> 23 cycles
[0m[0;36m[T5:fstrace-@     150049] line 91: opcode=SENDFILE -> 4795408 cycles
[0m[0;36m[T5:fstrace-@     150053] line 92: opcode=WAITUNTIL -> 23 cycles
[0m[0;36m[T5:fstrace-@     150070] line 93: opcode=CLOSE -> 13271 cycles
[0m[0;36m[T5:fstrace-@     150074] line 94: opcode=WAITUNTIL -> 23 cycles
[0m[0;36m[T5:fstrace-@     150082] line 95: opcode=GETDENTS -> 4024 cycles
[0m[0;36m[T5:fstrace-@     150086] line 96: opcode=WAITUNTIL -> 23 cycles
[0m[0;36m[T5:fstrace-@     150101] line 97: opcode=CLOSE -> 10231 cycles
[0m[0;36m[T5:fstrace-@     150105] line 98: opcode=WAITUNTIL -> 23 cycles
[0m[0;36m[T5:fstrace-@     150111] line 99: opcode=WRITE -> 2606 cycles
[0m[0;36m[T5:fstrace-@     150154] line 100: opcode=CLOSE -> 38207 cycles
[0m[0;36m[T5:fstrace-@     150159] total waittime: 478198 cycles
[0mTotal time: 39708777 cycles
VPFS trace_bench benchmark terminated
[0;32m[T1:root    @     151928] Sending SHUTDOWN to service 1:m3fs
[0m[0;32m[T1:root    @     152051] m3fs: unreg_serv(sel=46)
[0m[0;32m[T1:root    @     152063] Removing service 1:m3fs
[0m[0;32m[T1:root    @     152552] All childs gone. Exiting.
[0m[0;31m[T0:kernel  @     152754] Shutting down
[0mExiting @ tick 152780590000 because m5_exit instruction encountered
