Building for gem5-riscv-release...
ninja: no work to do.
run/boot-all.xml validates
warn: <orphan SpuSystem>.etherlink already has parent (Previously declared as <orphan SpuSystem>.etherlink).
	Note: etherlink is not a parameter of SpuSystem
gem5 Simulator System.  http://gem5.org
gem5 is copyrighted software; use the --copyright option for details.

gem5 version 21.0.0.0
gem5 compiled Apr 27 2023 13:09:03
gem5 started Apr 27 2023 14:01:45
gem5 executing on graham, pid 3125181
command line: platform/gem5/build/RISCV/gem5.opt --outdir=run --debug-file=gem5.log --debug-flags=Tcu config/default.py --cpu-type DerivO3CPU --isa riscv --cmd 'build/gem5-riscv-release/bin/kernel -f build/gem5-riscv-release/bench.img,build/gem5-riscv-release/bin/tilemux,build/gem5-riscv-release/bin/tilemux,build/gem5-riscv-release/bin/tilemux,build/gem5-riscv-release/bin/tilemux,build/gem5-riscv-release/bin/tilemux,build/gem5-riscv-release/bin/tilemux,build/gem5-riscv-release/bin/tilemux,build/gem5-riscv-release/bin/tilemux,build/gem5-riscv-release/bin/tilemux,build/gem5-riscv-release/bin/tilemux,build/gem5-riscv-release/bin/tilemux,build/gem5-riscv-release/bin/tilemux,build/gem5-riscv-release/bin/tilemux,build/gem5-riscv-release/bin/tilemux,build/gem5-riscv-release/bin/tilemux,' --mods run/boot.xml,build/gem5-riscv-release/bin/root,build/gem5-riscv-release/bin/m3fs,build/gem5-riscv-release/bin/pager --cpu-clock=2GHz --sys-clock=2GHz --encr-latency=0 --par-pipe=1 --int-transfer-latency=0 --rng-latency=0 --sign-latency=0 --sign-ver-latency=0

T00: build/gem5-riscv-release/bin/kernel -f build/gem5-riscv-release/bench.img
     Core =DerivO3CPU riscv @ 2GHz
     TCU  =eps:192, bufsz:2048 B, blocksz:64 B, count:4, tlb:128
     L1i$ =32 KiB (2-way assoc, 4 cycles)
     L1d$ =32 KiB (2-way assoc, 4 cycles)
     L2$  =256 KiB (8-way assoc, 12 cycles)
     Comp =Core -> TCU -> L1$ -> L2$

T01: build/gem5-riscv-release/bin/tilemux
     Core =DerivO3CPU riscv @ 2GHz
     TCU  =eps:192, bufsz:2048 B, blocksz:64 B, count:4, tlb:128
     L1i$ =32 KiB (2-way assoc, 4 cycles)
     L1d$ =32 KiB (2-way assoc, 4 cycles)
     L2$  =256 KiB (8-way assoc, 12 cycles)
     Comp =Core -> TCU -> L1$ -> L2$

T02: build/gem5-riscv-release/bin/tilemux
     Core =DerivO3CPU riscv @ 2GHz
     TCU  =eps:192, bufsz:2048 B, blocksz:64 B, count:4, tlb:128
     L1i$ =32 KiB (2-way assoc, 4 cycles)
     L1d$ =32 KiB (2-way assoc, 4 cycles)
     L2$  =256 KiB (8-way assoc, 12 cycles)
     Comp =Core -> TCU -> L1$ -> L2$

T03: build/gem5-riscv-release/bin/tilemux
     Core =DerivO3CPU riscv @ 2GHz
     TCU  =eps:192, bufsz:2048 B, blocksz:64 B, count:4, tlb:128
     L1i$ =32 KiB (2-way assoc, 4 cycles)
     L1d$ =32 KiB (2-way assoc, 4 cycles)
     L2$  =256 KiB (8-way assoc, 12 cycles)
     Comp =Core -> TCU -> L1$ -> L2$

T04: build/gem5-riscv-release/bin/tilemux
     Core =DerivO3CPU riscv @ 2GHz
     TCU  =eps:192, bufsz:2048 B, blocksz:64 B, count:4, tlb:128
     L1i$ =32 KiB (2-way assoc, 4 cycles)
     L1d$ =32 KiB (2-way assoc, 4 cycles)
     L2$  =256 KiB (8-way assoc, 12 cycles)
     Comp =Core -> TCU -> L1$ -> L2$

T05: build/gem5-riscv-release/bin/tilemux
     Core =DerivO3CPU riscv @ 2GHz
     TCU  =eps:192, bufsz:2048 B, blocksz:64 B, count:4, tlb:128
     L1i$ =32 KiB (2-way assoc, 4 cycles)
     L1d$ =32 KiB (2-way assoc, 4 cycles)
     L2$  =256 KiB (8-way assoc, 12 cycles)
     Comp =Core -> TCU -> L1$ -> L2$

T06: build/gem5-riscv-release/bin/tilemux
     Core =DerivO3CPU riscv @ 2GHz
     TCU  =eps:192, bufsz:2048 B, blocksz:64 B, count:4, tlb:128
     L1i$ =32 KiB (2-way assoc, 4 cycles)
     L1d$ =32 KiB (2-way assoc, 4 cycles)
     L2$  =256 KiB (8-way assoc, 12 cycles)
     Comp =Core -> TCU -> L1$ -> L2$

T07: build/gem5-riscv-release/bin/tilemux
     Core =DerivO3CPU riscv @ 2GHz
     TCU  =eps:192, bufsz:2048 B, blocksz:64 B, count:4, tlb:128
     L1i$ =32 KiB (2-way assoc, 4 cycles)
     L1d$ =32 KiB (2-way assoc, 4 cycles)
     L2$  =256 KiB (8-way assoc, 12 cycles)
     Comp =Core -> TCU -> L1$ -> L2$

T08: build/gem5-riscv-release/bin/tilemux
     Core =DerivO3CPU riscv @ 2GHz
     TCU  =eps:192, bufsz:2048 B, blocksz:64 B, count:4, tlb:128
     L1i$ =32 KiB (2-way assoc, 4 cycles)
     L1d$ =32 KiB (2-way assoc, 4 cycles)
     L2$  =256 KiB (8-way assoc, 12 cycles)
     Comp =Core -> TCU -> L1$ -> L2$

T09: build/gem5-riscv-release/bin/tilemux
     Core =DerivO3CPU riscv @ 2GHz
     TCU  =eps:192, bufsz:2048 B, blocksz:64 B, count:4, tlb:128
     L1i$ =32 KiB (2-way assoc, 4 cycles)
     L1d$ =32 KiB (2-way assoc, 4 cycles)
     L2$  =256 KiB (8-way assoc, 12 cycles)
     Comp =Core -> TCU -> L1$ -> L2$

T10: build/gem5-riscv-release/bin/tilemux
     Core =DerivO3CPU riscv @ 2GHz
     TCU  =eps:192, bufsz:2048 B, blocksz:64 B, count:4, tlb:128
     L1i$ =32 KiB (2-way assoc, 4 cycles)
     L1d$ =32 KiB (2-way assoc, 4 cycles)
     L2$  =256 KiB (8-way assoc, 12 cycles)
     Comp =Core -> TCU -> L1$ -> L2$

T11: build/gem5-riscv-release/bin/tilemux
     Core =DerivO3CPU riscv @ 2GHz
     TCU  =eps:192, bufsz:2048 B, blocksz:64 B, count:4, tlb:128
     L1i$ =32 KiB (2-way assoc, 4 cycles)
     L1d$ =32 KiB (2-way assoc, 4 cycles)
     L2$  =256 KiB (8-way assoc, 12 cycles)
     Comp =Core -> TCU -> L1$ -> L2$

T12: build/gem5-riscv-release/bin/tilemux
     Core =DerivO3CPU riscv @ 2GHz
     TCU  =eps:192, bufsz:2048 B, blocksz:2048 B, count:4, tlb:0
     imem =32768 KiB
     Comp =Core -> TCU -> SPM

T13: build/gem5-riscv-release/bin/tilemux
     Core =DerivO3CPU riscv @ 2GHz
     TCU  =eps:192, bufsz:2048 B, blocksz:2048 B, count:4, tlb:0
     imem =32768 KiB
     Comp =Core -> TCU -> SPM

T14: build/gem5-riscv-release/bin/tilemux
     Core =DerivO3CPU riscv @ 2GHz
     TCU  =eps:192, bufsz:2048 B, blocksz:2048 B, count:4, tlb:0
     imem =32768 KiB
     Comp =Core -> TCU -> SPM

T15: build/gem5-riscv-release/bin/tilemux
     Core =DerivO3CPU riscv @ 2GHz
     TCU  =eps:192, bufsz:2048 B, blocksz:2048 B, count:4, tlb:0
     imem =32768 KiB
     Comp =Core -> TCU -> SPM

T16: IGbE_e1000
     TCU  =eps:192, bufsz:2048 B, blocksz:2048 B, count:4, tlb:0
     Comp =TCU -> Proxy -> NIC

T17: IGbE_e1000
     TCU  =eps:192, bufsz:2048 B, blocksz:2048 B, count:4, tlb:0
     Comp =TCU -> Proxy -> NIC

T18: rot13 accelerator @ 2GHz
     TCU  =eps:192, bufsz:2048 B, blocksz:2048 B, count:4, tlb:0
     imem =2048 KiB
     Comp =Core -> TCU -> SPM

T19: rot13 accelerator @ 2GHz
     TCU  =eps:192, bufsz:2048 B, blocksz:2048 B, count:4, tlb:0
     imem =2048 KiB
     Comp =Core -> TCU -> SPM

T20: build/gem5-riscv-release/bin/tilemux
     Core =DerivO3CPU riscv @ 2GHz
     TCU  =eps:192, bufsz:2048 B, blocksz:2048 B, count:4, tlb:0
     imem =32768 KiB
     Comp =Core -> TCU -> SPM

T21: SerialInput
     TCU  =eps:192, bufsz:2048 B, blocksz:2048 B, count:4, tlb:0
     Comp =TCU -> SerialInput

T22: build/gem5-riscv-release/bench.img x 1
     TCU  =eps:192, bufsz:2048 B, blocksz:2048 B, count:8, tlb:0
     imem =3145728 KiB
     Comp =TCU -> DRAM

Global frequency set at 1000000000000 ticks per second
warn: No dot file generated. Please install pydot to generate the dot file and pdf.
Gem5 Terminal started; Quit via Ctrl+]
warn: DRAM device capacity (49152 Mbytes) does not match the address range assigned (4096 Mbytes)
platform.com_1.device: Listening for connections on port 3456
0: T00.remote_gdb: listening for remote gdb on port 7000
0: T01.remote_gdb: listening for remote gdb on port 7001
0: T02.remote_gdb: listening for remote gdb on port 7002
0: T03.remote_gdb: listening for remote gdb on port 7003
0: T04.remote_gdb: listening for remote gdb on port 7004
0: T05.remote_gdb: listening for remote gdb on port 7005
0: T06.remote_gdb: listening for remote gdb on port 7006
0: T07.remote_gdb: listening for remote gdb on port 7007
0: T08.remote_gdb: listening for remote gdb on port 7008
0: T09.remote_gdb: listening for remote gdb on port 7009
0: T10.remote_gdb: listening for remote gdb on port 7010
0: T11.remote_gdb: listening for remote gdb on port 7011
0: T12.remote_gdb: listening for remote gdb on port 7012
0: T13.remote_gdb: listening for remote gdb on port 7013
0: T14.remote_gdb: listening for remote gdb on port 7014
0: T15.remote_gdb: listening for remote gdb on port 7015
warn: CoherentXBar T16.xbar has no snooping ports attached!
warn: CoherentXBar T17.xbar has no snooping ports attached!
warn: CoherentXBar T18.xbar has no snooping ports attached!
warn: CoherentXBar T19.xbar has no snooping ports attached!
0: T20.remote_gdb: listening for remote gdb on port 7016
warn: CoherentXBar T21.xbar has no snooping ports attached!
warn: CoherentXBar T22.xbar has no snooping ports attached!
info: Loaded 'boot.xml' to 0x9600000030000000 .. 0x9600000030000311
info: Loaded 'root' to 0x9600000030001000 .. 0x96000000300756a0
info: Loaded 'm3fs' to 0x9600000030076000 .. 0x96000000300cc2f8
info: Loaded 'pager' to 0x96000000300cd000 .. 0x960000003014bc00
info: Entering event queue @ 0.  Starting simulation...
warn: T12.spm: address out-of-range: 0
warn: T0,PMP-EP65535: invalid EP
warn: T11,PMP-EP65535: invalid EP
warn: T10,PMP-EP65535: invalid EP
warn: T9,PMP-EP65535: invalid EP
warn: T8,PMP-EP65535: invalid EP
warn: T7,PMP-EP65535: invalid EP
warn: T6,PMP-EP65535: invalid EP
warn: T5,PMP-EP65535: invalid EP
warn: T4,PMP-EP65535: invalid EP
warn: T3,PMP-EP65535: invalid EP
warn: T2,PMP-EP65535: invalid EP
warn: T1,PMP-EP65535: invalid EP
warn: T4,PMP-EP65535: invalid EP
warn: T11,PMP-EP65535: invalid EP
warn: T10,PMP-EP65535: invalid EP
warn: T1,PMP-EP65535: invalid EP
warn: T9,PMP-EP65535: invalid EP
warn: T7,PMP-EP65535: invalid EP
warn: T6,PMP-EP65535: invalid EP
warn: T8,PMP-EP65535: invalid EP
warn: T2,PMP-EP65535: invalid EP
warn: T5,PMP-EP65535: invalid EP
warn: T3,PMP-EP65535: invalid EP
warn: T0,PMP-EP65535: invalid EP
[0;31m[T0:kernel  @        115] Entered raw mode; Quit via Ctrl+]
[0mwarn: T11,PMP-EP65535: invalid EP
warn: T11,PMP-EP65535: invalid EP
warn: T11,PMP-EP65535: invalid EP
warn: T11,PMP-EP65535: invalid EP
warn: T10,PMP-EP65535: invalid EP
warn: T10,PMP-EP65535: invalid EP
warn: T10,PMP-EP65535: invalid EP
warn: T10,PMP-EP65535: invalid EP
warn: T4,PMP-EP65535: invalid EP
warn: T4,PMP-EP65535: invalid EP
warn: T4,PMP-EP65535: invalid EP
warn: T9,PMP-EP65535: invalid EP
warn: T9,PMP-EP65535: invalid EP
warn: T9,PMP-EP65535: invalid EP
warn: T2,PMP-EP65535: invalid EP
warn: T2,PMP-EP65535: invalid EP
warn: T2,PMP-EP65535: invalid EP
warn: T3,PMP-EP65535: invalid EP
warn: T3,PMP-EP65535: invalid EP
warn: T3,PMP-EP65535: invalid EP
warn: T7,PMP-EP65535: invalid EP
warn: T7,PMP-EP65535: invalid EP
warn: T7,PMP-EP65535: invalid EP
warn: T9,PMP-EP65535: invalid EP
warn: T2,PMP-EP65535: invalid EP
warn: T5,PMP-EP65535: invalid EP
warn: T5,PMP-EP65535: invalid EP
warn: T5,PMP-EP65535: invalid EP
warn: T3,PMP-EP65535: invalid EP
warn: T1,PMP-EP65535: invalid EP
warn: T1,PMP-EP65535: invalid EP
warn: T1,PMP-EP65535: invalid EP
warn: T6,PMP-EP65535: invalid EP
warn: T6,PMP-EP65535: invalid EP
warn: T6,PMP-EP65535: invalid EP
warn: T8,PMP-EP65535: invalid EP
warn: T8,PMP-EP65535: invalid EP
warn: T8,PMP-EP65535: invalid EP
warn: T7,PMP-EP65535: invalid EP
warn: T5,PMP-EP65535: invalid EP
warn: T1,PMP-EP65535: invalid EP
warn: T6,PMP-EP65535: invalid EP
warn: T8,PMP-EP65535: invalid EP
[0;31m[T0:kernel  @        837] Attesting tile: 1
[0m[0;31m[T0:kernel  @       2192] Attestation complete: 1, 2703008 cycles
[0m[0;31m[T0:kernel  @       2823] Attesting tile: 2
[0m[0;31m[T0:kernel  @       4175] Attestation complete: 2, 2699545 cycles
[0m[0;31m[T0:kernel  @       4805] Attesting tile: 3
[0m[0;31m[T0:kernel  @       6157] Attestation complete: 3, 2698793 cycles
[0m[0;31m[T0:kernel  @       6786] Attesting tile: 4
[0m[0;31m[T0:kernel  @       8138] Attestation complete: 4, 2698622 cycles
[0m[0;31m[T0:kernel  @       8768] Attesting tile: 5
[0m[0;31m[T0:kernel  @      10119] Attestation complete: 5, 2698529 cycles
[0m[0;31m[T0:kernel  @      10749] Attesting tile: 6
[0m[0;31m[T0:kernel  @      12100] Attestation complete: 6, 2698517 cycles
[0m[0;31m[T0:kernel  @      12730] Attesting tile: 7
[0m[0;31m[T0:kernel  @      14081] Attestation complete: 7, 2698475 cycles
[0m[0;31m[T0:kernel  @      14710] Attesting tile: 8
[0m[0;31m[T0:kernel  @      16062] Attestation complete: 8, 2698531 cycles
[0m[0;31m[T0:kernel  @      16691] Attesting tile: 9
[0m[0;31m[T0:kernel  @      18043] Attestation complete: 9, 2698544 cycles
[0m[0;31m[T0:kernel  @      18672] Attesting tile: 10
[0m[0;31m[T0:kernel  @      20024] Attestation complete: 10, 2698527 cycles
[0m[0;31m[T0:kernel  @      20653] Attesting tile: 11
[0m[0;31m[T0:kernel  @      22005] Attestation complete: 11, 2698442 cycles
[0m[0;31m[T0:kernel  @      22634] Attesting tile: 12
[0m[0;31m[T0:kernel  @      23985] Attestation complete: 12, 2698491 cycles
[0m[0;31m[T0:kernel  @      24615] Attesting tile: 13
[0m[0;31m[T0:kernel  @      25967] Attestation complete: 13, 2698468 cycles
[0m[0;31m[T0:kernel  @      26596] Attesting tile: 14
[0m[0;31m[T0:kernel  @      27947] Attestation complete: 14, 2698515 cycles
[0m[0;31m[T0:kernel  @      28577] Attesting tile: 15
[0m[0;31m[T0:kernel  @      29928] Attestation complete: 15, 2698460 cycles
[0m[0;31m[T0:kernel  @      30558] Attesting tile: 16
[0m[0;31m[T0:kernel  @      31909] Attestation complete: 16, 2698425 cycles
[0m[0;31m[T0:kernel  @      32538] Attesting tile: 17
[0m[0;31m[T0:kernel  @      33890] Attestation complete: 17, 2698213 cycles
[0m[0;31m[T0:kernel  @      34519] Attesting tile: 18
[0m[0;31m[T0:kernel  @      35870] Attestation complete: 18, 2698165 cycles
[0m[0;31m[T0:kernel  @      36500] Attesting tile: 19
[0m[0;31m[T0:kernel  @      37851] Attestation complete: 19, 2698134 cycles
[0m[0;31m[T0:kernel  @      38480] Attesting tile: 20
[0m[0;31m[T0:kernel  @      39831] Attestation complete: 20, 2698161 cycles
[0m[0;31m[T0:kernel  @      40461] Attesting tile: 21
[0m[0;31m[T0:kernel  @      41812] Attestation complete: 21, 2698175 cycles
[0m[0;31m[T0:kernel  @      41816] Attesting tile: 22
[0m[0;31m[T0:kernel  @      43169] Attestation complete: 22, 2703334 cycles
[0m[0;31m[T0:kernel  @      43172] Attesting tile: 22
[0m[0;31m[T0:kernel  @      44526] Attestation complete: 22, 2703345 cycles
[0m[0;31m[T0:kernel  @      44529] Attesting tile: 22
[0m[0;31m[T0:kernel  @      45882] Attestation complete: 22, 2702569 cycles
[0m[0;31m[T0:kernel  @      45885] Attesting tile: 22
[0m[0;31m[T0:kernel  @      47239] Attestation complete: 22, 2702811 cycles
[0m[0;31m[T0:kernel  @      47281] Kernel is ready!
[0m[0;32m[T1:root    @      47518] Boot modules:
[0m[0;32m[T1:root    @      47524]   Mod[addr: G[Tile22+0x30000000], size: 0x311, name: boot.xml]
[0m[0;32m[T1:root    @      47528]   Mod[addr: G[Tile22+0x30001000], size: 0x746a0, name: root]
[0m[0;32m[T1:root    @      47532]   Mod[addr: G[Tile22+0x30076000], size: 0x562f8, name: m3fs]
[0m[0;32m[T1:root    @      47535]   Mod[addr: G[Tile22+0x300cd000], size: 0x7ec00, name: pager]
[0m[0;32m[T1:root    @      47537] Available tiles:
[0m[0;32m[T1:root    @      47541]   Tile01: COMP_EMEM RISCV (empty) 0 KiB memory
[0m[0;32m[T1:root    @      47545]   Tile02: COMP_EMEM RISCV (empty) 0 KiB memory
[0m[0;32m[T1:root    @      47549]   Tile03: COMP_EMEM RISCV (empty) 0 KiB memory
[0m[0;32m[T1:root    @      47552]   Tile04: COMP_EMEM RISCV (empty) 0 KiB memory
[0m[0;32m[T1:root    @      47555]   Tile05: COMP_EMEM RISCV (empty) 0 KiB memory
[0m[0;32m[T1:root    @      47558]   Tile06: COMP_EMEM RISCV (empty) 0 KiB memory
[0m[0;32m[T1:root    @      47561]   Tile07: COMP_EMEM RISCV (empty) 0 KiB memory
[0m[0;32m[T1:root    @      47565]   Tile08: COMP_EMEM RISCV (empty) 0 KiB memory
[0m[0;32m[T1:root    @      47568]   Tile09: COMP_EMEM RISCV (empty) 0 KiB memory
[0m[0;32m[T1:root    @      47571]   Tile10: COMP_EMEM RISCV (empty) 0 KiB memory
[0m[0;32m[T1:root    @      47574]   Tile11: COMP_EMEM RISCV (empty) 0 KiB memory
[0m[0;32m[T1:root    @      47577]   Tile12: COMP_IMEM RISCV (empty) 32768 KiB memory
[0m[0;32m[T1:root    @      47580]   Tile13: COMP_IMEM RISCV (empty) 32768 KiB memory
[0m[0;32m[T1:root    @      47583]   Tile14: COMP_IMEM RISCV (empty) 32768 KiB memory
[0m[0;32m[T1:root    @      47586]   Tile15: COMP_IMEM RISCV (empty) 32768 KiB memory
[0m[0;32m[T1:root    @      47589]   Tile16: COMP_IMEM NIC_DEV (empty) 0 KiB memory
[0m[0;32m[T1:root    @      47592]   Tile17: COMP_IMEM NIC_DEV (empty) 0 KiB memory
[0m[0;32m[T1:root    @      47596]   Tile18: COMP_IMEM ACCEL_ROT13 (empty) 2048 KiB memory
[0m[0;32m[T1:root    @      47599]   Tile19: COMP_IMEM ACCEL_ROT13 (empty) 2048 KiB memory
[0m[0;32m[T1:root    @      47603]   Tile20: COMP_IMEM RISCV KECACC 32768 KiB memory
[0m[0;32m[T1:root    @      47606]   Tile21: COMP_IMEM SERIAL_DEV (empty) 0 KiB memory
[0m[0;32m[T1:root    @      47610] Available memory:
[0m[0;32m[T1:root    @      47615]   MemMod[sel: 30, res: true, addr: G[Tile22+0x0], size: 1200 MiB]
[0m[0;32m[T1:root    @      47619]   MemMod[sel: 31, res: false, addr: G[Tile22+0x4f600000], size: 959 MiB]
[0m[0;32m[T1:root    @      47621] Parsed Config [
[0m[0;32m[T1:root    @      47623]   root [
[0m[0;32m[T1:root    @      47627]     Domain on core [
[0m[0;32m[T1:root    @      47630]       m3fs mem 268435456 [
[0m[0;32m[T1:root    @      47632]         Daemon,
[0m[0;32m[T1:root    @      47637]         PhysMem[addr=0x0, size=0x40000 KiB, perm=R | W | X | RW | RWX],
[0m[0;32m[T1:root    @      47640]         Service[lname='m3fs', gname='m3fs'],
[0m[0;32m[T1:root    @      47642]       ]
[0m[0;32m[T1:root    @      47644]     ]
[0m[0;32m[T1:root    @      47646]     Domain on core [
[0m[0;32m[T1:root    @      47648]       pager 268435456 [
[0m[0;32m[T1:root    @      47652]         PhysMem[addr=0x0, size=0x40000 KiB, perm=R],
[0m[0;32m[T1:root    @      47655]         Session[lname='m3fs', gname='m3fs', arg='', dep=true],
[0m[0;32m[T1:root    @      47658]         Tile[type=core, count=1, optional=false],
[0m[0;32m[T1:root    @      47661]         Domain on core [
[0m[0;32m[T1:root    @      47665]           /bin/fstrace-m3fs -d -n 1 -u 0 -v tar [
[0m[0;32m[T1:root    @      47668]             Mount[fs='m3fs', path='/'],
[0m[0;32m[T1:root    @      47671]             Tile[type=core, count=1, optional=false],
[0m[0;32m[T1:root    @      47673]           ]
[0m[0;32m[T1:root    @      47675]         ]
[0m[0;32m[T1:root    @      47677]       ]
[0m[0;32m[T1:root    @      47679]     ]
[0m[0;32m[T1:root    @      47680]   ]
[0m[0;32m[T1:root    @      47681] ]
[0m[0;32m[T1:root    @      47682] 
[0m[0;32m[T1:root    @      48236] Starting boot module 'm3fs' on tile2 with arguments ["mem", "268435456"]
[0m[0;32m[T1:root    @      48774] m3fs: reg_serv(srv_sel=46, sgate_sel=50, name=m3fs, sessions=32)
[0m[0;32m[T1:root    @      48779] Creating service 1:m3fs
[0m[0;32m[T1:root    @      48840] Starting boot module 'pager' on tile3 with arguments ["268435456"]
[0m[0;34m[T3:pager   @      49090] Boot modules:
[0m[0;34m[T3:pager   @      49097]   Mod[addr: G[Tile22+0x77601000], size: 0x1f3, name: boot.xml]
[0m[0;34m[T3:pager   @      49099] Available tiles:
[0m[0;34m[T3:pager   @      49103]   Tile03: COMP_EMEM RISCV (empty) 0 KiB memory
[0m[0;34m[T3:pager   @      49107]   Tile04: COMP_EMEM RISCV (empty) 0 KiB memory
[0m[0;34m[T3:pager   @      49110] Available memory:
[0m[0;34m[T3:pager   @      49115]   MemMod[sel: 8, res: false, addr: G[Tile22+0x63800000], size: 159 MiB]
[0m[0;32m[T1:root    @      49124] pager: open_sess(dst_sel=59, name=m3fs)
[0m[0;34m[T3:pager   @      49624] Starting boot module '/bin/fstrace-m3fs' on tile5 with arguments ["-d", "-n", "1", "-u", "0", "-v", "tar"]
[0mVPFS trace_bench started [trace=tar,n=1,wait=no,data=yes,stdio=no,prefix=,loadgen=,ops=52]
[0;36m[T5:fstrace-@      50066] line 1: opcode=WAITUNTIL -> 270 cycles
[0m[0;36m[T5:fstrace-@      50105] line 2: opcode=OPEN -> 70459 cycles
[0m[0;36m[T5:fstrace-@      50108] line 3: opcode=WAITUNTIL -> 40 cycles
[0m[0;36m[T5:fstrace-@      50112] line 4: opcode=FSTAT -> 4998 cycles
[0m[0;36m[T5:fstrace-@      50114] line 5: opcode=WAITUNTIL -> 23 cycles
[0m[0;36m[T5:fstrace-@      50124] line 6: opcode=FSTATAT -> 15734 cycles
[0m[0;36m[T5:fstrace-@      50126] line 7: opcode=WAITUNTIL -> 23 cycles
[0m[0;36m[T5:fstrace-@      50140] line 8: opcode=OPEN -> 23640 cycles
[0m[0;36m[T5:fstrace-@      50142] line 9: opcode=WAITUNTIL -> 23 cycles
[0m[0;36m[T5:fstrace-@      50150] line 10: opcode=READ -> 12098 cycles
[0m[0;36m[T5:fstrace-@      50152] line 11: opcode=WAITUNTIL -> 23 cycles
[0m[0;36m[T5:fstrace-@      50160] line 12: opcode=CLOSE -> 11643 cycles
[0m[0;36m[T5:fstrace-@      50162] line 13: opcode=WAITUNTIL -> 23 cycles
[0m[0;36m[T5:fstrace-@      50170] line 14: opcode=OPEN -> 11133 cycles
[0m[0;36m[T5:fstrace-@      50172] line 15: opcode=WAITUNTIL -> 23 cycles
[0m[0;36m[T5:fstrace-@      50177] line 16: opcode=READ -> 6984 cycles
[0m[0;36m[T5:fstrace-@      50179] line 17: opcode=WAITUNTIL -> 23 cycles
[0m[0;36m[T5:fstrace-@      50183] line 18: opcode=CLOSE -> 4418 cycles
[0m[0;36m[T5:fstrace-@      50185] line 19: opcode=WAITUNTIL -> 23 cycles
[0m[0;36m[T5:fstrace-@      50195] line 20: opcode=WRITE -> 15666 cycles
[0m[0;36m[T5:fstrace-@      50197] line 21: opcode=WAITUNTIL -> 23 cycles
[0m[0;36m[T5:fstrace-@      50209] line 22: opcode=OPEN -> 20144 cycles
[0m[0;36m[T5:fstrace-@      50212] line 23: opcode=FSTAT -> 1820 cycles
[0m[0;36m[T5:fstrace-@      50214] line 24: opcode=WAITUNTIL -> 23 cycles
[0m[0;36m[T5:fstrace-@      50227] line 25: opcode=GETDENTS -> 20056 cycles
[0m[0;36m[T5:fstrace-@      50229] line 26: opcode=WAITUNTIL -> 23 cycles
[0m[0;36m[T5:fstrace-@      50234] line 27: opcode=FSTATAT -> 5960 cycles
[0m[0;36m[T5:fstrace-@      50236] line 28: opcode=WAITUNTIL -> 23 cycles
[0m[0;36m[T5:fstrace-@      50246] line 29: opcode=OPEN -> 16661 cycles
[0m[0;36m[T5:fstrace-@      50248] line 30: opcode=WAITUNTIL -> 23 cycles
[0m[0;36m[T5:fstrace-@      50250] line 31: opcode=WRITE -> 620 cycles
[0m[0;36m[T5:fstrace-@      50252] line 32: opcode=WAITUNTIL -> 33 cycles
[0m[0;36m[T5:fstrace-@      51131] line 33: opcode=SENDFILE -> 1752993 cycles
[0m[0;36m[T5:fstrace-@      51133] line 34: opcode=WAITUNTIL -> 23 cycles
[0m[0;36m[T5:fstrace-@      51138] line 35: opcode=CLOSE -> 6666 cycles
[0m[0;36m[T5:fstrace-@      51140] line 36: opcode=WAITUNTIL -> 23 cycles
[0m[0;36m[T5:fstrace-@      51145] line 37: opcode=FSTATAT -> 5575 cycles
[0m[0;36m[T5:fstrace-@      51147] line 38: opcode=WAITUNTIL -> 23 cycles
[0m[0;36m[T5:fstrace-@      51153] line 39: opcode=OPEN -> 8599 cycles
[0m[0;36m[T5:fstrace-@      51155] line 40: opcode=WAITUNTIL -> 23 cycles
[0m[0;36m[T5:fstrace-@      51158] line 41: opcode=WRITE -> 543 cycles
[0m[0;36m[T5:fstrace-@      51160] line 42: opcode=WAITUNTIL -> 23 cycles
[0m[0;36m[T5:fstrace-@      51191] line 43: opcode=SENDFILE -> 58815 cycles
[0m[0;36m[T5:fstrace-@      51193] line 44: opcode=WAITUNTIL -> 23 cycles
[0m[0;36m[T5:fstrace-@      51198] line 45: opcode=CLOSE -> 5605 cycles
[0m[0;36m[T5:fstrace-@      51200] line 46: opcode=WAITUNTIL -> 23 cycles
[0m[0;36m[T5:fstrace-@      51204] line 47: opcode=FSTATAT -> 4837 cycles
[0m[0;36m[T5:fstrace-@      51206] line 48: opcode=WAITUNTIL -> 23 cycles
[0m[0;36m[T5:fstrace-@      51212] line 49: opcode=OPEN -> 7751 cycles
[0m[0;36m[T5:fstrace-@      51214] line 50: opcode=WAITUNTIL -> 23 cycles
[0m[0;36m[T5:fstrace-@      51216] line 51: opcode=WRITE -> 559 cycles
[0m[0;36m[T5:fstrace-@      51218] line 52: opcode=WAITUNTIL -> 23 cycles
[0m[0;36m[T5:fstrace-@      51333] line 53: opcode=SENDFILE -> 226376 cycles
[0m[0;36m[T5:fstrace-@      51335] line 54: opcode=WAITUNTIL -> 23 cycles
[0m[0;36m[T5:fstrace-@      51340] line 55: opcode=CLOSE -> 5327 cycles
[0m[0;36m[T5:fstrace-@      51342] line 56: opcode=WAITUNTIL -> 23 cycles
[0m[0;36m[T5:fstrace-@      51347] line 57: opcode=FSTATAT -> 5156 cycles
[0m[0;36m[T5:fstrace-@      51349] line 58: opcode=WAITUNTIL -> 23 cycles
[0m[0;36m[T5:fstrace-@      51355] line 59: opcode=OPEN -> 8142 cycles
[0m[0;36m[T5:fstrace-@      51357] line 60: opcode=WAITUNTIL -> 23 cycles
[0m[0;36m[T5:fstrace-@      51359] line 61: opcode=WRITE -> 529 cycles
[0m[0;36m[T5:fstrace-@      51586] line 62: opcode=SENDFILE -> 449910 cycles
[0m[0;36m[T5:fstrace-@      51588] line 63: opcode=WAITUNTIL -> 23 cycles
[0m[0;36m[T5:fstrace-@      51592] line 64: opcode=CLOSE -> 5080 cycles
[0m[0;36m[T5:fstrace-@      51594] line 65: opcode=WAITUNTIL -> 23 cycles
[0m[0;36m[T5:fstrace-@      51599] line 66: opcode=FSTATAT -> 5049 cycles
[0m[0;36m[T5:fstrace-@      51601] line 67: opcode=WAITUNTIL -> 23 cycles
[0m[0;36m[T5:fstrace-@      51607] line 68: opcode=OPEN -> 7633 cycles
[0m[0;36m[T5:fstrace-@      51609] line 69: opcode=WAITUNTIL -> 23 cycles
[0m[0;36m[T5:fstrace-@      51611] line 70: opcode=WRITE -> 523 cycles
[0m[0;36m[T5:fstrace-@      53381] line 71: opcode=SENDFILE -> 3536761 cycles
[0m[0;36m[T5:fstrace-@      53383] line 72: opcode=WAITUNTIL -> 40 cycles
[0m[0;36m[T5:fstrace-@      53388] line 73: opcode=CLOSE -> 5260 cycles
[0m[0;36m[T5:fstrace-@      53390] line 74: opcode=WAITUNTIL -> 23 cycles
[0m[0;36m[T5:fstrace-@      53394] line 75: opcode=FSTATAT -> 4759 cycles
[0m[0;36m[T5:fstrace-@      53396] line 76: opcode=WAITUNTIL -> 23 cycles
[0m[0;36m[T5:fstrace-@      53402] line 77: opcode=OPEN -> 7748 cycles
[0m[0;36m[T5:fstrace-@      53404] line 78: opcode=WAITUNTIL -> 23 cycles
[0m[0;36m[T5:fstrace-@      53406] line 79: opcode=WRITE -> 547 cycles
[0m[0;36m[T5:fstrace-@      53408] line 80: opcode=WAITUNTIL -> 23 cycles
[0m[0;36m[T5:fstrace-@      53473] line 81: opcode=SENDFILE -> 124509 cycles
[0m[0;36m[T5:fstrace-@      53475] line 82: opcode=WAITUNTIL -> 23 cycles
[0m[0;36m[T5:fstrace-@      53479] line 83: opcode=CLOSE -> 5144 cycles
[0m[0;36m[T5:fstrace-@      53481] line 84: opcode=WAITUNTIL -> 23 cycles
[0m[0;36m[T5:fstrace-@      53486] line 85: opcode=FSTATAT -> 4852 cycles
[0m[0;36m[T5:fstrace-@      53488] line 86: opcode=WAITUNTIL -> 23 cycles
[0m[0;36m[T5:fstrace-@      53493] line 87: opcode=OPEN -> 7620 cycles
[0m[0;36m[T5:fstrace-@      53495] line 88: opcode=WAITUNTIL -> 23 cycles
[0m[0;36m[T5:fstrace-@      53498] line 89: opcode=WRITE -> 555 cycles
[0m[0;36m[T5:fstrace-@      53500] line 90: opcode=WAITUNTIL -> 23 cycles
[0m[0;36m[T5:fstrace-@      53976] line 91: opcode=SENDFILE -> 949165 cycles
[0m[0;36m[T5:fstrace-@      53978] line 92: opcode=WAITUNTIL -> 23 cycles
[0m[0;36m[T5:fstrace-@      53983] line 93: opcode=CLOSE -> 5222 cycles
[0m[0;36m[T5:fstrace-@      53985] line 94: opcode=WAITUNTIL -> 23 cycles
[0m[0;36m[T5:fstrace-@      53988] line 95: opcode=GETDENTS -> 1821 cycles
[0m[0;36m[T5:fstrace-@      53990] line 96: opcode=WAITUNTIL -> 23 cycles
[0m[0;36m[T5:fstrace-@      53994] line 97: opcode=CLOSE -> 5069 cycles
[0m[0;36m[T5:fstrace-@      53996] line 98: opcode=WAITUNTIL -> 23 cycles
[0m[0;36m[T5:fstrace-@      53998] line 99: opcode=WRITE -> 623 cycles
[0m[0;36m[T5:fstrace-@      54006] line 100: opcode=CLOSE -> 9989 cycles
[0m[0;36m[T5:fstrace-@      54007] total waittime: 424026 cycles
[0mTotal time: 7903742 cycles
VPFS trace_bench benchmark terminated
[0;32m[T1:root    @      54318] Sending SHUTDOWN to service 1:m3fs
[0m[0;32m[T1:root    @      54333] m3fs: unreg_serv(sel=46)
[0m[0;32m[T1:root    @      54336] Removing service 1:m3fs
[0m[0;32m[T1:root    @      54397] All childs gone. Exiting.
[0m[0;31m[T0:kernel  @      54431] Shutting down
[0mExiting @ tick 54434745500 because m5_exit instruction encountered
