Building for gem5-riscv-release...
ninja: no work to do.
run/boot-all.xml validates
warn: <orphan SpuSystem>.etherlink already has parent (Previously declared as <orphan SpuSystem>.etherlink).
	Note: etherlink is not a parameter of SpuSystem
gem5 Simulator System.  http://gem5.org
gem5 is copyrighted software; use the --copyright option for details.

gem5 version 21.0.0.0
gem5 compiled Apr 27 2023 13:09:03
gem5 started Apr 27 2023 15:16:05
gem5 executing on graham, pid 3352106
command line: platform/gem5/build/RISCV/gem5.opt --outdir=run --debug-file=gem5.log --debug-flags=Tcu config/default.py --cpu-type DerivO3CPU --isa riscv --cmd 'build/gem5-riscv-release/bin/kernel -f build/gem5-riscv-release/bench.img,build/gem5-riscv-release/bin/tilemux,build/gem5-riscv-release/bin/tilemux,build/gem5-riscv-release/bin/tilemux,build/gem5-riscv-release/bin/tilemux,build/gem5-riscv-release/bin/tilemux,build/gem5-riscv-release/bin/tilemux,build/gem5-riscv-release/bin/tilemux,build/gem5-riscv-release/bin/tilemux,build/gem5-riscv-release/bin/tilemux,build/gem5-riscv-release/bin/tilemux,build/gem5-riscv-release/bin/tilemux,build/gem5-riscv-release/bin/tilemux,build/gem5-riscv-release/bin/tilemux,build/gem5-riscv-release/bin/tilemux,build/gem5-riscv-release/bin/tilemux,' --mods run/boot.xml,build/gem5-riscv-release/bin/root,build/gem5-riscv-release/bin/m3fs,build/gem5-riscv-release/bin/pager --cpu-clock=2GHz --sys-clock=2GHz --encr-latency=0 --par-pipe=1 --int-transfer-latency=500 --rng-latency=0 --sign-latency=0 --sign-ver-latency=0

T00: build/gem5-riscv-release/bin/kernel -f build/gem5-riscv-release/bench.img
     Core =DerivO3CPU riscv @ 2GHz
     TCU  =eps:192, bufsz:2048 B, blocksz:64 B, count:4, tlb:128
     L1i$ =32 KiB (2-way assoc, 4 cycles)
     L1d$ =32 KiB (2-way assoc, 4 cycles)
     L2$  =256 KiB (8-way assoc, 12 cycles)
     Comp =Core -> TCU -> L1$ -> L2$

T01: build/gem5-riscv-release/bin/tilemux
     Core =DerivO3CPU riscv @ 2GHz
     TCU  =eps:192, bufsz:2048 B, blocksz:64 B, count:4, tlb:128
     L1i$ =32 KiB (2-way assoc, 4 cycles)
     L1d$ =32 KiB (2-way assoc, 4 cycles)
     L2$  =256 KiB (8-way assoc, 12 cycles)
     Comp =Core -> TCU -> L1$ -> L2$

T02: build/gem5-riscv-release/bin/tilemux
     Core =DerivO3CPU riscv @ 2GHz
     TCU  =eps:192, bufsz:2048 B, blocksz:64 B, count:4, tlb:128
     L1i$ =32 KiB (2-way assoc, 4 cycles)
     L1d$ =32 KiB (2-way assoc, 4 cycles)
     L2$  =256 KiB (8-way assoc, 12 cycles)
     Comp =Core -> TCU -> L1$ -> L2$

T03: build/gem5-riscv-release/bin/tilemux
     Core =DerivO3CPU riscv @ 2GHz
     TCU  =eps:192, bufsz:2048 B, blocksz:64 B, count:4, tlb:128
     L1i$ =32 KiB (2-way assoc, 4 cycles)
     L1d$ =32 KiB (2-way assoc, 4 cycles)
     L2$  =256 KiB (8-way assoc, 12 cycles)
     Comp =Core -> TCU -> L1$ -> L2$

T04: build/gem5-riscv-release/bin/tilemux
     Core =DerivO3CPU riscv @ 2GHz
     TCU  =eps:192, bufsz:2048 B, blocksz:64 B, count:4, tlb:128
     L1i$ =32 KiB (2-way assoc, 4 cycles)
     L1d$ =32 KiB (2-way assoc, 4 cycles)
     L2$  =256 KiB (8-way assoc, 12 cycles)
     Comp =Core -> TCU -> L1$ -> L2$

T05: build/gem5-riscv-release/bin/tilemux
     Core =DerivO3CPU riscv @ 2GHz
     TCU  =eps:192, bufsz:2048 B, blocksz:64 B, count:4, tlb:128
     L1i$ =32 KiB (2-way assoc, 4 cycles)
     L1d$ =32 KiB (2-way assoc, 4 cycles)
     L2$  =256 KiB (8-way assoc, 12 cycles)
     Comp =Core -> TCU -> L1$ -> L2$

T06: build/gem5-riscv-release/bin/tilemux
     Core =DerivO3CPU riscv @ 2GHz
     TCU  =eps:192, bufsz:2048 B, blocksz:64 B, count:4, tlb:128
     L1i$ =32 KiB (2-way assoc, 4 cycles)
     L1d$ =32 KiB (2-way assoc, 4 cycles)
     L2$  =256 KiB (8-way assoc, 12 cycles)
     Comp =Core -> TCU -> L1$ -> L2$

T07: build/gem5-riscv-release/bin/tilemux
     Core =DerivO3CPU riscv @ 2GHz
     TCU  =eps:192, bufsz:2048 B, blocksz:64 B, count:4, tlb:128
     L1i$ =32 KiB (2-way assoc, 4 cycles)
     L1d$ =32 KiB (2-way assoc, 4 cycles)
     L2$  =256 KiB (8-way assoc, 12 cycles)
     Comp =Core -> TCU -> L1$ -> L2$

T08: build/gem5-riscv-release/bin/tilemux
     Core =DerivO3CPU riscv @ 2GHz
     TCU  =eps:192, bufsz:2048 B, blocksz:64 B, count:4, tlb:128
     L1i$ =32 KiB (2-way assoc, 4 cycles)
     L1d$ =32 KiB (2-way assoc, 4 cycles)
     L2$  =256 KiB (8-way assoc, 12 cycles)
     Comp =Core -> TCU -> L1$ -> L2$

T09: build/gem5-riscv-release/bin/tilemux
     Core =DerivO3CPU riscv @ 2GHz
     TCU  =eps:192, bufsz:2048 B, blocksz:64 B, count:4, tlb:128
     L1i$ =32 KiB (2-way assoc, 4 cycles)
     L1d$ =32 KiB (2-way assoc, 4 cycles)
     L2$  =256 KiB (8-way assoc, 12 cycles)
     Comp =Core -> TCU -> L1$ -> L2$

T10: build/gem5-riscv-release/bin/tilemux
     Core =DerivO3CPU riscv @ 2GHz
     TCU  =eps:192, bufsz:2048 B, blocksz:64 B, count:4, tlb:128
     L1i$ =32 KiB (2-way assoc, 4 cycles)
     L1d$ =32 KiB (2-way assoc, 4 cycles)
     L2$  =256 KiB (8-way assoc, 12 cycles)
     Comp =Core -> TCU -> L1$ -> L2$

T11: build/gem5-riscv-release/bin/tilemux
     Core =DerivO3CPU riscv @ 2GHz
     TCU  =eps:192, bufsz:2048 B, blocksz:64 B, count:4, tlb:128
     L1i$ =32 KiB (2-way assoc, 4 cycles)
     L1d$ =32 KiB (2-way assoc, 4 cycles)
     L2$  =256 KiB (8-way assoc, 12 cycles)
     Comp =Core -> TCU -> L1$ -> L2$

T12: build/gem5-riscv-release/bin/tilemux
     Core =DerivO3CPU riscv @ 2GHz
     TCU  =eps:192, bufsz:2048 B, blocksz:2048 B, count:4, tlb:0
     imem =32768 KiB
     Comp =Core -> TCU -> SPM

T13: build/gem5-riscv-release/bin/tilemux
     Core =DerivO3CPU riscv @ 2GHz
     TCU  =eps:192, bufsz:2048 B, blocksz:2048 B, count:4, tlb:0
     imem =32768 KiB
     Comp =Core -> TCU -> SPM

T14: build/gem5-riscv-release/bin/tilemux
     Core =DerivO3CPU riscv @ 2GHz
     TCU  =eps:192, bufsz:2048 B, blocksz:2048 B, count:4, tlb:0
     imem =32768 KiB
     Comp =Core -> TCU -> SPM

T15: build/gem5-riscv-release/bin/tilemux
     Core =DerivO3CPU riscv @ 2GHz
     TCU  =eps:192, bufsz:2048 B, blocksz:2048 B, count:4, tlb:0
     imem =32768 KiB
     Comp =Core -> TCU -> SPM

T16: IGbE_e1000
     TCU  =eps:192, bufsz:2048 B, blocksz:2048 B, count:4, tlb:0
     Comp =TCU -> Proxy -> NIC

T17: IGbE_e1000
     TCU  =eps:192, bufsz:2048 B, blocksz:2048 B, count:4, tlb:0
     Comp =TCU -> Proxy -> NIC

T18: rot13 accelerator @ 2GHz
     TCU  =eps:192, bufsz:2048 B, blocksz:2048 B, count:4, tlb:0
     imem =2048 KiB
     Comp =Core -> TCU -> SPM

T19: rot13 accelerator @ 2GHz
     TCU  =eps:192, bufsz:2048 B, blocksz:2048 B, count:4, tlb:0
     imem =2048 KiB
     Comp =Core -> TCU -> SPM

T20: build/gem5-riscv-release/bin/tilemux
     Core =DerivO3CPU riscv @ 2GHz
     TCU  =eps:192, bufsz:2048 B, blocksz:2048 B, count:4, tlb:0
     imem =32768 KiB
     Comp =Core -> TCU -> SPM

T21: SerialInput
     TCU  =eps:192, bufsz:2048 B, blocksz:2048 B, count:4, tlb:0
     Comp =TCU -> SerialInput

T22: build/gem5-riscv-release/bench.img x 1
     TCU  =eps:192, bufsz:2048 B, blocksz:2048 B, count:8, tlb:0
     imem =3145728 KiB
     Comp =TCU -> DRAM

Global frequency set at 1000000000000 ticks per second
warn: No dot file generated. Please install pydot to generate the dot file and pdf.
Gem5 Terminal started; Quit via Ctrl+]
warn: DRAM device capacity (49152 Mbytes) does not match the address range assigned (4096 Mbytes)
platform.com_1.device: Listening for connections on port 3456
0: T00.remote_gdb: listening for remote gdb on port 7000
0: T01.remote_gdb: listening for remote gdb on port 7001
0: T02.remote_gdb: listening for remote gdb on port 7002
0: T03.remote_gdb: listening for remote gdb on port 7003
0: T04.remote_gdb: listening for remote gdb on port 7004
0: T05.remote_gdb: listening for remote gdb on port 7005
0: T06.remote_gdb: listening for remote gdb on port 7006
0: T07.remote_gdb: listening for remote gdb on port 7007
0: T08.remote_gdb: listening for remote gdb on port 7008
0: T09.remote_gdb: listening for remote gdb on port 7009
0: T10.remote_gdb: listening for remote gdb on port 7010
0: T11.remote_gdb: listening for remote gdb on port 7011
0: T12.remote_gdb: listening for remote gdb on port 7012
0: T13.remote_gdb: listening for remote gdb on port 7013
0: T14.remote_gdb: listening for remote gdb on port 7014
0: T15.remote_gdb: listening for remote gdb on port 7015
warn: CoherentXBar T16.xbar has no snooping ports attached!
warn: CoherentXBar T17.xbar has no snooping ports attached!
warn: CoherentXBar T18.xbar has no snooping ports attached!
warn: CoherentXBar T19.xbar has no snooping ports attached!
0: T20.remote_gdb: listening for remote gdb on port 7016
warn: CoherentXBar T21.xbar has no snooping ports attached!
warn: CoherentXBar T22.xbar has no snooping ports attached!
info: Loaded 'boot.xml' to 0x9600000030000000 .. 0x9600000030000311
info: Loaded 'root' to 0x9600000030001000 .. 0x96000000300756a0
info: Loaded 'm3fs' to 0x9600000030076000 .. 0x96000000300cc2f8
info: Loaded 'pager' to 0x96000000300cd000 .. 0x960000003014bc00
info: Entering event queue @ 0.  Starting simulation...
warn: T12.spm: address out-of-range: 0
warn: T0,PMP-EP65535: invalid EP
warn: T11,PMP-EP65535: invalid EP
warn: T10,PMP-EP65535: invalid EP
warn: T9,PMP-EP65535: invalid EP
warn: T8,PMP-EP65535: invalid EP
warn: T7,PMP-EP65535: invalid EP
warn: T6,PMP-EP65535: invalid EP
warn: T5,PMP-EP65535: invalid EP
warn: T4,PMP-EP65535: invalid EP
warn: T3,PMP-EP65535: invalid EP
warn: T2,PMP-EP65535: invalid EP
warn: T1,PMP-EP65535: invalid EP
warn: T11,PMP-EP65535: invalid EP
warn: T2,PMP-EP65535: invalid EP
warn: T10,PMP-EP65535: invalid EP
warn: T3,PMP-EP65535: invalid EP
warn: T4,PMP-EP65535: invalid EP
warn: T7,PMP-EP65535: invalid EP
warn: T6,PMP-EP65535: invalid EP
warn: T8,PMP-EP65535: invalid EP
warn: T5,PMP-EP65535: invalid EP
warn: T9,PMP-EP65535: invalid EP
warn: T1,PMP-EP65535: invalid EP
warn: T0,PMP-EP3: invalid EP
warn: T0,PMP-EP65535: invalid EP
[0;31m[T0:kernel  @        135] Entered raw mode; Quit via Ctrl+]
[0mwarn: T2,PMP-EP65535: invalid EP
warn: T2,PMP-EP65535: invalid EP
warn: T2,PMP-EP65535: invalid EP
warn: T3,PMP-EP65535: invalid EP
warn: T3,PMP-EP65535: invalid EP
warn: T3,PMP-EP65535: invalid EP
warn: T11,PMP-EP65535: invalid EP
warn: T11,PMP-EP65535: invalid EP
warn: T11,PMP-EP65535: invalid EP
warn: T2,PMP-EP65535: invalid EP
warn: T4,PMP-EP65535: invalid EP
warn: T4,PMP-EP65535: invalid EP
warn: T4,PMP-EP65535: invalid EP
warn: T6,PMP-EP65535: invalid EP
warn: T6,PMP-EP65535: invalid EP
warn: T6,PMP-EP65535: invalid EP
warn: T5,PMP-EP65535: invalid EP
warn: T5,PMP-EP65535: invalid EP
warn: T5,PMP-EP65535: invalid EP
warn: T10,PMP-EP65535: invalid EP
warn: T10,PMP-EP65535: invalid EP
warn: T10,PMP-EP65535: invalid EP
warn: T3,PMP-EP65535: invalid EP
warn: T11,PMP-EP65535: invalid EP
warn: T8,PMP-EP65535: invalid EP
warn: T8,PMP-EP65535: invalid EP
warn: T8,PMP-EP65535: invalid EP
warn: T4,PMP-EP65535: invalid EP
warn: T7,PMP-EP65535: invalid EP
warn: T7,PMP-EP65535: invalid EP
warn: T7,PMP-EP65535: invalid EP
warn: T9,PMP-EP65535: invalid EP
warn: T9,PMP-EP65535: invalid EP
warn: T9,PMP-EP65535: invalid EP
warn: T6,PMP-EP65535: invalid EP
warn: T1,PMP-EP65535: invalid EP
warn: T1,PMP-EP65535: invalid EP
warn: T1,PMP-EP65535: invalid EP
warn: T5,PMP-EP65535: invalid EP
warn: T10,PMP-EP65535: invalid EP
warn: T8,PMP-EP65535: invalid EP
warn: T7,PMP-EP65535: invalid EP
warn: T9,PMP-EP65535: invalid EP
warn: T1,PMP-EP65535: invalid EP
[0;31m[T0:kernel  @        885] Attesting tile: 1
[0m[0;31m[T0:kernel  @       2253] Attestation complete: 1, 2722406 cycles
[0m[0;31m[T0:kernel  @       2885] Attesting tile: 2
[0m[0;31m[T0:kernel  @       4242] Attestation complete: 2, 2708357 cycles
[0m[0;31m[T0:kernel  @       4873] Attesting tile: 3
[0m[0;31m[T0:kernel  @       6230] Attestation complete: 3, 2707869 cycles
[0m[0;31m[T0:kernel  @       6862] Attesting tile: 4
[0m[0;31m[T0:kernel  @       8218] Attestation complete: 4, 2707649 cycles
[0m[0;31m[T0:kernel  @       8849] Attesting tile: 5
[0m[0;31m[T0:kernel  @      10205] Attestation complete: 5, 2707528 cycles
[0m[0;31m[T0:kernel  @      10836] Attesting tile: 6
[0m[0;31m[T0:kernel  @      12192] Attestation complete: 6, 2707585 cycles
[0m[0;31m[T0:kernel  @      12825] Attesting tile: 7
[0m[0;31m[T0:kernel  @      14180] Attestation complete: 7, 2707548 cycles
[0m[0;31m[T0:kernel  @      14812] Attesting tile: 8
[0m[0;31m[T0:kernel  @      16168] Attestation complete: 8, 2707865 cycles
[0m[0;31m[T0:kernel  @      16799] Attesting tile: 9
[0m[0;31m[T0:kernel  @      18155] Attestation complete: 9, 2707531 cycles
[0m[0;31m[T0:kernel  @      18787] Attesting tile: 10
[0m[0;31m[T0:kernel  @      20142] Attestation complete: 10, 2707487 cycles
[0m[0;31m[T0:kernel  @      20774] Attesting tile: 11
[0m[0;31m[T0:kernel  @      22130] Attestation complete: 11, 2707431 cycles
[0m[0;31m[T0:kernel  @      22761] Attesting tile: 12
[0m[0;31m[T0:kernel  @      24117] Attestation complete: 12, 2707474 cycles
[0m[0;31m[T0:kernel  @      24749] Attesting tile: 13
[0m[0;31m[T0:kernel  @      26105] Attestation complete: 13, 2707466 cycles
[0m[0;31m[T0:kernel  @      26736] Attesting tile: 14
[0m[0;31m[T0:kernel  @      28092] Attestation complete: 14, 2707466 cycles
[0m[0;31m[T0:kernel  @      28723] Attesting tile: 15
[0m[0;31m[T0:kernel  @      30079] Attestation complete: 15, 2707473 cycles
[0m[0;31m[T0:kernel  @      30710] Attesting tile: 16
[0m[0;31m[T0:kernel  @      32066] Attestation complete: 16, 2707408 cycles
[0m[0;31m[T0:kernel  @      32698] Attesting tile: 17
[0m[0;31m[T0:kernel  @      34053] Attestation complete: 17, 2706215 cycles
[0m[0;31m[T0:kernel  @      34684] Attesting tile: 18
[0m[0;31m[T0:kernel  @      36040] Attestation complete: 18, 2706151 cycles
[0m[0;31m[T0:kernel  @      36670] Attesting tile: 19
[0m[0;31m[T0:kernel  @      38025] Attestation complete: 19, 2706140 cycles
[0m[0;31m[T0:kernel  @      38657] Attesting tile: 20
[0m[0;31m[T0:kernel  @      40012] Attestation complete: 20, 2706214 cycles
[0m[0;31m[T0:kernel  @      40644] Attesting tile: 21
[0m[0;31m[T0:kernel  @      41999] Attestation complete: 21, 2706212 cycles
[0m[0;31m[T0:kernel  @      42004] Attesting tile: 22
[0m[0;31m[T0:kernel  @      43363] Attestation complete: 22, 2713762 cycles
[0m[0;31m[T0:kernel  @      43366] Attesting tile: 22
[0m[0;31m[T0:kernel  @      44724] Attestation complete: 22, 2712766 cycles
[0m[0;31m[T0:kernel  @      44727] Attesting tile: 22
[0m[0;31m[T0:kernel  @      46085] Attestation complete: 22, 2712908 cycles
[0m[0;31m[T0:kernel  @      46088] Attesting tile: 22
[0m[0;31m[T0:kernel  @      47448] Attestation complete: 22, 2716058 cycles
[0m[0;31m[T0:kernel  @      47603] Kernel is ready!
[0m[0;32m[T1:root    @      48127] Boot modules:
[0m[0;32m[T1:root    @      48141]   Mod[addr: G[Tile22+0x30000000], size: 0x311, name: boot.xml]
[0m[0;32m[T1:root    @      48145]   Mod[addr: G[Tile22+0x30001000], size: 0x746a0, name: root]
[0m[0;32m[T1:root    @      48149]   Mod[addr: G[Tile22+0x30076000], size: 0x562f8, name: m3fs]
[0m[0;32m[T1:root    @      48152]   Mod[addr: G[Tile22+0x300cd000], size: 0x7ec00, name: pager]
[0m[0;32m[T1:root    @      48154] Available tiles:
[0m[0;32m[T1:root    @      48165]   Tile01: COMP_EMEM RISCV (empty) 0 KiB memory
[0m[0;32m[T1:root    @      48170]   Tile02: COMP_EMEM RISCV (empty) 0 KiB memory
[0m[0;32m[T1:root    @      48173]   Tile03: COMP_EMEM RISCV (empty) 0 KiB memory
[0m[0;32m[T1:root    @      48176]   Tile04: COMP_EMEM RISCV (empty) 0 KiB memory
[0m[0;32m[T1:root    @      48179]   Tile05: COMP_EMEM RISCV (empty) 0 KiB memory
[0m[0;32m[T1:root    @      48183]   Tile06: COMP_EMEM RISCV (empty) 0 KiB memory
[0m[0;32m[T1:root    @      48186]   Tile07: COMP_EMEM RISCV (empty) 0 KiB memory
[0m[0;32m[T1:root    @      48189]   Tile08: COMP_EMEM RISCV (empty) 0 KiB memory
[0m[0;32m[T1:root    @      48192]   Tile09: COMP_EMEM RISCV (empty) 0 KiB memory
[0m[0;32m[T1:root    @      48196]   Tile10: COMP_EMEM RISCV (empty) 0 KiB memory
[0m[0;32m[T1:root    @      48199]   Tile11: COMP_EMEM RISCV (empty) 0 KiB memory
[0m[0;32m[T1:root    @      48202]   Tile12: COMP_IMEM RISCV (empty) 32768 KiB memory
[0m[0;32m[T1:root    @      48205]   Tile13: COMP_IMEM RISCV (empty) 32768 KiB memory
[0m[0;32m[T1:root    @      48208]   Tile14: COMP_IMEM RISCV (empty) 32768 KiB memory
[0m[0;32m[T1:root    @      48211]   Tile15: COMP_IMEM RISCV (empty) 32768 KiB memory
[0m[0;32m[T1:root    @      48215]   Tile16: COMP_IMEM NIC_DEV (empty) 0 KiB memory
[0m[0;32m[T1:root    @      48218]   Tile17: COMP_IMEM NIC_DEV (empty) 0 KiB memory
[0m[0;32m[T1:root    @      48222]   Tile18: COMP_IMEM ACCEL_ROT13 (empty) 2048 KiB memory
[0m[0;32m[T1:root    @      48225]   Tile19: COMP_IMEM ACCEL_ROT13 (empty) 2048 KiB memory
[0m[0;32m[T1:root    @      48228]   Tile20: COMP_IMEM RISCV KECACC 32768 KiB memory
[0m[0;32m[T1:root    @      48231]   Tile21: COMP_IMEM SERIAL_DEV (empty) 0 KiB memory
[0m[0;32m[T1:root    @      48238] Available memory:
[0m[0;32m[T1:root    @      48247]   MemMod[sel: 30, res: true, addr: G[Tile22+0x0], size: 1200 MiB]
[0m[0;32m[T1:root    @      48251]   MemMod[sel: 31, res: false, addr: G[Tile22+0x4f600000], size: 959 MiB]
[0m[0;32m[T1:root    @      48255] Parsed Config [
[0m[0;32m[T1:root    @      48259]   root [
[0m[0;32m[T1:root    @      48269]     Domain on core [
[0m[0;32m[T1:root    @      48271]       m3fs mem 268435456 [
[0m[0;32m[T1:root    @      48274]         Daemon,
[0m[0;32m[T1:root    @      48281]         PhysMem[addr=0x0, size=0x40000 KiB, perm=R | W | X | RW | RWX],
[0m[0;32m[T1:root    @      48286]         Service[lname='m3fs', gname='m3fs'],
[0m[0;32m[T1:root    @      48288]       ]
[0m[0;32m[T1:root    @      48290]     ]
[0m[0;32m[T1:root    @      48292]     Domain on core [
[0m[0;32m[T1:root    @      48295]       pager 268435456 [
[0m[0;32m[T1:root    @      48298]         PhysMem[addr=0x0, size=0x40000 KiB, perm=R],
[0m[0;32m[T1:root    @      48302]         Session[lname='m3fs', gname='m3fs', arg='', dep=true],
[0m[0;32m[T1:root    @      48307]         Tile[type=core, count=1, optional=false],
[0m[0;32m[T1:root    @      48309]         Domain on core [
[0m[0;32m[T1:root    @      48314]           /bin/fstrace-m3fs -d -n 1 -u 0 -v tar [
[0m[0;32m[T1:root    @      48317]             Mount[fs='m3fs', path='/'],
[0m[0;32m[T1:root    @      48320]             Tile[type=core, count=1, optional=false],
[0m[0;32m[T1:root    @      48322]           ]
[0m[0;32m[T1:root    @      48324]         ]
[0m[0;32m[T1:root    @      48326]       ]
[0m[0;32m[T1:root    @      48328]     ]
[0m[0;32m[T1:root    @      48329]   ]
[0m[0;32m[T1:root    @      48330] ]
[0m[0;32m[T1:root    @      48332] 
[0m[0;32m[T1:root    @      49335] Starting boot module 'm3fs' on tile2 with arguments ["mem", "268435456"]
[0m[0;32m[T1:root    @      50286] m3fs: reg_serv(srv_sel=46, sgate_sel=50, name=m3fs, sessions=32)
[0m[0;32m[T1:root    @      50296] Creating service 1:m3fs
[0m[0;32m[T1:root    @      50407] Starting boot module 'pager' on tile3 with arguments ["268435456"]
[0m[0;34m[T3:pager   @      50849] Boot modules:
[0m[0;34m[T3:pager   @      50865]   Mod[addr: G[Tile22+0x77601000], size: 0x1f3, name: boot.xml]
[0m[0;34m[T3:pager   @      50867] Available tiles:
[0m[0;34m[T3:pager   @      50878]   Tile03: COMP_EMEM RISCV (empty) 0 KiB memory
[0m[0;34m[T3:pager   @      50884]   Tile04: COMP_EMEM RISCV (empty) 0 KiB memory
[0m[0;34m[T3:pager   @      50888] Available memory:
[0m[0;34m[T3:pager   @      50897]   MemMod[sel: 8, res: false, addr: G[Tile22+0x63800000], size: 159 MiB]
[0m[0;32m[T1:root    @      50918] pager: open_sess(dst_sel=59, name=m3fs)
[0m[0;34m[T3:pager   @      51959] Starting boot module '/bin/fstrace-m3fs' on tile5 with arguments ["-d", "-n", "1", "-u", "0", "-v", "tar"]
[0mVPFS trace_bench started [trace=tar,n=1,wait=no,data=yes,stdio=no,prefix=,loadgen=,ops=52]
[0;36m[T5:fstrace-@      52818] line 1: opcode=WAITUNTIL -> 705 cycles
[0m[0;36m[T5:fstrace-@      52906] line 2: opcode=OPEN -> 159304 cycles
[0m[0;36m[T5:fstrace-@      52908] line 3: opcode=WAITUNTIL -> 40 cycles
[0m[0;36m[T5:fstrace-@      52921] line 4: opcode=FSTAT -> 18601 cycles
[0m[0;36m[T5:fstrace-@      52923] line 5: opcode=WAITUNTIL -> 23 cycles
[0m[0;36m[T5:fstrace-@      52943] line 6: opcode=FSTATAT -> 36375 cycles
[0m[0;36m[T5:fstrace-@      52945] line 7: opcode=WAITUNTIL -> 23 cycles
[0m[0;36m[T5:fstrace-@      52967] line 8: opcode=OPEN -> 39799 cycles
[0m[0;36m[T5:fstrace-@      52969] line 9: opcode=WAITUNTIL -> 23 cycles
[0m[0;36m[T5:fstrace-@      52987] line 10: opcode=READ -> 30716 cycles
[0m[0;36m[T5:fstrace-@      52989] line 11: opcode=WAITUNTIL -> 23 cycles
[0m[0;36m[T5:fstrace-@      53008] line 12: opcode=CLOSE -> 34601 cycles
[0m[0;36m[T5:fstrace-@      53010] line 13: opcode=WAITUNTIL -> 23 cycles
[0m[0;36m[T5:fstrace-@      53019] line 14: opcode=OPEN -> 13819 cycles
[0m[0;36m[T5:fstrace-@      53021] line 15: opcode=WAITUNTIL -> 23 cycles
[0m[0;36m[T5:fstrace-@      53031] line 16: opcode=READ -> 16483 cycles
[0m[0;36m[T5:fstrace-@      53033] line 17: opcode=WAITUNTIL -> 23 cycles
[0m[0;36m[T5:fstrace-@      53038] line 18: opcode=CLOSE -> 5815 cycles
[0m[0;36m[T5:fstrace-@      53040] line 19: opcode=WAITUNTIL -> 23 cycles
[0m[0;36m[T5:fstrace-@      53062] line 20: opcode=WRITE -> 40685 cycles
[0m[0;36m[T5:fstrace-@      53064] line 21: opcode=WAITUNTIL -> 23 cycles
[0m[0;36m[T5:fstrace-@      53084] line 22: opcode=OPEN -> 35039 cycles
[0m[0;36m[T5:fstrace-@      53088] line 23: opcode=FSTAT -> 3820 cycles
[0m[0;36m[T5:fstrace-@      53090] line 24: opcode=WAITUNTIL -> 23 cycles
[0m[0;36m[T5:fstrace-@      53115] line 25: opcode=GETDENTS -> 44754 cycles
[0m[0;36m[T5:fstrace-@      53117] line 26: opcode=WAITUNTIL -> 23 cycles
[0m[0;36m[T5:fstrace-@      53123] line 27: opcode=FSTATAT -> 7475 cycles
[0m[0;36m[T5:fstrace-@      53125] line 28: opcode=WAITUNTIL -> 23 cycles
[0m[0;36m[T5:fstrace-@      53138] line 29: opcode=OPEN -> 21546 cycles
[0m[0;36m[T5:fstrace-@      53140] line 30: opcode=WAITUNTIL -> 23 cycles
[0m[0;36m[T5:fstrace-@      53142] line 31: opcode=WRITE -> 1609 cycles
[0m[0;36m[T5:fstrace-@      53144] line 32: opcode=WAITUNTIL -> 33 cycles
[0m[0;36m[T5:fstrace-@      56015] line 33: opcode=SENDFILE -> 5735869 cycles
[0m[0;36m[T5:fstrace-@      56017] line 34: opcode=WAITUNTIL -> 23 cycles
[0m[0;36m[T5:fstrace-@      56024] line 35: opcode=CLOSE -> 11171 cycles
[0m[0;36m[T5:fstrace-@      56026] line 36: opcode=WAITUNTIL -> 23 cycles
[0m[0;36m[T5:fstrace-@      56032] line 37: opcode=FSTATAT -> 7146 cycles
[0m[0;36m[T5:fstrace-@      56034] line 38: opcode=WAITUNTIL -> 23 cycles
[0m[0;36m[T5:fstrace-@      56041] line 39: opcode=OPEN -> 10070 cycles
[0m[0;36m[T5:fstrace-@      56043] line 40: opcode=WAITUNTIL -> 23 cycles
[0m[0;36m[T5:fstrace-@      56046] line 41: opcode=WRITE -> 1532 cycles
[0m[0;36m[T5:fstrace-@      56047] line 42: opcode=WAITUNTIL -> 23 cycles
[0m[0;36m[T5:fstrace-@      56143] line 43: opcode=SENDFILE -> 186740 cycles
[0m[0;36m[T5:fstrace-@      56145] line 44: opcode=WAITUNTIL -> 23 cycles
[0m[0;36m[T5:fstrace-@      56152] line 45: opcode=CLOSE -> 10184 cycles
[0m[0;36m[T5:fstrace-@      56154] line 46: opcode=WAITUNTIL -> 23 cycles
[0m[0;36m[T5:fstrace-@      56159] line 47: opcode=FSTATAT -> 6372 cycles
[0m[0;36m[T5:fstrace-@      56161] line 48: opcode=WAITUNTIL -> 23 cycles
[0m[0;36m[T5:fstrace-@      56168] line 49: opcode=OPEN -> 9212 cycles
[0m[0;36m[T5:fstrace-@      56170] line 50: opcode=WAITUNTIL -> 23 cycles
[0m[0;36m[T5:fstrace-@      56173] line 51: opcode=WRITE -> 1540 cycles
[0m[0;36m[T5:fstrace-@      56175] line 52: opcode=WAITUNTIL -> 23 cycles
[0m[0;36m[T5:fstrace-@      56539] line 53: opcode=SENDFILE -> 723542 cycles
[0m[0;36m[T5:fstrace-@      56541] line 54: opcode=WAITUNTIL -> 23 cycles
[0m[0;36m[T5:fstrace-@      56547] line 55: opcode=CLOSE -> 9341 cycles
[0m[0;36m[T5:fstrace-@      56549] line 56: opcode=WAITUNTIL -> 23 cycles
[0m[0;36m[T5:fstrace-@      56554] line 57: opcode=FSTATAT -> 6157 cycles
[0m[0;36m[T5:fstrace-@      56556] line 58: opcode=WAITUNTIL -> 23 cycles
[0m[0;36m[T5:fstrace-@      56563] line 59: opcode=OPEN -> 9617 cycles
[0m[0;36m[T5:fstrace-@      56565] line 60: opcode=WAITUNTIL -> 23 cycles
[0m[0;36m[T5:fstrace-@      56568] line 61: opcode=WRITE -> 1526 cycles
[0m[0;36m[T5:fstrace-@      57287] line 62: opcode=SENDFILE -> 1434006 cycles
[0m[0;36m[T5:fstrace-@      57289] line 63: opcode=WAITUNTIL -> 23 cycles
[0m[0;36m[T5:fstrace-@      57295] line 64: opcode=CLOSE -> 9136 cycles
[0m[0;36m[T5:fstrace-@      57297] line 65: opcode=WAITUNTIL -> 23 cycles
[0m[0;36m[T5:fstrace-@      57303] line 66: opcode=FSTATAT -> 6595 cycles
[0m[0;36m[T5:fstrace-@      57305] line 67: opcode=WAITUNTIL -> 23 cycles
[0m[0;36m[T5:fstrace-@      57311] line 68: opcode=OPEN -> 9203 cycles
[0m[0;36m[T5:fstrace-@      57313] line 69: opcode=WAITUNTIL -> 23 cycles
[0m[0;36m[T5:fstrace-@      57316] line 70: opcode=WRITE -> 1526 cycles
[0m[0;36m[T5:fstrace-@      63016] line 71: opcode=SENDFILE -> 11395351 cycles
[0m[0;36m[T5:fstrace-@      63018] line 72: opcode=WAITUNTIL -> 40 cycles
[0m[0;36m[T5:fstrace-@      63025] line 73: opcode=CLOSE -> 9290 cycles
[0m[0;36m[T5:fstrace-@      63026] line 74: opcode=WAITUNTIL -> 23 cycles
[0m[0;36m[T5:fstrace-@      63031] line 75: opcode=FSTATAT -> 5790 cycles
[0m[0;36m[T5:fstrace-@      63033] line 76: opcode=WAITUNTIL -> 23 cycles
[0m[0;36m[T5:fstrace-@      63040] line 77: opcode=OPEN -> 9489 cycles
[0m[0;36m[T5:fstrace-@      63042] line 78: opcode=WAITUNTIL -> 23 cycles
[0m[0;36m[T5:fstrace-@      63045] line 79: opcode=WRITE -> 1547 cycles
[0m[0;36m[T5:fstrace-@      63047] line 80: opcode=WAITUNTIL -> 23 cycles
[0m[0;36m[T5:fstrace-@      63236] line 81: opcode=SENDFILE -> 374295 cycles
[0m[0;36m[T5:fstrace-@      63238] line 82: opcode=WAITUNTIL -> 23 cycles
[0m[0;36m[T5:fstrace-@      63245] line 83: opcode=CLOSE -> 9132 cycles
[0m[0;36m[T5:fstrace-@      63247] line 84: opcode=WAITUNTIL -> 23 cycles
[0m[0;36m[T5:fstrace-@      63251] line 85: opcode=FSTATAT -> 5828 cycles
[0m[0;36m[T5:fstrace-@      63253] line 86: opcode=WAITUNTIL -> 23 cycles
[0m[0;36m[T5:fstrace-@      63260] line 87: opcode=OPEN -> 9105 cycles
[0m[0;36m[T5:fstrace-@      63262] line 88: opcode=WAITUNTIL -> 23 cycles
[0m[0;36m[T5:fstrace-@      63265] line 89: opcode=WRITE -> 1547 cycles
[0m[0;36m[T5:fstrace-@      63267] line 90: opcode=WAITUNTIL -> 23 cycles
[0m[0;36m[T5:fstrace-@      64695] line 91: opcode=SENDFILE -> 2851516 cycles
[0m[0;36m[T5:fstrace-@      64697] line 92: opcode=WAITUNTIL -> 23 cycles
[0m[0;36m[T5:fstrace-@      64703] line 93: opcode=CLOSE -> 9199 cycles
[0m[0;36m[T5:fstrace-@      64705] line 94: opcode=WAITUNTIL -> 23 cycles
[0m[0;36m[T5:fstrace-@      64709] line 95: opcode=GETDENTS -> 2780 cycles
[0m[0;36m[T5:fstrace-@      64710] line 96: opcode=WAITUNTIL -> 23 cycles
[0m[0;36m[T5:fstrace-@      64716] line 97: opcode=CLOSE -> 7542 cycles
[0m[0;36m[T5:fstrace-@      64718] line 98: opcode=WAITUNTIL -> 23 cycles
[0m[0;36m[T5:fstrace-@      64721] line 99: opcode=WRITE -> 1612 cycles
[0m[0;36m[T5:fstrace-@      64736] line 100: opcode=CLOSE -> 25209 cycles
[0m[0;36m[T5:fstrace-@      64738] total waittime: 448090 cycles
[0mTotal time: 23871101 cycles
VPFS trace_bench benchmark terminated
[0;32m[T1:root    @      65341] Sending SHUTDOWN to service 1:m3fs
[0m[0;32m[T1:root    @      65376] m3fs: unreg_serv(sel=46)
[0m[0;32m[T1:root    @      65380] Removing service 1:m3fs
[0m[0;32m[T1:root    @      65530] All childs gone. Exiting.
[0m[0;31m[T0:kernel  @      65597] Shutting down
[0mExiting @ tick 65606260000 because m5_exit instruction encountered
