Building for gem5-riscv-release...
ninja: no work to do.
run/boot-all.xml validates
warn: <orphan SpuSystem>.etherlink already has parent (Previously declared as <orphan SpuSystem>.etherlink).
	Note: etherlink is not a parameter of SpuSystem
gem5 Simulator System.  http://gem5.org
gem5 is copyrighted software; use the --copyright option for details.

gem5 version 21.0.0.0
gem5 compiled Nov 18 2022 15:35:07
gem5 started Nov 18 2022 20:06:47
gem5 executing on graham, pid 1411203
command line: platform/gem5/build/RISCV/gem5.opt --outdir=run --debug-file=gem5.log --debug-flags=Tcu config/default.py --cpu-type DerivO3CPU --isa riscv --cmd 'build/gem5-riscv-release/bin/kernel -f build/gem5-riscv-release/bench.img,build/gem5-riscv-release/bin/tilemux,build/gem5-riscv-release/bin/tilemux,build/gem5-riscv-release/bin/tilemux,build/gem5-riscv-release/bin/tilemux,build/gem5-riscv-release/bin/tilemux,build/gem5-riscv-release/bin/tilemux,build/gem5-riscv-release/bin/tilemux,build/gem5-riscv-release/bin/tilemux,build/gem5-riscv-release/bin/tilemux,build/gem5-riscv-release/bin/tilemux,build/gem5-riscv-release/bin/tilemux,build/gem5-riscv-release/bin/tilemux,build/gem5-riscv-release/bin/tilemux,build/gem5-riscv-release/bin/tilemux,build/gem5-riscv-release/bin/tilemux,' --mods run/boot.xml,build/gem5-riscv-release/bin/root,build/gem5-riscv-release/bin/m3fs,build/gem5-riscv-release/bin/pager --cpu-clock=2GHz --sys-clock=2GHz --encr-latency=0 --par-pipe=1 --int-transfer-latency=1500 --rng-latency=0 --sign-latency=0 --sign-ver-latency=0

T00: build/gem5-riscv-release/bin/kernel -f build/gem5-riscv-release/bench.img
     Core =DerivO3CPU riscv @ 2GHz
     TCU  =eps:192, bufsz:2048 B, blocksz:64 B, count:4, tlb:128
     L1i$ =32 KiB (2-way assoc, 4 cycles)
     L1d$ =32 KiB (2-way assoc, 4 cycles)
     L2$  =256 KiB (8-way assoc, 12 cycles)
     Comp =Core -> TCU -> L1$ -> L2$

T01: build/gem5-riscv-release/bin/tilemux
     Core =DerivO3CPU riscv @ 2GHz
     TCU  =eps:192, bufsz:2048 B, blocksz:64 B, count:4, tlb:128
     L1i$ =32 KiB (2-way assoc, 4 cycles)
     L1d$ =32 KiB (2-way assoc, 4 cycles)
     L2$  =256 KiB (8-way assoc, 12 cycles)
     Comp =Core -> TCU -> L1$ -> L2$

T02: build/gem5-riscv-release/bin/tilemux
     Core =DerivO3CPU riscv @ 2GHz
     TCU  =eps:192, bufsz:2048 B, blocksz:64 B, count:4, tlb:128
     L1i$ =32 KiB (2-way assoc, 4 cycles)
     L1d$ =32 KiB (2-way assoc, 4 cycles)
     L2$  =256 KiB (8-way assoc, 12 cycles)
     Comp =Core -> TCU -> L1$ -> L2$

T03: build/gem5-riscv-release/bin/tilemux
     Core =DerivO3CPU riscv @ 2GHz
     TCU  =eps:192, bufsz:2048 B, blocksz:64 B, count:4, tlb:128
     L1i$ =32 KiB (2-way assoc, 4 cycles)
     L1d$ =32 KiB (2-way assoc, 4 cycles)
     L2$  =256 KiB (8-way assoc, 12 cycles)
     Comp =Core -> TCU -> L1$ -> L2$

T04: build/gem5-riscv-release/bin/tilemux
     Core =DerivO3CPU riscv @ 2GHz
     TCU  =eps:192, bufsz:2048 B, blocksz:64 B, count:4, tlb:128
     L1i$ =32 KiB (2-way assoc, 4 cycles)
     L1d$ =32 KiB (2-way assoc, 4 cycles)
     L2$  =256 KiB (8-way assoc, 12 cycles)
     Comp =Core -> TCU -> L1$ -> L2$

T05: build/gem5-riscv-release/bin/tilemux
     Core =DerivO3CPU riscv @ 2GHz
     TCU  =eps:192, bufsz:2048 B, blocksz:64 B, count:4, tlb:128
     L1i$ =32 KiB (2-way assoc, 4 cycles)
     L1d$ =32 KiB (2-way assoc, 4 cycles)
     L2$  =256 KiB (8-way assoc, 12 cycles)
     Comp =Core -> TCU -> L1$ -> L2$

T06: build/gem5-riscv-release/bin/tilemux
     Core =DerivO3CPU riscv @ 2GHz
     TCU  =eps:192, bufsz:2048 B, blocksz:64 B, count:4, tlb:128
     L1i$ =32 KiB (2-way assoc, 4 cycles)
     L1d$ =32 KiB (2-way assoc, 4 cycles)
     L2$  =256 KiB (8-way assoc, 12 cycles)
     Comp =Core -> TCU -> L1$ -> L2$

T07: build/gem5-riscv-release/bin/tilemux
     Core =DerivO3CPU riscv @ 2GHz
     TCU  =eps:192, bufsz:2048 B, blocksz:64 B, count:4, tlb:128
     L1i$ =32 KiB (2-way assoc, 4 cycles)
     L1d$ =32 KiB (2-way assoc, 4 cycles)
     L2$  =256 KiB (8-way assoc, 12 cycles)
     Comp =Core -> TCU -> L1$ -> L2$

T08: build/gem5-riscv-release/bin/tilemux
     Core =DerivO3CPU riscv @ 2GHz
     TCU  =eps:192, bufsz:2048 B, blocksz:64 B, count:4, tlb:128
     L1i$ =32 KiB (2-way assoc, 4 cycles)
     L1d$ =32 KiB (2-way assoc, 4 cycles)
     L2$  =256 KiB (8-way assoc, 12 cycles)
     Comp =Core -> TCU -> L1$ -> L2$

T09: build/gem5-riscv-release/bin/tilemux
     Core =DerivO3CPU riscv @ 2GHz
     TCU  =eps:192, bufsz:2048 B, blocksz:64 B, count:4, tlb:128
     L1i$ =32 KiB (2-way assoc, 4 cycles)
     L1d$ =32 KiB (2-way assoc, 4 cycles)
     L2$  =256 KiB (8-way assoc, 12 cycles)
     Comp =Core -> TCU -> L1$ -> L2$

T10: build/gem5-riscv-release/bin/tilemux
     Core =DerivO3CPU riscv @ 2GHz
     TCU  =eps:192, bufsz:2048 B, blocksz:64 B, count:4, tlb:128
     L1i$ =32 KiB (2-way assoc, 4 cycles)
     L1d$ =32 KiB (2-way assoc, 4 cycles)
     L2$  =256 KiB (8-way assoc, 12 cycles)
     Comp =Core -> TCU -> L1$ -> L2$

T11: build/gem5-riscv-release/bin/tilemux
     Core =DerivO3CPU riscv @ 2GHz
     TCU  =eps:192, bufsz:2048 B, blocksz:64 B, count:4, tlb:128
     L1i$ =32 KiB (2-way assoc, 4 cycles)
     L1d$ =32 KiB (2-way assoc, 4 cycles)
     L2$  =256 KiB (8-way assoc, 12 cycles)
     Comp =Core -> TCU -> L1$ -> L2$

T12: build/gem5-riscv-release/bin/tilemux
     Core =DerivO3CPU riscv @ 2GHz
     TCU  =eps:192, bufsz:2048 B, blocksz:2048 B, count:4, tlb:0
     imem =32768 KiB
     Comp =Core -> TCU -> SPM

T13: build/gem5-riscv-release/bin/tilemux
     Core =DerivO3CPU riscv @ 2GHz
     TCU  =eps:192, bufsz:2048 B, blocksz:2048 B, count:4, tlb:0
     imem =32768 KiB
     Comp =Core -> TCU -> SPM

T14: build/gem5-riscv-release/bin/tilemux
     Core =DerivO3CPU riscv @ 2GHz
     TCU  =eps:192, bufsz:2048 B, blocksz:2048 B, count:4, tlb:0
     imem =32768 KiB
     Comp =Core -> TCU -> SPM

T15: build/gem5-riscv-release/bin/tilemux
     Core =DerivO3CPU riscv @ 2GHz
     TCU  =eps:192, bufsz:2048 B, blocksz:2048 B, count:4, tlb:0
     imem =32768 KiB
     Comp =Core -> TCU -> SPM

T16: IGbE_e1000
     TCU  =eps:192, bufsz:2048 B, blocksz:2048 B, count:4, tlb:0
     Comp =TCU -> Proxy -> NIC

T17: IGbE_e1000
     TCU  =eps:192, bufsz:2048 B, blocksz:2048 B, count:4, tlb:0
     Comp =TCU -> Proxy -> NIC

T18: rot13 accelerator @ 2GHz
     TCU  =eps:192, bufsz:2048 B, blocksz:2048 B, count:4, tlb:0
     imem =2048 KiB
     Comp =Core -> TCU -> SPM

T19: rot13 accelerator @ 2GHz
     TCU  =eps:192, bufsz:2048 B, blocksz:2048 B, count:4, tlb:0
     imem =2048 KiB
     Comp =Core -> TCU -> SPM

T20: build/gem5-riscv-release/bin/tilemux
     Core =DerivO3CPU riscv @ 2GHz
     TCU  =eps:192, bufsz:2048 B, blocksz:2048 B, count:4, tlb:0
     imem =32768 KiB
     Comp =Core -> TCU -> SPM

T21: SerialInput
     TCU  =eps:192, bufsz:2048 B, blocksz:2048 B, count:4, tlb:0
     Comp =TCU -> SerialInput

T22: build/gem5-riscv-release/bench.img x 1
     TCU  =eps:192, bufsz:2048 B, blocksz:2048 B, count:8, tlb:0
     imem =3145728 KiB
     Comp =TCU -> DRAM

Global frequency set at 1000000000000 ticks per second
warn: No dot file generated. Please install pydot to generate the dot file and pdf.
Gem5 Terminal started; Quit via Ctrl+]
warn: DRAM device capacity (49152 Mbytes) does not match the address range assigned (4096 Mbytes)
platform.com_1.device: Listening for connections on port 3456
0: T00.remote_gdb: listening for remote gdb on port 7000
0: T01.remote_gdb: listening for remote gdb on port 7001
0: T02.remote_gdb: listening for remote gdb on port 7002
0: T03.remote_gdb: listening for remote gdb on port 7003
0: T04.remote_gdb: listening for remote gdb on port 7004
0: T05.remote_gdb: listening for remote gdb on port 7005
0: T06.remote_gdb: listening for remote gdb on port 7006
0: T07.remote_gdb: listening for remote gdb on port 7007
0: T08.remote_gdb: listening for remote gdb on port 7008
0: T09.remote_gdb: listening for remote gdb on port 7009
0: T10.remote_gdb: listening for remote gdb on port 7010
0: T11.remote_gdb: listening for remote gdb on port 7011
0: T12.remote_gdb: listening for remote gdb on port 7012
0: T13.remote_gdb: listening for remote gdb on port 7013
0: T14.remote_gdb: listening for remote gdb on port 7014
0: T15.remote_gdb: listening for remote gdb on port 7015
warn: CoherentXBar T16.xbar has no snooping ports attached!
warn: CoherentXBar T17.xbar has no snooping ports attached!
warn: CoherentXBar T18.xbar has no snooping ports attached!
warn: CoherentXBar T19.xbar has no snooping ports attached!
0: T20.remote_gdb: listening for remote gdb on port 7016
warn: CoherentXBar T21.xbar has no snooping ports attached!
warn: CoherentXBar T22.xbar has no snooping ports attached!
info: Loaded 'boot.xml' to 0x9600000030000000 .. 0x9600000030000311
info: Loaded 'root' to 0x9600000030001000 .. 0x96000000300756e0
info: Loaded 'm3fs' to 0x9600000030076000 .. 0x96000000300cc340
info: Loaded 'pager' to 0x96000000300cd000 .. 0x960000003014bb98
info: Entering event queue @ 0.  Starting simulation...
warn: T20.spm: address out-of-range: 0
warn: T0,PMP-EP65535: invalid EP
warn: T11,PMP-EP65535: invalid EP
warn: T10,PMP-EP65535: invalid EP
warn: T9,PMP-EP65535: invalid EP
warn: T8,PMP-EP65535: invalid EP
warn: T7,PMP-EP65535: invalid EP
warn: T6,PMP-EP65535: invalid EP
warn: T5,PMP-EP65535: invalid EP
warn: T4,PMP-EP65535: invalid EP
warn: T3,PMP-EP65535: invalid EP
warn: T2,PMP-EP65535: invalid EP
warn: T1,PMP-EP65535: invalid EP
warn: T11,PMP-EP65535: invalid EP
warn: T10,PMP-EP65535: invalid EP
warn: T9,PMP-EP65535: invalid EP
warn: T8,PMP-EP65535: invalid EP
warn: T2,PMP-EP65535: invalid EP
warn: T4,PMP-EP65535: invalid EP
warn: T6,PMP-EP65535: invalid EP
warn: T1,PMP-EP65535: invalid EP
warn: T5,PMP-EP65535: invalid EP
warn: T7,PMP-EP65535: invalid EP
warn: T3,PMP-EP65535: invalid EP
warn: T0,PMP-EP65535: invalid EP
[0;31m[T0:kernel  @        215] Entered raw mode; Quit via Ctrl+]
[0mwarn: T11,PMP-EP3: invalid EP
warn: T10,PMP-EP3: invalid EP
warn: T9,PMP-EP3: invalid EP
warn: T6,PMP-EP3: invalid EP
warn: T3,PMP-EP3: invalid EP
warn: T4,PMP-EP3: invalid EP
warn: T8,PMP-EP3: invalid EP
warn: T5,PMP-EP3: invalid EP
warn: T2,PMP-EP3: invalid EP
warn: T7,PMP-EP3: invalid EP
warn: T1,PMP-EP3: invalid EP
warn: T11,PMP-EP65535: invalid EP
warn: T11,PMP-EP65535: invalid EP
warn: T11,PMP-EP65535: invalid EP
warn: T10,PMP-EP65535: invalid EP
warn: T10,PMP-EP65535: invalid EP
warn: T10,PMP-EP65535: invalid EP
warn: T9,PMP-EP65535: invalid EP
warn: T9,PMP-EP65535: invalid EP
warn: T9,PMP-EP65535: invalid EP
warn: T6,PMP-EP65535: invalid EP
warn: T6,PMP-EP65535: invalid EP
warn: T6,PMP-EP65535: invalid EP
warn: T11,PMP-EP65535: invalid EP
warn: T10,PMP-EP65535: invalid EP
warn: T3,PMP-EP65535: invalid EP
warn: T3,PMP-EP65535: invalid EP
warn: T3,PMP-EP65535: invalid EP
warn: T4,PMP-EP65535: invalid EP
warn: T4,PMP-EP65535: invalid EP
warn: T4,PMP-EP65535: invalid EP
warn: T8,PMP-EP65535: invalid EP
warn: T8,PMP-EP65535: invalid EP
warn: T8,PMP-EP65535: invalid EP
warn: T5,PMP-EP65535: invalid EP
warn: T5,PMP-EP65535: invalid EP
warn: T5,PMP-EP65535: invalid EP
warn: T2,PMP-EP65535: invalid EP
warn: T2,PMP-EP65535: invalid EP
warn: T2,PMP-EP65535: invalid EP
warn: T7,PMP-EP65535: invalid EP
warn: T7,PMP-EP65535: invalid EP
warn: T7,PMP-EP65535: invalid EP
warn: T1,PMP-EP65535: invalid EP
warn: T1,PMP-EP65535: invalid EP
warn: T1,PMP-EP65535: invalid EP
warn: T9,PMP-EP65535: invalid EP
warn: T6,PMP-EP65535: invalid EP
warn: T3,PMP-EP65535: invalid EP
warn: T4,PMP-EP65535: invalid EP
warn: T8,PMP-EP65535: invalid EP
warn: T5,PMP-EP65535: invalid EP
warn: T2,PMP-EP65535: invalid EP
warn: T7,PMP-EP65535: invalid EP
warn: T1,PMP-EP65535: invalid EP
[0;31m[T0:kernel  @       1061] Attesting tile: 1
[0m[0;31m[T0:kernel  @       2454] Attestation complete: 1, 2763111 cycles
[0m[0;31m[T0:kernel  @       3088] Attesting tile: 2
[0m[0;31m[T0:kernel  @       4455] Attestation complete: 2, 2726563 cycles
[0m[0;31m[T0:kernel  @       5090] Attesting tile: 3
[0m[0;31m[T0:kernel  @       6455] Attestation complete: 3, 2726003 cycles
[0m[0;31m[T0:kernel  @       7092] Attesting tile: 4
[0m[0;31m[T0:kernel  @       8457] Attestation complete: 4, 2725725 cycles
[0m[0;31m[T0:kernel  @       9091] Attesting tile: 5
[0m[0;31m[T0:kernel  @      10456] Attestation complete: 5, 2725648 cycles
[0m[0;31m[T0:kernel  @      11090] Attesting tile: 6
[0m[0;31m[T0:kernel  @      12455] Attestation complete: 6, 2725602 cycles
[0m[0;31m[T0:kernel  @      13092] Attesting tile: 7
[0m[0;31m[T0:kernel  @      14457] Attestation complete: 7, 2725552 cycles
[0m[0;31m[T0:kernel  @      15091] Attesting tile: 8
[0m[0;31m[T0:kernel  @      16455] Attestation complete: 8, 2725576 cycles
[0m[0;31m[T0:kernel  @      17090] Attesting tile: 9
[0m[0;31m[T0:kernel  @      18455] Attestation complete: 9, 2725680 cycles
[0m[0;31m[T0:kernel  @      19091] Attesting tile: 10
[0m[0;31m[T0:kernel  @      20456] Attestation complete: 10, 2725616 cycles
[0m[0;31m[T0:kernel  @      21090] Attesting tile: 11
[0m[0;31m[T0:kernel  @      22455] Attestation complete: 11, 2725616 cycles
[0m[0;31m[T0:kernel  @      23090] Attesting tile: 12
[0m[0;31m[T0:kernel  @      24455] Attestation complete: 12, 2725577 cycles
[0m[0;31m[T0:kernel  @      25088] Attesting tile: 13
[0m[0;31m[T0:kernel  @      26453] Attestation complete: 13, 2725645 cycles
[0m[0;31m[T0:kernel  @      27087] Attesting tile: 14
[0m[0;31m[T0:kernel  @      28452] Attestation complete: 14, 2725576 cycles
[0m[0;31m[T0:kernel  @      29088] Attesting tile: 15
[0m[0;31m[T0:kernel  @      30453] Attestation complete: 15, 2725622 cycles
[0m[0;31m[T0:kernel  @      31088] Attesting tile: 16
[0m[0;31m[T0:kernel  @      32453] Attestation complete: 16, 2725573 cycles
[0m[0;31m[T0:kernel  @      33087] Attesting tile: 17
[0m[0;31m[T0:kernel  @      34450] Attestation complete: 17, 2722345 cycles
[0m[0;31m[T0:kernel  @      35084] Attesting tile: 18
[0m[0;31m[T0:kernel  @      36447] Attestation complete: 18, 2722319 cycles
[0m[0;31m[T0:kernel  @      37082] Attesting tile: 19
[0m[0;31m[T0:kernel  @      38445] Attestation complete: 19, 2722271 cycles
[0m[0;31m[T0:kernel  @      39081] Attesting tile: 20
[0m[0;31m[T0:kernel  @      40444] Attestation complete: 20, 2722308 cycles
[0m[0;31m[T0:kernel  @      41078] Attesting tile: 21
[0m[0;31m[T0:kernel  @      42441] Attestation complete: 21, 2722316 cycles
[0m[0;31m[T0:kernel  @      42448] Attesting tile: 22
[0m[0;31m[T0:kernel  @      43817] Attestation complete: 22, 2734709 cycles
[0m[0;31m[T0:kernel  @      43820] Attesting tile: 22
[0m[0;31m[T0:kernel  @      45188] Attestation complete: 22, 2732202 cycles
[0m[0;31m[T0:kernel  @      45191] Attesting tile: 22
[0m[0;31m[T0:kernel  @      46560] Attestation complete: 22, 2733952 cycles
[0m[0;31m[T0:kernel  @      46563] Attesting tile: 22
[0m[0;31m[T0:kernel  @      47933] Attestation complete: 22, 2736838 cycles
[0m[0;31m[T0:kernel  @      48311] Kernel is ready!
[0m[0;32m[T1:root    @      49437] Boot modules:
[0m[0;32m[T1:root    @      49466]   Mod[addr: G[Tile22+0x30000000], size: 0x311, name: boot.xml]
[0m[0;32m[T1:root    @      49472]   Mod[addr: G[Tile22+0x30001000], size: 0x746e0, name: root]
[0m[0;32m[T1:root    @      49475]   Mod[addr: G[Tile22+0x30076000], size: 0x56340, name: m3fs]
[0m[0;32m[T1:root    @      49479]   Mod[addr: G[Tile22+0x300cd000], size: 0x7eb98, name: pager]
[0m[0;32m[T1:root    @      49482] Available tiles:
[0m[0;32m[T1:root    @      49504]   Tile01: COMP_EMEM RISCV (empty) 0 KiB memory
[0m[0;32m[T1:root    @      49512]   Tile02: COMP_EMEM RISCV (empty) 0 KiB memory
[0m[0;32m[T1:root    @      49516]   Tile03: COMP_EMEM RISCV (empty) 0 KiB memory
[0m[0;32m[T1:root    @      49519]   Tile04: COMP_EMEM RISCV (empty) 0 KiB memory
[0m[0;32m[T1:root    @      49522]   Tile05: COMP_EMEM RISCV (empty) 0 KiB memory
[0m[0;32m[T1:root    @      49526]   Tile06: COMP_EMEM RISCV (empty) 0 KiB memory
[0m[0;32m[T1:root    @      49529]   Tile07: COMP_EMEM RISCV (empty) 0 KiB memory
[0m[0;32m[T1:root    @      49533]   Tile08: COMP_EMEM RISCV (empty) 0 KiB memory
[0m[0;32m[T1:root    @      49536]   Tile09: COMP_EMEM RISCV (empty) 0 KiB memory
[0m[0;32m[T1:root    @      49540]   Tile10: COMP_EMEM RISCV (empty) 0 KiB memory
[0m[0;32m[T1:root    @      49543]   Tile11: COMP_EMEM RISCV (empty) 0 KiB memory
[0m[0;32m[T1:root    @      49546]   Tile12: COMP_IMEM RISCV (empty) 32768 KiB memory
[0m[0;32m[T1:root    @      49549]   Tile13: COMP_IMEM RISCV (empty) 32768 KiB memory
[0m[0;32m[T1:root    @      49553]   Tile14: COMP_IMEM RISCV (empty) 32768 KiB memory
[0m[0;32m[T1:root    @      49556]   Tile15: COMP_IMEM RISCV (empty) 32768 KiB memory
[0m[0;32m[T1:root    @      49559]   Tile16: COMP_IMEM NIC_DEV (empty) 0 KiB memory
[0m[0;32m[T1:root    @      49562]   Tile17: COMP_IMEM NIC_DEV (empty) 0 KiB memory
[0m[0;32m[T1:root    @      49566]   Tile18: COMP_IMEM ACCEL_ROT13 (empty) 2048 KiB memory
[0m[0;32m[T1:root    @      49570]   Tile19: COMP_IMEM ACCEL_ROT13 (empty) 2048 KiB memory
[0m[0;32m[T1:root    @      49574]   Tile20: COMP_IMEM RISCV KECACC 32768 KiB memory
[0m[0;32m[T1:root    @      49577]   Tile21: COMP_IMEM SERIAL_DEV (empty) 0 KiB memory
[0m[0;32m[T1:root    @      49592] Available memory:
[0m[0;32m[T1:root    @      49607]   MemMod[sel: 30, res: true, addr: G[Tile22+0x0], size: 1200 MiB]
[0m[0;32m[T1:root    @      49613]   MemMod[sel: 31, res: false, addr: G[Tile22+0x4f600000], size: 959 MiB]
[0m[0;32m[T1:root    @      49620] Parsed Config [
[0m[0;32m[T1:root    @      49629]   root [
[0m[0;32m[T1:root    @      49652]     Domain on core [
[0m[0;32m[T1:root    @      49655]       m3fs mem 268435456 [
[0m[0;32m[T1:root    @      49658]         Daemon,
[0m[0;32m[T1:root    @      49669]         PhysMem[addr=0x0, size=0x40000 KiB, perm=R | W | X | RW | RWX],
[0m[0;32m[T1:root    @      49677]         Service[lname='m3fs', gname='m3fs'],
[0m[0;32m[T1:root    @      49680]       ]
[0m[0;32m[T1:root    @      49683]     ]
[0m[0;32m[T1:root    @      49685]     Domain on core [
[0m[0;32m[T1:root    @      49688]       pager 268435456 [
[0m[0;32m[T1:root    @      49692]         PhysMem[addr=0x0, size=0x40000 KiB, perm=R],
[0m[0;32m[T1:root    @      49698]         Session[lname='m3fs', gname='m3fs', arg='', dep=true],
[0m[0;32m[T1:root    @      49704]         Tile[type=core, count=1, optional=false],
[0m[0;32m[T1:root    @      49707]         Domain on core [
[0m[0;32m[T1:root    @      49711]           /bin/fstrace-m3fs -d -n 1 -u 0 -v tar [
[0m[0;32m[T1:root    @      49716]             Mount[fs='m3fs', path='/'],
[0m[0;32m[T1:root    @      49720]             Tile[type=core, count=1, optional=false],
[0m[0;32m[T1:root    @      49722]           ]
[0m[0;32m[T1:root    @      49724]         ]
[0m[0;32m[T1:root    @      49726]       ]
[0m[0;32m[T1:root    @      49728]     ]
[0m[0;32m[T1:root    @      49729]   ]
[0m[0;32m[T1:root    @      49730] ]
[0m[0;32m[T1:root    @      49732] 
[0m[0;32m[T1:root    @      51588] Starting boot module 'm3fs' on tile2 with arguments ["mem", "268435456"]
[0m[0;32m[T1:root    @      53487] m3fs: reg_serv(srv_sel=46, sgate_sel=50, name=m3fs, sessions=32)
[0m[0;32m[T1:root    @      53504] Creating service 1:m3fs
[0m[0;32m[T1:root    @      53726] Starting boot module 'pager' on tile3 with arguments ["268435456"]
[0m[0;34m[T3:pager   @      54561] Boot modules:
[0m[0;34m[T3:pager   @      54594]   Mod[addr: G[Tile22+0x77601000], size: 0x1f3, name: boot.xml]
[0m[0;34m[T3:pager   @      54599] Available tiles:
[0m[0;34m[T3:pager   @      54620]   Tile03: COMP_EMEM RISCV (empty) 0 KiB memory
[0m[0;34m[T3:pager   @      54629]   Tile04: COMP_EMEM RISCV (empty) 0 KiB memory
[0m[0;34m[T3:pager   @      54635] Available memory:
[0m[0;34m[T3:pager   @      54651]   MemMod[sel: 8, res: false, addr: G[Tile22+0x63800000], size: 159 MiB]
[0m[0;32m[T1:root    @      54699] pager: open_sess(dst_sel=59, name=m3fs)
[0m[0;34m[T3:pager   @      57024] Starting boot module '/bin/fstrace-m3fs' on tile5 with arguments ["-d", "-n", "1", "-u", "0", "-v", "tar"]
[0mVPFS trace_bench started [trace=tar,n=1,wait=no,data=yes,stdio=no,prefix=,loadgen=,ops=52]
[0;36m[T5:fstrace-@      58746] line 1: opcode=WAITUNTIL -> 1683 cycles
[0m[0;36m[T5:fstrace-@      58951] line 2: opcode=OPEN -> 375963 cycles
[0m[0;36m[T5:fstrace-@      58954] line 3: opcode=WAITUNTIL -> 40 cycles
[0m[0;36m[T5:fstrace-@      58979] line 4: opcode=FSTAT -> 42426 cycles
[0m[0;36m[T5:fstrace-@      58980] line 5: opcode=WAITUNTIL -> 23 cycles
[0m[0;36m[T5:fstrace-@      59020] line 6: opcode=FSTATAT -> 74731 cycles
[0m[0;36m[T5:fstrace-@      59022] line 7: opcode=WAITUNTIL -> 23 cycles
[0m[0;36m[T5:fstrace-@      59060] line 8: opcode=OPEN -> 73006 cycles
[0m[0;36m[T5:fstrace-@      59062] line 9: opcode=WAITUNTIL -> 23 cycles
[0m[0;36m[T5:fstrace-@      59100] line 10: opcode=READ -> 69532 cycles
[0m[0;36m[T5:fstrace-@      59102] line 11: opcode=WAITUNTIL -> 23 cycles
[0m[0;36m[T5:fstrace-@      59144] line 12: opcode=CLOSE -> 78901 cycles
[0m[0;36m[T5:fstrace-@      59146] line 13: opcode=WAITUNTIL -> 23 cycles
[0m[0;36m[T5:fstrace-@      59161] line 14: opcode=OPEN -> 26495 cycles
[0m[0;36m[T5:fstrace-@      59163] line 15: opcode=WAITUNTIL -> 23 cycles
[0m[0;36m[T5:fstrace-@      59183] line 16: opcode=READ -> 35939 cycles
[0m[0;36m[T5:fstrace-@      59185] line 17: opcode=WAITUNTIL -> 23 cycles
[0m[0;36m[T5:fstrace-@      59192] line 18: opcode=CLOSE -> 10332 cycles
[0m[0;36m[T5:fstrace-@      59194] line 19: opcode=WAITUNTIL -> 23 cycles
[0m[0;36m[T5:fstrace-@      59242] line 20: opcode=WRITE -> 91332 cycles
[0m[0;36m[T5:fstrace-@      59244] line 21: opcode=WAITUNTIL -> 23 cycles
[0m[0;36m[T5:fstrace-@      59277] line 22: opcode=OPEN -> 62202 cycles
[0m[0;36m[T5:fstrace-@      59283] line 23: opcode=FSTAT -> 7798 cycles
[0m[0;36m[T5:fstrace-@      59285] line 24: opcode=WAITUNTIL -> 23 cycles
[0m[0;36m[T5:fstrace-@      59333] line 25: opcode=GETDENTS -> 89031 cycles
[0m[0;36m[T5:fstrace-@      59335] line 26: opcode=WAITUNTIL -> 23 cycles
[0m[0;36m[T5:fstrace-@      59342] line 27: opcode=FSTATAT -> 10393 cycles
[0m[0;36m[T5:fstrace-@      59344] line 28: opcode=WAITUNTIL -> 23 cycles
[0m[0;36m[T5:fstrace-@      59368] line 29: opcode=OPEN -> 44132 cycles
[0m[0;36m[T5:fstrace-@      59370] line 30: opcode=WAITUNTIL -> 23 cycles
[0m[0;36m[T5:fstrace-@      59374] line 31: opcode=WRITE -> 3634 cycles
[0m[0;36m[T5:fstrace-@      59376] line 32: opcode=WAITUNTIL -> 33 cycles
[0m[0;36m[T5:fstrace-@      66519] line 33: opcode=SENDFILE -> 14281601 cycles
[0m[0;36m[T5:fstrace-@      66521] line 34: opcode=WAITUNTIL -> 23 cycles
[0m[0;36m[T5:fstrace-@      66533] line 35: opcode=CLOSE -> 19966 cycles
[0m[0;36m[T5:fstrace-@      66535] line 36: opcode=WAITUNTIL -> 23 cycles
[0m[0;36m[T5:fstrace-@      66542] line 37: opcode=FSTATAT -> 10173 cycles
[0m[0;36m[T5:fstrace-@      66544] line 38: opcode=WAITUNTIL -> 23 cycles
[0m[0;36m[T5:fstrace-@      66553] line 39: opcode=OPEN -> 12644 cycles
[0m[0;36m[T5:fstrace-@      66555] line 40: opcode=WAITUNTIL -> 23 cycles
[0m[0;36m[T5:fstrace-@      66558] line 41: opcode=WRITE -> 3551 cycles
[0m[0;36m[T5:fstrace-@      66560] line 42: opcode=WAITUNTIL -> 23 cycles
[0m[0;36m[T5:fstrace-@      66794] line 43: opcode=SENDFILE -> 462004 cycles
[0m[0;36m[T5:fstrace-@      66796] line 44: opcode=WAITUNTIL -> 23 cycles
[0m[0;36m[T5:fstrace-@      66807] line 45: opcode=CLOSE -> 19170 cycles
[0m[0;36m[T5:fstrace-@      66809] line 46: opcode=WAITUNTIL -> 23 cycles
[0m[0;36m[T5:fstrace-@      66826] line 47: opcode=FSTATAT -> 30450 cycles
[0m[0;36m[T5:fstrace-@      66828] line 48: opcode=WAITUNTIL -> 23 cycles
[0m[0;36m[T5:fstrace-@      66837] line 49: opcode=OPEN -> 12467 cycles
[0m[0;36m[T5:fstrace-@      66839] line 50: opcode=WAITUNTIL -> 23 cycles
[0m[0;36m[T5:fstrace-@      66842] line 51: opcode=WRITE -> 3540 cycles
[0m[0;36m[T5:fstrace-@      66844] line 52: opcode=WAITUNTIL -> 23 cycles
[0m[0;36m[T5:fstrace-@      67745] line 53: opcode=SENDFILE -> 1797149 cycles
[0m[0;36m[T5:fstrace-@      67747] line 54: opcode=WAITUNTIL -> 23 cycles
[0m[0;36m[T5:fstrace-@      67758] line 55: opcode=CLOSE -> 17390 cycles
[0m[0;36m[T5:fstrace-@      67760] line 56: opcode=WAITUNTIL -> 23 cycles
[0m[0;36m[T5:fstrace-@      67766] line 57: opcode=FSTATAT -> 8437 cycles
[0m[0;36m[T5:fstrace-@      67768] line 58: opcode=WAITUNTIL -> 23 cycles
[0m[0;36m[T5:fstrace-@      67776] line 59: opcode=OPEN -> 12466 cycles
[0m[0;36m[T5:fstrace-@      67778] line 60: opcode=WAITUNTIL -> 23 cycles
[0m[0;36m[T5:fstrace-@      67782] line 61: opcode=WRITE -> 3526 cycles
[0m[0;36m[T5:fstrace-@      69567] line 62: opcode=SENDFILE -> 3565972 cycles
[0m[0;36m[T5:fstrace-@      69569] line 63: opcode=WAITUNTIL -> 23 cycles
[0m[0;36m[T5:fstrace-@      69580] line 64: opcode=CLOSE -> 17207 cycles
[0m[0;36m[T5:fstrace-@      69582] line 65: opcode=WAITUNTIL -> 23 cycles
[0m[0;36m[T5:fstrace-@      69588] line 66: opcode=FSTATAT -> 8329 cycles
[0m[0;36m[T5:fstrace-@      69590] line 67: opcode=WAITUNTIL -> 23 cycles
[0m[0;36m[T5:fstrace-@      69598] line 68: opcode=OPEN -> 12350 cycles
[0m[0;36m[T5:fstrace-@      69600] line 69: opcode=WAITUNTIL -> 23 cycles
[0m[0;36m[T5:fstrace-@      69604] line 70: opcode=WRITE -> 3518 cycles
[0m[0;36m[T5:fstrace-@      83789] line 71: opcode=SENDFILE -> 28365664 cycles
[0m[0;36m[T5:fstrace-@      83791] line 72: opcode=WAITUNTIL -> 40 cycles
[0m[0;36m[T5:fstrace-@      83801] line 73: opcode=CLOSE -> 17328 cycles
[0m[0;36m[T5:fstrace-@      83803] line 74: opcode=WAITUNTIL -> 23 cycles
[0m[0;36m[T5:fstrace-@      83810] line 75: opcode=FSTATAT -> 8119 cycles
[0m[0;36m[T5:fstrace-@      83811] line 76: opcode=WAITUNTIL -> 23 cycles
[0m[0;36m[T5:fstrace-@      83819] line 77: opcode=OPEN -> 12005 cycles
[0m[0;36m[T5:fstrace-@      83821] line 78: opcode=WAITUNTIL -> 23 cycles
[0m[0;36m[T5:fstrace-@      83825] line 79: opcode=WRITE -> 3547 cycles
[0m[0;36m[T5:fstrace-@      83827] line 80: opcode=WAITUNTIL -> 23 cycles
[0m[0;36m[T5:fstrace-@      84291] line 81: opcode=SENDFILE -> 924280 cycles
[0m[0;36m[T5:fstrace-@      84293] line 82: opcode=WAITUNTIL -> 23 cycles
[0m[0;36m[T5:fstrace-@      84304] line 83: opcode=CLOSE -> 17032 cycles
[0m[0;36m[T5:fstrace-@      84306] line 84: opcode=WAITUNTIL -> 23 cycles
[0m[0;36m[T5:fstrace-@      84312] line 85: opcode=FSTATAT -> 8022 cycles
[0m[0;36m[T5:fstrace-@      84314] line 86: opcode=WAITUNTIL -> 23 cycles
[0m[0;36m[T5:fstrace-@      84322] line 87: opcode=OPEN -> 12023 cycles
[0m[0;36m[T5:fstrace-@      84324] line 88: opcode=WAITUNTIL -> 23 cycles
[0m[0;36m[T5:fstrace-@      84328] line 89: opcode=WRITE -> 3547 cycles
[0m[0;36m[T5:fstrace-@      84330] line 90: opcode=WAITUNTIL -> 23 cycles
[0m[0;36m[T5:fstrace-@      87879] line 91: opcode=SENDFILE -> 7094497 cycles
[0m[0;36m[T5:fstrace-@      87881] line 92: opcode=WAITUNTIL -> 23 cycles
[0m[0;36m[T5:fstrace-@      87892] line 93: opcode=CLOSE -> 17208 cycles
[0m[0;36m[T5:fstrace-@      87894] line 94: opcode=WAITUNTIL -> 23 cycles
[0m[0;36m[T5:fstrace-@      87898] line 95: opcode=GETDENTS -> 4955 cycles
[0m[0;36m[T5:fstrace-@      87900] line 96: opcode=WAITUNTIL -> 23 cycles
[0m[0;36m[T5:fstrace-@      87909] line 97: opcode=CLOSE -> 12823 cycles
[0m[0;36m[T5:fstrace-@      87911] line 98: opcode=WAITUNTIL -> 23 cycles
[0m[0;36m[T5:fstrace-@      87914] line 99: opcode=WRITE -> 3623 cycles
[0m[0;36m[T5:fstrace-@      87944] line 100: opcode=CLOSE -> 55691 cycles
[0m[0;36m[T5:fstrace-@      87947] total waittime: 498448 cycles
[0mTotal time: 58460431 cycles
VPFS trace_bench benchmark terminated
[0;32m[T1:root    @      89143] Sending SHUTDOWN to service 1:m3fs
[0m[0;32m[T1:root    @      89233] m3fs: unreg_serv(sel=46)
[0m[0;32m[T1:root    @      89242] Removing service 1:m3fs
[0m[0;32m[T1:root    @      89587] All childs gone. Exiting.
[0m[0;31m[T0:kernel  @      89722] Shutting down
[0mExiting @ tick 89734534000 because m5_exit instruction encountered
