Building for gem5-riscv-release...
ninja: no work to do.
run/boot-all.xml validates
warn: <orphan SpuSystem>.etherlink already has parent (Previously declared as <orphan SpuSystem>.etherlink).
	Note: etherlink is not a parameter of SpuSystem
gem5 Simulator System.  http://gem5.org
gem5 is copyrighted software; use the --copyright option for details.

gem5 version 21.0.0.0
gem5 compiled Apr 27 2023 13:09:03
gem5 started Apr 27 2023 14:17:05
gem5 executing on graham, pid 3149948
command line: platform/gem5/build/RISCV/gem5.opt --outdir=run --debug-file=gem5.log --debug-flags=Tcu config/default.py --cpu-type DerivO3CPU --isa riscv --cmd 'build/gem5-riscv-release/bin/kernel -f build/gem5-riscv-release/bench.img,build/gem5-riscv-release/bin/tilemux,build/gem5-riscv-release/bin/tilemux,build/gem5-riscv-release/bin/tilemux,build/gem5-riscv-release/bin/tilemux,build/gem5-riscv-release/bin/tilemux,build/gem5-riscv-release/bin/tilemux,build/gem5-riscv-release/bin/tilemux,build/gem5-riscv-release/bin/tilemux,build/gem5-riscv-release/bin/tilemux,build/gem5-riscv-release/bin/tilemux,build/gem5-riscv-release/bin/tilemux,build/gem5-riscv-release/bin/tilemux,build/gem5-riscv-release/bin/tilemux,build/gem5-riscv-release/bin/tilemux,build/gem5-riscv-release/bin/tilemux,' --mods run/boot.xml,build/gem5-riscv-release/bin/root,build/gem5-riscv-release/bin/m3fs,build/gem5-riscv-release/bin/pager --cpu-clock=2GHz --sys-clock=2GHz --encr-latency=15 --par-pipe=1 --int-transfer-latency=0 --rng-latency=0 --sign-latency=0 --sign-ver-latency=0

T00: build/gem5-riscv-release/bin/kernel -f build/gem5-riscv-release/bench.img
     Core =DerivO3CPU riscv @ 2GHz
     TCU  =eps:192, bufsz:2048 B, blocksz:64 B, count:4, tlb:128
     L1i$ =32 KiB (2-way assoc, 4 cycles)
     L1d$ =32 KiB (2-way assoc, 4 cycles)
     L2$  =256 KiB (8-way assoc, 12 cycles)
     Comp =Core -> TCU -> L1$ -> L2$

T01: build/gem5-riscv-release/bin/tilemux
     Core =DerivO3CPU riscv @ 2GHz
     TCU  =eps:192, bufsz:2048 B, blocksz:64 B, count:4, tlb:128
     L1i$ =32 KiB (2-way assoc, 4 cycles)
     L1d$ =32 KiB (2-way assoc, 4 cycles)
     L2$  =256 KiB (8-way assoc, 12 cycles)
     Comp =Core -> TCU -> L1$ -> L2$

T02: build/gem5-riscv-release/bin/tilemux
     Core =DerivO3CPU riscv @ 2GHz
     TCU  =eps:192, bufsz:2048 B, blocksz:64 B, count:4, tlb:128
     L1i$ =32 KiB (2-way assoc, 4 cycles)
     L1d$ =32 KiB (2-way assoc, 4 cycles)
     L2$  =256 KiB (8-way assoc, 12 cycles)
     Comp =Core -> TCU -> L1$ -> L2$

T03: build/gem5-riscv-release/bin/tilemux
     Core =DerivO3CPU riscv @ 2GHz
     TCU  =eps:192, bufsz:2048 B, blocksz:64 B, count:4, tlb:128
     L1i$ =32 KiB (2-way assoc, 4 cycles)
     L1d$ =32 KiB (2-way assoc, 4 cycles)
     L2$  =256 KiB (8-way assoc, 12 cycles)
     Comp =Core -> TCU -> L1$ -> L2$

T04: build/gem5-riscv-release/bin/tilemux
     Core =DerivO3CPU riscv @ 2GHz
     TCU  =eps:192, bufsz:2048 B, blocksz:64 B, count:4, tlb:128
     L1i$ =32 KiB (2-way assoc, 4 cycles)
     L1d$ =32 KiB (2-way assoc, 4 cycles)
     L2$  =256 KiB (8-way assoc, 12 cycles)
     Comp =Core -> TCU -> L1$ -> L2$

T05: build/gem5-riscv-release/bin/tilemux
     Core =DerivO3CPU riscv @ 2GHz
     TCU  =eps:192, bufsz:2048 B, blocksz:64 B, count:4, tlb:128
     L1i$ =32 KiB (2-way assoc, 4 cycles)
     L1d$ =32 KiB (2-way assoc, 4 cycles)
     L2$  =256 KiB (8-way assoc, 12 cycles)
     Comp =Core -> TCU -> L1$ -> L2$

T06: build/gem5-riscv-release/bin/tilemux
     Core =DerivO3CPU riscv @ 2GHz
     TCU  =eps:192, bufsz:2048 B, blocksz:64 B, count:4, tlb:128
     L1i$ =32 KiB (2-way assoc, 4 cycles)
     L1d$ =32 KiB (2-way assoc, 4 cycles)
     L2$  =256 KiB (8-way assoc, 12 cycles)
     Comp =Core -> TCU -> L1$ -> L2$

T07: build/gem5-riscv-release/bin/tilemux
     Core =DerivO3CPU riscv @ 2GHz
     TCU  =eps:192, bufsz:2048 B, blocksz:64 B, count:4, tlb:128
     L1i$ =32 KiB (2-way assoc, 4 cycles)
     L1d$ =32 KiB (2-way assoc, 4 cycles)
     L2$  =256 KiB (8-way assoc, 12 cycles)
     Comp =Core -> TCU -> L1$ -> L2$

T08: build/gem5-riscv-release/bin/tilemux
     Core =DerivO3CPU riscv @ 2GHz
     TCU  =eps:192, bufsz:2048 B, blocksz:64 B, count:4, tlb:128
     L1i$ =32 KiB (2-way assoc, 4 cycles)
     L1d$ =32 KiB (2-way assoc, 4 cycles)
     L2$  =256 KiB (8-way assoc, 12 cycles)
     Comp =Core -> TCU -> L1$ -> L2$

T09: build/gem5-riscv-release/bin/tilemux
     Core =DerivO3CPU riscv @ 2GHz
     TCU  =eps:192, bufsz:2048 B, blocksz:64 B, count:4, tlb:128
     L1i$ =32 KiB (2-way assoc, 4 cycles)
     L1d$ =32 KiB (2-way assoc, 4 cycles)
     L2$  =256 KiB (8-way assoc, 12 cycles)
     Comp =Core -> TCU -> L1$ -> L2$

T10: build/gem5-riscv-release/bin/tilemux
     Core =DerivO3CPU riscv @ 2GHz
     TCU  =eps:192, bufsz:2048 B, blocksz:64 B, count:4, tlb:128
     L1i$ =32 KiB (2-way assoc, 4 cycles)
     L1d$ =32 KiB (2-way assoc, 4 cycles)
     L2$  =256 KiB (8-way assoc, 12 cycles)
     Comp =Core -> TCU -> L1$ -> L2$

T11: build/gem5-riscv-release/bin/tilemux
     Core =DerivO3CPU riscv @ 2GHz
     TCU  =eps:192, bufsz:2048 B, blocksz:64 B, count:4, tlb:128
     L1i$ =32 KiB (2-way assoc, 4 cycles)
     L1d$ =32 KiB (2-way assoc, 4 cycles)
     L2$  =256 KiB (8-way assoc, 12 cycles)
     Comp =Core -> TCU -> L1$ -> L2$

T12: build/gem5-riscv-release/bin/tilemux
     Core =DerivO3CPU riscv @ 2GHz
     TCU  =eps:192, bufsz:2048 B, blocksz:2048 B, count:4, tlb:0
     imem =32768 KiB
     Comp =Core -> TCU -> SPM

T13: build/gem5-riscv-release/bin/tilemux
     Core =DerivO3CPU riscv @ 2GHz
     TCU  =eps:192, bufsz:2048 B, blocksz:2048 B, count:4, tlb:0
     imem =32768 KiB
     Comp =Core -> TCU -> SPM

T14: build/gem5-riscv-release/bin/tilemux
     Core =DerivO3CPU riscv @ 2GHz
     TCU  =eps:192, bufsz:2048 B, blocksz:2048 B, count:4, tlb:0
     imem =32768 KiB
     Comp =Core -> TCU -> SPM

T15: build/gem5-riscv-release/bin/tilemux
     Core =DerivO3CPU riscv @ 2GHz
     TCU  =eps:192, bufsz:2048 B, blocksz:2048 B, count:4, tlb:0
     imem =32768 KiB
     Comp =Core -> TCU -> SPM

T16: IGbE_e1000
     TCU  =eps:192, bufsz:2048 B, blocksz:2048 B, count:4, tlb:0
     Comp =TCU -> Proxy -> NIC

T17: IGbE_e1000
     TCU  =eps:192, bufsz:2048 B, blocksz:2048 B, count:4, tlb:0
     Comp =TCU -> Proxy -> NIC

T18: rot13 accelerator @ 2GHz
     TCU  =eps:192, bufsz:2048 B, blocksz:2048 B, count:4, tlb:0
     imem =2048 KiB
     Comp =Core -> TCU -> SPM

T19: rot13 accelerator @ 2GHz
     TCU  =eps:192, bufsz:2048 B, blocksz:2048 B, count:4, tlb:0
     imem =2048 KiB
     Comp =Core -> TCU -> SPM

T20: build/gem5-riscv-release/bin/tilemux
     Core =DerivO3CPU riscv @ 2GHz
     TCU  =eps:192, bufsz:2048 B, blocksz:2048 B, count:4, tlb:0
     imem =32768 KiB
     Comp =Core -> TCU -> SPM

T21: SerialInput
     TCU  =eps:192, bufsz:2048 B, blocksz:2048 B, count:4, tlb:0
     Comp =TCU -> SerialInput

T22: build/gem5-riscv-release/bench.img x 1
     TCU  =eps:192, bufsz:2048 B, blocksz:2048 B, count:8, tlb:0
     imem =3145728 KiB
     Comp =TCU -> DRAM

Global frequency set at 1000000000000 ticks per second
warn: No dot file generated. Please install pydot to generate the dot file and pdf.
Gem5 Terminal started; Quit via Ctrl+]
warn: DRAM device capacity (49152 Mbytes) does not match the address range assigned (4096 Mbytes)
platform.com_1.device: Listening for connections on port 3456
0: T00.remote_gdb: listening for remote gdb on port 7000
0: T01.remote_gdb: listening for remote gdb on port 7001
0: T02.remote_gdb: listening for remote gdb on port 7002
0: T03.remote_gdb: listening for remote gdb on port 7003
0: T04.remote_gdb: listening for remote gdb on port 7004
0: T05.remote_gdb: listening for remote gdb on port 7005
0: T06.remote_gdb: listening for remote gdb on port 7006
0: T07.remote_gdb: listening for remote gdb on port 7007
0: T08.remote_gdb: listening for remote gdb on port 7008
0: T09.remote_gdb: listening for remote gdb on port 7009
0: T10.remote_gdb: listening for remote gdb on port 7010
0: T11.remote_gdb: listening for remote gdb on port 7011
0: T12.remote_gdb: listening for remote gdb on port 7012
0: T13.remote_gdb: listening for remote gdb on port 7013
0: T14.remote_gdb: listening for remote gdb on port 7014
0: T15.remote_gdb: listening for remote gdb on port 7015
warn: CoherentXBar T16.xbar has no snooping ports attached!
warn: CoherentXBar T17.xbar has no snooping ports attached!
warn: CoherentXBar T18.xbar has no snooping ports attached!
warn: CoherentXBar T19.xbar has no snooping ports attached!
0: T20.remote_gdb: listening for remote gdb on port 7016
warn: CoherentXBar T21.xbar has no snooping ports attached!
warn: CoherentXBar T22.xbar has no snooping ports attached!
info: Loaded 'boot.xml' to 0x9600000030000000 .. 0x9600000030000310
info: Loaded 'root' to 0x9600000030001000 .. 0x96000000300756a0
info: Loaded 'm3fs' to 0x9600000030076000 .. 0x96000000300cc2f8
info: Loaded 'pager' to 0x96000000300cd000 .. 0x960000003014bc00
info: Entering event queue @ 0.  Starting simulation...
warn: T12.spm: address out-of-range: 0
warn: T0,PMP-EP65535: invalid EP
warn: T11,PMP-EP65535: invalid EP
warn: T10,PMP-EP65535: invalid EP
warn: T9,PMP-EP65535: invalid EP
warn: T8,PMP-EP65535: invalid EP
warn: T7,PMP-EP65535: invalid EP
warn: T6,PMP-EP65535: invalid EP
warn: T5,PMP-EP65535: invalid EP
warn: T4,PMP-EP65535: invalid EP
warn: T3,PMP-EP65535: invalid EP
warn: T2,PMP-EP65535: invalid EP
warn: T1,PMP-EP65535: invalid EP
warn: T4,PMP-EP65535: invalid EP
warn: T11,PMP-EP65535: invalid EP
warn: T10,PMP-EP65535: invalid EP
warn: T1,PMP-EP65535: invalid EP
warn: T9,PMP-EP65535: invalid EP
warn: T7,PMP-EP65535: invalid EP
warn: T6,PMP-EP65535: invalid EP
warn: T8,PMP-EP65535: invalid EP
warn: T2,PMP-EP65535: invalid EP
warn: T5,PMP-EP65535: invalid EP
warn: T3,PMP-EP65535: invalid EP
warn: T0,PMP-EP65535: invalid EP
[0;31m[T0:kernel  @        115] Entered raw mode; Quit via Ctrl+]
[0mwarn: T11,PMP-EP65535: invalid EP
warn: T11,PMP-EP65535: invalid EP
warn: T11,PMP-EP65535: invalid EP
warn: T11,PMP-EP65535: invalid EP
warn: T10,PMP-EP65535: invalid EP
warn: T10,PMP-EP65535: invalid EP
warn: T10,PMP-EP65535: invalid EP
warn: T10,PMP-EP65535: invalid EP
warn: T4,PMP-EP65535: invalid EP
warn: T4,PMP-EP65535: invalid EP
warn: T4,PMP-EP65535: invalid EP
warn: T9,PMP-EP65535: invalid EP
warn: T9,PMP-EP65535: invalid EP
warn: T9,PMP-EP65535: invalid EP
warn: T2,PMP-EP65535: invalid EP
warn: T2,PMP-EP65535: invalid EP
warn: T2,PMP-EP65535: invalid EP
warn: T3,PMP-EP65535: invalid EP
warn: T3,PMP-EP65535: invalid EP
warn: T3,PMP-EP65535: invalid EP
warn: T7,PMP-EP65535: invalid EP
warn: T7,PMP-EP65535: invalid EP
warn: T7,PMP-EP65535: invalid EP
warn: T9,PMP-EP65535: invalid EP
warn: T2,PMP-EP65535: invalid EP
warn: T5,PMP-EP65535: invalid EP
warn: T5,PMP-EP65535: invalid EP
warn: T5,PMP-EP65535: invalid EP
warn: T3,PMP-EP65535: invalid EP
warn: T1,PMP-EP65535: invalid EP
warn: T1,PMP-EP65535: invalid EP
warn: T1,PMP-EP65535: invalid EP
warn: T6,PMP-EP65535: invalid EP
warn: T6,PMP-EP65535: invalid EP
warn: T6,PMP-EP65535: invalid EP
warn: T8,PMP-EP65535: invalid EP
warn: T8,PMP-EP65535: invalid EP
warn: T8,PMP-EP65535: invalid EP
warn: T7,PMP-EP65535: invalid EP
warn: T5,PMP-EP65535: invalid EP
warn: T1,PMP-EP65535: invalid EP
warn: T6,PMP-EP65535: invalid EP
warn: T8,PMP-EP65535: invalid EP
[0;31m[T0:kernel  @        837] Attesting tile: 1
[0m[0;31m[T0:kernel  @       2192] Attestation complete: 1, 2703068 cycles
[0m[0;31m[T0:kernel  @       2823] Attesting tile: 2
[0m[0;31m[T0:kernel  @       4175] Attestation complete: 2, 2699505 cycles
[0m[0;31m[T0:kernel  @       4805] Attesting tile: 3
[0m[0;31m[T0:kernel  @       6157] Attestation complete: 3, 2698853 cycles
[0m[0;31m[T0:kernel  @       6786] Attesting tile: 4
[0m[0;31m[T0:kernel  @       8138] Attestation complete: 4, 2698682 cycles
[0m[0;31m[T0:kernel  @       8768] Attesting tile: 5
[0m[0;31m[T0:kernel  @      10119] Attestation complete: 5, 2698589 cycles
[0m[0;31m[T0:kernel  @      10749] Attesting tile: 6
[0m[0;31m[T0:kernel  @      12100] Attestation complete: 6, 2698577 cycles
[0m[0;31m[T0:kernel  @      12730] Attesting tile: 7
[0m[0;31m[T0:kernel  @      14081] Attestation complete: 7, 2698535 cycles
[0m[0;31m[T0:kernel  @      14711] Attesting tile: 8
[0m[0;31m[T0:kernel  @      16062] Attestation complete: 8, 2698591 cycles
[0m[0;31m[T0:kernel  @      16692] Attesting tile: 9
[0m[0;31m[T0:kernel  @      18043] Attestation complete: 9, 2699021 cycles
[0m[0;31m[T0:kernel  @      18673] Attesting tile: 10
[0m[0;31m[T0:kernel  @      20024] Attestation complete: 10, 2698587 cycles
[0m[0;31m[T0:kernel  @      20654] Attesting tile: 11
[0m[0;31m[T0:kernel  @      22005] Attestation complete: 11, 2698502 cycles
[0m[0;31m[T0:kernel  @      22635] Attesting tile: 12
[0m[0;31m[T0:kernel  @      23986] Attestation complete: 12, 2698551 cycles
[0m[0;31m[T0:kernel  @      24616] Attesting tile: 13
[0m[0;31m[T0:kernel  @      25967] Attestation complete: 13, 2698528 cycles
[0m[0;31m[T0:kernel  @      26597] Attesting tile: 14
[0m[0;31m[T0:kernel  @      27948] Attestation complete: 14, 2698853 cycles
[0m[0;31m[T0:kernel  @      28578] Attesting tile: 15
[0m[0;31m[T0:kernel  @      29929] Attestation complete: 15, 2698520 cycles
[0m[0;31m[T0:kernel  @      30559] Attesting tile: 16
[0m[0;31m[T0:kernel  @      31910] Attestation complete: 16, 2698485 cycles
[0m[0;31m[T0:kernel  @      32539] Attesting tile: 17
[0m[0;31m[T0:kernel  @      33891] Attestation complete: 17, 2698273 cycles
[0m[0;31m[T0:kernel  @      34520] Attesting tile: 18
[0m[0;31m[T0:kernel  @      35872] Attestation complete: 18, 2698225 cycles
[0m[0;31m[T0:kernel  @      36501] Attesting tile: 19
[0m[0;31m[T0:kernel  @      37852] Attestation complete: 19, 2698194 cycles
[0m[0;31m[T0:kernel  @      38482] Attesting tile: 20
[0m[0;31m[T0:kernel  @      39833] Attestation complete: 20, 2698221 cycles
[0m[0;31m[T0:kernel  @      40462] Attesting tile: 21
[0m[0;31m[T0:kernel  @      41814] Attestation complete: 21, 2698235 cycles
[0m[0;31m[T0:kernel  @      41817] Attesting tile: 22
[0m[0;31m[T0:kernel  @      43171] Attestation complete: 22, 2703394 cycles
[0m[0;31m[T0:kernel  @      43174] Attesting tile: 22
[0m[0;31m[T0:kernel  @      44528] Attestation complete: 22, 2703294 cycles
[0m[0;31m[T0:kernel  @      44531] Attesting tile: 22
[0m[0;31m[T0:kernel  @      45884] Attestation complete: 22, 2702891 cycles
[0m[0;31m[T0:kernel  @      45887] Attesting tile: 22
[0m[0;31m[T0:kernel  @      47240] Attestation complete: 22, 2703007 cycles
[0m[0;31m[T0:kernel  @      47289] Kernel is ready!
[0m[0;32m[T1:root    @      47545] Boot modules:
[0m[0;32m[T1:root    @      47552]   Mod[addr: G[Tile22+0x30000000], size: 0x310, name: boot.xml]
[0m[0;32m[T1:root    @      47556]   Mod[addr: G[Tile22+0x30001000], size: 0x746a0, name: root]
[0m[0;32m[T1:root    @      47559]   Mod[addr: G[Tile22+0x30076000], size: 0x562f8, name: m3fs]
[0m[0;32m[T1:root    @      47562]   Mod[addr: G[Tile22+0x300cd000], size: 0x7ec00, name: pager]
[0m[0;32m[T1:root    @      47564] Available tiles:
[0m[0;32m[T1:root    @      47569]   Tile01: COMP_EMEM RISCV (empty) 0 KiB memory
[0m[0;32m[T1:root    @      47573]   Tile02: COMP_EMEM RISCV (empty) 0 KiB memory
[0m[0;32m[T1:root    @      47576]   Tile03: COMP_EMEM RISCV (empty) 0 KiB memory
[0m[0;32m[T1:root    @      47579]   Tile04: COMP_EMEM RISCV (empty) 0 KiB memory
[0m[0;32m[T1:root    @      47582]   Tile05: COMP_EMEM RISCV (empty) 0 KiB memory
[0m[0;32m[T1:root    @      47586]   Tile06: COMP_EMEM RISCV (empty) 0 KiB memory
[0m[0;32m[T1:root    @      47589]   Tile07: COMP_EMEM RISCV (empty) 0 KiB memory
[0m[0;32m[T1:root    @      47592]   Tile08: COMP_EMEM RISCV (empty) 0 KiB memory
[0m[0;32m[T1:root    @      47595]   Tile09: COMP_EMEM RISCV (empty) 0 KiB memory
[0m[0;32m[T1:root    @      47599]   Tile10: COMP_EMEM RISCV (empty) 0 KiB memory
[0m[0;32m[T1:root    @      47602]   Tile11: COMP_EMEM RISCV (empty) 0 KiB memory
[0m[0;32m[T1:root    @      47605]   Tile12: COMP_IMEM RISCV (empty) 32768 KiB memory
[0m[0;32m[T1:root    @      47608]   Tile13: COMP_IMEM RISCV (empty) 32768 KiB memory
[0m[0;32m[T1:root    @      47611]   Tile14: COMP_IMEM RISCV (empty) 32768 KiB memory
[0m[0;32m[T1:root    @      47614]   Tile15: COMP_IMEM RISCV (empty) 32768 KiB memory
[0m[0;32m[T1:root    @      47617]   Tile16: COMP_IMEM NIC_DEV (empty) 0 KiB memory
[0m[0;32m[T1:root    @      47620]   Tile17: COMP_IMEM NIC_DEV (empty) 0 KiB memory
[0m[0;32m[T1:root    @      47624]   Tile18: COMP_IMEM ACCEL_ROT13 (empty) 2048 KiB memory
[0m[0;32m[T1:root    @      47627]   Tile19: COMP_IMEM ACCEL_ROT13 (empty) 2048 KiB memory
[0m[0;32m[T1:root    @      47630]   Tile20: COMP_IMEM RISCV KECACC 32768 KiB memory
[0m[0;32m[T1:root    @      47633]   Tile21: COMP_IMEM SERIAL_DEV (empty) 0 KiB memory
[0m[0;32m[T1:root    @      47637] Available memory:
[0m[0;32m[T1:root    @      47643]   MemMod[sel: 30, res: true, addr: G[Tile22+0x0], size: 1200 MiB]
[0m[0;32m[T1:root    @      47647]   MemMod[sel: 31, res: false, addr: G[Tile22+0x4f600000], size: 959 MiB]
[0m[0;32m[T1:root    @      47649] Parsed Config [
[0m[0;32m[T1:root    @      47651]   root [
[0m[0;32m[T1:root    @      47656]     Domain on core [
[0m[0;32m[T1:root    @      47658]       m3fs mem 268435456 [
[0m[0;32m[T1:root    @      47660]         Daemon,
[0m[0;32m[T1:root    @      47665]         PhysMem[addr=0x0, size=0x40000 KiB, perm=R | W | X | RW | RWX],
[0m[0;32m[T1:root    @      47668]         Service[lname='m3fs', gname='m3fs'],
[0m[0;32m[T1:root    @      47671]       ]
[0m[0;32m[T1:root    @      47672]     ]
[0m[0;32m[T1:root    @      47674]     Domain on core [
[0m[0;32m[T1:root    @      47677]       pager 268435456 [
[0m[0;32m[T1:root    @      47680]         PhysMem[addr=0x0, size=0x40000 KiB, perm=R],
[0m[0;32m[T1:root    @      47684]         Session[lname='m3fs', gname='m3fs', arg='', dep=true],
[0m[0;32m[T1:root    @      47687]         Tile[type=core, count=1, optional=false],
[0m[0;32m[T1:root    @      47689]         Domain on core [
[0m[0;32m[T1:root    @      47693]           /bin/fstrace-m3fs -d -n 1 -u 0 untar [
[0m[0;32m[T1:root    @      47697]             Mount[fs='m3fs', path='/'],
[0m[0;32m[T1:root    @      47700]             Tile[type=core, count=1, optional=false],
[0m[0;32m[T1:root    @      47702]           ]
[0m[0;32m[T1:root    @      47704]         ]
[0m[0;32m[T1:root    @      47706]       ]
[0m[0;32m[T1:root    @      47707]     ]
[0m[0;32m[T1:root    @      47709]   ]
[0m[0;32m[T1:root    @      47710] ]
[0m[0;32m[T1:root    @      47711] 
[0m[0;32m[T1:root    @      48291] Starting boot module 'm3fs' on tile2 with arguments ["mem", "268435456"]
[0m[0;32m[T1:root    @      48851] m3fs: reg_serv(srv_sel=46, sgate_sel=50, name=m3fs, sessions=32)
[0m[0;32m[T1:root    @      48857] Creating service 1:m3fs
[0m[0;32m[T1:root    @      48921] Starting boot module 'pager' on tile3 with arguments ["268435456"]
[0m[0;34m[T3:pager   @      49184] Boot modules:
[0m[0;34m[T3:pager   @      49191]   Mod[addr: G[Tile22+0x77601000], size: 0x1f2, name: boot.xml]
[0m[0;34m[T3:pager   @      49193] Available tiles:
[0m[0;34m[T3:pager   @      49199]   Tile03: COMP_EMEM RISCV (empty) 0 KiB memory
[0m[0;34m[T3:pager   @      49203]   Tile04: COMP_EMEM RISCV (empty) 0 KiB memory
[0m[0;34m[T3:pager   @      49206] Available memory:
[0m[0;34m[T3:pager   @      49211]   MemMod[sel: 8, res: false, addr: G[Tile22+0x63800000], size: 159 MiB]
[0m[0;32m[T1:root    @      49221] pager: open_sess(dst_sel=59, name=m3fs)
[0m[0;34m[T3:pager   @      49749] Starting boot module '/bin/fstrace-m3fs' on tile5 with arguments ["-d", "-n", "1", "-u", "0", "untar"]
[0mVPFS trace_bench started [trace=untar,n=1,wait=no,data=yes,stdio=no,prefix=,loadgen=,ops=39]
[0;36m[T5:fstrace-@      56722] total waittime: 10581 cycles
[0mTotal time: 13035026 cycles
VPFS trace_bench benchmark terminated
[0;32m[T1:root    @      57107] Sending SHUTDOWN to service 1:m3fs
[0m[0;32m[T1:root    @      57124] m3fs: unreg_serv(sel=46)
[0m[0;32m[T1:root    @      57127] Removing service 1:m3fs
[0m[0;32m[T1:root    @      57194] All childs gone. Exiting.
[0m[0;31m[T0:kernel  @      57230] Shutting down
[0mExiting @ tick 57233581500 because m5_exit instruction encountered
